[0.024s] Invoking command in '/home/user/ros2_ws/src/build/services_quiz_srv': CMAKE_PREFIX_PATH=${CMAKE_PREFIX_PATH}:/home/simulations/ros2_sims_ws/install/tracetools_test:/home/simulations/ros2_sims_ws/install/tracetools_launch:/home/simulations/ros2_sims_ws/install/ros2trace:/home/simulations/ros2_sims_ws/install/tracetools_trace:/home/simulations/ros2_sims_ws/install/ros2trace_analysis:/home/simulations/ros2_sims_ws/install/tracetools_analysis:/home/simulations/ros2_sims_ws/install/tracetools_read:/home/simulations/ros2_sims_ws/install/test_tracetools_launch:/opt/ros/humble:/home/simulations/ros2_sims_ws/install/robot_description _=/usr/bin/env /usr/bin/cmake --build /home/user/ros2_ws/src/build/services_quiz_srv -- -j8 -l8
[0.117s] [  3%] Built target services_quiz_srv__cpp
[0.119s] [ 12%] Built target services_quiz_srv__rosidl_generator_c
[0.150s] [ 12%] Built target ament_cmake_python_copy_services_quiz_srv
[0.181s] [ 22%] Built target services_quiz_srv__rosidl_typesupport_fastrtps_cpp
[0.186s] [ 32%] Built target services_quiz_srv__rosidl_typesupport_introspection_c
[0.186s] [ 41%] Built target services_quiz_srv__rosidl_typesupport_cpp
[0.194s] [ 51%] Built target services_quiz_srv__rosidl_typesupport_c
[0.197s] [ 61%] Built target services_quiz_srv__rosidl_typesupport_introspection_cpp
[0.222s] [ 70%] Built target services_quiz_srv__rosidl_typesupport_fastrtps_c
[0.256s] [ 70%] Built target services_quiz_srv
[0.293s] [ 74%] Built target services_quiz_srv__py
[0.347s] [ 80%] Built target services_quiz_srv__rosidl_generator_py
[0.392s] [ 87%] Built target services_quiz_srv__rosidl_typesupport_introspection_c__pyext
[0.393s] [ 93%] Built target services_quiz_srv__rosidl_typesupport_fastrtps_c__pyext
[0.395s] [100%] Built target services_quiz_srv__rosidl_typesupport_c__pyext
[0.552s] running egg_info
[0.553s] writing services_quiz_srv.egg-info/PKG-INFO
[0.553s] writing dependency_links to services_quiz_srv.egg-info/dependency_links.txt
[0.553s] writing top-level names to services_quiz_srv.egg-info/top_level.txt
[0.555s] reading manifest file 'services_quiz_srv.egg-info/SOURCES.txt'
[0.556s] writing manifest file 'services_quiz_srv.egg-info/SOURCES.txt'
[0.590s] [100%] Built target ament_cmake_python_build_services_quiz_srv_egg
[0.606s] Invoked command in '/home/user/ros2_ws/src/build/services_quiz_srv' returned '0': CMAKE_PREFIX_PATH=${CMAKE_PREFIX_PATH}:/home/simulations/ros2_sims_ws/install/tracetools_test:/home/simulations/ros2_sims_ws/install/tracetools_launch:/home/simulations/ros2_sims_ws/install/ros2trace:/home/simulations/ros2_sims_ws/install/tracetools_trace:/home/simulations/ros2_sims_ws/install/ros2trace_analysis:/home/simulations/ros2_sims_ws/install/tracetools_analysis:/home/simulations/ros2_sims_ws/install/tracetools_read:/home/simulations/ros2_sims_ws/install/test_tracetools_launch:/opt/ros/humble:/home/simulations/ros2_sims_ws/install/robot_description _=/usr/bin/env /usr/bin/cmake --build /home/user/ros2_ws/src/build/services_quiz_srv -- -j8 -l8
