[0.027s] Invoking command in '/home/user/ros2_ws/src/build/services_quiz_srv': CMAKE_PREFIX_PATH=${CMAKE_PREFIX_PATH}:/home/simulations/ros2_sims_ws/install/tracetools_test:/home/simulations/ros2_sims_ws/install/tracetools_launch:/home/simulations/ros2_sims_ws/install/ros2trace:/home/simulations/ros2_sims_ws/install/tracetools_trace:/home/simulations/ros2_sims_ws/install/ros2trace_analysis:/home/simulations/ros2_sims_ws/install/tracetools_analysis:/home/simulations/ros2_sims_ws/install/tracetools_read:/home/simulations/ros2_sims_ws/install/test_tracetools_launch:/opt/ros/humble:/home/simulations/ros2_sims_ws/install/robot_description _=/usr/bin/env /usr/bin/cmake --build /home/user/ros2_ws/src/build/services_quiz_srv -- -j8 -l8
[0.092s] Invoked command in '/home/user/ros2_ws/src/build/services_quiz_srv' returned '0': CMAKE_PREFIX_PATH=${CMAKE_PREFIX_PATH}:/home/simulations/ros2_sims_ws/install/tracetools_test:/home/simulations/ros2_sims_ws/install/tracetools_launch:/home/simulations/ros2_sims_ws/install/ros2trace:/home/simulations/ros2_sims_ws/install/tracetools_trace:/home/simulations/ros2_sims_ws/install/ros2trace_analysis:/home/simulations/ros2_sims_ws/install/tracetools_analysis:/home/simulations/ros2_sims_ws/install/tracetools_read:/home/simulations/ros2_sims_ws/install/test_tracetools_launch:/opt/ros/humble:/home/simulations/ros2_sims_ws/install/robot_description _=/usr/bin/env /usr/bin/cmake --build /home/user/ros2_ws/src/build/services_quiz_srv -- -j8 -l8
[0.141s] Invoking command in '/home/user/ros2_ws/src/build/services_quiz_srv': CMAKE_PREFIX_PATH=${CMAKE_PREFIX_PATH}:/home/simulations/ros2_sims_ws/install/tracetools_test:/home/simulations/ros2_sims_ws/install/tracetools_launch:/home/simulations/ros2_sims_ws/install/ros2trace:/home/simulations/ros2_sims_ws/install/tracetools_trace:/home/simulations/ros2_sims_ws/install/ros2trace_analysis:/home/simulations/ros2_sims_ws/install/tracetools_analysis:/home/simulations/ros2_sims_ws/install/tracetools_read:/home/simulations/ros2_sims_ws/install/test_tracetools_launch:/opt/ros/humble:/home/simulations/ros2_sims_ws/install/robot_description _=/usr/bin/env /usr/bin/cmake --install /home/user/ros2_ws/src/build/services_quiz_srv
[0.148s] -- Install configuration: ""
[0.148s] -- Installing: /home/user/ros2_ws/src/install/services_quiz_srv/share/ament_index/resource_index/package_run_dependencies/services_quiz_srv
[0.148s] -- Installing: /home/user/ros2_ws/src/install/services_quiz_srv/share/ament_index/resource_index/parent_prefix_path/services_quiz_srv
[0.149s] -- Installing: /home/user/ros2_ws/src/install/services_quiz_srv/share/services_quiz_srv/environment/ament_prefix_path.sh
[0.149s] -- Installing: /home/user/ros2_ws/src/install/services_quiz_srv/share/services_quiz_srv/environment/ament_prefix_path.dsv
[0.149s] -- Installing: /home/user/ros2_ws/src/install/services_quiz_srv/share/services_quiz_srv/environment/path.sh
[0.149s] -- Installing: /home/user/ros2_ws/src/install/services_quiz_srv/share/services_quiz_srv/environment/path.dsv
[0.149s] -- Installing: /home/user/ros2_ws/src/install/services_quiz_srv/share/services_quiz_srv/local_setup.bash
[0.150s] -- Installing: /home/user/ros2_ws/src/install/services_quiz_srv/share/services_quiz_srv/local_setup.sh
[0.150s] -- Installing: /home/user/ros2_ws/src/install/services_quiz_srv/share/services_quiz_srv/local_setup.zsh
[0.150s] -- Installing: /home/user/ros2_ws/src/install/services_quiz_srv/share/services_quiz_srv/local_setup.dsv
[0.150s] -- Installing: /home/user/ros2_ws/src/install/services_quiz_srv/share/services_quiz_srv/package.dsv
[0.150s] -- Installing: /home/user/ros2_ws/src/install/services_quiz_srv/share/ament_index/resource_index/packages/services_quiz_srv
[0.151s] -- Installing: /home/user/ros2_ws/src/install/services_quiz_srv/share/services_quiz_srv/cmake/services_quiz_srvConfig.cmake
[0.151s] -- Installing: /home/user/ros2_ws/src/install/services_quiz_srv/share/services_quiz_srv/cmake/services_quiz_srvConfig-version.cmake
[0.151s] -- Installing: /home/user/ros2_ws/src/install/services_quiz_srv/share/services_quiz_srv/package.xml
[0.153s] Invoked command in '/home/user/ros2_ws/src/build/services_quiz_srv' returned '0': CMAKE_PREFIX_PATH=${CMAKE_PREFIX_PATH}:/home/simulations/ros2_sims_ws/install/tracetools_test:/home/simulations/ros2_sims_ws/install/tracetools_launch:/home/simulations/ros2_sims_ws/install/ros2trace:/home/simulations/ros2_sims_ws/install/tracetools_trace:/home/simulations/ros2_sims_ws/install/ros2trace_analysis:/home/simulations/ros2_sims_ws/install/tracetools_analysis:/home/simulations/ros2_sims_ws/install/tracetools_read:/home/simulations/ros2_sims_ws/install/test_tracetools_launch:/opt/ros/humble:/home/simulations/ros2_sims_ws/install/robot_description _=/usr/bin/env /usr/bin/cmake --install /home/user/ros2_ws/src/build/services_quiz_srv
