[35m[1mConsolidate compiler generated dependencies of target turn_s_client_executable[0m
[35m[1mConsolidate compiler generated dependencies of target turn_s_server_executable[0m
[ 25%] [32mBuilding CXX object CMakeFiles/turn_s_client_executable.dir/src/turn_s_client.cpp.o[0m
[ 50%] [32mBuilding CXX object CMakeFiles/turn_s_server_executable.dir/src/turn_s_server.cpp.o[0m
In file included from [01m[K/opt/ros/humble/include/rclcpp/rclcpp/logging.hpp:24[m[K,
                 from [01m[K/opt/ros/humble/include/rclcpp/rclcpp/client.hpp:40[m[K,
                 from [01m[K/opt/ros/humble/include/rclcpp/rclcpp/callback_group.hpp:24[m[K,
                 from [01m[K/opt/ros/humble/include/rclcpp/rclcpp/any_executable.hpp:20[m[K,
                 from [01m[K/opt/ros/humble/include/rclcpp/rclcpp/memory_strategy.hpp:25[m[K,
                 from [01m[K/opt/ros/humble/include/rclcpp/rclcpp/memory_strategies.hpp:18[m[K,
                 from [01m[K/opt/ros/humble/include/rclcpp/rclcpp/executor_options.hpp:20[m[K,
                 from [01m[K/opt/ros/humble/include/rclcpp/rclcpp/executor.hpp:37[m[K,
                 from [01m[K/opt/ros/humble/include/rclcpp/rclcpp/executors/multi_threaded_executor.hpp:25[m[K,
                 from [01m[K/opt/ros/humble/include/rclcpp/rclcpp/executors.hpp:21[m[K,
                 from [01m[K/home/user/ros2_ws/src/services_quiz/src/turn_s_server.cpp:1[m[K:
[01m[K/home/user/ros2_ws/src/services_quiz/src/turn_s_server.cpp:[m[K In member function '[01m[Kvoid TurnServiceServer::handle_turn_request(std::shared_ptr<services_quiz_srv::srv::Turn_Request_<std::allocator<void> > >, std::shared_ptr<services_quiz_srv::srv::Turn_Response_<std::allocator<void> > >)[m[K':
[01m[K/home/user/ros2_ws/src/services_quiz/src/turn_s_server.cpp:30:21:[m[K [01;31m[Kerror: [m[K'[01m[Kconst class std::shared_ptr<services_quiz_srv::srv::Turn_Request_<std::allocator<void> > >[m[K' has no member named '[01m[Kdirection[m[K'
   30 |             request.[01;31m[Kdirection[m[K,
      |                     [01;31m[K^~~~~~~~~[m[K
[01m[K/home/user/ros2_ws/src/services_quiz/src/turn_s_server.cpp:31:21:[m[K [01;31m[Kerror: [m[K'[01m[Kconst class std::shared_ptr<services_quiz_srv::srv::Turn_Request_<std::allocator<void> > >[m[K' has no member named '[01m[Kangular_velocity[m[K'
   31 |             request.[01;31m[Kangular_velocity[m[K,
      |                     [01;31m[K^~~~~~~~~~~~~~~~[m[K
[01m[K/home/user/ros2_ws/src/services_quiz/src/turn_s_server.cpp:32:21:[m[K [01;31m[Kerror: [m[K'[01m[Kconst class std::shared_ptr<services_quiz_srv::srv::Turn_Request_<std::allocator<void> > >[m[K' has no member named '[01m[Ktime[m[K'
   32 |             request.[01;31m[Ktime[m[K);
      |                     [01;31m[K^~~~[m[K
[01m[K/home/user/ros2_ws/src/services_quiz/src/turn_s_server.cpp:27:65:[m[K [01;35m[Kwarning: [m[Kunused parameter '[01m[Kresponse[m[K' [[01;35m[K]8;;https://gcc.gnu.org/onlinedocs/gcc/Warning-Options.html#index-Wunused-parameter-Wunused-parameter]8;;[m[K]
   27 |         [01;35m[Kstd::shared_ptr<services_quiz_srv::srv::Turn::Response> response[m[K) {
      |         [01;35m[K~~~~~~~~~~~~~~~~~~~~~~~~~~~~~~~~~~~~~~~~~~~~~~~~~~~~~~~~^~~~~~~~[m[K
[01m[K/home/user/ros2_ws/src/services_quiz/src/turn_s_client.cpp:[m[K In member function '[01m[Kvoid TurnServiceClient::send_turn_request(std::string, float, float)[m[K':
[01m[K/home/user/ros2_ws/src/services_quiz/src/turn_s_client.cpp:36:17:[m[K [01;31m[Kerror: [m[K'[01m[Kclass std::shared_ptr<services_quiz_srv::srv::Turn_Request_<std::allocator<void> > >[m[K' has no member named '[01m[Kdirection[m[K'
   36 |         request.[01;31m[Kdirection[m[K = direction;
      |                 [01;31m[K^~~~~~~~~[m[K
[01m[K/home/user/ros2_ws/src/services_quiz/src/turn_s_client.cpp:37:17:[m[K [01;31m[Kerror: [m[K'[01m[Kclass std::shared_ptr<services_quiz_srv::srv::Turn_Request_<std::allocator<void> > >[m[K' has no member named '[01m[Kangular_velocity[m[K'
   37 |         request.[01;31m[Kangular_velocity[m[K = angular_velocity;
      |                 [01;31m[K^~~~~~~~~~~~~~~~[m[K
[01m[K/home/user/ros2_ws/src/services_quiz/src/turn_s_client.cpp:38:17:[m[K [01;31m[Kerror: [m[K'[01m[Kclass std::shared_ptr<services_quiz_srv::srv::Turn_Request_<std::allocator<void> > >[m[K' has no member named '[01m[Ktime[m[K'
   38 |         request.[01;31m[Ktime[m[K = delay;
      |                 [01;31m[K^~~~[m[K
gmake[2]: *** [CMakeFiles/turn_s_server_executable.dir/build.make:76: CMakeFiles/turn_s_server_executable.dir/src/turn_s_server.cpp.o] Error 1
gmake[1]: *** [CMakeFiles/Makefile2:165: CMakeFiles/turn_s_server_executable.dir/all] Error 2
gmake[1]: *** Waiting for unfinished jobs....
gmake[2]: *** [CMakeFiles/turn_s_client_executable.dir/build.make:76: CMakeFiles/turn_s_client_executable.dir/src/turn_s_client.cpp.o] Error 1
gmake[1]: *** [CMakeFiles/Makefile2:139: CMakeFiles/turn_s_client_executable.dir/all] Error 2
gmake: *** [Makefile:146: all] Error 2
