[0.034s] Invoking command in '/home/user/ros2_ws/src/build/custom_interfaces': CMAKE_PREFIX_PATH=${CMAKE_PREFIX_PATH}:/home/simulations/ros2_sims_ws/install/tracetools_test:/home/simulations/ros2_sims_ws/install/tracetools_launch:/home/simulations/ros2_sims_ws/install/ros2trace:/home/simulations/ros2_sims_ws/install/tracetools_trace:/home/simulations/ros2_sims_ws/install/ros2trace_analysis:/home/simulations/ros2_sims_ws/install/tracetools_analysis:/home/simulations/ros2_sims_ws/install/tracetools_read:/home/simulations/ros2_sims_ws/install/test_tracetools_launch:/opt/ros/humble:/home/simulations/ros2_sims_ws/install/robot_description _=/usr/bin/env /usr/bin/cmake --build /home/user/ros2_ws/src/build/custom_interfaces -- -j8 -l8
[0.122s] [  2%] Built target custom_interfaces__cpp
[0.132s] [ 12%] Built target custom_interfaces__rosidl_generator_c
[0.140s] [ 12%] Built target ament_cmake_python_copy_custom_interfaces
[0.222s] [ 23%] Built target custom_interfaces__rosidl_typesupport_cpp
[0.222s] [ 33%] Built target custom_interfaces__rosidl_typesupport_introspection_cpp
[0.229s] [ 43%] Built target custom_interfaces__rosidl_typesupport_fastrtps_cpp
[0.236s] [ 53%] Built target custom_interfaces__rosidl_typesupport_c
[0.238s] [ 64%] Built target custom_interfaces__rosidl_typesupport_introspection_c
[0.238s] [ 74%] Built target custom_interfaces__rosidl_typesupport_fastrtps_c
[0.279s] [ 74%] Built target custom_interfaces
[0.316s] [ 76%] Built target custom_interfaces__py
[0.380s] [ 84%] Built target custom_interfaces__rosidl_generator_py
[0.445s] [ 89%] Built target custom_interfaces__rosidl_typesupport_fastrtps_c__pyext
[0.460s] [ 94%] Built target custom_interfaces__rosidl_typesupport_introspection_c__pyext
[0.465s] [100%] Built target custom_interfaces__rosidl_typesupport_c__pyext
[0.648s] running egg_info
[0.649s] writing custom_interfaces.egg-info/PKG-INFO
[0.649s] writing dependency_links to custom_interfaces.egg-info/dependency_links.txt
[0.649s] writing top-level names to custom_interfaces.egg-info/top_level.txt
[0.651s] reading manifest file 'custom_interfaces.egg-info/SOURCES.txt'
[0.652s] writing manifest file 'custom_interfaces.egg-info/SOURCES.txt'
[0.684s] [100%] Built target ament_cmake_python_build_custom_interfaces_egg
[0.700s] Invoked command in '/home/user/ros2_ws/src/build/custom_interfaces' returned '0': CMAKE_PREFIX_PATH=${CMAKE_PREFIX_PATH}:/home/simulations/ros2_sims_ws/install/tracetools_test:/home/simulations/ros2_sims_ws/install/tracetools_launch:/home/simulations/ros2_sims_ws/install/ros2trace:/home/simulations/ros2_sims_ws/install/tracetools_trace:/home/simulations/ros2_sims_ws/install/ros2trace_analysis:/home/simulations/ros2_sims_ws/install/tracetools_analysis:/home/simulations/ros2_sims_ws/install/tracetools_read:/home/simulations/ros2_sims_ws/install/test_tracetools_launch:/opt/ros/humble:/home/simulations/ros2_sims_ws/install/robot_description _=/usr/bin/env /usr/bin/cmake --build /home/user/ros2_ws/src/build/custom_interfaces -- -j8 -l8
[0.870s] Invoking command in '/home/user/ros2_ws/src/build/custom_interfaces': CMAKE_PREFIX_PATH=${CMAKE_PREFIX_PATH}:/home/simulations/ros2_sims_ws/install/tracetools_test:/home/simulations/ros2_sims_ws/install/tracetools_launch:/home/simulations/ros2_sims_ws/install/ros2trace:/home/simulations/ros2_sims_ws/install/tracetools_trace:/home/simulations/ros2_sims_ws/install/ros2trace_analysis:/home/simulations/ros2_sims_ws/install/tracetools_analysis:/home/simulations/ros2_sims_ws/install/tracetools_read:/home/simulations/ros2_sims_ws/install/test_tracetools_launch:/opt/ros/humble:/home/simulations/ros2_sims_ws/install/robot_description _=/usr/bin/env /usr/bin/cmake --install /home/user/ros2_ws/src/build/custom_interfaces
[0.881s] -- Install configuration: ""
[0.881s] -- Up-to-date: /home/user/ros2_ws/src/install/custom_interfaces/share/ament_index/resource_index/rosidl_interfaces/custom_interfaces
[0.882s] -- Up-to-date: /home/user/ros2_ws/src/install/custom_interfaces/include/custom_interfaces/custom_interfaces
[0.882s] -- Up-to-date: /home/user/ros2_ws/src/install/custom_interfaces/include/custom_interfaces/custom_interfaces/srv
[0.882s] -- Up-to-date: /home/user/ros2_ws/src/install/custom_interfaces/include/custom_interfaces/custom_interfaces/srv/detail
[0.882s] -- Up-to-date: /home/user/ros2_ws/src/install/custom_interfaces/include/custom_interfaces/custom_interfaces/srv/detail/text_recognition__functions.h
[0.882s] -- Up-to-date: /home/user/ros2_ws/src/install/custom_interfaces/include/custom_interfaces/custom_interfaces/srv/detail/text_recognition__functions.c
[0.882s] -- Up-to-date: /home/user/ros2_ws/src/install/custom_interfaces/include/custom_interfaces/custom_interfaces/srv/detail/text_recognition__type_support.h
[0.882s] -- Up-to-date: /home/user/ros2_ws/src/install/custom_interfaces/include/custom_interfaces/custom_interfaces/srv/detail/text_recognition__struct.h
[0.882s] -- Up-to-date: /home/user/ros2_ws/src/install/custom_interfaces/include/custom_interfaces/custom_interfaces/srv/text_recognition.h
[0.882s] -- Up-to-date: /home/user/ros2_ws/src/install/custom_interfaces/include/custom_interfaces/custom_interfaces/msg
[0.882s] -- Up-to-date: /home/user/ros2_ws/src/install/custom_interfaces/include/custom_interfaces/custom_interfaces/msg/detail
[0.883s] -- Up-to-date: /home/user/ros2_ws/src/install/custom_interfaces/include/custom_interfaces/custom_interfaces/msg/detail/rover_events__struct.h
[0.883s] -- Up-to-date: /home/user/ros2_ws/src/install/custom_interfaces/include/custom_interfaces/custom_interfaces/msg/detail/rover_events__functions.c
[0.883s] -- Up-to-date: /home/user/ros2_ws/src/install/custom_interfaces/include/custom_interfaces/custom_interfaces/msg/detail/rover_events__type_support.h
[0.883s] -- Up-to-date: /home/user/ros2_ws/src/install/custom_interfaces/include/custom_interfaces/custom_interfaces/msg/detail/rover_events__functions.h
[0.883s] -- Up-to-date: /home/user/ros2_ws/src/install/custom_interfaces/include/custom_interfaces/custom_interfaces/msg/rosidl_generator_c__visibility_control.h
[0.883s] -- Up-to-date: /home/user/ros2_ws/src/install/custom_interfaces/include/custom_interfaces/custom_interfaces/msg/rover_events.h
[0.883s] -- Up-to-date: /home/user/ros2_ws/src/install/custom_interfaces/share/custom_interfaces/environment/library_path.sh
[0.883s] -- Up-to-date: /home/user/ros2_ws/src/install/custom_interfaces/share/custom_interfaces/environment/library_path.dsv
[0.884s] -- Up-to-date: /home/user/ros2_ws/src/install/custom_interfaces/lib/libcustom_interfaces__rosidl_generator_c.so
[0.884s] -- Up-to-date: /home/user/ros2_ws/src/install/custom_interfaces/include/custom_interfaces/custom_interfaces
[0.885s] -- Up-to-date: /home/user/ros2_ws/src/install/custom_interfaces/include/custom_interfaces/custom_interfaces/srv
[0.886s] -- Up-to-date: /home/user/ros2_ws/src/install/custom_interfaces/include/custom_interfaces/custom_interfaces/srv/detail
[0.886s] -- Up-to-date: /home/user/ros2_ws/src/install/custom_interfaces/include/custom_interfaces/custom_interfaces/srv/detail/text_recognition__rosidl_typesupport_fastrtps_c.h
[0.888s] -- Up-to-date: /home/user/ros2_ws/src/install/custom_interfaces/include/custom_interfaces/custom_interfaces/msg
[0.888s] -- Up-to-date: /home/user/ros2_ws/src/install/custom_interfaces/include/custom_interfaces/custom_interfaces/msg/detail
[0.888s] -- Up-to-date: /home/user/ros2_ws/src/install/custom_interfaces/include/custom_interfaces/custom_interfaces/msg/detail/rover_events__rosidl_typesupport_fastrtps_c.h
[0.888s] -- Up-to-date: /home/user/ros2_ws/src/install/custom_interfaces/include/custom_interfaces/custom_interfaces/msg/rosidl_typesupport_fastrtps_c__visibility_control.h
[0.889s] -- Up-to-date: /home/user/ros2_ws/src/install/custom_interfaces/lib/libcustom_interfaces__rosidl_typesupport_fastrtps_c.so
[0.889s] -- Up-to-date: /home/user/ros2_ws/src/install/custom_interfaces/include/custom_interfaces/custom_interfaces
[0.890s] -- Up-to-date: /home/user/ros2_ws/src/install/custom_interfaces/include/custom_interfaces/custom_interfaces/srv
[0.891s] -- Up-to-date: /home/user/ros2_ws/src/install/custom_interfaces/include/custom_interfaces/custom_interfaces/srv/detail
[0.891s] -- Up-to-date: /home/user/ros2_ws/src/install/custom_interfaces/include/custom_interfaces/custom_interfaces/srv/detail/text_recognition__struct.hpp
[0.891s] -- Up-to-date: /home/user/ros2_ws/src/install/custom_interfaces/include/custom_interfaces/custom_interfaces/srv/detail/text_recognition__traits.hpp
[0.891s] -- Up-to-date: /home/user/ros2_ws/src/install/custom_interfaces/include/custom_interfaces/custom_interfaces/srv/detail/text_recognition__builder.hpp
[0.892s] -- Up-to-date: /home/user/ros2_ws/src/install/custom_interfaces/include/custom_interfaces/custom_interfaces/srv/text_recognition.hpp
[0.892s] -- Up-to-date: /home/user/ros2_ws/src/install/custom_interfaces/include/custom_interfaces/custom_interfaces/msg
[0.892s] -- Up-to-date: /home/user/ros2_ws/src/install/custom_interfaces/include/custom_interfaces/custom_interfaces/msg/detail
[0.893s] -- Up-to-date: /home/user/ros2_ws/src/install/custom_interfaces/include/custom_interfaces/custom_interfaces/msg/detail/rover_events__traits.hpp
[0.893s] -- Up-to-date: /home/user/ros2_ws/src/install/custom_interfaces/include/custom_interfaces/custom_interfaces/msg/detail/rover_events__builder.hpp
[0.893s] -- Up-to-date: /home/user/ros2_ws/src/install/custom_interfaces/include/custom_interfaces/custom_interfaces/msg/detail/rover_events__struct.hpp
[0.893s] -- Up-to-date: /home/user/ros2_ws/src/install/custom_interfaces/include/custom_interfaces/custom_interfaces/msg/rover_events.hpp
[0.893s] -- Up-to-date: /home/user/ros2_ws/src/install/custom_interfaces/include/custom_interfaces/custom_interfaces
[0.893s] -- Up-to-date: /home/user/ros2_ws/src/install/custom_interfaces/include/custom_interfaces/custom_interfaces/srv
[0.893s] -- Up-to-date: /home/user/ros2_ws/src/install/custom_interfaces/include/custom_interfaces/custom_interfaces/srv/detail
[0.894s] -- Up-to-date: /home/user/ros2_ws/src/install/custom_interfaces/include/custom_interfaces/custom_interfaces/srv/detail/text_recognition__rosidl_typesupport_fastrtps_cpp.hpp
[0.894s] -- Up-to-date: /home/user/ros2_ws/src/install/custom_interfaces/include/custom_interfaces/custom_interfaces/srv/detail/dds_fastrtps
[0.895s] -- Up-to-date: /home/user/ros2_ws/src/install/custom_interfaces/include/custom_interfaces/custom_interfaces/msg
[0.895s] -- Up-to-date: /home/user/ros2_ws/src/install/custom_interfaces/include/custom_interfaces/custom_interfaces/msg/detail
[0.895s] -- Up-to-date: /home/user/ros2_ws/src/install/custom_interfaces/include/custom_interfaces/custom_interfaces/msg/detail/dds_fastrtps
[0.896s] -- Up-to-date: /home/user/ros2_ws/src/install/custom_interfaces/include/custom_interfaces/custom_interfaces/msg/detail/rover_events__rosidl_typesupport_fastrtps_cpp.hpp
[0.896s] -- Up-to-date: /home/user/ros2_ws/src/install/custom_interfaces/include/custom_interfaces/custom_interfaces/msg/rosidl_typesupport_fastrtps_cpp__visibility_control.h
[0.896s] -- Up-to-date: /home/user/ros2_ws/src/install/custom_interfaces/lib/libcustom_interfaces__rosidl_typesupport_fastrtps_cpp.so
[0.896s] -- Up-to-date: /home/user/ros2_ws/src/install/custom_interfaces/include/custom_interfaces/custom_interfaces
[0.897s] -- Up-to-date: /home/user/ros2_ws/src/install/custom_interfaces/include/custom_interfaces/custom_interfaces/srv
[0.897s] -- Up-to-date: /home/user/ros2_ws/src/install/custom_interfaces/include/custom_interfaces/custom_interfaces/srv/detail
[0.897s] -- Up-to-date: /home/user/ros2_ws/src/install/custom_interfaces/include/custom_interfaces/custom_interfaces/srv/detail/text_recognition__rosidl_typesupport_introspection_c.h
[0.897s] -- Up-to-date: /home/user/ros2_ws/src/install/custom_interfaces/include/custom_interfaces/custom_interfaces/srv/detail/text_recognition__type_support.c
[0.897s] -- Up-to-date: /home/user/ros2_ws/src/install/custom_interfaces/include/custom_interfaces/custom_interfaces/msg
[0.897s] -- Up-to-date: /home/user/ros2_ws/src/install/custom_interfaces/include/custom_interfaces/custom_interfaces/msg/detail
[0.898s] -- Up-to-date: /home/user/ros2_ws/src/install/custom_interfaces/include/custom_interfaces/custom_interfaces/msg/detail/rover_events__type_support.c
[0.898s] -- Up-to-date: /home/user/ros2_ws/src/install/custom_interfaces/include/custom_interfaces/custom_interfaces/msg/detail/rover_events__rosidl_typesupport_introspection_c.h
[0.898s] -- Up-to-date: /home/user/ros2_ws/src/install/custom_interfaces/include/custom_interfaces/custom_interfaces/msg/rosidl_typesupport_introspection_c__visibility_control.h
[0.898s] -- Up-to-date: /home/user/ros2_ws/src/install/custom_interfaces/lib/libcustom_interfaces__rosidl_typesupport_introspection_c.so
[0.898s] -- Up-to-date: /home/user/ros2_ws/src/install/custom_interfaces/lib/libcustom_interfaces__rosidl_typesupport_c.so
[0.899s] -- Up-to-date: /home/user/ros2_ws/src/install/custom_interfaces/include/custom_interfaces/custom_interfaces
[0.899s] -- Up-to-date: /home/user/ros2_ws/src/install/custom_interfaces/include/custom_interfaces/custom_interfaces/srv
[0.899s] -- Up-to-date: /home/user/ros2_ws/src/install/custom_interfaces/include/custom_interfaces/custom_interfaces/srv/detail
[0.899s] -- Up-to-date: /home/user/ros2_ws/src/install/custom_interfaces/include/custom_interfaces/custom_interfaces/srv/detail/text_recognition__rosidl_typesupport_introspection_cpp.hpp
[0.899s] -- Up-to-date: /home/user/ros2_ws/src/install/custom_interfaces/include/custom_interfaces/custom_interfaces/srv/detail/text_recognition__type_support.cpp
[0.899s] -- Up-to-date: /home/user/ros2_ws/src/install/custom_interfaces/include/custom_interfaces/custom_interfaces/msg
[0.899s] -- Up-to-date: /home/user/ros2_ws/src/install/custom_interfaces/include/custom_interfaces/custom_interfaces/msg/detail
[0.900s] -- Up-to-date: /home/user/ros2_ws/src/install/custom_interfaces/include/custom_interfaces/custom_interfaces/msg/detail/rover_events__type_support.cpp
[0.900s] -- Up-to-date: /home/user/ros2_ws/src/install/custom_interfaces/include/custom_interfaces/custom_interfaces/msg/detail/rover_events__rosidl_typesupport_introspection_cpp.hpp
[0.900s] -- Up-to-date: /home/user/ros2_ws/src/install/custom_interfaces/lib/libcustom_interfaces__rosidl_typesupport_introspection_cpp.so
[0.900s] -- Up-to-date: /home/user/ros2_ws/src/install/custom_interfaces/lib/libcustom_interfaces__rosidl_typesupport_cpp.so
[0.900s] -- Up-to-date: /home/user/ros2_ws/src/install/custom_interfaces/share/custom_interfaces/environment/pythonpath.sh
[0.900s] -- Up-to-date: /home/user/ros2_ws/src/install/custom_interfaces/share/custom_interfaces/environment/pythonpath.dsv
[0.901s] -- Up-to-date: /home/user/ros2_ws/src/install/custom_interfaces/local/lib/python3.10/dist-packages/custom_interfaces-0.0.0-py3.10.egg-info
[0.901s] -- Installing: /home/user/ros2_ws/src/install/custom_interfaces/local/lib/python3.10/dist-packages/custom_interfaces-0.0.0-py3.10.egg-info/PKG-INFO
[0.901s] -- Installing: /home/user/ros2_ws/src/install/custom_interfaces/local/lib/python3.10/dist-packages/custom_interfaces-0.0.0-py3.10.egg-info/top_level.txt
[0.901s] -- Installing: /home/user/ros2_ws/src/install/custom_interfaces/local/lib/python3.10/dist-packages/custom_interfaces-0.0.0-py3.10.egg-info/SOURCES.txt
[0.902s] -- Installing: /home/user/ros2_ws/src/install/custom_interfaces/local/lib/python3.10/dist-packages/custom_interfaces-0.0.0-py3.10.egg-info/dependency_links.txt
[0.903s] -- Up-to-date: /home/user/ros2_ws/src/install/custom_interfaces/local/lib/python3.10/dist-packages/custom_interfaces
[0.903s] -- Up-to-date: /home/user/ros2_ws/src/install/custom_interfaces/local/lib/python3.10/dist-packages/custom_interfaces/srv
[0.903s] -- Up-to-date: /home/user/ros2_ws/src/install/custom_interfaces/local/lib/python3.10/dist-packages/custom_interfaces/srv/_text_recognition_s.c
[0.903s] -- Up-to-date: /home/user/ros2_ws/src/install/custom_interfaces/local/lib/python3.10/dist-packages/custom_interfaces/srv/_text_recognition.py
[0.903s] -- Up-to-date: /home/user/ros2_ws/src/install/custom_interfaces/local/lib/python3.10/dist-packages/custom_interfaces/srv/__init__.py
[0.903s] -- Up-to-date: /home/user/ros2_ws/src/install/custom_interfaces/local/lib/python3.10/dist-packages/custom_interfaces/custom_interfaces_s__rosidl_typesupport_introspection_c.cpython-310-x86_64-linux-gnu.so
[0.904s] -- Up-to-date: /home/user/ros2_ws/src/install/custom_interfaces/local/lib/python3.10/dist-packages/custom_interfaces/msg
[0.904s] -- Up-to-date: /home/user/ros2_ws/src/install/custom_interfaces/local/lib/python3.10/dist-packages/custom_interfaces/msg/_rover_events.py
[0.904s] -- Up-to-date: /home/user/ros2_ws/src/install/custom_interfaces/local/lib/python3.10/dist-packages/custom_interfaces/msg/__init__.py
[0.904s] -- Up-to-date: /home/user/ros2_ws/src/install/custom_interfaces/local/lib/python3.10/dist-packages/custom_interfaces/msg/_rover_events_s.c
[0.904s] -- Up-to-date: /home/user/ros2_ws/src/install/custom_interfaces/local/lib/python3.10/dist-packages/custom_interfaces/_custom_interfaces_s.ep.rosidl_typesupport_introspection_c.c
[0.904s] -- Up-to-date: /home/user/ros2_ws/src/install/custom_interfaces/local/lib/python3.10/dist-packages/custom_interfaces/libcustom_interfaces__rosidl_generator_py.so
[0.904s] -- Up-to-date: /home/user/ros2_ws/src/install/custom_interfaces/local/lib/python3.10/dist-packages/custom_interfaces/_custom_interfaces_s.ep.rosidl_typesupport_c.c
[0.904s] -- Up-to-date: /home/user/ros2_ws/src/install/custom_interfaces/local/lib/python3.10/dist-packages/custom_interfaces/__init__.py
[0.904s] -- Up-to-date: /home/user/ros2_ws/src/install/custom_interfaces/local/lib/python3.10/dist-packages/custom_interfaces/custom_interfaces_s__rosidl_typesupport_c.cpython-310-x86_64-linux-gnu.so
[0.904s] -- Up-to-date: /home/user/ros2_ws/src/install/custom_interfaces/local/lib/python3.10/dist-packages/custom_interfaces/_custom_interfaces_s.ep.rosidl_typesupport_fastrtps_c.c
[0.904s] -- Up-to-date: /home/user/ros2_ws/src/install/custom_interfaces/local/lib/python3.10/dist-packages/custom_interfaces/custom_interfaces_s__rosidl_typesupport_fastrtps_c.cpython-310-x86_64-linux-gnu.so
[0.951s] Listing '/home/user/ros2_ws/src/install/custom_interfaces/local/lib/python3.10/dist-packages/custom_interfaces'...
[0.952s] Listing '/home/user/ros2_ws/src/install/custom_interfaces/local/lib/python3.10/dist-packages/custom_interfaces/msg'...
[0.952s] Listing '/home/user/ros2_ws/src/install/custom_interfaces/local/lib/python3.10/dist-packages/custom_interfaces/srv'...
[0.957s] -- Up-to-date: /home/user/ros2_ws/src/install/custom_interfaces/local/lib/python3.10/dist-packages/custom_interfaces/custom_interfaces_s__rosidl_typesupport_fastrtps_c.cpython-310-x86_64-linux-gnu.so
[0.957s] -- Up-to-date: /home/user/ros2_ws/src/install/custom_interfaces/local/lib/python3.10/dist-packages/custom_interfaces/custom_interfaces_s__rosidl_typesupport_introspection_c.cpython-310-x86_64-linux-gnu.so
[0.958s] -- Up-to-date: /home/user/ros2_ws/src/install/custom_interfaces/local/lib/python3.10/dist-packages/custom_interfaces/custom_interfaces_s__rosidl_typesupport_c.cpython-310-x86_64-linux-gnu.so
[0.958s] -- Up-to-date: /home/user/ros2_ws/src/install/custom_interfaces/lib/libcustom_interfaces__rosidl_generator_py.so
[0.958s] -- Up-to-date: /home/user/ros2_ws/src/install/custom_interfaces/share/custom_interfaces/msg/RoverEvents.idl
[0.958s] -- Up-to-date: /home/user/ros2_ws/src/install/custom_interfaces/share/custom_interfaces/srv/TextRecognition.idl
[0.958s] -- Up-to-date: /home/user/ros2_ws/src/install/custom_interfaces/share/custom_interfaces/msg/RoverEvents.msg
[0.959s] -- Up-to-date: /home/user/ros2_ws/src/install/custom_interfaces/share/custom_interfaces/srv/TextRecognition.srv
[0.959s] -- Up-to-date: /home/user/ros2_ws/src/install/custom_interfaces/share/custom_interfaces/srv/TextRecognition_Request.msg
[0.959s] -- Up-to-date: /home/user/ros2_ws/src/install/custom_interfaces/share/custom_interfaces/srv/TextRecognition_Response.msg
[0.959s] -- Up-to-date: /home/user/ros2_ws/src/install/custom_interfaces/share/ament_index/resource_index/package_run_dependencies/custom_interfaces
[0.959s] -- Up-to-date: /home/user/ros2_ws/src/install/custom_interfaces/share/ament_index/resource_index/parent_prefix_path/custom_interfaces
[0.960s] -- Up-to-date: /home/user/ros2_ws/src/install/custom_interfaces/share/custom_interfaces/environment/ament_prefix_path.sh
[0.960s] -- Up-to-date: /home/user/ros2_ws/src/install/custom_interfaces/share/custom_interfaces/environment/ament_prefix_path.dsv
[0.960s] -- Up-to-date: /home/user/ros2_ws/src/install/custom_interfaces/share/custom_interfaces/environment/path.sh
[0.960s] -- Up-to-date: /home/user/ros2_ws/src/install/custom_interfaces/share/custom_interfaces/environment/path.dsv
[0.960s] -- Up-to-date: /home/user/ros2_ws/src/install/custom_interfaces/share/custom_interfaces/local_setup.bash
[0.961s] -- Up-to-date: /home/user/ros2_ws/src/install/custom_interfaces/share/custom_interfaces/local_setup.sh
[0.961s] -- Up-to-date: /home/user/ros2_ws/src/install/custom_interfaces/share/custom_interfaces/local_setup.zsh
[0.961s] -- Up-to-date: /home/user/ros2_ws/src/install/custom_interfaces/share/custom_interfaces/local_setup.dsv
[0.961s] -- Installing: /home/user/ros2_ws/src/install/custom_interfaces/share/custom_interfaces/package.dsv
[0.961s] -- Up-to-date: /home/user/ros2_ws/src/install/custom_interfaces/share/ament_index/resource_index/packages/custom_interfaces
[0.962s] -- Up-to-date: /home/user/ros2_ws/src/install/custom_interfaces/share/custom_interfaces/cmake/export_custom_interfaces__rosidl_generator_cExport.cmake
[0.962s] -- Up-to-date: /home/user/ros2_ws/src/install/custom_interfaces/share/custom_interfaces/cmake/export_custom_interfaces__rosidl_generator_cExport-noconfig.cmake
[0.962s] -- Up-to-date: /home/user/ros2_ws/src/install/custom_interfaces/share/custom_interfaces/cmake/export_custom_interfaces__rosidl_typesupport_fastrtps_cExport.cmake
[0.962s] -- Up-to-date: /home/user/ros2_ws/src/install/custom_interfaces/share/custom_interfaces/cmake/export_custom_interfaces__rosidl_typesupport_fastrtps_cExport-noconfig.cmake
[0.962s] -- Up-to-date: /home/user/ros2_ws/src/install/custom_interfaces/share/custom_interfaces/cmake/export_custom_interfaces__rosidl_generator_cppExport.cmake
[0.962s] -- Up-to-date: /home/user/ros2_ws/src/install/custom_interfaces/share/custom_interfaces/cmake/export_custom_interfaces__rosidl_typesupport_fastrtps_cppExport.cmake
[0.962s] -- Up-to-date: /home/user/ros2_ws/src/install/custom_interfaces/share/custom_interfaces/cmake/export_custom_interfaces__rosidl_typesupport_fastrtps_cppExport-noconfig.cmake
[0.962s] -- Up-to-date: /home/user/ros2_ws/src/install/custom_interfaces/share/custom_interfaces/cmake/custom_interfaces__rosidl_typesupport_introspection_cExport.cmake
[0.963s] -- Up-to-date: /home/user/ros2_ws/src/install/custom_interfaces/share/custom_interfaces/cmake/custom_interfaces__rosidl_typesupport_introspection_cExport-noconfig.cmake
[0.963s] -- Up-to-date: /home/user/ros2_ws/src/install/custom_interfaces/share/custom_interfaces/cmake/custom_interfaces__rosidl_typesupport_cExport.cmake
[0.964s] -- Up-to-date: /home/user/ros2_ws/src/install/custom_interfaces/share/custom_interfaces/cmake/custom_interfaces__rosidl_typesupport_cExport-noconfig.cmake
[0.965s] -- Up-to-date: /home/user/ros2_ws/src/install/custom_interfaces/share/custom_interfaces/cmake/custom_interfaces__rosidl_typesupport_introspection_cppExport.cmake
[0.965s] -- Up-to-date: /home/user/ros2_ws/src/install/custom_interfaces/share/custom_interfaces/cmake/custom_interfaces__rosidl_typesupport_introspection_cppExport-noconfig.cmake
[0.965s] -- Up-to-date: /home/user/ros2_ws/src/install/custom_interfaces/share/custom_interfaces/cmake/custom_interfaces__rosidl_typesupport_cppExport.cmake
[0.966s] -- Up-to-date: /home/user/ros2_ws/src/install/custom_interfaces/share/custom_interfaces/cmake/custom_interfaces__rosidl_typesupport_cppExport-noconfig.cmake
[0.966s] -- Up-to-date: /home/user/ros2_ws/src/install/custom_interfaces/share/custom_interfaces/cmake/export_custom_interfaces__rosidl_generator_pyExport.cmake
[0.966s] -- Up-to-date: /home/user/ros2_ws/src/install/custom_interfaces/share/custom_interfaces/cmake/export_custom_interfaces__rosidl_generator_pyExport-noconfig.cmake
[0.966s] -- Up-to-date: /home/user/ros2_ws/src/install/custom_interfaces/share/custom_interfaces/cmake/rosidl_cmake-extras.cmake
[0.966s] -- Up-to-date: /home/user/ros2_ws/src/install/custom_interfaces/share/custom_interfaces/cmake/ament_cmake_export_dependencies-extras.cmake
[0.966s] -- Up-to-date: /home/user/ros2_ws/src/install/custom_interfaces/share/custom_interfaces/cmake/ament_cmake_export_include_directories-extras.cmake
[0.966s] -- Up-to-date: /home/user/ros2_ws/src/install/custom_interfaces/share/custom_interfaces/cmake/ament_cmake_export_libraries-extras.cmake
[0.966s] -- Up-to-date: /home/user/ros2_ws/src/install/custom_interfaces/share/custom_interfaces/cmake/ament_cmake_export_targets-extras.cmake
[0.966s] -- Up-to-date: /home/user/ros2_ws/src/install/custom_interfaces/share/custom_interfaces/cmake/rosidl_cmake_export_typesupport_targets-extras.cmake
[0.967s] -- Up-to-date: /home/user/ros2_ws/src/install/custom_interfaces/share/custom_interfaces/cmake/rosidl_cmake_export_typesupport_libraries-extras.cmake
[0.967s] -- Up-to-date: /home/user/ros2_ws/src/install/custom_interfaces/share/custom_interfaces/cmake/custom_interfacesConfig.cmake
[0.967s] -- Up-to-date: /home/user/ros2_ws/src/install/custom_interfaces/share/custom_interfaces/cmake/custom_interfacesConfig-version.cmake
[0.967s] -- Up-to-date: /home/user/ros2_ws/src/install/custom_interfaces/share/custom_interfaces/package.xml
[0.967s] Invoked command in '/home/user/ros2_ws/src/build/custom_interfaces' returned '0': CMAKE_PREFIX_PATH=${CMAKE_PREFIX_PATH}:/home/simulations/ros2_sims_ws/install/tracetools_test:/home/simulations/ros2_sims_ws/install/tracetools_launch:/home/simulations/ros2_sims_ws/install/ros2trace:/home/simulations/ros2_sims_ws/install/tracetools_trace:/home/simulations/ros2_sims_ws/install/ros2trace_analysis:/home/simulations/ros2_sims_ws/install/tracetools_analysis:/home/simulations/ros2_sims_ws/install/tracetools_read:/home/simulations/ros2_sims_ws/install/test_tracetools_launch:/opt/ros/humble:/home/simulations/ros2_sims_ws/install/robot_description _=/usr/bin/env /usr/bin/cmake --install /home/user/ros2_ws/src/build/custom_interfaces
