[0.115s] Invoking command in '/home/user/ros2_ws/src/build/mars_rover_tasks': CMAKE_PREFIX_PATH=${CMAKE_PREFIX_PATH}:/home/simulations/ros2_sims_ws/install/tracetools_test:/home/simulations/ros2_sims_ws/install/tracetools_launch:/home/simulations/ros2_sims_ws/install/ros2trace:/home/simulations/ros2_sims_ws/install/tracetools_trace:/home/simulations/ros2_sims_ws/install/ros2trace_analysis:/home/simulations/ros2_sims_ws/install/tracetools_analysis:/home/simulations/ros2_sims_ws/install/tracetools_read:/home/simulations/ros2_sims_ws/install/test_tracetools_launch:/opt/ros/humble:/home/simulations/ros2_sims_ws/install/robot_description _=/usr/bin/env /usr/bin/cmake /home/user/ros2_ws/src/mars_rover_tasks -DCMAKE_INSTALL_PREFIX=/home/user/ros2_ws/src/install/mars_rover_tasks
[10.265s] -- The C compiler identification is GNU 11.4.0
[13.312s] -- The CXX compiler identification is GNU 11.4.0
[13.398s] -- Detecting C compiler ABI info
[13.660s] -- Detecting C compiler ABI info - done
[13.669s] -- Check for working C compiler: /usr/bin/cc - skipped
[13.669s] -- Detecting C compile features
[13.670s] -- Detecting C compile features - done
[13.675s] -- Detecting CXX compiler ABI info
[13.964s] -- Detecting CXX compiler ABI info - done
[13.972s] -- Check for working CXX compiler: /usr/bin/c++ - skipped
[13.973s] -- Detecting CXX compile features
[13.973s] -- Detecting CXX compile features - done
[13.992s] -- Found ament_cmake: 1.3.8 (/opt/ros/humble/share/ament_cmake/cmake)
[14.794s] -- Found Python3: /usr/bin/python3 (found version "3.10.12") found components: Interpreter 
[15.180s] -- Found rclcpp: 16.0.8 (/opt/ros/humble/share/rclcpp/cmake)
[15.554s] -- Found rosidl_generator_c: 3.1.5 (/opt/ros/humble/share/rosidl_generator_c/cmake)
[15.578s] -- Found rosidl_adapter: 3.1.5 (/opt/ros/humble/share/rosidl_adapter/cmake)
[15.613s] -- Found rosidl_generator_cpp: 3.1.5 (/opt/ros/humble/share/rosidl_generator_cpp/cmake)
[15.757s] -- Using all available rosidl_typesupport_c: rosidl_typesupport_fastrtps_c;rosidl_typesupport_introspection_c
[15.817s] -- Using all available rosidl_typesupport_cpp: rosidl_typesupport_fastrtps_cpp;rosidl_typesupport_introspection_cpp
[16.233s] -- Found rmw_implementation_cmake: 6.1.1 (/opt/ros/humble/share/rmw_implementation_cmake/cmake)
[16.314s] -- Found rmw_fastrtps_cpp: 6.2.6 (/opt/ros/humble/share/rmw_fastrtps_cpp/cmake)
[18.038s] -- Found OpenSSL: /usr/lib/x86_64-linux-gnu/libcrypto.so (found version "3.0.2")  
[18.096s] -- Found FastRTPS: /opt/ros/humble/include  
[18.184s] -- Using RMW implementation 'rmw_fastrtps_cpp' as default
[18.289s] -- Looking for pthread.h
[19.572s] -- Looking for pthread.h - found
[19.572s] -- Performing Test CMAKE_HAVE_LIBC_PTHREAD
[19.660s] -- Performing Test CMAKE_HAVE_LIBC_PTHREAD - Success
[19.661s] -- Found Threads: TRUE  
[20.450s] -- Found OpenCV: /usr (found version "4.5.4") 
[20.459s] -- Found cv_bridge: 3.2.1 (/opt/ros/humble/share/cv_bridge/cmake)
[20.643s] -- Found std_srvs: 4.2.3 (/opt/ros/humble/share/std_srvs/cmake)
[20.730s] -- Found ament_lint_auto: 0.12.10 (/opt/ros/humble/share/ament_lint_auto/cmake)
[20.862s] -- Added test 'cppcheck' to perform static code analysis on C / C++ code
[20.863s] -- Configured cppcheck include dirs: 
[20.863s] -- Configured cppcheck exclude dirs and/or files: 
[20.863s] -- Added test 'flake8' to check Python code syntax and style conventions
[20.864s] -- Added test 'lint_cmake' to check CMake code style
[20.865s] -- Added test 'pep257' to check Python code against some of the docstring style conventions in PEP 257
[20.866s] -- Added test 'uncrustify' to check C / C++ code style
[20.866s] -- Configured uncrustify additional arguments: 
[20.867s] -- Added test 'xmllint' to check XML markup files
[20.869s] -- Configuring done
[20.897s] -- Generating done
[20.899s] -- Build files have been written to: /home/user/ros2_ws/src/build/mars_rover_tasks
