[0.036s] Invoking command in '/home/user/ros2_ws/src/build/custom_interfaces': CMAKE_PREFIX_PATH=${CMAKE_PREFIX_PATH}:/home/simulations/ros2_sims_ws/install/tracetools_test:/home/simulations/ros2_sims_ws/install/tracetools_launch:/home/simulations/ros2_sims_ws/install/ros2trace:/home/simulations/ros2_sims_ws/install/tracetools_trace:/home/simulations/ros2_sims_ws/install/ros2trace_analysis:/home/simulations/ros2_sims_ws/install/tracetools_analysis:/home/simulations/ros2_sims_ws/install/tracetools_read:/home/simulations/ros2_sims_ws/install/test_tracetools_launch:/opt/ros/humble:/home/simulations/ros2_sims_ws/install/robot_description _=/usr/bin/env /usr/bin/cmake --build /home/user/ros2_ws/src/build/custom_interfaces -- -j8 -l8
[0.112s] [  2%] Built target custom_interfaces__cpp
[0.124s] [ 12%] Built target custom_interfaces__rosidl_generator_c
[0.142s] [ 12%] Built target ament_cmake_python_copy_custom_interfaces
[0.167s] [ 23%] Built target custom_interfaces__rosidl_typesupport_fastrtps_cpp
[0.176s] [ 35%] Built target custom_interfaces__rosidl_typesupport_introspection_cpp
[0.177s] [ 43%] Built target custom_interfaces__rosidl_typesupport_cpp
[0.179s] [ 53%] Built target custom_interfaces__rosidl_typesupport_fastrtps_c
[0.182s] [ 64%] Built target custom_interfaces__rosidl_typesupport_introspection_c
[0.184s] [ 74%] Built target custom_interfaces__rosidl_typesupport_c
[0.209s] [ 74%] Built target custom_interfaces
[0.235s] [ 76%] Built target custom_interfaces__py
[0.260s] [ 84%] Built target custom_interfaces__rosidl_generator_py
[0.297s] [ 89%] Built target custom_interfaces__rosidl_typesupport_introspection_c__pyext
[0.303s] [ 94%] Built target custom_interfaces__rosidl_typesupport_fastrtps_c__pyext
[0.303s] [100%] Built target custom_interfaces__rosidl_typesupport_c__pyext
[0.485s] running egg_info
[0.486s] writing custom_interfaces.egg-info/PKG-INFO
[0.486s] writing dependency_links to custom_interfaces.egg-info/dependency_links.txt
[0.486s] writing top-level names to custom_interfaces.egg-info/top_level.txt
[0.489s] reading manifest file 'custom_interfaces.egg-info/SOURCES.txt'
[0.489s] writing manifest file 'custom_interfaces.egg-info/SOURCES.txt'
[0.519s] [100%] Built target ament_cmake_python_build_custom_interfaces_egg
[0.531s] Invoked command in '/home/user/ros2_ws/src/build/custom_interfaces' returned '0': CMAKE_PREFIX_PATH=${CMAKE_PREFIX_PATH}:/home/simulations/ros2_sims_ws/install/tracetools_test:/home/simulations/ros2_sims_ws/install/tracetools_launch:/home/simulations/ros2_sims_ws/install/ros2trace:/home/simulations/ros2_sims_ws/install/tracetools_trace:/home/simulations/ros2_sims_ws/install/ros2trace_analysis:/home/simulations/ros2_sims_ws/install/tracetools_analysis:/home/simulations/ros2_sims_ws/install/tracetools_read:/home/simulations/ros2_sims_ws/install/test_tracetools_launch:/opt/ros/humble:/home/simulations/ros2_sims_ws/install/robot_description _=/usr/bin/env /usr/bin/cmake --build /home/user/ros2_ws/src/build/custom_interfaces -- -j8 -l8
[0.672s] Invoking command in '/home/user/ros2_ws/src/build/custom_interfaces': CMAKE_PREFIX_PATH=${CMAKE_PREFIX_PATH}:/home/simulations/ros2_sims_ws/install/tracetools_test:/home/simulations/ros2_sims_ws/install/tracetools_launch:/home/simulations/ros2_sims_ws/install/ros2trace:/home/simulations/ros2_sims_ws/install/tracetools_trace:/home/simulations/ros2_sims_ws/install/ros2trace_analysis:/home/simulations/ros2_sims_ws/install/tracetools_analysis:/home/simulations/ros2_sims_ws/install/tracetools_read:/home/simulations/ros2_sims_ws/install/test_tracetools_launch:/opt/ros/humble:/home/simulations/ros2_sims_ws/install/robot_description _=/usr/bin/env /usr/bin/cmake --install /home/user/ros2_ws/src/build/custom_interfaces
[0.680s] -- Install configuration: ""
[0.680s] -- Up-to-date: /home/user/ros2_ws/src/install/custom_interfaces/share/ament_index/resource_index/rosidl_interfaces/custom_interfaces
[0.680s] -- Up-to-date: /home/user/ros2_ws/src/install/custom_interfaces/include/custom_interfaces/custom_interfaces
[0.680s] -- Up-to-date: /home/user/ros2_ws/src/install/custom_interfaces/include/custom_interfaces/custom_interfaces/srv
[0.680s] -- Up-to-date: /home/user/ros2_ws/src/install/custom_interfaces/include/custom_interfaces/custom_interfaces/srv/detail
[0.681s] -- Up-to-date: /home/user/ros2_ws/src/install/custom_interfaces/include/custom_interfaces/custom_interfaces/srv/detail/text_recognition__functions.h
[0.681s] -- Up-to-date: /home/user/ros2_ws/src/install/custom_interfaces/include/custom_interfaces/custom_interfaces/srv/detail/text_recognition__functions.c
[0.681s] -- Up-to-date: /home/user/ros2_ws/src/install/custom_interfaces/include/custom_interfaces/custom_interfaces/srv/detail/text_recognition__type_support.h
[0.681s] -- Up-to-date: /home/user/ros2_ws/src/install/custom_interfaces/include/custom_interfaces/custom_interfaces/srv/detail/text_recognition__struct.h
[0.681s] -- Up-to-date: /home/user/ros2_ws/src/install/custom_interfaces/include/custom_interfaces/custom_interfaces/srv/text_recognition.h
[0.682s] -- Up-to-date: /home/user/ros2_ws/src/install/custom_interfaces/include/custom_interfaces/custom_interfaces/msg
[0.682s] -- Up-to-date: /home/user/ros2_ws/src/install/custom_interfaces/include/custom_interfaces/custom_interfaces/msg/detail
[0.682s] -- Up-to-date: /home/user/ros2_ws/src/install/custom_interfaces/include/custom_interfaces/custom_interfaces/msg/detail/rover_events__struct.h
[0.682s] -- Up-to-date: /home/user/ros2_ws/src/install/custom_interfaces/include/custom_interfaces/custom_interfaces/msg/detail/rover_events__functions.c
[0.682s] -- Up-to-date: /home/user/ros2_ws/src/install/custom_interfaces/include/custom_interfaces/custom_interfaces/msg/detail/rover_events__type_support.h
[0.683s] -- Up-to-date: /home/user/ros2_ws/src/install/custom_interfaces/include/custom_interfaces/custom_interfaces/msg/detail/rover_events__functions.h
[0.683s] -- Up-to-date: /home/user/ros2_ws/src/install/custom_interfaces/include/custom_interfaces/custom_interfaces/msg/rosidl_generator_c__visibility_control.h
[0.683s] -- Up-to-date: /home/user/ros2_ws/src/install/custom_interfaces/include/custom_interfaces/custom_interfaces/msg/rover_events.h
[0.683s] -- Up-to-date: /home/user/ros2_ws/src/install/custom_interfaces/share/custom_interfaces/environment/library_path.sh
[0.683s] -- Up-to-date: /home/user/ros2_ws/src/install/custom_interfaces/share/custom_interfaces/environment/library_path.dsv
[0.684s] -- Up-to-date: /home/user/ros2_ws/src/install/custom_interfaces/lib/libcustom_interfaces__rosidl_generator_c.so
[0.684s] -- Up-to-date: /home/user/ros2_ws/src/install/custom_interfaces/include/custom_interfaces/custom_interfaces
[0.684s] -- Up-to-date: /home/user/ros2_ws/src/install/custom_interfaces/include/custom_interfaces/custom_interfaces/srv
[0.684s] -- Up-to-date: /home/user/ros2_ws/src/install/custom_interfaces/include/custom_interfaces/custom_interfaces/srv/detail
[0.684s] -- Up-to-date: /home/user/ros2_ws/src/install/custom_interfaces/include/custom_interfaces/custom_interfaces/srv/detail/text_recognition__rosidl_typesupport_fastrtps_c.h
[0.684s] -- Up-to-date: /home/user/ros2_ws/src/install/custom_interfaces/include/custom_interfaces/custom_interfaces/msg
[0.684s] -- Up-to-date: /home/user/ros2_ws/src/install/custom_interfaces/include/custom_interfaces/custom_interfaces/msg/detail
[0.685s] -- Up-to-date: /home/user/ros2_ws/src/install/custom_interfaces/include/custom_interfaces/custom_interfaces/msg/detail/rover_events__rosidl_typesupport_fastrtps_c.h
[0.685s] -- Up-to-date: /home/user/ros2_ws/src/install/custom_interfaces/include/custom_interfaces/custom_interfaces/msg/rosidl_typesupport_fastrtps_c__visibility_control.h
[0.685s] -- Up-to-date: /home/user/ros2_ws/src/install/custom_interfaces/lib/libcustom_interfaces__rosidl_typesupport_fastrtps_c.so
[0.685s] -- Up-to-date: /home/user/ros2_ws/src/install/custom_interfaces/include/custom_interfaces/custom_interfaces
[0.685s] -- Up-to-date: /home/user/ros2_ws/src/install/custom_interfaces/include/custom_interfaces/custom_interfaces/srv
[0.686s] -- Up-to-date: /home/user/ros2_ws/src/install/custom_interfaces/include/custom_interfaces/custom_interfaces/srv/detail
[0.686s] -- Up-to-date: /home/user/ros2_ws/src/install/custom_interfaces/include/custom_interfaces/custom_interfaces/srv/detail/text_recognition__struct.hpp
[0.686s] -- Up-to-date: /home/user/ros2_ws/src/install/custom_interfaces/include/custom_interfaces/custom_interfaces/srv/detail/text_recognition__traits.hpp
[0.686s] -- Up-to-date: /home/user/ros2_ws/src/install/custom_interfaces/include/custom_interfaces/custom_interfaces/srv/detail/text_recognition__builder.hpp
[0.686s] -- Up-to-date: /home/user/ros2_ws/src/install/custom_interfaces/include/custom_interfaces/custom_interfaces/srv/text_recognition.hpp
[0.686s] -- Up-to-date: /home/user/ros2_ws/src/install/custom_interfaces/include/custom_interfaces/custom_interfaces/msg
[0.686s] -- Up-to-date: /home/user/ros2_ws/src/install/custom_interfaces/include/custom_interfaces/custom_interfaces/msg/detail
[0.686s] -- Up-to-date: /home/user/ros2_ws/src/install/custom_interfaces/include/custom_interfaces/custom_interfaces/msg/detail/rover_events__traits.hpp
[0.686s] -- Up-to-date: /home/user/ros2_ws/src/install/custom_interfaces/include/custom_interfaces/custom_interfaces/msg/detail/rover_events__builder.hpp
[0.686s] -- Up-to-date: /home/user/ros2_ws/src/install/custom_interfaces/include/custom_interfaces/custom_interfaces/msg/detail/rover_events__struct.hpp
[0.686s] -- Up-to-date: /home/user/ros2_ws/src/install/custom_interfaces/include/custom_interfaces/custom_interfaces/msg/rover_events.hpp
[0.687s] -- Up-to-date: /home/user/ros2_ws/src/install/custom_interfaces/include/custom_interfaces/custom_interfaces
[0.687s] -- Up-to-date: /home/user/ros2_ws/src/install/custom_interfaces/include/custom_interfaces/custom_interfaces/srv
[0.687s] -- Up-to-date: /home/user/ros2_ws/src/install/custom_interfaces/include/custom_interfaces/custom_interfaces/srv/detail
[0.687s] -- Up-to-date: /home/user/ros2_ws/src/install/custom_interfaces/include/custom_interfaces/custom_interfaces/srv/detail/text_recognition__rosidl_typesupport_fastrtps_cpp.hpp
[0.687s] -- Up-to-date: /home/user/ros2_ws/src/install/custom_interfaces/include/custom_interfaces/custom_interfaces/srv/detail/dds_fastrtps
[0.687s] -- Up-to-date: /home/user/ros2_ws/src/install/custom_interfaces/include/custom_interfaces/custom_interfaces/msg
[0.687s] -- Up-to-date: /home/user/ros2_ws/src/install/custom_interfaces/include/custom_interfaces/custom_interfaces/msg/detail
[0.687s] -- Up-to-date: /home/user/ros2_ws/src/install/custom_interfaces/include/custom_interfaces/custom_interfaces/msg/detail/dds_fastrtps
[0.687s] -- Up-to-date: /home/user/ros2_ws/src/install/custom_interfaces/include/custom_interfaces/custom_interfaces/msg/detail/rover_events__rosidl_typesupport_fastrtps_cpp.hpp
[0.687s] -- Up-to-date: /home/user/ros2_ws/src/install/custom_interfaces/include/custom_interfaces/custom_interfaces/msg/rosidl_typesupport_fastrtps_cpp__visibility_control.h
[0.688s] -- Up-to-date: /home/user/ros2_ws/src/install/custom_interfaces/lib/libcustom_interfaces__rosidl_typesupport_fastrtps_cpp.so
[0.688s] -- Up-to-date: /home/user/ros2_ws/src/install/custom_interfaces/include/custom_interfaces/custom_interfaces
[0.688s] -- Up-to-date: /home/user/ros2_ws/src/install/custom_interfaces/include/custom_interfaces/custom_interfaces/srv
[0.688s] -- Up-to-date: /home/user/ros2_ws/src/install/custom_interfaces/include/custom_interfaces/custom_interfaces/srv/detail
[0.688s] -- Up-to-date: /home/user/ros2_ws/src/install/custom_interfaces/include/custom_interfaces/custom_interfaces/srv/detail/text_recognition__rosidl_typesupport_introspection_c.h
[0.688s] -- Up-to-date: /home/user/ros2_ws/src/install/custom_interfaces/include/custom_interfaces/custom_interfaces/srv/detail/text_recognition__type_support.c
[0.688s] -- Up-to-date: /home/user/ros2_ws/src/install/custom_interfaces/include/custom_interfaces/custom_interfaces/msg
[0.688s] -- Up-to-date: /home/user/ros2_ws/src/install/custom_interfaces/include/custom_interfaces/custom_interfaces/msg/detail
[0.688s] -- Up-to-date: /home/user/ros2_ws/src/install/custom_interfaces/include/custom_interfaces/custom_interfaces/msg/detail/rover_events__type_support.c
[0.689s] -- Up-to-date: /home/user/ros2_ws/src/install/custom_interfaces/include/custom_interfaces/custom_interfaces/msg/detail/rover_events__rosidl_typesupport_introspection_c.h
[0.689s] -- Up-to-date: /home/user/ros2_ws/src/install/custom_interfaces/include/custom_interfaces/custom_interfaces/msg/rosidl_typesupport_introspection_c__visibility_control.h
[0.689s] -- Up-to-date: /home/user/ros2_ws/src/install/custom_interfaces/lib/libcustom_interfaces__rosidl_typesupport_introspection_c.so
[0.689s] -- Up-to-date: /home/user/ros2_ws/src/install/custom_interfaces/lib/libcustom_interfaces__rosidl_typesupport_c.so
[0.689s] -- Up-to-date: /home/user/ros2_ws/src/install/custom_interfaces/include/custom_interfaces/custom_interfaces
[0.689s] -- Up-to-date: /home/user/ros2_ws/src/install/custom_interfaces/include/custom_interfaces/custom_interfaces/srv
[0.689s] -- Up-to-date: /home/user/ros2_ws/src/install/custom_interfaces/include/custom_interfaces/custom_interfaces/srv/detail
[0.689s] -- Up-to-date: /home/user/ros2_ws/src/install/custom_interfaces/include/custom_interfaces/custom_interfaces/srv/detail/text_recognition__rosidl_typesupport_introspection_cpp.hpp
[0.690s] -- Up-to-date: /home/user/ros2_ws/src/install/custom_interfaces/include/custom_interfaces/custom_interfaces/srv/detail/text_recognition__type_support.cpp
[0.690s] -- Up-to-date: /home/user/ros2_ws/src/install/custom_interfaces/include/custom_interfaces/custom_interfaces/msg
[0.690s] -- Up-to-date: /home/user/ros2_ws/src/install/custom_interfaces/include/custom_interfaces/custom_interfaces/msg/detail
[0.690s] -- Up-to-date: /home/user/ros2_ws/src/install/custom_interfaces/include/custom_interfaces/custom_interfaces/msg/detail/rover_events__type_support.cpp
[0.690s] -- Up-to-date: /home/user/ros2_ws/src/install/custom_interfaces/include/custom_interfaces/custom_interfaces/msg/detail/rover_events__rosidl_typesupport_introspection_cpp.hpp
[0.690s] -- Up-to-date: /home/user/ros2_ws/src/install/custom_interfaces/lib/libcustom_interfaces__rosidl_typesupport_introspection_cpp.so
[0.690s] -- Up-to-date: /home/user/ros2_ws/src/install/custom_interfaces/lib/libcustom_interfaces__rosidl_typesupport_cpp.so
[0.690s] -- Up-to-date: /home/user/ros2_ws/src/install/custom_interfaces/share/custom_interfaces/environment/pythonpath.sh
[0.691s] -- Up-to-date: /home/user/ros2_ws/src/install/custom_interfaces/share/custom_interfaces/environment/pythonpath.dsv
[0.691s] -- Up-to-date: /home/user/ros2_ws/src/install/custom_interfaces/local/lib/python3.10/dist-packages/custom_interfaces-0.0.0-py3.10.egg-info
[0.691s] -- Installing: /home/user/ros2_ws/src/install/custom_interfaces/local/lib/python3.10/dist-packages/custom_interfaces-0.0.0-py3.10.egg-info/PKG-INFO
[0.691s] -- Installing: /home/user/ros2_ws/src/install/custom_interfaces/local/lib/python3.10/dist-packages/custom_interfaces-0.0.0-py3.10.egg-info/top_level.txt
[0.691s] -- Installing: /home/user/ros2_ws/src/install/custom_interfaces/local/lib/python3.10/dist-packages/custom_interfaces-0.0.0-py3.10.egg-info/SOURCES.txt
[0.691s] -- Installing: /home/user/ros2_ws/src/install/custom_interfaces/local/lib/python3.10/dist-packages/custom_interfaces-0.0.0-py3.10.egg-info/dependency_links.txt
[0.691s] -- Up-to-date: /home/user/ros2_ws/src/install/custom_interfaces/local/lib/python3.10/dist-packages/custom_interfaces
[0.691s] -- Up-to-date: /home/user/ros2_ws/src/install/custom_interfaces/local/lib/python3.10/dist-packages/custom_interfaces/srv
[0.691s] -- Up-to-date: /home/user/ros2_ws/src/install/custom_interfaces/local/lib/python3.10/dist-packages/custom_interfaces/srv/_text_recognition_s.c
[0.692s] -- Up-to-date: /home/user/ros2_ws/src/install/custom_interfaces/local/lib/python3.10/dist-packages/custom_interfaces/srv/_text_recognition.py
[0.692s] -- Up-to-date: /home/user/ros2_ws/src/install/custom_interfaces/local/lib/python3.10/dist-packages/custom_interfaces/srv/__init__.py
[0.692s] -- Up-to-date: /home/user/ros2_ws/src/install/custom_interfaces/local/lib/python3.10/dist-packages/custom_interfaces/custom_interfaces_s__rosidl_typesupport_introspection_c.cpython-310-x86_64-linux-gnu.so
[0.692s] -- Up-to-date: /home/user/ros2_ws/src/install/custom_interfaces/local/lib/python3.10/dist-packages/custom_interfaces/msg
[0.692s] -- Up-to-date: /home/user/ros2_ws/src/install/custom_interfaces/local/lib/python3.10/dist-packages/custom_interfaces/msg/_rover_events.py
[0.692s] -- Up-to-date: /home/user/ros2_ws/src/install/custom_interfaces/local/lib/python3.10/dist-packages/custom_interfaces/msg/__init__.py
[0.692s] -- Up-to-date: /home/user/ros2_ws/src/install/custom_interfaces/local/lib/python3.10/dist-packages/custom_interfaces/msg/_rover_events_s.c
[0.692s] -- Up-to-date: /home/user/ros2_ws/src/install/custom_interfaces/local/lib/python3.10/dist-packages/custom_interfaces/_custom_interfaces_s.ep.rosidl_typesupport_introspection_c.c
[0.692s] -- Up-to-date: /home/user/ros2_ws/src/install/custom_interfaces/local/lib/python3.10/dist-packages/custom_interfaces/libcustom_interfaces__rosidl_generator_py.so
[0.693s] -- Up-to-date: /home/user/ros2_ws/src/install/custom_interfaces/local/lib/python3.10/dist-packages/custom_interfaces/_custom_interfaces_s.ep.rosidl_typesupport_c.c
[0.693s] -- Up-to-date: /home/user/ros2_ws/src/install/custom_interfaces/local/lib/python3.10/dist-packages/custom_interfaces/__init__.py
[0.693s] -- Up-to-date: /home/user/ros2_ws/src/install/custom_interfaces/local/lib/python3.10/dist-packages/custom_interfaces/custom_interfaces_s__rosidl_typesupport_c.cpython-310-x86_64-linux-gnu.so
[0.693s] -- Up-to-date: /home/user/ros2_ws/src/install/custom_interfaces/local/lib/python3.10/dist-packages/custom_interfaces/_custom_interfaces_s.ep.rosidl_typesupport_fastrtps_c.c
[0.693s] -- Up-to-date: /home/user/ros2_ws/src/install/custom_interfaces/local/lib/python3.10/dist-packages/custom_interfaces/custom_interfaces_s__rosidl_typesupport_fastrtps_c.cpython-310-x86_64-linux-gnu.so
[0.722s] Listing '/home/user/ros2_ws/src/install/custom_interfaces/local/lib/python3.10/dist-packages/custom_interfaces'...
[0.722s] Listing '/home/user/ros2_ws/src/install/custom_interfaces/local/lib/python3.10/dist-packages/custom_interfaces/msg'...
[0.723s] Listing '/home/user/ros2_ws/src/install/custom_interfaces/local/lib/python3.10/dist-packages/custom_interfaces/srv'...
[0.727s] -- Up-to-date: /home/user/ros2_ws/src/install/custom_interfaces/local/lib/python3.10/dist-packages/custom_interfaces/custom_interfaces_s__rosidl_typesupport_fastrtps_c.cpython-310-x86_64-linux-gnu.so
[0.727s] -- Up-to-date: /home/user/ros2_ws/src/install/custom_interfaces/local/lib/python3.10/dist-packages/custom_interfaces/custom_interfaces_s__rosidl_typesupport_introspection_c.cpython-310-x86_64-linux-gnu.so
[0.727s] -- Up-to-date: /home/user/ros2_ws/src/install/custom_interfaces/local/lib/python3.10/dist-packages/custom_interfaces/custom_interfaces_s__rosidl_typesupport_c.cpython-310-x86_64-linux-gnu.so
[0.727s] -- Up-to-date: /home/user/ros2_ws/src/install/custom_interfaces/lib/libcustom_interfaces__rosidl_generator_py.so
[0.728s] -- Up-to-date: /home/user/ros2_ws/src/install/custom_interfaces/share/custom_interfaces/msg/RoverEvents.idl
[0.728s] -- Up-to-date: /home/user/ros2_ws/src/install/custom_interfaces/share/custom_interfaces/srv/TextRecognition.idl
[0.728s] -- Up-to-date: /home/user/ros2_ws/src/install/custom_interfaces/share/custom_interfaces/msg/RoverEvents.msg
[0.728s] -- Up-to-date: /home/user/ros2_ws/src/install/custom_interfaces/share/custom_interfaces/srv/TextRecognition.srv
[0.728s] -- Up-to-date: /home/user/ros2_ws/src/install/custom_interfaces/share/custom_interfaces/srv/TextRecognition_Request.msg
[0.728s] -- Up-to-date: /home/user/ros2_ws/src/install/custom_interfaces/share/custom_interfaces/srv/TextRecognition_Response.msg
[0.729s] -- Up-to-date: /home/user/ros2_ws/src/install/custom_interfaces/share/ament_index/resource_index/package_run_dependencies/custom_interfaces
[0.729s] -- Up-to-date: /home/user/ros2_ws/src/install/custom_interfaces/share/ament_index/resource_index/parent_prefix_path/custom_interfaces
[0.729s] -- Up-to-date: /home/user/ros2_ws/src/install/custom_interfaces/share/custom_interfaces/environment/ament_prefix_path.sh
[0.729s] -- Up-to-date: /home/user/ros2_ws/src/install/custom_interfaces/share/custom_interfaces/environment/ament_prefix_path.dsv
[0.729s] -- Up-to-date: /home/user/ros2_ws/src/install/custom_interfaces/share/custom_interfaces/environment/path.sh
[0.730s] -- Up-to-date: /home/user/ros2_ws/src/install/custom_interfaces/share/custom_interfaces/environment/path.dsv
[0.730s] -- Up-to-date: /home/user/ros2_ws/src/install/custom_interfaces/share/custom_interfaces/local_setup.bash
[0.730s] -- Up-to-date: /home/user/ros2_ws/src/install/custom_interfaces/share/custom_interfaces/local_setup.sh
[0.730s] -- Up-to-date: /home/user/ros2_ws/src/install/custom_interfaces/share/custom_interfaces/local_setup.zsh
[0.730s] -- Up-to-date: /home/user/ros2_ws/src/install/custom_interfaces/share/custom_interfaces/local_setup.dsv
[0.730s] -- Installing: /home/user/ros2_ws/src/install/custom_interfaces/share/custom_interfaces/package.dsv
[0.730s] -- Up-to-date: /home/user/ros2_ws/src/install/custom_interfaces/share/ament_index/resource_index/packages/custom_interfaces
[0.731s] -- Up-to-date: /home/user/ros2_ws/src/install/custom_interfaces/share/custom_interfaces/cmake/export_custom_interfaces__rosidl_generator_cExport.cmake
[0.731s] -- Up-to-date: /home/user/ros2_ws/src/install/custom_interfaces/share/custom_interfaces/cmake/export_custom_interfaces__rosidl_generator_cExport-noconfig.cmake
[0.731s] -- Up-to-date: /home/user/ros2_ws/src/install/custom_interfaces/share/custom_interfaces/cmake/export_custom_interfaces__rosidl_typesupport_fastrtps_cExport.cmake
[0.731s] -- Up-to-date: /home/user/ros2_ws/src/install/custom_interfaces/share/custom_interfaces/cmake/export_custom_interfaces__rosidl_typesupport_fastrtps_cExport-noconfig.cmake
[0.731s] -- Up-to-date: /home/user/ros2_ws/src/install/custom_interfaces/share/custom_interfaces/cmake/export_custom_interfaces__rosidl_generator_cppExport.cmake
[0.732s] -- Up-to-date: /home/user/ros2_ws/src/install/custom_interfaces/share/custom_interfaces/cmake/export_custom_interfaces__rosidl_typesupport_fastrtps_cppExport.cmake
[0.732s] -- Up-to-date: /home/user/ros2_ws/src/install/custom_interfaces/share/custom_interfaces/cmake/export_custom_interfaces__rosidl_typesupport_fastrtps_cppExport-noconfig.cmake
[0.733s] -- Up-to-date: /home/user/ros2_ws/src/install/custom_interfaces/share/custom_interfaces/cmake/custom_interfaces__rosidl_typesupport_introspection_cExport.cmake
[0.734s] -- Up-to-date: /home/user/ros2_ws/src/install/custom_interfaces/share/custom_interfaces/cmake/custom_interfaces__rosidl_typesupport_introspection_cExport-noconfig.cmake
[0.734s] -- Up-to-date: /home/user/ros2_ws/src/install/custom_interfaces/share/custom_interfaces/cmake/custom_interfaces__rosidl_typesupport_cExport.cmake
[0.734s] -- Up-to-date: /home/user/ros2_ws/src/install/custom_interfaces/share/custom_interfaces/cmake/custom_interfaces__rosidl_typesupport_cExport-noconfig.cmake
[0.734s] -- Up-to-date: /home/user/ros2_ws/src/install/custom_interfaces/share/custom_interfaces/cmake/custom_interfaces__rosidl_typesupport_introspection_cppExport.cmake
[0.735s] -- Up-to-date: /home/user/ros2_ws/src/install/custom_interfaces/share/custom_interfaces/cmake/custom_interfaces__rosidl_typesupport_introspection_cppExport-noconfig.cmake
[0.735s] -- Up-to-date: /home/user/ros2_ws/src/install/custom_interfaces/share/custom_interfaces/cmake/custom_interfaces__rosidl_typesupport_cppExport.cmake
[0.735s] -- Up-to-date: /home/user/ros2_ws/src/install/custom_interfaces/share/custom_interfaces/cmake/custom_interfaces__rosidl_typesupport_cppExport-noconfig.cmake
[0.735s] -- Up-to-date: /home/user/ros2_ws/src/install/custom_interfaces/share/custom_interfaces/cmake/export_custom_interfaces__rosidl_generator_pyExport.cmake
[0.736s] -- Up-to-date: /home/user/ros2_ws/src/install/custom_interfaces/share/custom_interfaces/cmake/export_custom_interfaces__rosidl_generator_pyExport-noconfig.cmake
[0.736s] -- Up-to-date: /home/user/ros2_ws/src/install/custom_interfaces/share/custom_interfaces/cmake/rosidl_cmake-extras.cmake
[0.736s] -- Up-to-date: /home/user/ros2_ws/src/install/custom_interfaces/share/custom_interfaces/cmake/ament_cmake_export_dependencies-extras.cmake
[0.736s] -- Up-to-date: /home/user/ros2_ws/src/install/custom_interfaces/share/custom_interfaces/cmake/ament_cmake_export_include_directories-extras.cmake
[0.736s] -- Up-to-date: /home/user/ros2_ws/src/install/custom_interfaces/share/custom_interfaces/cmake/ament_cmake_export_libraries-extras.cmake
[0.736s] -- Up-to-date: /home/user/ros2_ws/src/install/custom_interfaces/share/custom_interfaces/cmake/ament_cmake_export_targets-extras.cmake
[0.736s] -- Up-to-date: /home/user/ros2_ws/src/install/custom_interfaces/share/custom_interfaces/cmake/rosidl_cmake_export_typesupport_targets-extras.cmake
[0.736s] -- Up-to-date: /home/user/ros2_ws/src/install/custom_interfaces/share/custom_interfaces/cmake/rosidl_cmake_export_typesupport_libraries-extras.cmake
[0.737s] -- Up-to-date: /home/user/ros2_ws/src/install/custom_interfaces/share/custom_interfaces/cmake/custom_interfacesConfig.cmake
[0.737s] -- Up-to-date: /home/user/ros2_ws/src/install/custom_interfaces/share/custom_interfaces/cmake/custom_interfacesConfig-version.cmake
[0.737s] -- Up-to-date: /home/user/ros2_ws/src/install/custom_interfaces/share/custom_interfaces/package.xml
[0.737s] Invoked command in '/home/user/ros2_ws/src/build/custom_interfaces' returned '0': CMAKE_PREFIX_PATH=${CMAKE_PREFIX_PATH}:/home/simulations/ros2_sims_ws/install/tracetools_test:/home/simulations/ros2_sims_ws/install/tracetools_launch:/home/simulations/ros2_sims_ws/install/ros2trace:/home/simulations/ros2_sims_ws/install/tracetools_trace:/home/simulations/ros2_sims_ws/install/ros2trace_analysis:/home/simulations/ros2_sims_ws/install/tracetools_analysis:/home/simulations/ros2_sims_ws/install/tracetools_read:/home/simulations/ros2_sims_ws/install/test_tracetools_launch:/opt/ros/humble:/home/simulations/ros2_sims_ws/install/robot_description _=/usr/bin/env /usr/bin/cmake --install /home/user/ros2_ws/src/build/custom_interfaces
