[0.034s] Invoking command in '/home/user/ros2_ws/src/build/custom_interfaces': CMAKE_PREFIX_PATH=${CMAKE_PREFIX_PATH}:/home/simulations/ros2_sims_ws/install/tracetools_test:/home/simulations/ros2_sims_ws/install/tracetools_launch:/home/simulations/ros2_sims_ws/install/ros2trace:/home/simulations/ros2_sims_ws/install/tracetools_trace:/home/simulations/ros2_sims_ws/install/ros2trace_analysis:/home/simulations/ros2_sims_ws/install/tracetools_analysis:/home/simulations/ros2_sims_ws/install/tracetools_read:/home/simulations/ros2_sims_ws/install/test_tracetools_launch:/opt/ros/humble:/home/simulations/ros2_sims_ws/install/robot_description _=/usr/bin/env /usr/bin/cmake --build /home/user/ros2_ws/src/build/custom_interfaces -- -j8 -l8
[0.095s] [  2%] [34m[1mGenerating C code for ROS interfaces[0m
[0.117s] [  5%] [34m[1mGenerating C++ code for ROS interfaces[0m
[0.135s] [  5%] Built target ament_cmake_python_copy_custom_interfaces
[0.862s] running egg_info
[0.862s] creating custom_interfaces.egg-info
[0.863s] writing custom_interfaces.egg-info/PKG-INFO
[0.863s] writing dependency_links to custom_interfaces.egg-info/dependency_links.txt
[0.863s] writing top-level names to custom_interfaces.egg-info/top_level.txt
[0.863s] writing manifest file 'custom_interfaces.egg-info/SOURCES.txt'
[0.867s] reading manifest file 'custom_interfaces.egg-info/SOURCES.txt'
[0.867s] writing manifest file 'custom_interfaces.egg-info/SOURCES.txt'
[0.895s] [  5%] Built target ament_cmake_python_build_custom_interfaces_egg
[1.104s] [  5%] Built target custom_interfaces__cpp
[1.106s] [  7%] [32mBuilding C object CMakeFiles/custom_interfaces__rosidl_generator_c.dir/rosidl_generator_c/custom_interfaces/msg/detail/rover_events__functions.c.o[0m
[1.106s] [ 10%] [32mBuilding C object CMakeFiles/custom_interfaces__rosidl_generator_c.dir/rosidl_generator_c/custom_interfaces/srv/detail/text_recognition__functions.c.o[0m
[1.115s] [ 12%] [34m[1mGenerating C++ type support for eProsima Fast-RTPS[0m
[1.118s] [ 15%] [34m[1mGenerating C++ type support dispatch for ROS interfaces[0m
[1.119s] [ 17%] [34m[1mGenerating C++ introspection for ROS interfaces[0m
[1.619s] [ 20%] [32mBuilding CXX object CMakeFiles/custom_interfaces__rosidl_typesupport_cpp.dir/rosidl_typesupport_cpp/custom_interfaces/srv/text_recognition__type_support.cpp.o[0m
[1.620s] [ 23%] [32mBuilding CXX object CMakeFiles/custom_interfaces__rosidl_typesupport_cpp.dir/rosidl_typesupport_cpp/custom_interfaces/msg/rover_events__type_support.cpp.o[0m
[1.647s] [ 25%] [32mBuilding CXX object CMakeFiles/custom_interfaces__rosidl_typesupport_introspection_cpp.dir/rosidl_typesupport_introspection_cpp/custom_interfaces/msg/detail/rover_events__type_support.cpp.o[0m
[1.648s] [ 28%] [32mBuilding CXX object CMakeFiles/custom_interfaces__rosidl_typesupport_introspection_cpp.dir/rosidl_typesupport_introspection_cpp/custom_interfaces/srv/detail/text_recognition__type_support.cpp.o[0m
[1.744s] [ 30%] [32mBuilding CXX object CMakeFiles/custom_interfaces__rosidl_typesupport_fastrtps_cpp.dir/rosidl_typesupport_fastrtps_cpp/custom_interfaces/srv/detail/dds_fastrtps/text_recognition__type_support.cpp.o[0m
[1.745s] [ 33%] [32mBuilding CXX object CMakeFiles/custom_interfaces__rosidl_typesupport_fastrtps_cpp.dir/rosidl_typesupport_fastrtps_cpp/custom_interfaces/msg/detail/dds_fastrtps/rover_events__type_support.cpp.o[0m
[1.898s] [ 35%] [32m[1mLinking C shared library libcustom_interfaces__rosidl_generator_c.so[0m
[2.027s] [ 35%] Built target custom_interfaces__rosidl_generator_c
[2.038s] [ 38%] [34m[1mGenerating C type support for eProsima Fast-RTPS[0m
[2.039s] [ 41%] [34m[1mGenerating C introspection for ROS interfaces[0m
[2.558s] [ 43%] [32mBuilding C object CMakeFiles/custom_interfaces__rosidl_typesupport_introspection_c.dir/rosidl_typesupport_introspection_c/custom_interfaces/msg/detail/rover_events__type_support.c.o[0m
[2.683s] [ 46%] [32mBuilding CXX object CMakeFiles/custom_interfaces__rosidl_typesupport_fastrtps_c.dir/rosidl_typesupport_fastrtps_c/custom_interfaces/msg/detail/rover_events__type_support_c.cpp.o[0m
[2.753s] [ 48%] [32mBuilding C object CMakeFiles/custom_interfaces__rosidl_typesupport_introspection_c.dir/rosidl_typesupport_introspection_c/custom_interfaces/srv/detail/text_recognition__type_support.c.o[0m
[2.977s] [ 51%] [32m[1mLinking C shared library libcustom_interfaces__rosidl_typesupport_introspection_c.so[0m
[3.022s] [ 51%] Built target custom_interfaces__rosidl_typesupport_introspection_c
[3.035s] [ 53%] [34m[1mGenerating C type support dispatch for ROS interfaces[0m
[3.115s] [ 56%] [32mBuilding CXX object CMakeFiles/custom_interfaces__rosidl_typesupport_fastrtps_c.dir/rosidl_typesupport_fastrtps_c/custom_interfaces/srv/detail/text_recognition__type_support_c.cpp.o[0m
[3.120s] [ 58%] [32m[1mLinking CXX shared library libcustom_interfaces__rosidl_typesupport_introspection_cpp.so[0m
[3.129s] [ 61%] [32m[1mLinking CXX shared library libcustom_interfaces__rosidl_typesupport_cpp.so[0m
[3.237s] [ 61%] Built target custom_interfaces__rosidl_typesupport_introspection_cpp
[3.285s] [ 61%] Built target custom_interfaces__rosidl_typesupport_cpp
[3.389s] [ 64%] [32m[1mLinking CXX shared library libcustom_interfaces__rosidl_typesupport_fastrtps_cpp.so[0m
[3.525s] [ 66%] [32mBuilding CXX object CMakeFiles/custom_interfaces__rosidl_typesupport_c.dir/rosidl_typesupport_c/custom_interfaces/msg/rover_events__type_support.cpp.o[0m
[3.525s] [ 69%] [32mBuilding CXX object CMakeFiles/custom_interfaces__rosidl_typesupport_c.dir/rosidl_typesupport_c/custom_interfaces/srv/text_recognition__type_support.cpp.o[0m
[3.544s] [ 71%] [32m[1mLinking CXX shared library libcustom_interfaces__rosidl_typesupport_fastrtps_c.so[0m
[3.565s] [ 74%] [32m[1mLinking CXX shared library libcustom_interfaces__rosidl_typesupport_c.so[0m
[3.611s] [ 74%] Built target custom_interfaces__rosidl_typesupport_c
[3.768s] [ 74%] Built target custom_interfaces__rosidl_typesupport_fastrtps_cpp
[3.771s] [ 74%] Built target custom_interfaces__rosidl_typesupport_fastrtps_c
[3.791s] [ 74%] Built target custom_interfaces
[3.812s] [ 76%] [34m[1mGenerating Python code for ROS interfaces[0m
[4.626s] [ 76%] Built target custom_interfaces__py
[4.658s] [ 79%] [32mBuilding C object CMakeFiles/custom_interfaces__rosidl_generator_py.dir/rosidl_generator_py/custom_interfaces/msg/_rover_events_s.c.o[0m
[4.658s] [ 82%] [32mBuilding C object CMakeFiles/custom_interfaces__rosidl_generator_py.dir/rosidl_generator_py/custom_interfaces/srv/_text_recognition_s.c.o[0m
[6.234s] [ 84%] [32m[1mLinking C shared library rosidl_generator_py/custom_interfaces/libcustom_interfaces__rosidl_generator_py.so[0m
[6.397s] [ 84%] Built target custom_interfaces__rosidl_generator_py
[6.420s] [ 87%] [32mBuilding C object CMakeFiles/custom_interfaces__rosidl_typesupport_c__pyext.dir/rosidl_generator_py/custom_interfaces/_custom_interfaces_s.ep.rosidl_typesupport_c.c.o[0m
[6.421s] [ 89%] [32mBuilding C object CMakeFiles/custom_interfaces__rosidl_typesupport_fastrtps_c__pyext.dir/rosidl_generator_py/custom_interfaces/_custom_interfaces_s.ep.rosidl_typesupport_fastrtps_c.c.o[0m
[6.427s] [ 92%] [32mBuilding C object CMakeFiles/custom_interfaces__rosidl_typesupport_introspection_c__pyext.dir/rosidl_generator_py/custom_interfaces/_custom_interfaces_s.ep.rosidl_typesupport_introspection_c.c.o[0m
[6.561s] [ 94%] [32m[1mLinking C shared library rosidl_generator_py/custom_interfaces/custom_interfaces_s__rosidl_typesupport_c.cpython-310-x86_64-linux-gnu.so[0m
[6.600s] [ 97%] [32m[1mLinking C shared library rosidl_generator_py/custom_interfaces/custom_interfaces_s__rosidl_typesupport_introspection_c.cpython-310-x86_64-linux-gnu.so[0m
[6.601s] [100%] [32m[1mLinking C shared library rosidl_generator_py/custom_interfaces/custom_interfaces_s__rosidl_typesupport_fastrtps_c.cpython-310-x86_64-linux-gnu.so[0m
[6.622s] [100%] Built target custom_interfaces__rosidl_typesupport_c__pyext
[6.653s] [100%] Built target custom_interfaces__rosidl_typesupport_fastrtps_c__pyext
[6.656s] [100%] Built target custom_interfaces__rosidl_typesupport_introspection_c__pyext
