[0.030s] Invoking command in '/home/user/ros2_ws/src/build/mars_rover_tasks': CMAKE_PREFIX_PATH=${CMAKE_PREFIX_PATH}:/home/simulations/ros2_sims_ws/install/tracetools_test:/home/simulations/ros2_sims_ws/install/tracetools_launch:/home/simulations/ros2_sims_ws/install/ros2trace:/home/simulations/ros2_sims_ws/install/tracetools_trace:/home/simulations/ros2_sims_ws/install/ros2trace_analysis:/home/simulations/ros2_sims_ws/install/tracetools_analysis:/home/simulations/ros2_sims_ws/install/tracetools_read:/home/simulations/ros2_sims_ws/install/test_tracetools_launch:/opt/ros/humble:/home/simulations/ros2_sims_ws/install/robot_description _=/usr/bin/env /usr/bin/cmake --build /home/user/ros2_ws/src/build/mars_rover_tasks -- -j8 -l8
[0.133s] [ 25%] Built target text_recog_executable
[0.139s] [ 50%] Built target mars_rover_s_server_executable
[0.146s] [ 75%] Built target text_recog_s_server_executable
[0.148s] [100%] Built target text_recog_s_client_executable
[0.167s] Invoked command in '/home/user/ros2_ws/src/build/mars_rover_tasks' returned '0': CMAKE_PREFIX_PATH=${CMAKE_PREFIX_PATH}:/home/simulations/ros2_sims_ws/install/tracetools_test:/home/simulations/ros2_sims_ws/install/tracetools_launch:/home/simulations/ros2_sims_ws/install/ros2trace:/home/simulations/ros2_sims_ws/install/tracetools_trace:/home/simulations/ros2_sims_ws/install/ros2trace_analysis:/home/simulations/ros2_sims_ws/install/tracetools_analysis:/home/simulations/ros2_sims_ws/install/tracetools_read:/home/simulations/ros2_sims_ws/install/test_tracetools_launch:/opt/ros/humble:/home/simulations/ros2_sims_ws/install/robot_description _=/usr/bin/env /usr/bin/cmake --build /home/user/ros2_ws/src/build/mars_rover_tasks -- -j8 -l8
[0.295s] Invoking command in '/home/user/ros2_ws/src/build/mars_rover_tasks': CMAKE_PREFIX_PATH=${CMAKE_PREFIX_PATH}:/home/simulations/ros2_sims_ws/install/tracetools_test:/home/simulations/ros2_sims_ws/install/tracetools_launch:/home/simulations/ros2_sims_ws/install/ros2trace:/home/simulations/ros2_sims_ws/install/tracetools_trace:/home/simulations/ros2_sims_ws/install/ros2trace_analysis:/home/simulations/ros2_sims_ws/install/tracetools_analysis:/home/simulations/ros2_sims_ws/install/tracetools_read:/home/simulations/ros2_sims_ws/install/test_tracetools_launch:/opt/ros/humble:/home/simulations/ros2_sims_ws/install/robot_description _=/usr/bin/env /usr/bin/cmake --install /home/user/ros2_ws/src/build/mars_rover_tasks
[0.315s] -- Install configuration: ""
[0.315s] -- Up-to-date: /home/user/ros2_ws/src/install/mars_rover_tasks/lib/mars_rover_tasks/text_recog_s_client_executable
[0.316s] -- Up-to-date: /home/user/ros2_ws/src/install/mars_rover_tasks/lib/mars_rover_tasks/text_recog_s_server_executable
[0.316s] -- Up-to-date: /home/user/ros2_ws/src/install/mars_rover_tasks/lib/mars_rover_tasks/text_recog_executable
[0.317s] -- Up-to-date: /home/user/ros2_ws/src/install/mars_rover_tasks/lib/mars_rover_tasks/mars_rover_s_server_executable
[0.317s] -- Up-to-date: /home/user/ros2_ws/src/install/mars_rover_tasks/share/mars_rover_tasks//launch
[0.317s] -- Up-to-date: /home/user/ros2_ws/src/install/mars_rover_tasks/share/ament_index/resource_index/package_run_dependencies/mars_rover_tasks
[0.318s] -- Up-to-date: /home/user/ros2_ws/src/install/mars_rover_tasks/share/ament_index/resource_index/parent_prefix_path/mars_rover_tasks
[0.318s] -- Up-to-date: /home/user/ros2_ws/src/install/mars_rover_tasks/share/mars_rover_tasks/environment/ament_prefix_path.sh
[0.318s] -- Up-to-date: /home/user/ros2_ws/src/install/mars_rover_tasks/share/mars_rover_tasks/environment/ament_prefix_path.dsv
[0.318s] -- Up-to-date: /home/user/ros2_ws/src/install/mars_rover_tasks/share/mars_rover_tasks/environment/path.sh
[0.318s] -- Up-to-date: /home/user/ros2_ws/src/install/mars_rover_tasks/share/mars_rover_tasks/environment/path.dsv
[0.319s] -- Up-to-date: /home/user/ros2_ws/src/install/mars_rover_tasks/share/mars_rover_tasks/local_setup.bash
[0.319s] -- Up-to-date: /home/user/ros2_ws/src/install/mars_rover_tasks/share/mars_rover_tasks/local_setup.sh
[0.319s] -- Up-to-date: /home/user/ros2_ws/src/install/mars_rover_tasks/share/mars_rover_tasks/local_setup.zsh
[0.319s] -- Up-to-date: /home/user/ros2_ws/src/install/mars_rover_tasks/share/mars_rover_tasks/local_setup.dsv
[0.320s] -- Installing: /home/user/ros2_ws/src/install/mars_rover_tasks/share/mars_rover_tasks/package.dsv
[0.320s] -- Up-to-date: /home/user/ros2_ws/src/install/mars_rover_tasks/share/ament_index/resource_index/packages/mars_rover_tasks
[0.321s] -- Up-to-date: /home/user/ros2_ws/src/install/mars_rover_tasks/share/mars_rover_tasks/cmake/mars_rover_tasksConfig.cmake
[0.321s] -- Up-to-date: /home/user/ros2_ws/src/install/mars_rover_tasks/share/mars_rover_tasks/cmake/mars_rover_tasksConfig-version.cmake
[0.321s] -- Up-to-date: /home/user/ros2_ws/src/install/mars_rover_tasks/share/mars_rover_tasks/package.xml
[0.322s] Invoked command in '/home/user/ros2_ws/src/build/mars_rover_tasks' returned '0': CMAKE_PREFIX_PATH=${CMAKE_PREFIX_PATH}:/home/simulations/ros2_sims_ws/install/tracetools_test:/home/simulations/ros2_sims_ws/install/tracetools_launch:/home/simulations/ros2_sims_ws/install/ros2trace:/home/simulations/ros2_sims_ws/install/tracetools_trace:/home/simulations/ros2_sims_ws/install/ros2trace_analysis:/home/simulations/ros2_sims_ws/install/tracetools_analysis:/home/simulations/ros2_sims_ws/install/tracetools_read:/home/simulations/ros2_sims_ws/install/test_tracetools_launch:/opt/ros/humble:/home/simulations/ros2_sims_ws/install/robot_description _=/usr/bin/env /usr/bin/cmake --install /home/user/ros2_ws/src/build/mars_rover_tasks
