[0.186s] Invoking command in '/home/user/ros2_ws/src/build/custom_interfaces': CMAKE_PREFIX_PATH=${CMAKE_PREFIX_PATH}:/home/simulations/ros2_sims_ws/install/tracetools_test:/home/simulations/ros2_sims_ws/install/tracetools_launch:/home/simulations/ros2_sims_ws/install/ros2trace:/home/simulations/ros2_sims_ws/install/tracetools_trace:/home/simulations/ros2_sims_ws/install/ros2trace_analysis:/home/simulations/ros2_sims_ws/install/tracetools_analysis:/home/simulations/ros2_sims_ws/install/tracetools_read:/home/simulations/ros2_sims_ws/install/test_tracetools_launch:/opt/ros/humble:/home/simulations/ros2_sims_ws/install/robot_description _=/usr/bin/env /usr/bin/cmake /home/user/ros2_ws/src/custom_interfaces -DCMAKE_INSTALL_PREFIX=/home/user/ros2_ws/src/install/custom_interfaces
[10.430s] -- The C compiler identification is GNU 11.4.0
[13.482s] -- The CXX compiler identification is GNU 11.4.0
[13.564s] -- Detecting C compiler ABI info
[13.833s] -- Detecting C compiler ABI info - done
[13.840s] -- Check for working C compiler: /usr/bin/cc - skipped
[13.840s] -- Detecting C compile features
[13.841s] -- Detecting C compile features - done
[13.844s] -- Detecting CXX compiler ABI info
[14.138s] -- Detecting CXX compiler ABI info - done
[14.146s] -- Check for working CXX compiler: /usr/bin/c++ - skipped
[14.146s] -- Detecting CXX compile features
[14.147s] -- Detecting CXX compile features - done
[14.158s] -- Found ament_cmake: 1.3.8 (/opt/ros/humble/share/ament_cmake/cmake)
[14.960s] -- Found Python3: /usr/bin/python3 (found version "3.10.12") found components: Interpreter 
[15.346s] -- Found rclcpp: 16.0.8 (/opt/ros/humble/share/rclcpp/cmake)
[15.720s] -- Found rosidl_generator_c: 3.1.5 (/opt/ros/humble/share/rosidl_generator_c/cmake)
[15.743s] -- Found rosidl_adapter: 3.1.5 (/opt/ros/humble/share/rosidl_adapter/cmake)
[15.778s] -- Found rosidl_generator_cpp: 3.1.5 (/opt/ros/humble/share/rosidl_generator_cpp/cmake)
[15.923s] -- Using all available rosidl_typesupport_c: rosidl_typesupport_fastrtps_c;rosidl_typesupport_introspection_c
[15.982s] -- Using all available rosidl_typesupport_cpp: rosidl_typesupport_fastrtps_cpp;rosidl_typesupport_introspection_cpp
[16.400s] -- Found rmw_implementation_cmake: 6.1.1 (/opt/ros/humble/share/rmw_implementation_cmake/cmake)
[16.480s] -- Found rmw_fastrtps_cpp: 6.2.6 (/opt/ros/humble/share/rmw_fastrtps_cpp/cmake)
[18.204s] -- Found OpenSSL: /usr/lib/x86_64-linux-gnu/libcrypto.so (found version "3.0.2")  
[18.259s] -- Found FastRTPS: /opt/ros/humble/include  
[18.336s] -- Using RMW implementation 'rmw_fastrtps_cpp' as default
[18.454s] -- Looking for pthread.h
[19.734s] -- Looking for pthread.h - found
[19.735s] -- Performing Test CMAKE_HAVE_LIBC_PTHREAD
[19.827s] -- Performing Test CMAKE_HAVE_LIBC_PTHREAD - Success
[19.829s] -- Found Threads: TRUE  
[20.103s] -- Found geometry_msgs: 4.2.3 (/opt/ros/humble/share/geometry_msgs/cmake)
[20.172s] -- Found rosidl_default_generators: 1.2.0 (/opt/ros/humble/share/rosidl_default_generators/cmake)
[20.267s] -- Found ament_lint_auto: 0.12.10 (/opt/ros/humble/share/ament_lint_auto/cmake)
[20.751s] -- Found ament_cmake_ros: 0.10.0 (/opt/ros/humble/share/ament_cmake_ros/cmake)
[21.403s] -- Using all available rosidl_typesupport_c: rosidl_typesupport_fastrtps_c;rosidl_typesupport_introspection_c
[21.584s] -- Using all available rosidl_typesupport_cpp: rosidl_typesupport_fastrtps_cpp;rosidl_typesupport_introspection_cpp
[21.613s] -- Found PythonInterp: /usr/bin/python3 (found suitable version "3.10.12", minimum required is "3.6") 
[21.622s] -- Found python_cmake_module: 0.10.0 (/opt/ros/humble/share/python_cmake_module/cmake)
[21.760s] -- Found PythonLibs: /usr/lib/x86_64-linux-gnu/libpython3.10.so (found suitable version "3.10.12", minimum required is "3.5") 
[21.760s] -- Using PYTHON_EXECUTABLE: /usr/bin/python3
[21.760s] -- Using PYTHON_INCLUDE_DIRS: /usr/include/python3.10
[21.760s] -- Using PYTHON_LIBRARIES: /usr/lib/x86_64-linux-gnu/libpython3.10.so
[21.786s] -- Found PythonExtra: .so  
[22.022s] -- Added test 'lint_cmake' to check CMake code style
[22.023s] -- Added test 'xmllint' to check XML markup files
[22.035s] -- Configuring done
[22.076s] -- Generating done
[22.080s] -- Build files have been written to: /home/user/ros2_ws/src/build/custom_interfaces
