[  3%] Built target services_quiz_srv__cpp
[ 12%] Built target services_quiz_srv__rosidl_generator_c
[ 12%] Built target ament_cmake_python_copy_services_quiz_srv
[ 22%] Built target services_quiz_srv__rosidl_typesupport_cpp
[ 32%] Built target services_quiz_srv__rosidl_typesupport_fastrtps_cpp
[ 41%] Built target services_quiz_srv__rosidl_typesupport_c
[ 51%] Built target services_quiz_srv__rosidl_typesupport_introspection_c
[ 61%] Built target services_quiz_srv__rosidl_typesupport_introspection_cpp
[ 70%] Built target services_quiz_srv__rosidl_typesupport_fastrtps_c
[ 70%] Built target services_quiz_srv
[ 74%] Built target services_quiz_srv__py
[ 80%] Built target services_quiz_srv__rosidl_generator_py
[ 87%] Built target services_quiz_srv__rosidl_typesupport_introspection_c__pyext
[ 93%] Built target services_quiz_srv__rosidl_typesupport_c__pyext
[100%] Built target services_quiz_srv__rosidl_typesupport_fastrtps_c__pyext
running egg_info
writing services_quiz_srv.egg-info/PKG-INFO
writing dependency_links to services_quiz_srv.egg-info/dependency_links.txt
writing top-level names to services_quiz_srv.egg-info/top_level.txt
reading manifest file 'services_quiz_srv.egg-info/SOURCES.txt'
writing manifest file 'services_quiz_srv.egg-info/SOURCES.txt'
[100%] Built target ament_cmake_python_build_services_quiz_srv_egg
