[0.031s] Invoking command in '/home/user/ros2_ws/src/build/mars_rover_tasks': CMAKE_PREFIX_PATH=${CMAKE_PREFIX_PATH}:/home/simulations/ros2_sims_ws/install/tracetools_test:/home/simulations/ros2_sims_ws/install/tracetools_launch:/home/simulations/ros2_sims_ws/install/ros2trace:/home/simulations/ros2_sims_ws/install/tracetools_trace:/home/simulations/ros2_sims_ws/install/ros2trace_analysis:/home/simulations/ros2_sims_ws/install/tracetools_analysis:/home/simulations/ros2_sims_ws/install/tracetools_read:/home/simulations/ros2_sims_ws/install/test_tracetools_launch:/opt/ros/humble:/home/simulations/ros2_sims_ws/install/robot_description _=/usr/bin/env /usr/bin/cmake --build /home/user/ros2_ws/src/build/mars_rover_tasks -- -j8 -l8
[0.084s] [35m[1mConsolidate compiler generated dependencies of target text_recog_s_server_executable[0m
[0.084s] [35m[1mConsolidate compiler generated dependencies of target text_recog_executable[0m
[0.084s] [35m[1mConsolidate compiler generated dependencies of target text_recog_s_client_executable[0m
[0.085s] [35m[1mConsolidate compiler generated dependencies of target mars_rover_s_server_executable[0m
[0.118s] [ 25%] Built target text_recog_executable
[0.120s] [ 50%] Built target text_recog_s_server_executable
[0.134s] [ 75%] Built target text_recog_s_client_executable
[0.135s] [100%] Built target mars_rover_s_server_executable
[0.156s] Invoked command in '/home/user/ros2_ws/src/build/mars_rover_tasks' returned '0': CMAKE_PREFIX_PATH=${CMAKE_PREFIX_PATH}:/home/simulations/ros2_sims_ws/install/tracetools_test:/home/simulations/ros2_sims_ws/install/tracetools_launch:/home/simulations/ros2_sims_ws/install/ros2trace:/home/simulations/ros2_sims_ws/install/tracetools_trace:/home/simulations/ros2_sims_ws/install/ros2trace_analysis:/home/simulations/ros2_sims_ws/install/tracetools_analysis:/home/simulations/ros2_sims_ws/install/tracetools_read:/home/simulations/ros2_sims_ws/install/test_tracetools_launch:/opt/ros/humble:/home/simulations/ros2_sims_ws/install/robot_description _=/usr/bin/env /usr/bin/cmake --build /home/user/ros2_ws/src/build/mars_rover_tasks -- -j8 -l8
[0.238s] Invoking command in '/home/user/ros2_ws/src/build/mars_rover_tasks': CMAKE_PREFIX_PATH=${CMAKE_PREFIX_PATH}:/home/simulations/ros2_sims_ws/install/tracetools_test:/home/simulations/ros2_sims_ws/install/tracetools_launch:/home/simulations/ros2_sims_ws/install/ros2trace:/home/simulations/ros2_sims_ws/install/tracetools_trace:/home/simulations/ros2_sims_ws/install/ros2trace_analysis:/home/simulations/ros2_sims_ws/install/tracetools_analysis:/home/simulations/ros2_sims_ws/install/tracetools_read:/home/simulations/ros2_sims_ws/install/test_tracetools_launch:/opt/ros/humble:/home/simulations/ros2_sims_ws/install/robot_description _=/usr/bin/env /usr/bin/cmake --install /home/user/ros2_ws/src/build/mars_rover_tasks
[0.245s] -- Install configuration: ""
[0.245s] -- Installing: /home/user/ros2_ws/src/install/mars_rover_tasks/lib/mars_rover_tasks/text_recog_s_client_executable
[0.247s] -- Set runtime path of "/home/user/ros2_ws/src/install/mars_rover_tasks/lib/mars_rover_tasks/text_recog_s_client_executable" to ""
[0.247s] -- Installing: /home/user/ros2_ws/src/install/mars_rover_tasks/lib/mars_rover_tasks/text_recog_s_server_executable
[0.257s] -- Set runtime path of "/home/user/ros2_ws/src/install/mars_rover_tasks/lib/mars_rover_tasks/text_recog_s_server_executable" to ""
[0.258s] -- Installing: /home/user/ros2_ws/src/install/mars_rover_tasks/lib/mars_rover_tasks/text_recog_executable
[0.266s] -- Set runtime path of "/home/user/ros2_ws/src/install/mars_rover_tasks/lib/mars_rover_tasks/text_recog_executable" to ""
[0.266s] -- Installing: /home/user/ros2_ws/src/install/mars_rover_tasks/lib/mars_rover_tasks/mars_rover_s_server_executable
[0.268s] -- Set runtime path of "/home/user/ros2_ws/src/install/mars_rover_tasks/lib/mars_rover_tasks/mars_rover_s_server_executable" to ""
[0.268s] -- Installing: /home/user/ros2_ws/src/install/mars_rover_tasks/share/mars_rover_tasks//launch
[0.268s] -- Installing: /home/user/ros2_ws/src/install/mars_rover_tasks/share/ament_index/resource_index/package_run_dependencies/mars_rover_tasks
[0.268s] -- Installing: /home/user/ros2_ws/src/install/mars_rover_tasks/share/ament_index/resource_index/parent_prefix_path/mars_rover_tasks
[0.269s] -- Installing: /home/user/ros2_ws/src/install/mars_rover_tasks/share/mars_rover_tasks/environment/ament_prefix_path.sh
[0.269s] -- Installing: /home/user/ros2_ws/src/install/mars_rover_tasks/share/mars_rover_tasks/environment/ament_prefix_path.dsv
[0.269s] -- Installing: /home/user/ros2_ws/src/install/mars_rover_tasks/share/mars_rover_tasks/environment/path.sh
[0.269s] -- Installing: /home/user/ros2_ws/src/install/mars_rover_tasks/share/mars_rover_tasks/environment/path.dsv
[0.270s] -- Installing: /home/user/ros2_ws/src/install/mars_rover_tasks/share/mars_rover_tasks/local_setup.bash
[0.270s] -- Installing: /home/user/ros2_ws/src/install/mars_rover_tasks/share/mars_rover_tasks/local_setup.sh
[0.270s] -- Installing: /home/user/ros2_ws/src/install/mars_rover_tasks/share/mars_rover_tasks/local_setup.zsh
[0.270s] -- Installing: /home/user/ros2_ws/src/install/mars_rover_tasks/share/mars_rover_tasks/local_setup.dsv
[0.270s] -- Installing: /home/user/ros2_ws/src/install/mars_rover_tasks/share/mars_rover_tasks/package.dsv
[0.271s] -- Installing: /home/user/ros2_ws/src/install/mars_rover_tasks/share/ament_index/resource_index/packages/mars_rover_tasks
[0.271s] -- Installing: /home/user/ros2_ws/src/install/mars_rover_tasks/share/mars_rover_tasks/cmake/mars_rover_tasksConfig.cmake
[0.271s] -- Installing: /home/user/ros2_ws/src/install/mars_rover_tasks/share/mars_rover_tasks/cmake/mars_rover_tasksConfig-version.cmake
[0.271s] -- Installing: /home/user/ros2_ws/src/install/mars_rover_tasks/share/mars_rover_tasks/package.xml
[0.281s] Invoked command in '/home/user/ros2_ws/src/build/mars_rover_tasks' returned '0': CMAKE_PREFIX_PATH=${CMAKE_PREFIX_PATH}:/home/simulations/ros2_sims_ws/install/tracetools_test:/home/simulations/ros2_sims_ws/install/tracetools_launch:/home/simulations/ros2_sims_ws/install/ros2trace:/home/simulations/ros2_sims_ws/install/tracetools_trace:/home/simulations/ros2_sims_ws/install/ros2trace_analysis:/home/simulations/ros2_sims_ws/install/tracetools_analysis:/home/simulations/ros2_sims_ws/install/tracetools_read:/home/simulations/ros2_sims_ws/install/test_tracetools_launch:/opt/ros/humble:/home/simulations/ros2_sims_ws/install/robot_description _=/usr/bin/env /usr/bin/cmake --install /home/user/ros2_ws/src/build/mars_rover_tasks
