[0.035s] Invoking command in '/home/user/ros2_ws/src/build/custom_interfaces': CMAKE_PREFIX_PATH=${CMAKE_PREFIX_PATH}:/home/simulations/ros2_sims_ws/install/tracetools_test:/home/simulations/ros2_sims_ws/install/tracetools_launch:/home/simulations/ros2_sims_ws/install/ros2trace:/home/simulations/ros2_sims_ws/install/tracetools_trace:/home/simulations/ros2_sims_ws/install/ros2trace_analysis:/home/simulations/ros2_sims_ws/install/tracetools_analysis:/home/simulations/ros2_sims_ws/install/tracetools_read:/home/simulations/ros2_sims_ws/install/test_tracetools_launch:/opt/ros/humble:/home/simulations/ros2_sims_ws/install/robot_description _=/usr/bin/env /usr/bin/cmake --build /home/user/ros2_ws/src/build/custom_interfaces -- -j8 -l8
[0.119s] [  2%] Built target custom_interfaces__cpp
[0.135s] [ 12%] Built target custom_interfaces__rosidl_generator_c
[0.146s] [ 12%] Built target ament_cmake_python_copy_custom_interfaces
[0.189s] [ 23%] Built target custom_interfaces__rosidl_typesupport_cpp
[0.203s] [ 33%] Built target custom_interfaces__rosidl_typesupport_fastrtps_cpp
[0.206s] [ 43%] Built target custom_interfaces__rosidl_typesupport_fastrtps_c
[0.212s] [ 53%] Built target custom_interfaces__rosidl_typesupport_c
[0.217s] [ 64%] Built target custom_interfaces__rosidl_typesupport_introspection_cpp
[0.225s] [ 74%] Built target custom_interfaces__rosidl_typesupport_introspection_c
[0.261s] [ 74%] Built target custom_interfaces
[0.293s] [ 76%] Built target custom_interfaces__py
[0.334s] [ 84%] Built target custom_interfaces__rosidl_generator_py
[0.384s] [ 89%] Built target custom_interfaces__rosidl_typesupport_fastrtps_c__pyext
[0.387s] [ 94%] Built target custom_interfaces__rosidl_typesupport_c__pyext
[0.389s] [100%] Built target custom_interfaces__rosidl_typesupport_introspection_c__pyext
[0.567s] running egg_info
[0.567s] writing custom_interfaces.egg-info/PKG-INFO
[0.568s] writing dependency_links to custom_interfaces.egg-info/dependency_links.txt
[0.568s] writing top-level names to custom_interfaces.egg-info/top_level.txt
[0.570s] reading manifest file 'custom_interfaces.egg-info/SOURCES.txt'
[0.571s] writing manifest file 'custom_interfaces.egg-info/SOURCES.txt'
[0.601s] [100%] Built target ament_cmake_python_build_custom_interfaces_egg
[0.612s] Invoked command in '/home/user/ros2_ws/src/build/custom_interfaces' returned '0': CMAKE_PREFIX_PATH=${CMAKE_PREFIX_PATH}:/home/simulations/ros2_sims_ws/install/tracetools_test:/home/simulations/ros2_sims_ws/install/tracetools_launch:/home/simulations/ros2_sims_ws/install/ros2trace:/home/simulations/ros2_sims_ws/install/tracetools_trace:/home/simulations/ros2_sims_ws/install/ros2trace_analysis:/home/simulations/ros2_sims_ws/install/tracetools_analysis:/home/simulations/ros2_sims_ws/install/tracetools_read:/home/simulations/ros2_sims_ws/install/test_tracetools_launch:/opt/ros/humble:/home/simulations/ros2_sims_ws/install/robot_description _=/usr/bin/env /usr/bin/cmake --build /home/user/ros2_ws/src/build/custom_interfaces -- -j8 -l8
[0.776s] Invoking command in '/home/user/ros2_ws/src/build/custom_interfaces': CMAKE_PREFIX_PATH=${CMAKE_PREFIX_PATH}:/home/simulations/ros2_sims_ws/install/tracetools_test:/home/simulations/ros2_sims_ws/install/tracetools_launch:/home/simulations/ros2_sims_ws/install/ros2trace:/home/simulations/ros2_sims_ws/install/tracetools_trace:/home/simulations/ros2_sims_ws/install/ros2trace_analysis:/home/simulations/ros2_sims_ws/install/tracetools_analysis:/home/simulations/ros2_sims_ws/install/tracetools_read:/home/simulations/ros2_sims_ws/install/test_tracetools_launch:/opt/ros/humble:/home/simulations/ros2_sims_ws/install/robot_description _=/usr/bin/env /usr/bin/cmake --install /home/user/ros2_ws/src/build/custom_interfaces
[0.784s] -- Install configuration: ""
[0.785s] -- Up-to-date: /home/user/ros2_ws/src/install/custom_interfaces/share/ament_index/resource_index/rosidl_interfaces/custom_interfaces
[0.785s] -- Up-to-date: /home/user/ros2_ws/src/install/custom_interfaces/include/custom_interfaces/custom_interfaces
[0.785s] -- Up-to-date: /home/user/ros2_ws/src/install/custom_interfaces/include/custom_interfaces/custom_interfaces/srv
[0.785s] -- Up-to-date: /home/user/ros2_ws/src/install/custom_interfaces/include/custom_interfaces/custom_interfaces/srv/detail
[0.785s] -- Up-to-date: /home/user/ros2_ws/src/install/custom_interfaces/include/custom_interfaces/custom_interfaces/srv/detail/text_recognition__functions.h
[0.785s] -- Up-to-date: /home/user/ros2_ws/src/install/custom_interfaces/include/custom_interfaces/custom_interfaces/srv/detail/text_recognition__functions.c
[0.785s] -- Up-to-date: /home/user/ros2_ws/src/install/custom_interfaces/include/custom_interfaces/custom_interfaces/srv/detail/text_recognition__type_support.h
[0.785s] -- Up-to-date: /home/user/ros2_ws/src/install/custom_interfaces/include/custom_interfaces/custom_interfaces/srv/detail/text_recognition__struct.h
[0.786s] -- Up-to-date: /home/user/ros2_ws/src/install/custom_interfaces/include/custom_interfaces/custom_interfaces/srv/text_recognition.h
[0.786s] -- Up-to-date: /home/user/ros2_ws/src/install/custom_interfaces/include/custom_interfaces/custom_interfaces/msg
[0.786s] -- Up-to-date: /home/user/ros2_ws/src/install/custom_interfaces/include/custom_interfaces/custom_interfaces/msg/detail
[0.786s] -- Up-to-date: /home/user/ros2_ws/src/install/custom_interfaces/include/custom_interfaces/custom_interfaces/msg/detail/rover_events__struct.h
[0.786s] -- Up-to-date: /home/user/ros2_ws/src/install/custom_interfaces/include/custom_interfaces/custom_interfaces/msg/detail/rover_events__functions.c
[0.786s] -- Up-to-date: /home/user/ros2_ws/src/install/custom_interfaces/include/custom_interfaces/custom_interfaces/msg/detail/rover_events__type_support.h
[0.786s] -- Up-to-date: /home/user/ros2_ws/src/install/custom_interfaces/include/custom_interfaces/custom_interfaces/msg/detail/rover_events__functions.h
[0.786s] -- Up-to-date: /home/user/ros2_ws/src/install/custom_interfaces/include/custom_interfaces/custom_interfaces/msg/rosidl_generator_c__visibility_control.h
[0.786s] -- Up-to-date: /home/user/ros2_ws/src/install/custom_interfaces/include/custom_interfaces/custom_interfaces/msg/rover_events.h
[0.786s] -- Up-to-date: /home/user/ros2_ws/src/install/custom_interfaces/share/custom_interfaces/environment/library_path.sh
[0.786s] -- Up-to-date: /home/user/ros2_ws/src/install/custom_interfaces/share/custom_interfaces/environment/library_path.dsv
[0.786s] -- Up-to-date: /home/user/ros2_ws/src/install/custom_interfaces/lib/libcustom_interfaces__rosidl_generator_c.so
[0.787s] -- Up-to-date: /home/user/ros2_ws/src/install/custom_interfaces/include/custom_interfaces/custom_interfaces
[0.787s] -- Up-to-date: /home/user/ros2_ws/src/install/custom_interfaces/include/custom_interfaces/custom_interfaces/srv
[0.787s] -- Up-to-date: /home/user/ros2_ws/src/install/custom_interfaces/include/custom_interfaces/custom_interfaces/srv/detail
[0.787s] -- Up-to-date: /home/user/ros2_ws/src/install/custom_interfaces/include/custom_interfaces/custom_interfaces/srv/detail/text_recognition__rosidl_typesupport_fastrtps_c.h
[0.787s] -- Up-to-date: /home/user/ros2_ws/src/install/custom_interfaces/include/custom_interfaces/custom_interfaces/msg
[0.787s] -- Up-to-date: /home/user/ros2_ws/src/install/custom_interfaces/include/custom_interfaces/custom_interfaces/msg/detail
[0.787s] -- Up-to-date: /home/user/ros2_ws/src/install/custom_interfaces/include/custom_interfaces/custom_interfaces/msg/detail/rover_events__rosidl_typesupport_fastrtps_c.h
[0.787s] -- Up-to-date: /home/user/ros2_ws/src/install/custom_interfaces/include/custom_interfaces/custom_interfaces/msg/rosidl_typesupport_fastrtps_c__visibility_control.h
[0.788s] -- Up-to-date: /home/user/ros2_ws/src/install/custom_interfaces/lib/libcustom_interfaces__rosidl_typesupport_fastrtps_c.so
[0.788s] -- Up-to-date: /home/user/ros2_ws/src/install/custom_interfaces/include/custom_interfaces/custom_interfaces
[0.788s] -- Up-to-date: /home/user/ros2_ws/src/install/custom_interfaces/include/custom_interfaces/custom_interfaces/srv
[0.789s] -- Up-to-date: /home/user/ros2_ws/src/install/custom_interfaces/include/custom_interfaces/custom_interfaces/srv/detail
[0.789s] -- Up-to-date: /home/user/ros2_ws/src/install/custom_interfaces/include/custom_interfaces/custom_interfaces/srv/detail/text_recognition__struct.hpp
[0.789s] -- Up-to-date: /home/user/ros2_ws/src/install/custom_interfaces/include/custom_interfaces/custom_interfaces/srv/detail/text_recognition__traits.hpp
[0.789s] -- Up-to-date: /home/user/ros2_ws/src/install/custom_interfaces/include/custom_interfaces/custom_interfaces/srv/detail/text_recognition__builder.hpp
[0.789s] -- Up-to-date: /home/user/ros2_ws/src/install/custom_interfaces/include/custom_interfaces/custom_interfaces/srv/text_recognition.hpp
[0.789s] -- Up-to-date: /home/user/ros2_ws/src/install/custom_interfaces/include/custom_interfaces/custom_interfaces/msg
[0.789s] -- Up-to-date: /home/user/ros2_ws/src/install/custom_interfaces/include/custom_interfaces/custom_interfaces/msg/detail
[0.789s] -- Up-to-date: /home/user/ros2_ws/src/install/custom_interfaces/include/custom_interfaces/custom_interfaces/msg/detail/rover_events__traits.hpp
[0.789s] -- Up-to-date: /home/user/ros2_ws/src/install/custom_interfaces/include/custom_interfaces/custom_interfaces/msg/detail/rover_events__builder.hpp
[0.790s] -- Up-to-date: /home/user/ros2_ws/src/install/custom_interfaces/include/custom_interfaces/custom_interfaces/msg/detail/rover_events__struct.hpp
[0.790s] -- Up-to-date: /home/user/ros2_ws/src/install/custom_interfaces/include/custom_interfaces/custom_interfaces/msg/rover_events.hpp
[0.790s] -- Up-to-date: /home/user/ros2_ws/src/install/custom_interfaces/include/custom_interfaces/custom_interfaces
[0.790s] -- Up-to-date: /home/user/ros2_ws/src/install/custom_interfaces/include/custom_interfaces/custom_interfaces/srv
[0.790s] -- Up-to-date: /home/user/ros2_ws/src/install/custom_interfaces/include/custom_interfaces/custom_interfaces/srv/detail
[0.790s] -- Up-to-date: /home/user/ros2_ws/src/install/custom_interfaces/include/custom_interfaces/custom_interfaces/srv/detail/text_recognition__rosidl_typesupport_fastrtps_cpp.hpp
[0.790s] -- Up-to-date: /home/user/ros2_ws/src/install/custom_interfaces/include/custom_interfaces/custom_interfaces/srv/detail/dds_fastrtps
[0.790s] -- Up-to-date: /home/user/ros2_ws/src/install/custom_interfaces/include/custom_interfaces/custom_interfaces/msg
[0.790s] -- Up-to-date: /home/user/ros2_ws/src/install/custom_interfaces/include/custom_interfaces/custom_interfaces/msg/detail
[0.791s] -- Up-to-date: /home/user/ros2_ws/src/install/custom_interfaces/include/custom_interfaces/custom_interfaces/msg/detail/dds_fastrtps
[0.791s] -- Up-to-date: /home/user/ros2_ws/src/install/custom_interfaces/include/custom_interfaces/custom_interfaces/msg/detail/rover_events__rosidl_typesupport_fastrtps_cpp.hpp
[0.791s] -- Up-to-date: /home/user/ros2_ws/src/install/custom_interfaces/include/custom_interfaces/custom_interfaces/msg/rosidl_typesupport_fastrtps_cpp__visibility_control.h
[0.791s] -- Up-to-date: /home/user/ros2_ws/src/install/custom_interfaces/lib/libcustom_interfaces__rosidl_typesupport_fastrtps_cpp.so
[0.791s] -- Up-to-date: /home/user/ros2_ws/src/install/custom_interfaces/include/custom_interfaces/custom_interfaces
[0.791s] -- Up-to-date: /home/user/ros2_ws/src/install/custom_interfaces/include/custom_interfaces/custom_interfaces/srv
[0.791s] -- Up-to-date: /home/user/ros2_ws/src/install/custom_interfaces/include/custom_interfaces/custom_interfaces/srv/detail
[0.791s] -- Up-to-date: /home/user/ros2_ws/src/install/custom_interfaces/include/custom_interfaces/custom_interfaces/srv/detail/text_recognition__rosidl_typesupport_introspection_c.h
[0.791s] -- Up-to-date: /home/user/ros2_ws/src/install/custom_interfaces/include/custom_interfaces/custom_interfaces/srv/detail/text_recognition__type_support.c
[0.791s] -- Up-to-date: /home/user/ros2_ws/src/install/custom_interfaces/include/custom_interfaces/custom_interfaces/msg
[0.792s] -- Up-to-date: /home/user/ros2_ws/src/install/custom_interfaces/include/custom_interfaces/custom_interfaces/msg/detail
[0.792s] -- Up-to-date: /home/user/ros2_ws/src/install/custom_interfaces/include/custom_interfaces/custom_interfaces/msg/detail/rover_events__type_support.c
[0.792s] -- Up-to-date: /home/user/ros2_ws/src/install/custom_interfaces/include/custom_interfaces/custom_interfaces/msg/detail/rover_events__rosidl_typesupport_introspection_c.h
[0.792s] -- Up-to-date: /home/user/ros2_ws/src/install/custom_interfaces/include/custom_interfaces/custom_interfaces/msg/rosidl_typesupport_introspection_c__visibility_control.h
[0.792s] -- Up-to-date: /home/user/ros2_ws/src/install/custom_interfaces/lib/libcustom_interfaces__rosidl_typesupport_introspection_c.so
[0.792s] -- Up-to-date: /home/user/ros2_ws/src/install/custom_interfaces/lib/libcustom_interfaces__rosidl_typesupport_c.so
[0.792s] -- Up-to-date: /home/user/ros2_ws/src/install/custom_interfaces/include/custom_interfaces/custom_interfaces
[0.792s] -- Up-to-date: /home/user/ros2_ws/src/install/custom_interfaces/include/custom_interfaces/custom_interfaces/srv
[0.792s] -- Up-to-date: /home/user/ros2_ws/src/install/custom_interfaces/include/custom_interfaces/custom_interfaces/srv/detail
[0.792s] -- Up-to-date: /home/user/ros2_ws/src/install/custom_interfaces/include/custom_interfaces/custom_interfaces/srv/detail/text_recognition__rosidl_typesupport_introspection_cpp.hpp
[0.792s] -- Up-to-date: /home/user/ros2_ws/src/install/custom_interfaces/include/custom_interfaces/custom_interfaces/srv/detail/text_recognition__type_support.cpp
[0.793s] -- Up-to-date: /home/user/ros2_ws/src/install/custom_interfaces/include/custom_interfaces/custom_interfaces/msg
[0.793s] -- Up-to-date: /home/user/ros2_ws/src/install/custom_interfaces/include/custom_interfaces/custom_interfaces/msg/detail
[0.793s] -- Up-to-date: /home/user/ros2_ws/src/install/custom_interfaces/include/custom_interfaces/custom_interfaces/msg/detail/rover_events__type_support.cpp
[0.793s] -- Up-to-date: /home/user/ros2_ws/src/install/custom_interfaces/include/custom_interfaces/custom_interfaces/msg/detail/rover_events__rosidl_typesupport_introspection_cpp.hpp
[0.793s] -- Up-to-date: /home/user/ros2_ws/src/install/custom_interfaces/lib/libcustom_interfaces__rosidl_typesupport_introspection_cpp.so
[0.793s] -- Up-to-date: /home/user/ros2_ws/src/install/custom_interfaces/lib/libcustom_interfaces__rosidl_typesupport_cpp.so
[0.793s] -- Up-to-date: /home/user/ros2_ws/src/install/custom_interfaces/share/custom_interfaces/environment/pythonpath.sh
[0.793s] -- Up-to-date: /home/user/ros2_ws/src/install/custom_interfaces/share/custom_interfaces/environment/pythonpath.dsv
[0.793s] -- Up-to-date: /home/user/ros2_ws/src/install/custom_interfaces/local/lib/python3.10/dist-packages/custom_interfaces-0.0.0-py3.10.egg-info
[0.794s] -- Installing: /home/user/ros2_ws/src/install/custom_interfaces/local/lib/python3.10/dist-packages/custom_interfaces-0.0.0-py3.10.egg-info/PKG-INFO
[0.794s] -- Installing: /home/user/ros2_ws/src/install/custom_interfaces/local/lib/python3.10/dist-packages/custom_interfaces-0.0.0-py3.10.egg-info/top_level.txt
[0.794s] -- Installing: /home/user/ros2_ws/src/install/custom_interfaces/local/lib/python3.10/dist-packages/custom_interfaces-0.0.0-py3.10.egg-info/SOURCES.txt
[0.794s] -- Installing: /home/user/ros2_ws/src/install/custom_interfaces/local/lib/python3.10/dist-packages/custom_interfaces-0.0.0-py3.10.egg-info/dependency_links.txt
[0.794s] -- Up-to-date: /home/user/ros2_ws/src/install/custom_interfaces/local/lib/python3.10/dist-packages/custom_interfaces
[0.794s] -- Up-to-date: /home/user/ros2_ws/src/install/custom_interfaces/local/lib/python3.10/dist-packages/custom_interfaces/srv
[0.794s] -- Up-to-date: /home/user/ros2_ws/src/install/custom_interfaces/local/lib/python3.10/dist-packages/custom_interfaces/srv/_text_recognition_s.c
[0.794s] -- Up-to-date: /home/user/ros2_ws/src/install/custom_interfaces/local/lib/python3.10/dist-packages/custom_interfaces/srv/_text_recognition.py
[0.794s] -- Up-to-date: /home/user/ros2_ws/src/install/custom_interfaces/local/lib/python3.10/dist-packages/custom_interfaces/srv/__init__.py
[0.794s] -- Up-to-date: /home/user/ros2_ws/src/install/custom_interfaces/local/lib/python3.10/dist-packages/custom_interfaces/custom_interfaces_s__rosidl_typesupport_introspection_c.cpython-310-x86_64-linux-gnu.so
[0.795s] -- Up-to-date: /home/user/ros2_ws/src/install/custom_interfaces/local/lib/python3.10/dist-packages/custom_interfaces/msg
[0.795s] -- Up-to-date: /home/user/ros2_ws/src/install/custom_interfaces/local/lib/python3.10/dist-packages/custom_interfaces/msg/_rover_events.py
[0.795s] -- Up-to-date: /home/user/ros2_ws/src/install/custom_interfaces/local/lib/python3.10/dist-packages/custom_interfaces/msg/__init__.py
[0.795s] -- Up-to-date: /home/user/ros2_ws/src/install/custom_interfaces/local/lib/python3.10/dist-packages/custom_interfaces/msg/_rover_events_s.c
[0.795s] -- Up-to-date: /home/user/ros2_ws/src/install/custom_interfaces/local/lib/python3.10/dist-packages/custom_interfaces/_custom_interfaces_s.ep.rosidl_typesupport_introspection_c.c
[0.795s] -- Up-to-date: /home/user/ros2_ws/src/install/custom_interfaces/local/lib/python3.10/dist-packages/custom_interfaces/libcustom_interfaces__rosidl_generator_py.so
[0.795s] -- Up-to-date: /home/user/ros2_ws/src/install/custom_interfaces/local/lib/python3.10/dist-packages/custom_interfaces/_custom_interfaces_s.ep.rosidl_typesupport_c.c
[0.795s] -- Up-to-date: /home/user/ros2_ws/src/install/custom_interfaces/local/lib/python3.10/dist-packages/custom_interfaces/__init__.py
[0.795s] -- Up-to-date: /home/user/ros2_ws/src/install/custom_interfaces/local/lib/python3.10/dist-packages/custom_interfaces/custom_interfaces_s__rosidl_typesupport_c.cpython-310-x86_64-linux-gnu.so
[0.795s] -- Up-to-date: /home/user/ros2_ws/src/install/custom_interfaces/local/lib/python3.10/dist-packages/custom_interfaces/_custom_interfaces_s.ep.rosidl_typesupport_fastrtps_c.c
[0.795s] -- Up-to-date: /home/user/ros2_ws/src/install/custom_interfaces/local/lib/python3.10/dist-packages/custom_interfaces/custom_interfaces_s__rosidl_typesupport_fastrtps_c.cpython-310-x86_64-linux-gnu.so
[0.840s] Listing '/home/user/ros2_ws/src/install/custom_interfaces/local/lib/python3.10/dist-packages/custom_interfaces'...
[0.841s] Listing '/home/user/ros2_ws/src/install/custom_interfaces/local/lib/python3.10/dist-packages/custom_interfaces/msg'...
[0.841s] Listing '/home/user/ros2_ws/src/install/custom_interfaces/local/lib/python3.10/dist-packages/custom_interfaces/srv'...
[0.842s] -- Up-to-date: /home/user/ros2_ws/src/install/custom_interfaces/local/lib/python3.10/dist-packages/custom_interfaces/custom_interfaces_s__rosidl_typesupport_fastrtps_c.cpython-310-x86_64-linux-gnu.so
[0.842s] -- Up-to-date: /home/user/ros2_ws/src/install/custom_interfaces/local/lib/python3.10/dist-packages/custom_interfaces/custom_interfaces_s__rosidl_typesupport_introspection_c.cpython-310-x86_64-linux-gnu.so
[0.842s] -- Up-to-date: /home/user/ros2_ws/src/install/custom_interfaces/local/lib/python3.10/dist-packages/custom_interfaces/custom_interfaces_s__rosidl_typesupport_c.cpython-310-x86_64-linux-gnu.so
[0.843s] -- Up-to-date: /home/user/ros2_ws/src/install/custom_interfaces/lib/libcustom_interfaces__rosidl_generator_py.so
[0.844s] -- Up-to-date: /home/user/ros2_ws/src/install/custom_interfaces/share/custom_interfaces/msg/RoverEvents.idl
[0.844s] -- Up-to-date: /home/user/ros2_ws/src/install/custom_interfaces/share/custom_interfaces/srv/TextRecognition.idl
[0.845s] -- Up-to-date: /home/user/ros2_ws/src/install/custom_interfaces/share/custom_interfaces/msg/RoverEvents.msg
[0.845s] -- Up-to-date: /home/user/ros2_ws/src/install/custom_interfaces/share/custom_interfaces/srv/TextRecognition.srv
[0.845s] -- Up-to-date: /home/user/ros2_ws/src/install/custom_interfaces/share/custom_interfaces/srv/TextRecognition_Request.msg
[0.846s] -- Up-to-date: /home/user/ros2_ws/src/install/custom_interfaces/share/custom_interfaces/srv/TextRecognition_Response.msg
[0.846s] -- Up-to-date: /home/user/ros2_ws/src/install/custom_interfaces/share/ament_index/resource_index/package_run_dependencies/custom_interfaces
[0.847s] -- Up-to-date: /home/user/ros2_ws/src/install/custom_interfaces/share/ament_index/resource_index/parent_prefix_path/custom_interfaces
[0.847s] -- Up-to-date: /home/user/ros2_ws/src/install/custom_interfaces/share/custom_interfaces/environment/ament_prefix_path.sh
[0.847s] -- Up-to-date: /home/user/ros2_ws/src/install/custom_interfaces/share/custom_interfaces/environment/ament_prefix_path.dsv
[0.848s] -- Up-to-date: /home/user/ros2_ws/src/install/custom_interfaces/share/custom_interfaces/environment/path.sh
[0.848s] -- Up-to-date: /home/user/ros2_ws/src/install/custom_interfaces/share/custom_interfaces/environment/path.dsv
[0.849s] -- Up-to-date: /home/user/ros2_ws/src/install/custom_interfaces/share/custom_interfaces/local_setup.bash
[0.850s] -- Up-to-date: /home/user/ros2_ws/src/install/custom_interfaces/share/custom_interfaces/local_setup.sh
[0.850s] -- Up-to-date: /home/user/ros2_ws/src/install/custom_interfaces/share/custom_interfaces/local_setup.zsh
[0.851s] -- Up-to-date: /home/user/ros2_ws/src/install/custom_interfaces/share/custom_interfaces/local_setup.dsv
[0.851s] -- Installing: /home/user/ros2_ws/src/install/custom_interfaces/share/custom_interfaces/package.dsv
[0.851s] -- Up-to-date: /home/user/ros2_ws/src/install/custom_interfaces/share/ament_index/resource_index/packages/custom_interfaces
[0.852s] -- Up-to-date: /home/user/ros2_ws/src/install/custom_interfaces/share/custom_interfaces/cmake/export_custom_interfaces__rosidl_generator_cExport.cmake
[0.852s] -- Up-to-date: /home/user/ros2_ws/src/install/custom_interfaces/share/custom_interfaces/cmake/export_custom_interfaces__rosidl_generator_cExport-noconfig.cmake
[0.852s] -- Up-to-date: /home/user/ros2_ws/src/install/custom_interfaces/share/custom_interfaces/cmake/export_custom_interfaces__rosidl_typesupport_fastrtps_cExport.cmake
[0.852s] -- Up-to-date: /home/user/ros2_ws/src/install/custom_interfaces/share/custom_interfaces/cmake/export_custom_interfaces__rosidl_typesupport_fastrtps_cExport-noconfig.cmake
[0.853s] -- Up-to-date: /home/user/ros2_ws/src/install/custom_interfaces/share/custom_interfaces/cmake/export_custom_interfaces__rosidl_generator_cppExport.cmake
[0.853s] -- Up-to-date: /home/user/ros2_ws/src/install/custom_interfaces/share/custom_interfaces/cmake/export_custom_interfaces__rosidl_typesupport_fastrtps_cppExport.cmake
[0.854s] -- Up-to-date: /home/user/ros2_ws/src/install/custom_interfaces/share/custom_interfaces/cmake/export_custom_interfaces__rosidl_typesupport_fastrtps_cppExport-noconfig.cmake
[0.854s] -- Up-to-date: /home/user/ros2_ws/src/install/custom_interfaces/share/custom_interfaces/cmake/custom_interfaces__rosidl_typesupport_introspection_cExport.cmake
[0.855s] -- Up-to-date: /home/user/ros2_ws/src/install/custom_interfaces/share/custom_interfaces/cmake/custom_interfaces__rosidl_typesupport_introspection_cExport-noconfig.cmake
[0.857s] -- Up-to-date: /home/user/ros2_ws/src/install/custom_interfaces/share/custom_interfaces/cmake/custom_interfaces__rosidl_typesupport_cExport.cmake
[0.857s] -- Up-to-date: /home/user/ros2_ws/src/install/custom_interfaces/share/custom_interfaces/cmake/custom_interfaces__rosidl_typesupport_cExport-noconfig.cmake
[0.858s] -- Up-to-date: /home/user/ros2_ws/src/install/custom_interfaces/share/custom_interfaces/cmake/custom_interfaces__rosidl_typesupport_introspection_cppExport.cmake
[0.858s] -- Up-to-date: /home/user/ros2_ws/src/install/custom_interfaces/share/custom_interfaces/cmake/custom_interfaces__rosidl_typesupport_introspection_cppExport-noconfig.cmake
[0.859s] -- Up-to-date: /home/user/ros2_ws/src/install/custom_interfaces/share/custom_interfaces/cmake/custom_interfaces__rosidl_typesupport_cppExport.cmake
[0.859s] -- Up-to-date: /home/user/ros2_ws/src/install/custom_interfaces/share/custom_interfaces/cmake/custom_interfaces__rosidl_typesupport_cppExport-noconfig.cmake
[0.859s] -- Up-to-date: /home/user/ros2_ws/src/install/custom_interfaces/share/custom_interfaces/cmake/export_custom_interfaces__rosidl_generator_pyExport.cmake
[0.859s] -- Up-to-date: /home/user/ros2_ws/src/install/custom_interfaces/share/custom_interfaces/cmake/export_custom_interfaces__rosidl_generator_pyExport-noconfig.cmake
[0.859s] -- Up-to-date: /home/user/ros2_ws/src/install/custom_interfaces/share/custom_interfaces/cmake/rosidl_cmake-extras.cmake
[0.860s] -- Up-to-date: /home/user/ros2_ws/src/install/custom_interfaces/share/custom_interfaces/cmake/ament_cmake_export_dependencies-extras.cmake
[0.860s] -- Up-to-date: /home/user/ros2_ws/src/install/custom_interfaces/share/custom_interfaces/cmake/ament_cmake_export_include_directories-extras.cmake
[0.860s] -- Up-to-date: /home/user/ros2_ws/src/install/custom_interfaces/share/custom_interfaces/cmake/ament_cmake_export_libraries-extras.cmake
[0.860s] -- Up-to-date: /home/user/ros2_ws/src/install/custom_interfaces/share/custom_interfaces/cmake/ament_cmake_export_targets-extras.cmake
[0.860s] -- Up-to-date: /home/user/ros2_ws/src/install/custom_interfaces/share/custom_interfaces/cmake/rosidl_cmake_export_typesupport_targets-extras.cmake
[0.861s] -- Up-to-date: /home/user/ros2_ws/src/install/custom_interfaces/share/custom_interfaces/cmake/rosidl_cmake_export_typesupport_libraries-extras.cmake
[0.861s] -- Up-to-date: /home/user/ros2_ws/src/install/custom_interfaces/share/custom_interfaces/cmake/custom_interfacesConfig.cmake
[0.861s] -- Up-to-date: /home/user/ros2_ws/src/install/custom_interfaces/share/custom_interfaces/cmake/custom_interfacesConfig-version.cmake
[0.861s] -- Up-to-date: /home/user/ros2_ws/src/install/custom_interfaces/share/custom_interfaces/package.xml
[0.861s] Invoked command in '/home/user/ros2_ws/src/build/custom_interfaces' returned '0': CMAKE_PREFIX_PATH=${CMAKE_PREFIX_PATH}:/home/simulations/ros2_sims_ws/install/tracetools_test:/home/simulations/ros2_sims_ws/install/tracetools_launch:/home/simulations/ros2_sims_ws/install/ros2trace:/home/simulations/ros2_sims_ws/install/tracetools_trace:/home/simulations/ros2_sims_ws/install/ros2trace_analysis:/home/simulations/ros2_sims_ws/install/tracetools_analysis:/home/simulations/ros2_sims_ws/install/tracetools_read:/home/simulations/ros2_sims_ws/install/test_tracetools_launch:/opt/ros/humble:/home/simulations/ros2_sims_ws/install/robot_description _=/usr/bin/env /usr/bin/cmake --install /home/user/ros2_ws/src/build/custom_interfaces
