[0.112s] Invoking command in '/home/user/ros2_ws/src/build/services_quiz': CMAKE_PREFIX_PATH=${CMAKE_PREFIX_PATH}:/home/simulations/ros2_sims_ws/install/tracetools_test:/home/simulations/ros2_sims_ws/install/tracetools_launch:/home/simulations/ros2_sims_ws/install/ros2trace:/home/simulations/ros2_sims_ws/install/tracetools_trace:/home/simulations/ros2_sims_ws/install/ros2trace_analysis:/home/simulations/ros2_sims_ws/install/tracetools_analysis:/home/simulations/ros2_sims_ws/install/tracetools_read:/home/simulations/ros2_sims_ws/install/test_tracetools_launch:/opt/ros/humble:/home/simulations/ros2_sims_ws/install/robot_description _=/usr/bin/env /usr/bin/cmake /home/user/ros2_ws/src/services_quiz -DCMAKE_INSTALL_PREFIX=/home/user/ros2_ws/src/install/services_quiz
[10.259s] -- The C compiler identification is GNU 11.4.0
[13.305s] -- The CXX compiler identification is GNU 11.4.0
[13.391s] -- Detecting C compiler ABI info
[13.653s] -- Detecting C compiler ABI info - done
[13.661s] -- Check for working C compiler: /usr/bin/cc - skipped
[13.661s] -- Detecting C compile features
[13.663s] -- Detecting C compile features - done
[13.669s] -- Detecting CXX compiler ABI info
[13.955s] -- Detecting CXX compiler ABI info - done
[13.965s] -- Check for working CXX compiler: /usr/bin/c++ - skipped
[13.965s] -- Detecting CXX compile features
[13.966s] -- Detecting CXX compile features - done
[13.986s] -- Found ament_cmake: 1.3.8 (/opt/ros/humble/share/ament_cmake/cmake)
[14.797s] -- Found Python3: /usr/bin/python3 (found version "3.10.12") found components: Interpreter 
[15.174s] -- Found rclcpp: 16.0.8 (/opt/ros/humble/share/rclcpp/cmake)
[15.547s] -- Found rosidl_generator_c: 3.1.5 (/opt/ros/humble/share/rosidl_generator_c/cmake)
[15.571s] -- Found rosidl_adapter: 3.1.5 (/opt/ros/humble/share/rosidl_adapter/cmake)
[15.606s] -- Found rosidl_generator_cpp: 3.1.5 (/opt/ros/humble/share/rosidl_generator_cpp/cmake)
[15.750s] -- Using all available rosidl_typesupport_c: rosidl_typesupport_fastrtps_c;rosidl_typesupport_introspection_c
[15.810s] -- Using all available rosidl_typesupport_cpp: rosidl_typesupport_fastrtps_cpp;rosidl_typesupport_introspection_cpp
[16.226s] -- Found rmw_implementation_cmake: 6.1.1 (/opt/ros/humble/share/rmw_implementation_cmake/cmake)
[16.307s] -- Found rmw_fastrtps_cpp: 6.2.6 (/opt/ros/humble/share/rmw_fastrtps_cpp/cmake)
[18.031s] -- Found OpenSSL: /usr/lib/x86_64-linux-gnu/libcrypto.so (found version "3.0.2")  
[18.089s] -- Found FastRTPS: /opt/ros/humble/include  
[18.177s] -- Using RMW implementation 'rmw_fastrtps_cpp' as default
[18.282s] -- Looking for pthread.h
[19.566s] -- Looking for pthread.h - found
[19.567s] -- Performing Test CMAKE_HAVE_LIBC_PTHREAD
[19.663s] -- Performing Test CMAKE_HAVE_LIBC_PTHREAD - Success
[19.664s] -- Found Threads: TRUE  
[19.947s] [31mCMake Error at /opt/ros/humble/share/ament_cmake_target_dependencies/cmake/ament_target_dependencies.cmake:77 (message):
[19.947s]   ament_target_dependencies() the passed package name 'std_srvs' was not
[19.947s]   found before
[19.947s] Call Stack (most recent call first):
[19.947s]   CMakeLists.txt:15 (ament_target_dependencies)
[19.948s] 
[19.948s] [0m
[19.948s] -- Configuring incomplete, errors occurred!
[19.948s] See also "/home/user/ros2_ws/src/build/services_quiz/CMakeFiles/CMakeOutput.log".
[19.958s] Invoked command in '/home/user/ros2_ws/src/build/services_quiz' returned '1': CMAKE_PREFIX_PATH=${CMAKE_PREFIX_PATH}:/home/simulations/ros2_sims_ws/install/tracetools_test:/home/simulations/ros2_sims_ws/install/tracetools_launch:/home/simulations/ros2_sims_ws/install/ros2trace:/home/simulations/ros2_sims_ws/install/tracetools_trace:/home/simulations/ros2_sims_ws/install/ros2trace_analysis:/home/simulations/ros2_sims_ws/install/tracetools_analysis:/home/simulations/ros2_sims_ws/install/tracetools_read:/home/simulations/ros2_sims_ws/install/test_tracetools_launch:/opt/ros/humble:/home/simulations/ros2_sims_ws/install/robot_description _=/usr/bin/env /usr/bin/cmake /home/user/ros2_ws/src/services_quiz -DCMAKE_INSTALL_PREFIX=/home/user/ros2_ws/src/install/services_quiz
