[0.026s] Invoking command in '/home/user/ros2_ws/src/build/services_quiz': CMAKE_PREFIX_PATH=${CMAKE_PREFIX_PATH}:/home/simulations/ros2_sims_ws/install/tracetools_test:/home/simulations/ros2_sims_ws/install/tracetools_launch:/home/simulations/ros2_sims_ws/install/ros2trace:/home/simulations/ros2_sims_ws/install/tracetools_trace:/home/simulations/ros2_sims_ws/install/ros2trace_analysis:/home/simulations/ros2_sims_ws/install/tracetools_analysis:/home/simulations/ros2_sims_ws/install/tracetools_read:/home/simulations/ros2_sims_ws/install/test_tracetools_launch:/opt/ros/humble:/home/simulations/ros2_sims_ws/install/robot_description _=/usr/bin/env /usr/bin/cmake --build /home/user/ros2_ws/src/build/services_quiz -- -j8 -l8
[0.132s] [ 50%] Built target turn_s_client_executable
[0.136s] [ 75%] [32mBuilding CXX object CMakeFiles/turn_s_server_executable.dir/src/turn_s_server.cpp.o[0m
[2.611s] [01m[K/home/user/ros2_ws/src/services_quiz/src/turn_s_server.cpp:[m[K In member function '[01m[Kvoid TurnServiceServer::handle_turn_request(std::shared_ptr<services_quiz_srv::srv::Turn_Request_<std::allocator<void> > >, std::shared_ptr<services_quiz_srv::srv::Turn_Response_<std::allocator<void> > >)[m[K':
[2.611s] [01m[K/home/user/ros2_ws/src/services_quiz/src/turn_s_server.cpp:26:91:[m[K [01;35m[Kwarning: [m[Kunused parameter '[01m[Krequest[m[K' [[01;35m[K]8;;https://gcc.gnu.org/onlinedocs/gcc/Warning-Options.html#index-Wunused-parameter-Wunused-parameter]8;;[m[K]
[2.611s]    26 |     void handle_turn_request([01;35m[Kconst std::shared_ptr<services_quiz_srv::srv::Turn::Request> request[m[K,
[2.611s]       |                              [01;35m[K~~~~~~~~~~~~~~~~~~~~~~~~~~~~~~~~~~~~~~~~~~~~~~~~~~~~~~~~~~~~~^~~~~~~[m[K
[2.611s] [01m[K/home/user/ros2_ws/src/services_quiz/src/turn_s_server.cpp:27:65:[m[K [01;35m[Kwarning: [m[Kunused parameter '[01m[Kresponse[m[K' [[01;35m[K]8;;https://gcc.gnu.org/onlinedocs/gcc/Warning-Options.html#index-Wunused-parameter-Wunused-parameter]8;;[m[K]
[2.611s]    27 |         [01;35m[Kstd::shared_ptr<services_quiz_srv::srv::Turn::Response> response[m[K) {
[2.611s]       |         [01;35m[K~~~~~~~~~~~~~~~~~~~~~~~~~~~~~~~~~~~~~~~~~~~~~~~~~~~~~~~~^~~~~~~~[m[K
[3.721s] [100%] [32m[1mLinking CXX executable turn_s_server_executable[0m
[3.861s] [100%] Built target turn_s_server_executable
[3.871s] Invoked command in '/home/user/ros2_ws/src/build/services_quiz' returned '0': CMAKE_PREFIX_PATH=${CMAKE_PREFIX_PATH}:/home/simulations/ros2_sims_ws/install/tracetools_test:/home/simulations/ros2_sims_ws/install/tracetools_launch:/home/simulations/ros2_sims_ws/install/ros2trace:/home/simulations/ros2_sims_ws/install/tracetools_trace:/home/simulations/ros2_sims_ws/install/ros2trace_analysis:/home/simulations/ros2_sims_ws/install/tracetools_analysis:/home/simulations/ros2_sims_ws/install/tracetools_read:/home/simulations/ros2_sims_ws/install/test_tracetools_launch:/opt/ros/humble:/home/simulations/ros2_sims_ws/install/robot_description _=/usr/bin/env /usr/bin/cmake --build /home/user/ros2_ws/src/build/services_quiz -- -j8 -l8
[3.913s] Invoking command in '/home/user/ros2_ws/src/build/services_quiz': CMAKE_PREFIX_PATH=${CMAKE_PREFIX_PATH}:/home/simulations/ros2_sims_ws/install/tracetools_test:/home/simulations/ros2_sims_ws/install/tracetools_launch:/home/simulations/ros2_sims_ws/install/ros2trace:/home/simulations/ros2_sims_ws/install/tracetools_trace:/home/simulations/ros2_sims_ws/install/ros2trace_analysis:/home/simulations/ros2_sims_ws/install/tracetools_analysis:/home/simulations/ros2_sims_ws/install/tracetools_read:/home/simulations/ros2_sims_ws/install/test_tracetools_launch:/opt/ros/humble:/home/simulations/ros2_sims_ws/install/robot_description _=/usr/bin/env /usr/bin/cmake --install /home/user/ros2_ws/src/build/services_quiz
[3.921s] -- Install configuration: ""
[3.921s] -- Up-to-date: /home/user/ros2_ws/src/install/services_quiz/lib/services_quiz/turn_s_client_executable
[3.921s] -- Installing: /home/user/ros2_ws/src/install/services_quiz/lib/services_quiz/turn_s_server_executable
[3.923s] -- Set runtime path of "/home/user/ros2_ws/src/install/services_quiz/lib/services_quiz/turn_s_server_executable" to ""
[3.923s] -- Up-to-date: /home/user/ros2_ws/src/install/services_quiz/share/ament_index/resource_index/package_run_dependencies/services_quiz
[3.923s] -- Up-to-date: /home/user/ros2_ws/src/install/services_quiz/share/ament_index/resource_index/parent_prefix_path/services_quiz
[3.923s] -- Up-to-date: /home/user/ros2_ws/src/install/services_quiz/share/services_quiz/environment/ament_prefix_path.sh
[3.923s] -- Up-to-date: /home/user/ros2_ws/src/install/services_quiz/share/services_quiz/environment/ament_prefix_path.dsv
[3.923s] -- Up-to-date: /home/user/ros2_ws/src/install/services_quiz/share/services_quiz/environment/path.sh
[3.923s] -- Up-to-date: /home/user/ros2_ws/src/install/services_quiz/share/services_quiz/environment/path.dsv
[3.923s] -- Up-to-date: /home/user/ros2_ws/src/install/services_quiz/share/services_quiz/local_setup.bash
[3.924s] -- Up-to-date: /home/user/ros2_ws/src/install/services_quiz/share/services_quiz/local_setup.sh
[3.924s] -- Up-to-date: /home/user/ros2_ws/src/install/services_quiz/share/services_quiz/local_setup.zsh
[3.924s] -- Up-to-date: /home/user/ros2_ws/src/install/services_quiz/share/services_quiz/local_setup.dsv
[3.924s] -- Installing: /home/user/ros2_ws/src/install/services_quiz/share/services_quiz/package.dsv
[3.924s] -- Up-to-date: /home/user/ros2_ws/src/install/services_quiz/share/ament_index/resource_index/packages/services_quiz
[3.924s] -- Up-to-date: /home/user/ros2_ws/src/install/services_quiz/share/services_quiz/cmake/services_quizConfig.cmake
[3.924s] -- Up-to-date: /home/user/ros2_ws/src/install/services_quiz/share/services_quiz/cmake/services_quizConfig-version.cmake
[3.924s] -- Up-to-date: /home/user/ros2_ws/src/install/services_quiz/share/services_quiz/package.xml
[3.925s] Invoked command in '/home/user/ros2_ws/src/build/services_quiz' returned '0': CMAKE_PREFIX_PATH=${CMAKE_PREFIX_PATH}:/home/simulations/ros2_sims_ws/install/tracetools_test:/home/simulations/ros2_sims_ws/install/tracetools_launch:/home/simulations/ros2_sims_ws/install/ros2trace:/home/simulations/ros2_sims_ws/install/tracetools_trace:/home/simulations/ros2_sims_ws/install/ros2trace_analysis:/home/simulations/ros2_sims_ws/install/tracetools_analysis:/home/simulations/ros2_sims_ws/install/tracetools_read:/home/simulations/ros2_sims_ws/install/test_tracetools_launch:/opt/ros/humble:/home/simulations/ros2_sims_ws/install/robot_description _=/usr/bin/env /usr/bin/cmake --install /home/user/ros2_ws/src/build/services_quiz
