[35m[1mConsolidate compiler generated dependencies of target turn_s_client_executable[0m
[ 25%] [32mBuilding CXX object CMakeFiles/turn_s_client_executable.dir/src/turn_s_client.cpp.o[0m
[ 75%] Built target turn_s_server_executable
[01m[K/home/user/ros2_ws/src/services_quiz/src/turn_s_client.cpp:[m[K In member function '[01m[Kvoid TurnServiceClient::send_turn_request()[m[K':
[01m[K/home/user/ros2_ws/src/services_quiz/src/turn_s_client.cpp:32:41:[m[K [01;31m[Kerror: [m[K'[01m[Kservices_quiz[m[K' was not declared in this scope
   32 |         auto request = std::make_shared<[01;31m[Kservices_quiz[m[K::srv::Trigger::Request>();
      |                                         [01;31m[K^~~~~~~~~~~~~[m[K
[01m[K/home/user/ros2_ws/src/services_quiz/src/turn_s_client.cpp:32:29:[m[K [01;31m[Kerror: [m[Kparse error in template argument list
   32 |         auto request = std::[01;31m[Kmake_shared<services_quiz::srv::Trigger::Request>[m[K();
      |                             [01;31m[K^~~~~~~~~~~~~~~~~~~~~~~~~~~~~~~~~~~~~~~~~~~~~~~~~[m[K
[01m[K/home/user/ros2_ws/src/services_quiz/src/turn_s_client.cpp:32:78:[m[K [01;31m[Kerror: [m[Kno matching function for call to '[01m[Kmake_shared<<expression error> >()[m[K'
   32 |         auto request = [01;31m[Kstd::make_shared<services_quiz::srv::Trigger::Request>()[m[K;
      |                        [01;31m[K~~~~~~~~~~~~~~~~~~~~~~~~~~~~~~~~~~~~~~~~~~~~~~~~~~~~~~^~[m[K
In file included from [01m[K/usr/include/c++/11/memory:77[m[K,
                 from [01m[K/opt/ros/humble/include/rclcpp/rclcpp/rclcpp.hpp:153[m[K,
                 from [01m[K/home/user/ros2_ws/src/services_quiz/src/turn_s_client.cpp:1[m[K:
[01m[K/usr/include/c++/11/bits/shared_ptr.h:875:5:[m[K [01;36m[Knote: [m[Kcandidate: '[01m[Ktemplate<class _Tp, class ... _Args> std::shared_ptr<_Tp> std::make_shared(_Args&& ...)[m[K'
  875 |     [01;36m[Kmake_shared[m[K(_Args&&... __args)
      |     [01;36m[K^~~~~~~~~~~[m[K
[01m[K/usr/include/c++/11/bits/shared_ptr.h:875:5:[m[K [01;36m[Knote: [m[K  template argument deduction/substitution failed:
[01m[K/home/user/ros2_ws/src/services_quiz/src/turn_s_client.cpp:32:78:[m[K [01;31m[Kerror: [m[Ktemplate argument 1 is invalid
   32 |         auto request = [01;31m[Kstd::make_shared<services_quiz::srv::Trigger::Request>()[m[K;
      |                        [01;31m[K~~~~~~~~~~~~~~~~~~~~~~~~~~~~~~~~~~~~~~~~~~~~~~~~~~~~~~^~[m[K
gmake[2]: *** [CMakeFiles/turn_s_client_executable.dir/build.make:76: CMakeFiles/turn_s_client_executable.dir/src/turn_s_client.cpp.o] Error 1
gmake[1]: *** [CMakeFiles/Makefile2:139: CMakeFiles/turn_s_client_executable.dir/all] Error 2
gmake: *** [Makefile:146: all] Error 2
