[0.028s] Invoking command in '/home/user/ros2_ws/src/build/services_quiz': CMAKE_PREFIX_PATH=${CMAKE_PREFIX_PATH}:/home/simulations/ros2_sims_ws/install/tracetools_test:/home/simulations/ros2_sims_ws/install/tracetools_launch:/home/simulations/ros2_sims_ws/install/ros2trace:/home/simulations/ros2_sims_ws/install/tracetools_trace:/home/simulations/ros2_sims_ws/install/ros2trace_analysis:/home/simulations/ros2_sims_ws/install/tracetools_analysis:/home/simulations/ros2_sims_ws/install/tracetools_read:/home/simulations/ros2_sims_ws/install/test_tracetools_launch:/opt/ros/humble:/home/simulations/ros2_sims_ws/install/robot_description _=/usr/bin/env /usr/bin/cmake --build /home/user/ros2_ws/src/build/services_quiz -- -j8 -l8
[0.099s] [35m[1mConsolidate compiler generated dependencies of target turn_s_client_executable[0m
[0.150s] [ 25%] [32mBuilding CXX object CMakeFiles/turn_s_client_executable.dir/src/turn_s_client.cpp.o[0m
[0.151s] [ 75%] Built target turn_s_server_executable
[2.715s] [01m[K/home/user/ros2_ws/src/services_quiz/src/turn_s_client.cpp:[m[K In member function '[01m[Kvoid TurnServiceClient::send_turn_request()[m[K':
[2.715s] [01m[K/home/user/ros2_ws/src/services_quiz/src/turn_s_client.cpp:32:41:[m[K [01;31m[Kerror: [m[K'[01m[Kservices_quiz[m[K' was not declared in this scope
[2.715s]    32 |         auto request = std::make_shared<[01;31m[Kservices_quiz[m[K::srv::Trigger::Request>();
[2.715s]       |                                         [01;31m[K^~~~~~~~~~~~~[m[K
[2.715s] [01m[K/home/user/ros2_ws/src/services_quiz/src/turn_s_client.cpp:32:29:[m[K [01;31m[Kerror: [m[Kparse error in template argument list
[2.715s]    32 |         auto request = std::[01;31m[Kmake_shared<services_quiz::srv::Trigger::Request>[m[K();
[2.715s]       |                             [01;31m[K^~~~~~~~~~~~~~~~~~~~~~~~~~~~~~~~~~~~~~~~~~~~~~~~~[m[K
[2.715s] [01m[K/home/user/ros2_ws/src/services_quiz/src/turn_s_client.cpp:32:78:[m[K [01;31m[Kerror: [m[Kno matching function for call to '[01m[Kmake_shared<<expression error> >()[m[K'
[2.715s]    32 |         auto request = [01;31m[Kstd::make_shared<services_quiz::srv::Trigger::Request>()[m[K;
[2.715s]       |                        [01;31m[K~~~~~~~~~~~~~~~~~~~~~~~~~~~~~~~~~~~~~~~~~~~~~~~~~~~~~~^~[m[K
[2.715s] In file included from [01m[K/usr/include/c++/11/memory:77[m[K,
[2.715s]                  from [01m[K/opt/ros/humble/include/rclcpp/rclcpp/rclcpp.hpp:153[m[K,
[2.715s]                  from [01m[K/home/user/ros2_ws/src/services_quiz/src/turn_s_client.cpp:1[m[K:
[2.716s] [01m[K/usr/include/c++/11/bits/shared_ptr.h:875:5:[m[K [01;36m[Knote: [m[Kcandidate: '[01m[Ktemplate<class _Tp, class ... _Args> std::shared_ptr<_Tp> std::make_shared(_Args&& ...)[m[K'
[2.716s]   875 |     [01;36m[Kmake_shared[m[K(_Args&&... __args)
[2.716s]       |     [01;36m[K^~~~~~~~~~~[m[K
[2.716s] [01m[K/usr/include/c++/11/bits/shared_ptr.h:875:5:[m[K [01;36m[Knote: [m[K  template argument deduction/substitution failed:
[2.716s] [01m[K/home/user/ros2_ws/src/services_quiz/src/turn_s_client.cpp:32:78:[m[K [01;31m[Kerror: [m[Ktemplate argument 1 is invalid
[2.716s]    32 |         auto request = [01;31m[Kstd::make_shared<services_quiz::srv::Trigger::Request>()[m[K;
[2.716s]       |                        [01;31m[K~~~~~~~~~~~~~~~~~~~~~~~~~~~~~~~~~~~~~~~~~~~~~~~~~~~~~~^~[m[K
[3.265s] gmake[2]: *** [CMakeFiles/turn_s_client_executable.dir/build.make:76: CMakeFiles/turn_s_client_executable.dir/src/turn_s_client.cpp.o] Error 1
[3.265s] gmake[1]: *** [CMakeFiles/Makefile2:139: CMakeFiles/turn_s_client_executable.dir/all] Error 2
[3.265s] gmake: *** [Makefile:146: all] Error 2
[3.267s] Invoked command in '/home/user/ros2_ws/src/build/services_quiz' returned '2': CMAKE_PREFIX_PATH=${CMAKE_PREFIX_PATH}:/home/simulations/ros2_sims_ws/install/tracetools_test:/home/simulations/ros2_sims_ws/install/tracetools_launch:/home/simulations/ros2_sims_ws/install/ros2trace:/home/simulations/ros2_sims_ws/install/tracetools_trace:/home/simulations/ros2_sims_ws/install/ros2trace_analysis:/home/simulations/ros2_sims_ws/install/tracetools_analysis:/home/simulations/ros2_sims_ws/install/tracetools_read:/home/simulations/ros2_sims_ws/install/test_tracetools_launch:/opt/ros/humble:/home/simulations/ros2_sims_ws/install/robot_description _=/usr/bin/env /usr/bin/cmake --build /home/user/ros2_ws/src/build/services_quiz -- -j8 -l8
