[0.035s] Invoking command in '/home/user/ros2_ws/src/build/custom_interfaces': CMAKE_PREFIX_PATH=${CMAKE_PREFIX_PATH}:/home/simulations/ros2_sims_ws/install/tracetools_test:/home/simulations/ros2_sims_ws/install/tracetools_launch:/home/simulations/ros2_sims_ws/install/ros2trace:/home/simulations/ros2_sims_ws/install/tracetools_trace:/home/simulations/ros2_sims_ws/install/ros2trace_analysis:/home/simulations/ros2_sims_ws/install/tracetools_analysis:/home/simulations/ros2_sims_ws/install/tracetools_read:/home/simulations/ros2_sims_ws/install/test_tracetools_launch:/opt/ros/humble:/home/simulations/ros2_sims_ws/install/robot_description _=/usr/bin/env /usr/bin/cmake --build /home/user/ros2_ws/src/build/custom_interfaces -- -j8 -l8
[0.123s] [  2%] Built target custom_interfaces__cpp
[0.127s] [  2%] Built target ament_cmake_python_copy_custom_interfaces
[0.127s] [ 12%] Built target custom_interfaces__rosidl_generator_c
[0.179s] [ 23%] Built target custom_interfaces__rosidl_typesupport_fastrtps_cpp
[0.190s] [ 33%] Built target custom_interfaces__rosidl_typesupport_introspection_cpp
[0.191s] [ 43%] Built target custom_interfaces__rosidl_typesupport_cpp
[0.235s] [ 53%] Built target custom_interfaces__rosidl_typesupport_fastrtps_c
[0.241s] [ 64%] Built target custom_interfaces__rosidl_typesupport_introspection_c
[0.245s] [ 74%] Built target custom_interfaces__rosidl_typesupport_c
[0.276s] [ 74%] Built target custom_interfaces
[0.311s] [ 76%] Built target custom_interfaces__py
[0.356s] [ 84%] Built target custom_interfaces__rosidl_generator_py
[0.395s] [ 89%] Built target custom_interfaces__rosidl_typesupport_fastrtps_c__pyext
[0.396s] [ 94%] Built target custom_interfaces__rosidl_typesupport_introspection_c__pyext
[0.399s] [100%] Built target custom_interfaces__rosidl_typesupport_c__pyext
[0.499s] running egg_info
[0.500s] writing custom_interfaces.egg-info/PKG-INFO
[0.500s] writing dependency_links to custom_interfaces.egg-info/dependency_links.txt
[0.501s] writing top-level names to custom_interfaces.egg-info/top_level.txt
[0.503s] reading manifest file 'custom_interfaces.egg-info/SOURCES.txt'
[0.504s] writing manifest file 'custom_interfaces.egg-info/SOURCES.txt'
[0.532s] [100%] Built target ament_cmake_python_build_custom_interfaces_egg
[0.545s] Invoked command in '/home/user/ros2_ws/src/build/custom_interfaces' returned '0': CMAKE_PREFIX_PATH=${CMAKE_PREFIX_PATH}:/home/simulations/ros2_sims_ws/install/tracetools_test:/home/simulations/ros2_sims_ws/install/tracetools_launch:/home/simulations/ros2_sims_ws/install/ros2trace:/home/simulations/ros2_sims_ws/install/tracetools_trace:/home/simulations/ros2_sims_ws/install/ros2trace_analysis:/home/simulations/ros2_sims_ws/install/tracetools_analysis:/home/simulations/ros2_sims_ws/install/tracetools_read:/home/simulations/ros2_sims_ws/install/test_tracetools_launch:/opt/ros/humble:/home/simulations/ros2_sims_ws/install/robot_description _=/usr/bin/env /usr/bin/cmake --build /home/user/ros2_ws/src/build/custom_interfaces -- -j8 -l8
