[0.027s] Invoking command in '/home/user/ros2_ws/src/build/services_quiz_srv': CMAKE_PREFIX_PATH=${CMAKE_PREFIX_PATH}:/home/simulations/ros2_sims_ws/install/tracetools_test:/home/simulations/ros2_sims_ws/install/tracetools_launch:/home/simulations/ros2_sims_ws/install/ros2trace:/home/simulations/ros2_sims_ws/install/tracetools_trace:/home/simulations/ros2_sims_ws/install/ros2trace_analysis:/home/simulations/ros2_sims_ws/install/tracetools_analysis:/home/simulations/ros2_sims_ws/install/tracetools_read:/home/simulations/ros2_sims_ws/install/test_tracetools_launch:/opt/ros/humble:/home/simulations/ros2_sims_ws/install/robot_description _=/usr/bin/env /usr/bin/cmake --build /home/user/ros2_ws/src/build/services_quiz_srv -- -j8 -l8
[0.119s] [  9%] Built target services_quiz_srv__rosidl_generator_c
[0.122s] [ 12%] Built target services_quiz_srv__cpp
[0.137s] [ 12%] Built target ament_cmake_python_copy_services_quiz_srv
[0.173s] [ 22%] Built target services_quiz_srv__rosidl_typesupport_fastrtps_c
[0.177s] [ 32%] Built target services_quiz_srv__rosidl_typesupport_introspection_c
[0.185s] [ 41%] Built target services_quiz_srv__rosidl_typesupport_c
[0.185s] [ 51%] Built target services_quiz_srv__rosidl_typesupport_introspection_cpp
[0.216s] [ 61%] Built target services_quiz_srv__rosidl_typesupport_cpp
[0.217s] [ 70%] Built target services_quiz_srv__rosidl_typesupport_fastrtps_cpp
[0.247s] [ 70%] Built target services_quiz_srv
[0.279s] [ 74%] Built target services_quiz_srv__py
[0.322s] [ 80%] Built target services_quiz_srv__rosidl_generator_py
[0.364s] [ 87%] Built target services_quiz_srv__rosidl_typesupport_introspection_c__pyext
[0.365s] [ 93%] Built target services_quiz_srv__rosidl_typesupport_c__pyext
[0.373s] [100%] Built target services_quiz_srv__rosidl_typesupport_fastrtps_c__pyext
[0.541s] running egg_info
[0.542s] writing services_quiz_srv.egg-info/PKG-INFO
[0.543s] writing dependency_links to services_quiz_srv.egg-info/dependency_links.txt
[0.543s] writing top-level names to services_quiz_srv.egg-info/top_level.txt
[0.545s] reading manifest file 'services_quiz_srv.egg-info/SOURCES.txt'
[0.546s] writing manifest file 'services_quiz_srv.egg-info/SOURCES.txt'
[0.576s] [100%] Built target ament_cmake_python_build_services_quiz_srv_egg
[0.591s] Invoked command in '/home/user/ros2_ws/src/build/services_quiz_srv' returned '0': CMAKE_PREFIX_PATH=${CMAKE_PREFIX_PATH}:/home/simulations/ros2_sims_ws/install/tracetools_test:/home/simulations/ros2_sims_ws/install/tracetools_launch:/home/simulations/ros2_sims_ws/install/ros2trace:/home/simulations/ros2_sims_ws/install/tracetools_trace:/home/simulations/ros2_sims_ws/install/ros2trace_analysis:/home/simulations/ros2_sims_ws/install/tracetools_analysis:/home/simulations/ros2_sims_ws/install/tracetools_read:/home/simulations/ros2_sims_ws/install/test_tracetools_launch:/opt/ros/humble:/home/simulations/ros2_sims_ws/install/robot_description _=/usr/bin/env /usr/bin/cmake --build /home/user/ros2_ws/src/build/services_quiz_srv -- -j8 -l8
[0.712s] Invoking command in '/home/user/ros2_ws/src/build/services_quiz_srv': CMAKE_PREFIX_PATH=${CMAKE_PREFIX_PATH}:/home/simulations/ros2_sims_ws/install/tracetools_test:/home/simulations/ros2_sims_ws/install/tracetools_launch:/home/simulations/ros2_sims_ws/install/ros2trace:/home/simulations/ros2_sims_ws/install/tracetools_trace:/home/simulations/ros2_sims_ws/install/ros2trace_analysis:/home/simulations/ros2_sims_ws/install/tracetools_analysis:/home/simulations/ros2_sims_ws/install/tracetools_read:/home/simulations/ros2_sims_ws/install/test_tracetools_launch:/opt/ros/humble:/home/simulations/ros2_sims_ws/install/robot_description _=/usr/bin/env /usr/bin/cmake --install /home/user/ros2_ws/src/build/services_quiz_srv
[0.722s] -- Install configuration: ""
[0.722s] -- Up-to-date: /home/user/ros2_ws/src/install/services_quiz_srv/share/ament_index/resource_index/rosidl_interfaces/services_quiz_srv
[0.722s] -- Up-to-date: /home/user/ros2_ws/src/install/services_quiz_srv/include/services_quiz_srv/services_quiz_srv
[0.722s] -- Up-to-date: /home/user/ros2_ws/src/install/services_quiz_srv/include/services_quiz_srv/services_quiz_srv/srv
[0.722s] -- Up-to-date: /home/user/ros2_ws/src/install/services_quiz_srv/include/services_quiz_srv/services_quiz_srv/srv/detail
[0.722s] -- Up-to-date: /home/user/ros2_ws/src/install/services_quiz_srv/include/services_quiz_srv/services_quiz_srv/srv/detail/turn__functions.c
[0.722s] -- Up-to-date: /home/user/ros2_ws/src/install/services_quiz_srv/include/services_quiz_srv/services_quiz_srv/srv/detail/turn__functions.h
[0.722s] -- Up-to-date: /home/user/ros2_ws/src/install/services_quiz_srv/include/services_quiz_srv/services_quiz_srv/srv/detail/turn__type_support.h
[0.722s] -- Up-to-date: /home/user/ros2_ws/src/install/services_quiz_srv/include/services_quiz_srv/services_quiz_srv/srv/detail/turn__struct.h
[0.723s] -- Up-to-date: /home/user/ros2_ws/src/install/services_quiz_srv/include/services_quiz_srv/services_quiz_srv/srv/turn.h
[0.723s] -- Up-to-date: /home/user/ros2_ws/src/install/services_quiz_srv/include/services_quiz_srv/services_quiz_srv/msg
[0.723s] -- Up-to-date: /home/user/ros2_ws/src/install/services_quiz_srv/include/services_quiz_srv/services_quiz_srv/msg/rosidl_generator_c__visibility_control.h
[0.723s] -- Up-to-date: /home/user/ros2_ws/src/install/services_quiz_srv/share/services_quiz_srv/environment/library_path.sh
[0.723s] -- Up-to-date: /home/user/ros2_ws/src/install/services_quiz_srv/share/services_quiz_srv/environment/library_path.dsv
[0.723s] -- Up-to-date: /home/user/ros2_ws/src/install/services_quiz_srv/lib/libservices_quiz_srv__rosidl_generator_c.so
[0.723s] -- Up-to-date: /home/user/ros2_ws/src/install/services_quiz_srv/include/services_quiz_srv/services_quiz_srv
[0.723s] -- Up-to-date: /home/user/ros2_ws/src/install/services_quiz_srv/include/services_quiz_srv/services_quiz_srv/srv
[0.723s] -- Up-to-date: /home/user/ros2_ws/src/install/services_quiz_srv/include/services_quiz_srv/services_quiz_srv/srv/detail
[0.723s] -- Up-to-date: /home/user/ros2_ws/src/install/services_quiz_srv/include/services_quiz_srv/services_quiz_srv/srv/detail/turn__rosidl_typesupport_fastrtps_c.h
[0.724s] -- Up-to-date: /home/user/ros2_ws/src/install/services_quiz_srv/include/services_quiz_srv/services_quiz_srv/msg
[0.724s] -- Up-to-date: /home/user/ros2_ws/src/install/services_quiz_srv/include/services_quiz_srv/services_quiz_srv/msg/rosidl_typesupport_fastrtps_c__visibility_control.h
[0.724s] -- Up-to-date: /home/user/ros2_ws/src/install/services_quiz_srv/lib/libservices_quiz_srv__rosidl_typesupport_fastrtps_c.so
[0.725s] -- Up-to-date: /home/user/ros2_ws/src/install/services_quiz_srv/include/services_quiz_srv/services_quiz_srv
[0.725s] -- Up-to-date: /home/user/ros2_ws/src/install/services_quiz_srv/include/services_quiz_srv/services_quiz_srv/srv
[0.725s] -- Up-to-date: /home/user/ros2_ws/src/install/services_quiz_srv/include/services_quiz_srv/services_quiz_srv/srv/detail
[0.725s] -- Up-to-date: /home/user/ros2_ws/src/install/services_quiz_srv/include/services_quiz_srv/services_quiz_srv/srv/detail/turn__builder.hpp
[0.725s] -- Up-to-date: /home/user/ros2_ws/src/install/services_quiz_srv/include/services_quiz_srv/services_quiz_srv/srv/detail/turn__struct.hpp
[0.725s] -- Up-to-date: /home/user/ros2_ws/src/install/services_quiz_srv/include/services_quiz_srv/services_quiz_srv/srv/detail/turn__traits.hpp
[0.725s] -- Up-to-date: /home/user/ros2_ws/src/install/services_quiz_srv/include/services_quiz_srv/services_quiz_srv/srv/turn.hpp
[0.725s] -- Up-to-date: /home/user/ros2_ws/src/install/services_quiz_srv/include/services_quiz_srv/services_quiz_srv
[0.725s] -- Up-to-date: /home/user/ros2_ws/src/install/services_quiz_srv/include/services_quiz_srv/services_quiz_srv/srv
[0.726s] -- Up-to-date: /home/user/ros2_ws/src/install/services_quiz_srv/include/services_quiz_srv/services_quiz_srv/srv/detail
[0.726s] -- Up-to-date: /home/user/ros2_ws/src/install/services_quiz_srv/include/services_quiz_srv/services_quiz_srv/srv/detail/turn__rosidl_typesupport_fastrtps_cpp.hpp
[0.726s] -- Up-to-date: /home/user/ros2_ws/src/install/services_quiz_srv/include/services_quiz_srv/services_quiz_srv/srv/detail/dds_fastrtps
[0.726s] -- Up-to-date: /home/user/ros2_ws/src/install/services_quiz_srv/include/services_quiz_srv/services_quiz_srv/msg
[0.726s] -- Up-to-date: /home/user/ros2_ws/src/install/services_quiz_srv/include/services_quiz_srv/services_quiz_srv/msg/rosidl_typesupport_fastrtps_cpp__visibility_control.h
[0.726s] -- Up-to-date: /home/user/ros2_ws/src/install/services_quiz_srv/lib/libservices_quiz_srv__rosidl_typesupport_fastrtps_cpp.so
[0.727s] -- Up-to-date: /home/user/ros2_ws/src/install/services_quiz_srv/include/services_quiz_srv/services_quiz_srv
[0.727s] -- Up-to-date: /home/user/ros2_ws/src/install/services_quiz_srv/include/services_quiz_srv/services_quiz_srv/srv
[0.727s] -- Up-to-date: /home/user/ros2_ws/src/install/services_quiz_srv/include/services_quiz_srv/services_quiz_srv/srv/detail
[0.727s] -- Up-to-date: /home/user/ros2_ws/src/install/services_quiz_srv/include/services_quiz_srv/services_quiz_srv/srv/detail/turn__type_support.c
[0.727s] -- Up-to-date: /home/user/ros2_ws/src/install/services_quiz_srv/include/services_quiz_srv/services_quiz_srv/srv/detail/turn__rosidl_typesupport_introspection_c.h
[0.727s] -- Up-to-date: /home/user/ros2_ws/src/install/services_quiz_srv/include/services_quiz_srv/services_quiz_srv/msg
[0.727s] -- Up-to-date: /home/user/ros2_ws/src/install/services_quiz_srv/include/services_quiz_srv/services_quiz_srv/msg/rosidl_typesupport_introspection_c__visibility_control.h
[0.727s] -- Up-to-date: /home/user/ros2_ws/src/install/services_quiz_srv/lib/libservices_quiz_srv__rosidl_typesupport_introspection_c.so
[0.727s] -- Up-to-date: /home/user/ros2_ws/src/install/services_quiz_srv/lib/libservices_quiz_srv__rosidl_typesupport_c.so
[0.727s] -- Up-to-date: /home/user/ros2_ws/src/install/services_quiz_srv/include/services_quiz_srv/services_quiz_srv
[0.727s] -- Up-to-date: /home/user/ros2_ws/src/install/services_quiz_srv/include/services_quiz_srv/services_quiz_srv/srv
[0.727s] -- Up-to-date: /home/user/ros2_ws/src/install/services_quiz_srv/include/services_quiz_srv/services_quiz_srv/srv/detail
[0.728s] -- Up-to-date: /home/user/ros2_ws/src/install/services_quiz_srv/include/services_quiz_srv/services_quiz_srv/srv/detail/turn__rosidl_typesupport_introspection_cpp.hpp
[0.728s] -- Up-to-date: /home/user/ros2_ws/src/install/services_quiz_srv/include/services_quiz_srv/services_quiz_srv/srv/detail/turn__type_support.cpp
[0.728s] -- Up-to-date: /home/user/ros2_ws/src/install/services_quiz_srv/lib/libservices_quiz_srv__rosidl_typesupport_introspection_cpp.so
[0.728s] -- Up-to-date: /home/user/ros2_ws/src/install/services_quiz_srv/lib/libservices_quiz_srv__rosidl_typesupport_cpp.so
[0.728s] -- Up-to-date: /home/user/ros2_ws/src/install/services_quiz_srv/share/services_quiz_srv/environment/pythonpath.sh
[0.728s] -- Up-to-date: /home/user/ros2_ws/src/install/services_quiz_srv/share/services_quiz_srv/environment/pythonpath.dsv
[0.728s] -- Up-to-date: /home/user/ros2_ws/src/install/services_quiz_srv/local/lib/python3.10/dist-packages/services_quiz_srv-0.0.0-py3.10.egg-info
[0.728s] -- Installing: /home/user/ros2_ws/src/install/services_quiz_srv/local/lib/python3.10/dist-packages/services_quiz_srv-0.0.0-py3.10.egg-info/PKG-INFO
[0.728s] -- Installing: /home/user/ros2_ws/src/install/services_quiz_srv/local/lib/python3.10/dist-packages/services_quiz_srv-0.0.0-py3.10.egg-info/top_level.txt
[0.728s] -- Installing: /home/user/ros2_ws/src/install/services_quiz_srv/local/lib/python3.10/dist-packages/services_quiz_srv-0.0.0-py3.10.egg-info/SOURCES.txt
[0.728s] -- Installing: /home/user/ros2_ws/src/install/services_quiz_srv/local/lib/python3.10/dist-packages/services_quiz_srv-0.0.0-py3.10.egg-info/dependency_links.txt
[0.728s] -- Up-to-date: /home/user/ros2_ws/src/install/services_quiz_srv/local/lib/python3.10/dist-packages/services_quiz_srv
[0.729s] -- Up-to-date: /home/user/ros2_ws/src/install/services_quiz_srv/local/lib/python3.10/dist-packages/services_quiz_srv/srv
[0.729s] -- Up-to-date: /home/user/ros2_ws/src/install/services_quiz_srv/local/lib/python3.10/dist-packages/services_quiz_srv/srv/_turn.py
[0.729s] -- Up-to-date: /home/user/ros2_ws/src/install/services_quiz_srv/local/lib/python3.10/dist-packages/services_quiz_srv/srv/__init__.py
[0.729s] -- Up-to-date: /home/user/ros2_ws/src/install/services_quiz_srv/local/lib/python3.10/dist-packages/services_quiz_srv/srv/_turn_s.c
[0.729s] -- Up-to-date: /home/user/ros2_ws/src/install/services_quiz_srv/local/lib/python3.10/dist-packages/services_quiz_srv/services_quiz_srv_s__rosidl_typesupport_fastrtps_c.cpython-310-x86_64-linux-gnu.so
[0.729s] -- Up-to-date: /home/user/ros2_ws/src/install/services_quiz_srv/local/lib/python3.10/dist-packages/services_quiz_srv/__init__.py
[0.729s] -- Up-to-date: /home/user/ros2_ws/src/install/services_quiz_srv/local/lib/python3.10/dist-packages/services_quiz_srv/services_quiz_srv_s__rosidl_typesupport_introspection_c.cpython-310-x86_64-linux-gnu.so
[0.729s] -- Up-to-date: /home/user/ros2_ws/src/install/services_quiz_srv/local/lib/python3.10/dist-packages/services_quiz_srv/libservices_quiz_srv__rosidl_generator_py.so
[0.729s] -- Up-to-date: /home/user/ros2_ws/src/install/services_quiz_srv/local/lib/python3.10/dist-packages/services_quiz_srv/_services_quiz_srv_s.ep.rosidl_typesupport_fastrtps_c.c
[0.729s] -- Up-to-date: /home/user/ros2_ws/src/install/services_quiz_srv/local/lib/python3.10/dist-packages/services_quiz_srv/_services_quiz_srv_s.ep.rosidl_typesupport_c.c
[0.729s] -- Up-to-date: /home/user/ros2_ws/src/install/services_quiz_srv/local/lib/python3.10/dist-packages/services_quiz_srv/_services_quiz_srv_s.ep.rosidl_typesupport_introspection_c.c
[0.729s] -- Up-to-date: /home/user/ros2_ws/src/install/services_quiz_srv/local/lib/python3.10/dist-packages/services_quiz_srv/services_quiz_srv_s__rosidl_typesupport_c.cpython-310-x86_64-linux-gnu.so
[0.767s] Listing '/home/user/ros2_ws/src/install/services_quiz_srv/local/lib/python3.10/dist-packages/services_quiz_srv'...
[0.768s] Listing '/home/user/ros2_ws/src/install/services_quiz_srv/local/lib/python3.10/dist-packages/services_quiz_srv/srv'...
[0.772s] -- Up-to-date: /home/user/ros2_ws/src/install/services_quiz_srv/local/lib/python3.10/dist-packages/services_quiz_srv/services_quiz_srv_s__rosidl_typesupport_fastrtps_c.cpython-310-x86_64-linux-gnu.so
[0.772s] -- Up-to-date: /home/user/ros2_ws/src/install/services_quiz_srv/local/lib/python3.10/dist-packages/services_quiz_srv/services_quiz_srv_s__rosidl_typesupport_introspection_c.cpython-310-x86_64-linux-gnu.so
[0.773s] -- Up-to-date: /home/user/ros2_ws/src/install/services_quiz_srv/local/lib/python3.10/dist-packages/services_quiz_srv/services_quiz_srv_s__rosidl_typesupport_c.cpython-310-x86_64-linux-gnu.so
[0.773s] -- Up-to-date: /home/user/ros2_ws/src/install/services_quiz_srv/lib/libservices_quiz_srv__rosidl_generator_py.so
[0.773s] -- Up-to-date: /home/user/ros2_ws/src/install/services_quiz_srv/share/services_quiz_srv/srv/Turn.idl
[0.773s] -- Up-to-date: /home/user/ros2_ws/src/install/services_quiz_srv/share/services_quiz_srv/srv/Turn.srv
[0.773s] -- Up-to-date: /home/user/ros2_ws/src/install/services_quiz_srv/share/services_quiz_srv/srv/Turn_Request.msg
[0.774s] -- Up-to-date: /home/user/ros2_ws/src/install/services_quiz_srv/share/services_quiz_srv/srv/Turn_Response.msg
[0.774s] -- Up-to-date: /home/user/ros2_ws/src/install/services_quiz_srv/share/ament_index/resource_index/package_run_dependencies/services_quiz_srv
[0.774s] -- Up-to-date: /home/user/ros2_ws/src/install/services_quiz_srv/share/ament_index/resource_index/parent_prefix_path/services_quiz_srv
[0.774s] -- Up-to-date: /home/user/ros2_ws/src/install/services_quiz_srv/share/services_quiz_srv/environment/ament_prefix_path.sh
[0.774s] -- Up-to-date: /home/user/ros2_ws/src/install/services_quiz_srv/share/services_quiz_srv/environment/ament_prefix_path.dsv
[0.774s] -- Up-to-date: /home/user/ros2_ws/src/install/services_quiz_srv/share/services_quiz_srv/environment/path.sh
[0.775s] -- Up-to-date: /home/user/ros2_ws/src/install/services_quiz_srv/share/services_quiz_srv/environment/path.dsv
[0.775s] -- Up-to-date: /home/user/ros2_ws/src/install/services_quiz_srv/share/services_quiz_srv/local_setup.bash
[0.775s] -- Up-to-date: /home/user/ros2_ws/src/install/services_quiz_srv/share/services_quiz_srv/local_setup.sh
[0.775s] -- Up-to-date: /home/user/ros2_ws/src/install/services_quiz_srv/share/services_quiz_srv/local_setup.zsh
[0.775s] -- Up-to-date: /home/user/ros2_ws/src/install/services_quiz_srv/share/services_quiz_srv/local_setup.dsv
[0.775s] -- Installing: /home/user/ros2_ws/src/install/services_quiz_srv/share/services_quiz_srv/package.dsv
[0.775s] -- Up-to-date: /home/user/ros2_ws/src/install/services_quiz_srv/share/ament_index/resource_index/packages/services_quiz_srv
[0.775s] -- Up-to-date: /home/user/ros2_ws/src/install/services_quiz_srv/share/services_quiz_srv/cmake/export_services_quiz_srv__rosidl_generator_cExport.cmake
[0.775s] -- Up-to-date: /home/user/ros2_ws/src/install/services_quiz_srv/share/services_quiz_srv/cmake/export_services_quiz_srv__rosidl_generator_cExport-noconfig.cmake
[0.776s] -- Up-to-date: /home/user/ros2_ws/src/install/services_quiz_srv/share/services_quiz_srv/cmake/export_services_quiz_srv__rosidl_typesupport_fastrtps_cExport.cmake
[0.776s] -- Up-to-date: /home/user/ros2_ws/src/install/services_quiz_srv/share/services_quiz_srv/cmake/export_services_quiz_srv__rosidl_typesupport_fastrtps_cExport-noconfig.cmake
[0.776s] -- Up-to-date: /home/user/ros2_ws/src/install/services_quiz_srv/share/services_quiz_srv/cmake/export_services_quiz_srv__rosidl_generator_cppExport.cmake
[0.776s] -- Up-to-date: /home/user/ros2_ws/src/install/services_quiz_srv/share/services_quiz_srv/cmake/export_services_quiz_srv__rosidl_typesupport_fastrtps_cppExport.cmake
[0.776s] -- Up-to-date: /home/user/ros2_ws/src/install/services_quiz_srv/share/services_quiz_srv/cmake/export_services_quiz_srv__rosidl_typesupport_fastrtps_cppExport-noconfig.cmake
[0.776s] -- Up-to-date: /home/user/ros2_ws/src/install/services_quiz_srv/share/services_quiz_srv/cmake/services_quiz_srv__rosidl_typesupport_introspection_cExport.cmake
[0.776s] -- Up-to-date: /home/user/ros2_ws/src/install/services_quiz_srv/share/services_quiz_srv/cmake/services_quiz_srv__rosidl_typesupport_introspection_cExport-noconfig.cmake
[0.776s] -- Up-to-date: /home/user/ros2_ws/src/install/services_quiz_srv/share/services_quiz_srv/cmake/services_quiz_srv__rosidl_typesupport_cExport.cmake
[0.777s] -- Up-to-date: /home/user/ros2_ws/src/install/services_quiz_srv/share/services_quiz_srv/cmake/services_quiz_srv__rosidl_typesupport_cExport-noconfig.cmake
[0.777s] -- Up-to-date: /home/user/ros2_ws/src/install/services_quiz_srv/share/services_quiz_srv/cmake/services_quiz_srv__rosidl_typesupport_introspection_cppExport.cmake
[0.777s] -- Up-to-date: /home/user/ros2_ws/src/install/services_quiz_srv/share/services_quiz_srv/cmake/services_quiz_srv__rosidl_typesupport_introspection_cppExport-noconfig.cmake
[0.777s] -- Up-to-date: /home/user/ros2_ws/src/install/services_quiz_srv/share/services_quiz_srv/cmake/services_quiz_srv__rosidl_typesupport_cppExport.cmake
[0.777s] -- Up-to-date: /home/user/ros2_ws/src/install/services_quiz_srv/share/services_quiz_srv/cmake/services_quiz_srv__rosidl_typesupport_cppExport-noconfig.cmake
[0.777s] -- Up-to-date: /home/user/ros2_ws/src/install/services_quiz_srv/share/services_quiz_srv/cmake/export_services_quiz_srv__rosidl_generator_pyExport.cmake
[0.777s] -- Up-to-date: /home/user/ros2_ws/src/install/services_quiz_srv/share/services_quiz_srv/cmake/export_services_quiz_srv__rosidl_generator_pyExport-noconfig.cmake
[0.777s] -- Up-to-date: /home/user/ros2_ws/src/install/services_quiz_srv/share/services_quiz_srv/cmake/rosidl_cmake-extras.cmake
[0.777s] -- Up-to-date: /home/user/ros2_ws/src/install/services_quiz_srv/share/services_quiz_srv/cmake/ament_cmake_export_dependencies-extras.cmake
[0.777s] -- Up-to-date: /home/user/ros2_ws/src/install/services_quiz_srv/share/services_quiz_srv/cmake/ament_cmake_export_include_directories-extras.cmake
[0.777s] -- Up-to-date: /home/user/ros2_ws/src/install/services_quiz_srv/share/services_quiz_srv/cmake/ament_cmake_export_libraries-extras.cmake
[0.777s] -- Up-to-date: /home/user/ros2_ws/src/install/services_quiz_srv/share/services_quiz_srv/cmake/ament_cmake_export_targets-extras.cmake
[0.777s] -- Up-to-date: /home/user/ros2_ws/src/install/services_quiz_srv/share/services_quiz_srv/cmake/rosidl_cmake_export_typesupport_targets-extras.cmake
[0.778s] -- Up-to-date: /home/user/ros2_ws/src/install/services_quiz_srv/share/services_quiz_srv/cmake/rosidl_cmake_export_typesupport_libraries-extras.cmake
[0.778s] -- Up-to-date: /home/user/ros2_ws/src/install/services_quiz_srv/share/services_quiz_srv/cmake/services_quiz_srvConfig.cmake
[0.778s] -- Up-to-date: /home/user/ros2_ws/src/install/services_quiz_srv/share/services_quiz_srv/cmake/services_quiz_srvConfig-version.cmake
[0.778s] -- Up-to-date: /home/user/ros2_ws/src/install/services_quiz_srv/share/services_quiz_srv/package.xml
[0.780s] Invoked command in '/home/user/ros2_ws/src/build/services_quiz_srv' returned '0': CMAKE_PREFIX_PATH=${CMAKE_PREFIX_PATH}:/home/simulations/ros2_sims_ws/install/tracetools_test:/home/simulations/ros2_sims_ws/install/tracetools_launch:/home/simulations/ros2_sims_ws/install/ros2trace:/home/simulations/ros2_sims_ws/install/tracetools_trace:/home/simulations/ros2_sims_ws/install/ros2trace_analysis:/home/simulations/ros2_sims_ws/install/tracetools_analysis:/home/simulations/ros2_sims_ws/install/tracetools_read:/home/simulations/ros2_sims_ws/install/test_tracetools_launch:/opt/ros/humble:/home/simulations/ros2_sims_ws/install/robot_description _=/usr/bin/env /usr/bin/cmake --install /home/user/ros2_ws/src/build/services_quiz_srv
