[0.126s] DEBUG:colcon:Command line arguments: ['/usr/bin/colcon', 'build']
[0.126s] DEBUG:colcon:Parsed command line arguments: Namespace(log_base=None, log_level=None, verb_name='build', build_base='build', install_base='install', merge_install=False, symlink_install=False, test_result_base=None, continue_on_error=False, executor='parallel', parallel_workers=8, event_handlers=None, ignore_user_meta=False, metas=['./colcon.meta'], base_paths=['.'], packages_ignore=None, packages_ignore_regex=None, paths=None, packages_up_to=None, packages_up_to_regex=None, packages_above=None, packages_above_and_dependencies=None, packages_above_depth=None, packages_select_by_dep=None, packages_skip_by_dep=None, packages_skip_up_to=None, packages_select_build_failed=False, packages_skip_build_finished=False, packages_select_test_failures=False, packages_skip_test_passed=False, packages_select=None, packages_skip=None, packages_select_regex=None, packages_skip_regex=None, packages_start=None, packages_end=None, lookup_in_workspace=False, cargo_args=None, clean_build=False, cmake_args=None, cmake_target=None, cmake_target_skip_unavailable=False, cmake_clean_cache=False, cmake_clean_first=False, cmake_force_configure=False, ament_cmake_args=None, catkin_cmake_args=None, catkin_skip_building_tests=False, mixin_files=None, mixin=None, verb_parser=<colcon_mixin.mixin.mixin_argument.MixinArgumentDecorator object at 0x7f60b91a1b10>, verb_extension=<colcon_core.verb.build.BuildVerb object at 0x7f60b91a0fa0>, main=<bound method BuildVerb.main of <colcon_core.verb.build.BuildVerb object at 0x7f60b91a0fa0>>, mixin_verb=('build',))
[0.322s] Level 1:colcon.colcon_core.package_discovery:discover_packages(colcon_meta) check parameters
[0.322s] Level 1:colcon.colcon_core.package_discovery:discover_packages(recursive) check parameters
[0.322s] Level 1:colcon.colcon_core.package_discovery:discover_packages(ignore) check parameters
[0.322s] Level 1:colcon.colcon_core.package_discovery:discover_packages(path) check parameters
[0.322s] Level 1:colcon.colcon_core.package_discovery:discover_packages(colcon_meta) discover
[0.322s] Level 1:colcon.colcon_core.package_discovery:discover_packages(recursive) discover
[0.322s] INFO:colcon.colcon_core.package_discovery:Crawling recursively for packages in '/home/user/ros2_ws/src'
[0.322s] Level 1:colcon.colcon_core.package_identification:_identify(.) by extensions ['ignore', 'ignore_ament_install']
[0.322s] Level 1:colcon.colcon_core.package_identification:_identify(.) by extension 'ignore'
[0.322s] Level 1:colcon.colcon_core.package_identification:_identify(.) by extension 'ignore_ament_install'
[0.322s] Level 1:colcon.colcon_core.package_identification:_identify(.) by extensions ['colcon_pkg']
[0.322s] Level 1:colcon.colcon_core.package_identification:_identify(.) by extension 'colcon_pkg'
[0.323s] Level 1:colcon.colcon_core.package_identification:_identify(.) by extensions ['colcon_meta']
[0.323s] Level 1:colcon.colcon_core.package_identification:_identify(.) by extension 'colcon_meta'
[0.323s] Level 1:colcon.colcon_core.package_identification:_identify(.) by extensions ['ament_cargo']
[0.323s] Level 1:colcon.colcon_core.package_identification:_identify(.) by extension 'ament_cargo'
[0.323s] Level 1:colcon.colcon_core.package_identification:_identify(.) by extensions ['ros']
[0.323s] Level 1:colcon.colcon_core.package_identification:_identify(.) by extension 'ros'
[0.344s] Level 1:colcon.colcon_core.package_identification:_identify(.) by extensions ['cargo', 'cmake', 'python']
[0.344s] Level 1:colcon.colcon_core.package_identification:_identify(.) by extension 'cargo'
[0.344s] Level 1:colcon.colcon_core.package_identification:_identify(.) by extension 'cmake'
[0.344s] Level 1:colcon.colcon_core.package_identification:_identify(.) by extension 'python'
[0.344s] Level 1:colcon.colcon_core.package_identification:_identify(.) by extensions ['python_setup_py']
[0.344s] Level 1:colcon.colcon_core.package_identification:_identify(.) by extension 'python_setup_py'
[0.344s] Level 1:colcon.colcon_core.package_identification:_identify(basic_ros2_extra_files) by extensions ['ignore', 'ignore_ament_install']
[0.344s] Level 1:colcon.colcon_core.package_identification:_identify(basic_ros2_extra_files) by extension 'ignore'
[0.344s] Level 1:colcon.colcon_core.package_identification:_identify(basic_ros2_extra_files) by extension 'ignore_ament_install'
[0.344s] Level 1:colcon.colcon_core.package_identification:_identify(basic_ros2_extra_files) by extensions ['colcon_pkg']
[0.344s] Level 1:colcon.colcon_core.package_identification:_identify(basic_ros2_extra_files) by extension 'colcon_pkg'
[0.344s] Level 1:colcon.colcon_core.package_identification:_identify(basic_ros2_extra_files) by extensions ['colcon_meta']
[0.344s] Level 1:colcon.colcon_core.package_identification:_identify(basic_ros2_extra_files) by extension 'colcon_meta'
[0.344s] Level 1:colcon.colcon_core.package_identification:_identify(basic_ros2_extra_files) by extensions ['ament_cargo']
[0.344s] Level 1:colcon.colcon_core.package_identification:_identify(basic_ros2_extra_files) by extension 'ament_cargo'
[0.344s] Level 1:colcon.colcon_core.package_identification:_identify(basic_ros2_extra_files) by extensions ['ros']
[0.344s] Level 1:colcon.colcon_core.package_identification:_identify(basic_ros2_extra_files) by extension 'ros'
[0.345s] Level 1:colcon.colcon_core.package_identification:_identify(basic_ros2_extra_files) by extensions ['cargo', 'cmake', 'python']
[0.345s] Level 1:colcon.colcon_core.package_identification:_identify(basic_ros2_extra_files) by extension 'cargo'
[0.345s] Level 1:colcon.colcon_core.package_identification:_identify(basic_ros2_extra_files) by extension 'cmake'
[0.345s] Level 1:colcon.colcon_core.package_identification:_identify(basic_ros2_extra_files) by extension 'python'
[0.345s] Level 1:colcon.colcon_core.package_identification:_identify(basic_ros2_extra_files) by extensions ['python_setup_py']
[0.345s] Level 1:colcon.colcon_core.package_identification:_identify(basic_ros2_extra_files) by extension 'python_setup_py'
[0.345s] Level 1:colcon.colcon_core.package_identification:_identify(basic_ros2_extra_files/plant_detector) by extensions ['ignore', 'ignore_ament_install']
[0.345s] Level 1:colcon.colcon_core.package_identification:_identify(basic_ros2_extra_files/plant_detector) by extension 'ignore'
[0.345s] Level 1:colcon.colcon_core.package_identification:_identify(basic_ros2_extra_files/plant_detector) by extension 'ignore_ament_install'
[0.345s] Level 1:colcon.colcon_core.package_identification:_identify(basic_ros2_extra_files/plant_detector) by extensions ['colcon_pkg']
[0.345s] Level 1:colcon.colcon_core.package_identification:_identify(basic_ros2_extra_files/plant_detector) by extension 'colcon_pkg'
[0.345s] Level 1:colcon.colcon_core.package_identification:_identify(basic_ros2_extra_files/plant_detector) by extensions ['colcon_meta']
[0.345s] Level 1:colcon.colcon_core.package_identification:_identify(basic_ros2_extra_files/plant_detector) by extension 'colcon_meta'
[0.345s] Level 1:colcon.colcon_core.package_identification:_identify(basic_ros2_extra_files/plant_detector) by extensions ['ament_cargo']
[0.345s] Level 1:colcon.colcon_core.package_identification:_identify(basic_ros2_extra_files/plant_detector) by extension 'ament_cargo'
[0.345s] Level 1:colcon.colcon_core.package_identification:_identify(basic_ros2_extra_files/plant_detector) by extensions ['ros']
[0.345s] Level 1:colcon.colcon_core.package_identification:_identify(basic_ros2_extra_files/plant_detector) by extension 'ros'
[0.345s] Level 1:colcon.colcon_core.package_identification:_identify(basic_ros2_extra_files/plant_detector) by extensions ['cargo', 'cmake', 'python']
[0.345s] Level 1:colcon.colcon_core.package_identification:_identify(basic_ros2_extra_files/plant_detector) by extension 'cargo'
[0.345s] Level 1:colcon.colcon_core.package_identification:_identify(basic_ros2_extra_files/plant_detector) by extension 'cmake'
[0.345s] Level 1:colcon.colcon_core.package_identification:_identify(basic_ros2_extra_files/plant_detector) by extension 'python'
[0.345s] Level 1:colcon.colcon_core.package_identification:_identify(basic_ros2_extra_files/plant_detector) by extensions ['python_setup_py']
[0.345s] Level 1:colcon.colcon_core.package_identification:_identify(basic_ros2_extra_files/plant_detector) by extension 'python_setup_py'
[0.346s] Level 1:colcon.colcon_core.package_identification:_identify(basic_ros2_extra_files/text_detector) by extensions ['ignore', 'ignore_ament_install']
[0.346s] Level 1:colcon.colcon_core.package_identification:_identify(basic_ros2_extra_files/text_detector) by extension 'ignore'
[0.346s] Level 1:colcon.colcon_core.package_identification:_identify(basic_ros2_extra_files/text_detector) by extension 'ignore_ament_install'
[0.346s] Level 1:colcon.colcon_core.package_identification:_identify(basic_ros2_extra_files/text_detector) by extensions ['colcon_pkg']
[0.346s] Level 1:colcon.colcon_core.package_identification:_identify(basic_ros2_extra_files/text_detector) by extension 'colcon_pkg'
[0.346s] Level 1:colcon.colcon_core.package_identification:_identify(basic_ros2_extra_files/text_detector) by extensions ['colcon_meta']
[0.346s] Level 1:colcon.colcon_core.package_identification:_identify(basic_ros2_extra_files/text_detector) by extension 'colcon_meta'
[0.346s] Level 1:colcon.colcon_core.package_identification:_identify(basic_ros2_extra_files/text_detector) by extensions ['ament_cargo']
[0.346s] Level 1:colcon.colcon_core.package_identification:_identify(basic_ros2_extra_files/text_detector) by extension 'ament_cargo'
[0.346s] Level 1:colcon.colcon_core.package_identification:_identify(basic_ros2_extra_files/text_detector) by extensions ['ros']
[0.346s] Level 1:colcon.colcon_core.package_identification:_identify(basic_ros2_extra_files/text_detector) by extension 'ros'
[0.346s] Level 1:colcon.colcon_core.package_identification:_identify(basic_ros2_extra_files/text_detector) by extensions ['cargo', 'cmake', 'python']
[0.346s] Level 1:colcon.colcon_core.package_identification:_identify(basic_ros2_extra_files/text_detector) by extension 'cargo'
[0.346s] Level 1:colcon.colcon_core.package_identification:_identify(basic_ros2_extra_files/text_detector) by extension 'cmake'
[0.346s] Level 1:colcon.colcon_core.package_identification:_identify(basic_ros2_extra_files/text_detector) by extension 'python'
[0.346s] Level 1:colcon.colcon_core.package_identification:_identify(basic_ros2_extra_files/text_detector) by extensions ['python_setup_py']
[0.346s] Level 1:colcon.colcon_core.package_identification:_identify(basic_ros2_extra_files/text_detector) by extension 'python_setup_py'
[0.346s] Level 1:colcon.colcon_core.package_identification:_identify(build) by extensions ['ignore', 'ignore_ament_install']
[0.346s] Level 1:colcon.colcon_core.package_identification:_identify(build) by extension 'ignore'
[0.347s] Level 1:colcon.colcon_core.package_identification:_identify(build) ignored
[0.347s] Level 1:colcon.colcon_core.package_identification:_identify(custom_interfaces) by extensions ['ignore', 'ignore_ament_install']
[0.347s] Level 1:colcon.colcon_core.package_identification:_identify(custom_interfaces) by extension 'ignore'
[0.347s] Level 1:colcon.colcon_core.package_identification:_identify(custom_interfaces) by extension 'ignore_ament_install'
[0.347s] Level 1:colcon.colcon_core.package_identification:_identify(custom_interfaces) by extensions ['colcon_pkg']
[0.347s] Level 1:colcon.colcon_core.package_identification:_identify(custom_interfaces) by extension 'colcon_pkg'
[0.347s] Level 1:colcon.colcon_core.package_identification:_identify(custom_interfaces) by extensions ['colcon_meta']
[0.347s] Level 1:colcon.colcon_core.package_identification:_identify(custom_interfaces) by extension 'colcon_meta'
[0.347s] Level 1:colcon.colcon_core.package_identification:_identify(custom_interfaces) by extensions ['ament_cargo']
[0.347s] Level 1:colcon.colcon_core.package_identification:_identify(custom_interfaces) by extension 'ament_cargo'
[0.347s] Level 1:colcon.colcon_core.package_identification:_identify(custom_interfaces) by extensions ['ros']
[0.347s] Level 1:colcon.colcon_core.package_identification:_identify(custom_interfaces) by extension 'ros'
[0.350s] DEBUG:colcon.colcon_core.package_identification:Package 'custom_interfaces' with type 'ros.ament_cmake' and name 'custom_interfaces'
[0.350s] Level 1:colcon.colcon_core.package_identification:_identify(install) by extensions ['ignore', 'ignore_ament_install']
[0.350s] Level 1:colcon.colcon_core.package_identification:_identify(install) by extension 'ignore'
[0.350s] Level 1:colcon.colcon_core.package_identification:_identify(install) ignored
[0.350s] Level 1:colcon.colcon_core.package_identification:_identify(log) by extensions ['ignore', 'ignore_ament_install']
[0.350s] Level 1:colcon.colcon_core.package_identification:_identify(log) by extension 'ignore'
[0.350s] Level 1:colcon.colcon_core.package_identification:_identify(log) ignored
[0.351s] Level 1:colcon.colcon_core.package_identification:_identify(mars_rover_tasks) by extensions ['ignore', 'ignore_ament_install']
[0.351s] Level 1:colcon.colcon_core.package_identification:_identify(mars_rover_tasks) by extension 'ignore'
[0.351s] Level 1:colcon.colcon_core.package_identification:_identify(mars_rover_tasks) by extension 'ignore_ament_install'
[0.351s] Level 1:colcon.colcon_core.package_identification:_identify(mars_rover_tasks) by extensions ['colcon_pkg']
[0.351s] Level 1:colcon.colcon_core.package_identification:_identify(mars_rover_tasks) by extension 'colcon_pkg'
[0.351s] Level 1:colcon.colcon_core.package_identification:_identify(mars_rover_tasks) by extensions ['colcon_meta']
[0.351s] Level 1:colcon.colcon_core.package_identification:_identify(mars_rover_tasks) by extension 'colcon_meta'
[0.351s] Level 1:colcon.colcon_core.package_identification:_identify(mars_rover_tasks) by extensions ['ament_cargo']
[0.351s] Level 1:colcon.colcon_core.package_identification:_identify(mars_rover_tasks) by extension 'ament_cargo'
[0.351s] Level 1:colcon.colcon_core.package_identification:_identify(mars_rover_tasks) by extensions ['ros']
[0.351s] Level 1:colcon.colcon_core.package_identification:_identify(mars_rover_tasks) by extension 'ros'
[0.351s] DEBUG:colcon.colcon_core.package_identification:Package 'mars_rover_tasks' with type 'ros.ament_cmake' and name 'mars_rover_tasks'
[0.352s] Level 1:colcon.colcon_core.package_identification:_identify(services_quiz) by extensions ['ignore', 'ignore_ament_install']
[0.352s] Level 1:colcon.colcon_core.package_identification:_identify(services_quiz) by extension 'ignore'
[0.352s] Level 1:colcon.colcon_core.package_identification:_identify(services_quiz) by extension 'ignore_ament_install'
[0.352s] Level 1:colcon.colcon_core.package_identification:_identify(services_quiz) by extensions ['colcon_pkg']
[0.352s] Level 1:colcon.colcon_core.package_identification:_identify(services_quiz) by extension 'colcon_pkg'
[0.352s] Level 1:colcon.colcon_core.package_identification:_identify(services_quiz) by extensions ['colcon_meta']
[0.352s] Level 1:colcon.colcon_core.package_identification:_identify(services_quiz) by extension 'colcon_meta'
[0.352s] Level 1:colcon.colcon_core.package_identification:_identify(services_quiz) by extensions ['ament_cargo']
[0.352s] Level 1:colcon.colcon_core.package_identification:_identify(services_quiz) by extension 'ament_cargo'
[0.352s] Level 1:colcon.colcon_core.package_identification:_identify(services_quiz) by extensions ['ros']
[0.352s] Level 1:colcon.colcon_core.package_identification:_identify(services_quiz) by extension 'ros'
[0.353s] DEBUG:colcon.colcon_core.package_identification:Package 'services_quiz' with type 'ros.ament_cmake' and name 'services_quiz'
[0.353s] Level 1:colcon.colcon_core.package_identification:_identify(services_quiz_srv) by extensions ['ignore', 'ignore_ament_install']
[0.353s] Level 1:colcon.colcon_core.package_identification:_identify(services_quiz_srv) by extension 'ignore'
[0.353s] Level 1:colcon.colcon_core.package_identification:_identify(services_quiz_srv) by extension 'ignore_ament_install'
[0.353s] Level 1:colcon.colcon_core.package_identification:_identify(services_quiz_srv) by extensions ['colcon_pkg']
[0.353s] Level 1:colcon.colcon_core.package_identification:_identify(services_quiz_srv) by extension 'colcon_pkg'
[0.353s] Level 1:colcon.colcon_core.package_identification:_identify(services_quiz_srv) by extensions ['colcon_meta']
[0.353s] Level 1:colcon.colcon_core.package_identification:_identify(services_quiz_srv) by extension 'colcon_meta'
[0.353s] Level 1:colcon.colcon_core.package_identification:_identify(services_quiz_srv) by extensions ['ament_cargo']
[0.353s] Level 1:colcon.colcon_core.package_identification:_identify(services_quiz_srv) by extension 'ament_cargo'
[0.353s] Level 1:colcon.colcon_core.package_identification:_identify(services_quiz_srv) by extensions ['ros']
[0.353s] Level 1:colcon.colcon_core.package_identification:_identify(services_quiz_srv) by extension 'ros'
[0.354s] DEBUG:colcon.colcon_core.package_identification:Package 'services_quiz_srv' with type 'ros.ament_cmake' and name 'services_quiz_srv'
[0.354s] Level 1:colcon.colcon_core.package_discovery:discover_packages(recursive) using defaults
[0.354s] Level 1:colcon.colcon_core.package_discovery:discover_packages(ignore) discover
[0.354s] Level 1:colcon.colcon_core.package_discovery:discover_packages(ignore) using defaults
[0.354s] Level 1:colcon.colcon_core.package_discovery:discover_packages(path) discover
[0.354s] Level 1:colcon.colcon_core.package_discovery:discover_packages(path) using defaults
[0.374s] Level 5:colcon.colcon_core.verb:set package 'custom_interfaces' build argument 'lookup_in_workspace' from command line to 'False'
[0.374s] Level 5:colcon.colcon_core.verb:set package 'custom_interfaces' build argument 'cargo_args' from command line to 'None'
[0.374s] Level 5:colcon.colcon_core.verb:set package 'custom_interfaces' build argument 'clean_build' from command line to 'False'
[0.374s] Level 5:colcon.colcon_core.verb:set package 'custom_interfaces' build argument 'cmake_args' from command line to 'None'
[0.374s] Level 5:colcon.colcon_core.verb:set package 'custom_interfaces' build argument 'cmake_target' from command line to 'None'
[0.374s] Level 5:colcon.colcon_core.verb:set package 'custom_interfaces' build argument 'cmake_target_skip_unavailable' from command line to 'False'
[0.374s] Level 5:colcon.colcon_core.verb:set package 'custom_interfaces' build argument 'cmake_clean_cache' from command line to 'False'
[0.374s] Level 5:colcon.colcon_core.verb:set package 'custom_interfaces' build argument 'cmake_clean_first' from command line to 'False'
[0.374s] Level 5:colcon.colcon_core.verb:set package 'custom_interfaces' build argument 'cmake_force_configure' from command line to 'False'
[0.374s] Level 5:colcon.colcon_core.verb:set package 'custom_interfaces' build argument 'ament_cmake_args' from command line to 'None'
[0.374s] Level 5:colcon.colcon_core.verb:set package 'custom_interfaces' build argument 'catkin_cmake_args' from command line to 'None'
[0.374s] Level 5:colcon.colcon_core.verb:set package 'custom_interfaces' build argument 'catkin_skip_building_tests' from command line to 'False'
[0.374s] DEBUG:colcon.colcon_core.verb:Building package 'custom_interfaces' with the following arguments: {'ament_cmake_args': None, 'build_base': '/home/user/ros2_ws/src/build/custom_interfaces', 'cargo_args': None, 'catkin_cmake_args': None, 'catkin_skip_building_tests': False, 'clean_build': False, 'cmake_args': None, 'cmake_clean_cache': False, 'cmake_clean_first': False, 'cmake_force_configure': False, 'cmake_target': None, 'cmake_target_skip_unavailable': False, 'install_base': '/home/user/ros2_ws/src/install/custom_interfaces', 'lookup_in_workspace': False, 'merge_install': False, 'path': '/home/user/ros2_ws/src/custom_interfaces', 'symlink_install': False, 'test_result_base': None}
[0.374s] Level 5:colcon.colcon_core.verb:set package 'mars_rover_tasks' build argument 'lookup_in_workspace' from command line to 'False'
[0.374s] Level 5:colcon.colcon_core.verb:set package 'mars_rover_tasks' build argument 'cargo_args' from command line to 'None'
[0.375s] Level 5:colcon.colcon_core.verb:set package 'mars_rover_tasks' build argument 'clean_build' from command line to 'False'
[0.375s] Level 5:colcon.colcon_core.verb:set package 'mars_rover_tasks' build argument 'cmake_args' from command line to 'None'
[0.375s] Level 5:colcon.colcon_core.verb:set package 'mars_rover_tasks' build argument 'cmake_target' from command line to 'None'
[0.375s] Level 5:colcon.colcon_core.verb:set package 'mars_rover_tasks' build argument 'cmake_target_skip_unavailable' from command line to 'False'
[0.375s] Level 5:colcon.colcon_core.verb:set package 'mars_rover_tasks' build argument 'cmake_clean_cache' from command line to 'False'
[0.375s] Level 5:colcon.colcon_core.verb:set package 'mars_rover_tasks' build argument 'cmake_clean_first' from command line to 'False'
[0.375s] Level 5:colcon.colcon_core.verb:set package 'mars_rover_tasks' build argument 'cmake_force_configure' from command line to 'False'
[0.375s] Level 5:colcon.colcon_core.verb:set package 'mars_rover_tasks' build argument 'ament_cmake_args' from command line to 'None'
[0.375s] Level 5:colcon.colcon_core.verb:set package 'mars_rover_tasks' build argument 'catkin_cmake_args' from command line to 'None'
[0.375s] Level 5:colcon.colcon_core.verb:set package 'mars_rover_tasks' build argument 'catkin_skip_building_tests' from command line to 'False'
[0.375s] DEBUG:colcon.colcon_core.verb:Building package 'mars_rover_tasks' with the following arguments: {'ament_cmake_args': None, 'build_base': '/home/user/ros2_ws/src/build/mars_rover_tasks', 'cargo_args': None, 'catkin_cmake_args': None, 'catkin_skip_building_tests': False, 'clean_build': False, 'cmake_args': None, 'cmake_clean_cache': False, 'cmake_clean_first': False, 'cmake_force_configure': False, 'cmake_target': None, 'cmake_target_skip_unavailable': False, 'install_base': '/home/user/ros2_ws/src/install/mars_rover_tasks', 'lookup_in_workspace': False, 'merge_install': False, 'path': '/home/user/ros2_ws/src/mars_rover_tasks', 'symlink_install': False, 'test_result_base': None}
[0.375s] Level 5:colcon.colcon_core.verb:set package 'services_quiz' build argument 'lookup_in_workspace' from command line to 'False'
[0.375s] Level 5:colcon.colcon_core.verb:set package 'services_quiz' build argument 'cargo_args' from command line to 'None'
[0.375s] Level 5:colcon.colcon_core.verb:set package 'services_quiz' build argument 'clean_build' from command line to 'False'
[0.375s] Level 5:colcon.colcon_core.verb:set package 'services_quiz' build argument 'cmake_args' from command line to 'None'
[0.375s] Level 5:colcon.colcon_core.verb:set package 'services_quiz' build argument 'cmake_target' from command line to 'None'
[0.375s] Level 5:colcon.colcon_core.verb:set package 'services_quiz' build argument 'cmake_target_skip_unavailable' from command line to 'False'
[0.375s] Level 5:colcon.colcon_core.verb:set package 'services_quiz' build argument 'cmake_clean_cache' from command line to 'False'
[0.375s] Level 5:colcon.colcon_core.verb:set package 'services_quiz' build argument 'cmake_clean_first' from command line to 'False'
[0.375s] Level 5:colcon.colcon_core.verb:set package 'services_quiz' build argument 'cmake_force_configure' from command line to 'False'
[0.376s] Level 5:colcon.colcon_core.verb:set package 'services_quiz' build argument 'ament_cmake_args' from command line to 'None'
[0.376s] Level 5:colcon.colcon_core.verb:set package 'services_quiz' build argument 'catkin_cmake_args' from command line to 'None'
[0.376s] Level 5:colcon.colcon_core.verb:set package 'services_quiz' build argument 'catkin_skip_building_tests' from command line to 'False'
[0.376s] DEBUG:colcon.colcon_core.verb:Building package 'services_quiz' with the following arguments: {'ament_cmake_args': None, 'build_base': '/home/user/ros2_ws/src/build/services_quiz', 'cargo_args': None, 'catkin_cmake_args': None, 'catkin_skip_building_tests': False, 'clean_build': False, 'cmake_args': None, 'cmake_clean_cache': False, 'cmake_clean_first': False, 'cmake_force_configure': False, 'cmake_target': None, 'cmake_target_skip_unavailable': False, 'install_base': '/home/user/ros2_ws/src/install/services_quiz', 'lookup_in_workspace': False, 'merge_install': False, 'path': '/home/user/ros2_ws/src/services_quiz', 'symlink_install': False, 'test_result_base': None}
[0.376s] Level 5:colcon.colcon_core.verb:set package 'services_quiz_srv' build argument 'lookup_in_workspace' from command line to 'False'
[0.376s] Level 5:colcon.colcon_core.verb:set package 'services_quiz_srv' build argument 'cargo_args' from command line to 'None'
[0.376s] Level 5:colcon.colcon_core.verb:set package 'services_quiz_srv' build argument 'clean_build' from command line to 'False'
[0.376s] Level 5:colcon.colcon_core.verb:set package 'services_quiz_srv' build argument 'cmake_args' from command line to 'None'
[0.376s] Level 5:colcon.colcon_core.verb:set package 'services_quiz_srv' build argument 'cmake_target' from command line to 'None'
[0.376s] Level 5:colcon.colcon_core.verb:set package 'services_quiz_srv' build argument 'cmake_target_skip_unavailable' from command line to 'False'
[0.376s] Level 5:colcon.colcon_core.verb:set package 'services_quiz_srv' build argument 'cmake_clean_cache' from command line to 'False'
[0.376s] Level 5:colcon.colcon_core.verb:set package 'services_quiz_srv' build argument 'cmake_clean_first' from command line to 'False'
[0.376s] Level 5:colcon.colcon_core.verb:set package 'services_quiz_srv' build argument 'cmake_force_configure' from command line to 'False'
[0.376s] Level 5:colcon.colcon_core.verb:set package 'services_quiz_srv' build argument 'ament_cmake_args' from command line to 'None'
[0.376s] Level 5:colcon.colcon_core.verb:set package 'services_quiz_srv' build argument 'catkin_cmake_args' from command line to 'None'
[0.376s] Level 5:colcon.colcon_core.verb:set package 'services_quiz_srv' build argument 'catkin_skip_building_tests' from command line to 'False'
[0.376s] DEBUG:colcon.colcon_core.verb:Building package 'services_quiz_srv' with the following arguments: {'ament_cmake_args': None, 'build_base': '/home/user/ros2_ws/src/build/services_quiz_srv', 'cargo_args': None, 'catkin_cmake_args': None, 'catkin_skip_building_tests': False, 'clean_build': False, 'cmake_args': None, 'cmake_clean_cache': False, 'cmake_clean_first': False, 'cmake_force_configure': False, 'cmake_target': None, 'cmake_target_skip_unavailable': False, 'install_base': '/home/user/ros2_ws/src/install/services_quiz_srv', 'lookup_in_workspace': False, 'merge_install': False, 'path': '/home/user/ros2_ws/src/services_quiz_srv', 'symlink_install': False, 'test_result_base': None}
[0.376s] INFO:colcon.colcon_core.executor:Executing jobs using 'parallel' executor
[0.377s] DEBUG:colcon.colcon_parallel_executor.executor.parallel:run_until_complete
[0.378s] INFO:colcon.colcon_ros.task.ament_cmake.build:Building ROS package in '/home/user/ros2_ws/src/custom_interfaces' with build type 'ament_cmake'
[0.378s] INFO:colcon.colcon_cmake.task.cmake.build:Building CMake package in '/home/user/ros2_ws/src/custom_interfaces'
[0.380s] INFO:colcon.colcon_core.plugin_system:Skipping extension 'colcon_core.shell.bat': Not used on non-Windows systems
[0.380s] INFO:colcon.colcon_core.shell:Skip shell extension 'powershell' for command environment: Not usable outside of PowerShell
[0.380s] DEBUG:colcon.colcon_core.shell:Skip shell extension 'dsv' for command environment
[0.388s] INFO:colcon.colcon_ros.task.ament_cmake.build:Building ROS package in '/home/user/ros2_ws/src/mars_rover_tasks' with build type 'ament_cmake'
[0.389s] INFO:colcon.colcon_cmake.task.cmake.build:Building CMake package in '/home/user/ros2_ws/src/mars_rover_tasks'
[0.389s] INFO:colcon.colcon_core.shell:Skip shell extension 'powershell' for command environment: Not usable outside of PowerShell
[0.389s] DEBUG:colcon.colcon_core.shell:Skip shell extension 'dsv' for command environment
[0.395s] INFO:colcon.colcon_ros.task.ament_cmake.build:Building ROS package in '/home/user/ros2_ws/src/services_quiz' with build type 'ament_cmake'
[0.395s] INFO:colcon.colcon_cmake.task.cmake.build:Building CMake package in '/home/user/ros2_ws/src/services_quiz'
[0.395s] INFO:colcon.colcon_core.shell:Skip shell extension 'powershell' for command environment: Not usable outside of PowerShell
[0.395s] DEBUG:colcon.colcon_core.shell:Skip shell extension 'dsv' for command environment
[0.401s] INFO:colcon.colcon_ros.task.ament_cmake.build:Building ROS package in '/home/user/ros2_ws/src/services_quiz_srv' with build type 'ament_cmake'
[0.401s] INFO:colcon.colcon_cmake.task.cmake.build:Building CMake package in '/home/user/ros2_ws/src/services_quiz_srv'
[0.402s] INFO:colcon.colcon_core.shell:Skip shell extension 'powershell' for command environment: Not usable outside of PowerShell
[0.402s] DEBUG:colcon.colcon_core.shell:Skip shell extension 'dsv' for command environment
[0.413s] DEBUG:colcon.colcon_core.event_handler.log_command:Invoking command in '/home/user/ros2_ws/src/build/custom_interfaces': CMAKE_PREFIX_PATH=${CMAKE_PREFIX_PATH}:/home/simulations/ros2_sims_ws/install/tracetools_test:/home/simulations/ros2_sims_ws/install/tracetools_launch:/home/simulations/ros2_sims_ws/install/ros2trace:/home/simulations/ros2_sims_ws/install/tracetools_trace:/home/simulations/ros2_sims_ws/install/ros2trace_analysis:/home/simulations/ros2_sims_ws/install/tracetools_analysis:/home/simulations/ros2_sims_ws/install/tracetools_read:/home/simulations/ros2_sims_ws/install/test_tracetools_launch:/opt/ros/humble:/home/simulations/ros2_sims_ws/install/robot_description _=/usr/bin/env /usr/bin/cmake --build /home/user/ros2_ws/src/build/custom_interfaces -- -j8 -l8
[0.416s] DEBUG:colcon.colcon_core.event_handler.log_command:Invoking command in '/home/user/ros2_ws/src/build/mars_rover_tasks': CMAKE_PREFIX_PATH=${CMAKE_PREFIX_PATH}:/home/simulations/ros2_sims_ws/install/tracetools_test:/home/simulations/ros2_sims_ws/install/tracetools_launch:/home/simulations/ros2_sims_ws/install/ros2trace:/home/simulations/ros2_sims_ws/install/tracetools_trace:/home/simulations/ros2_sims_ws/install/ros2trace_analysis:/home/simulations/ros2_sims_ws/install/tracetools_analysis:/home/simulations/ros2_sims_ws/install/tracetools_read:/home/simulations/ros2_sims_ws/install/test_tracetools_launch:/opt/ros/humble:/home/simulations/ros2_sims_ws/install/robot_description _=/usr/bin/env /usr/bin/cmake --build /home/user/ros2_ws/src/build/mars_rover_tasks -- -j8 -l8
[0.422s] DEBUG:colcon.colcon_core.event_handler.log_command:Invoking command in '/home/user/ros2_ws/src/build/services_quiz': CMAKE_PREFIX_PATH=${CMAKE_PREFIX_PATH}:/home/simulations/ros2_sims_ws/install/tracetools_test:/home/simulations/ros2_sims_ws/install/tracetools_launch:/home/simulations/ros2_sims_ws/install/ros2trace:/home/simulations/ros2_sims_ws/install/tracetools_trace:/home/simulations/ros2_sims_ws/install/ros2trace_analysis:/home/simulations/ros2_sims_ws/install/tracetools_analysis:/home/simulations/ros2_sims_ws/install/tracetools_read:/home/simulations/ros2_sims_ws/install/test_tracetools_launch:/opt/ros/humble:/home/simulations/ros2_sims_ws/install/robot_description _=/usr/bin/env /usr/bin/cmake --build /home/user/ros2_ws/src/build/services_quiz -- -j8 -l8
[0.426s] DEBUG:colcon.colcon_core.event_handler.log_command:Invoking command in '/home/user/ros2_ws/src/build/services_quiz_srv': CMAKE_PREFIX_PATH=${CMAKE_PREFIX_PATH}:/home/simulations/ros2_sims_ws/install/tracetools_test:/home/simulations/ros2_sims_ws/install/tracetools_launch:/home/simulations/ros2_sims_ws/install/ros2trace:/home/simulations/ros2_sims_ws/install/tracetools_trace:/home/simulations/ros2_sims_ws/install/ros2trace_analysis:/home/simulations/ros2_sims_ws/install/tracetools_analysis:/home/simulations/ros2_sims_ws/install/tracetools_read:/home/simulations/ros2_sims_ws/install/test_tracetools_launch:/opt/ros/humble:/home/simulations/ros2_sims_ws/install/robot_description _=/usr/bin/env /usr/bin/cmake --build /home/user/ros2_ws/src/build/services_quiz_srv -- -j8 -l8
[0.550s] DEBUG:colcon.colcon_core.event_handler.log_command:Invoked command in '/home/user/ros2_ws/src/build/mars_rover_tasks' returned '0': CMAKE_PREFIX_PATH=${CMAKE_PREFIX_PATH}:/home/simulations/ros2_sims_ws/install/tracetools_test:/home/simulations/ros2_sims_ws/install/tracetools_launch:/home/simulations/ros2_sims_ws/install/ros2trace:/home/simulations/ros2_sims_ws/install/tracetools_trace:/home/simulations/ros2_sims_ws/install/ros2trace_analysis:/home/simulations/ros2_sims_ws/install/tracetools_analysis:/home/simulations/ros2_sims_ws/install/tracetools_read:/home/simulations/ros2_sims_ws/install/test_tracetools_launch:/opt/ros/humble:/home/simulations/ros2_sims_ws/install/robot_description _=/usr/bin/env /usr/bin/cmake --build /home/user/ros2_ws/src/build/mars_rover_tasks -- -j8 -l8
[0.677s] DEBUG:colcon.colcon_core.event_handler.log_command:Invoking command in '/home/user/ros2_ws/src/build/mars_rover_tasks': CMAKE_PREFIX_PATH=${CMAKE_PREFIX_PATH}:/home/simulations/ros2_sims_ws/install/tracetools_test:/home/simulations/ros2_sims_ws/install/tracetools_launch:/home/simulations/ros2_sims_ws/install/ros2trace:/home/simulations/ros2_sims_ws/install/tracetools_trace:/home/simulations/ros2_sims_ws/install/ros2trace_analysis:/home/simulations/ros2_sims_ws/install/tracetools_analysis:/home/simulations/ros2_sims_ws/install/tracetools_read:/home/simulations/ros2_sims_ws/install/test_tracetools_launch:/opt/ros/humble:/home/simulations/ros2_sims_ws/install/robot_description _=/usr/bin/env /usr/bin/cmake --install /home/user/ros2_ws/src/build/mars_rover_tasks
[0.698s] Level 1:colcon.colcon_core.environment:create_environment_scripts_only(mars_rover_tasks)
[0.698s] DEBUG:colcon.colcon_core.event_handler.log_command:Invoked command in '/home/user/ros2_ws/src/build/mars_rover_tasks' returned '0': CMAKE_PREFIX_PATH=${CMAKE_PREFIX_PATH}:/home/simulations/ros2_sims_ws/install/tracetools_test:/home/simulations/ros2_sims_ws/install/tracetools_launch:/home/simulations/ros2_sims_ws/install/ros2trace:/home/simulations/ros2_sims_ws/install/tracetools_trace:/home/simulations/ros2_sims_ws/install/ros2trace_analysis:/home/simulations/ros2_sims_ws/install/tracetools_analysis:/home/simulations/ros2_sims_ws/install/tracetools_read:/home/simulations/ros2_sims_ws/install/test_tracetools_launch:/opt/ros/humble:/home/simulations/ros2_sims_ws/install/robot_description _=/usr/bin/env /usr/bin/cmake --install /home/user/ros2_ws/src/build/mars_rover_tasks
[0.702s] Level 1:colcon.colcon_core.environment:checking '/home/user/ros2_ws/src/install/mars_rover_tasks' for CMake module files
[0.702s] Level 1:colcon.colcon_core.environment:checking '/home/user/ros2_ws/src/install/mars_rover_tasks' for CMake config files
[0.703s] Level 1:colcon.colcon_core.shell:create_environment_hook('mars_rover_tasks', 'cmake_prefix_path')
[0.703s] INFO:colcon.colcon_core.shell:Creating environment hook '/home/user/ros2_ws/src/install/mars_rover_tasks/share/mars_rover_tasks/hook/cmake_prefix_path.ps1'
[0.704s] INFO:colcon.colcon_core.shell:Creating environment descriptor '/home/user/ros2_ws/src/install/mars_rover_tasks/share/mars_rover_tasks/hook/cmake_prefix_path.dsv'
[0.704s] INFO:colcon.colcon_core.shell:Creating environment hook '/home/user/ros2_ws/src/install/mars_rover_tasks/share/mars_rover_tasks/hook/cmake_prefix_path.sh'
[0.705s] Level 1:colcon.colcon_core.environment:checking '/home/user/ros2_ws/src/install/mars_rover_tasks/lib'
[0.705s] Level 1:colcon.colcon_core.environment:checking '/home/user/ros2_ws/src/install/mars_rover_tasks/bin'
[0.706s] Level 1:colcon.colcon_core.environment:checking '/home/user/ros2_ws/src/install/mars_rover_tasks/lib/pkgconfig/mars_rover_tasks.pc'
[0.707s] Level 1:colcon.colcon_core.environment:checking '/home/user/ros2_ws/src/install/mars_rover_tasks/lib/python3.10/site-packages'
[0.708s] Level 1:colcon.colcon_core.environment:checking '/home/user/ros2_ws/src/install/mars_rover_tasks/bin'
[0.708s] INFO:colcon.colcon_core.shell:Creating package script '/home/user/ros2_ws/src/install/mars_rover_tasks/share/mars_rover_tasks/package.ps1'
[0.709s] INFO:colcon.colcon_core.shell:Creating package descriptor '/home/user/ros2_ws/src/install/mars_rover_tasks/share/mars_rover_tasks/package.dsv'
[0.709s] INFO:colcon.colcon_core.shell:Creating package script '/home/user/ros2_ws/src/install/mars_rover_tasks/share/mars_rover_tasks/package.sh'
[0.710s] INFO:colcon.colcon_core.shell:Creating package script '/home/user/ros2_ws/src/install/mars_rover_tasks/share/mars_rover_tasks/package.bash'
[0.711s] INFO:colcon.colcon_core.shell:Creating package script '/home/user/ros2_ws/src/install/mars_rover_tasks/share/mars_rover_tasks/package.zsh'
[0.712s] Level 1:colcon.colcon_core.environment:create_file_with_runtime_dependencies(/home/user/ros2_ws/src/install/mars_rover_tasks/share/colcon-core/packages/mars_rover_tasks)
[0.817s] Level 1:colcon.colcon_core.environment:create_environment_scripts_only(mars_rover_tasks)
[0.818s] Level 1:colcon.colcon_core.environment:checking '/home/user/ros2_ws/src/install/mars_rover_tasks' for CMake module files
[0.819s] Level 1:colcon.colcon_core.environment:checking '/home/user/ros2_ws/src/install/mars_rover_tasks' for CMake config files
[0.819s] Level 1:colcon.colcon_core.shell:create_environment_hook('mars_rover_tasks', 'cmake_prefix_path')
[0.819s] INFO:colcon.colcon_core.shell:Creating environment hook '/home/user/ros2_ws/src/install/mars_rover_tasks/share/mars_rover_tasks/hook/cmake_prefix_path.ps1'
[0.821s] INFO:colcon.colcon_core.shell:Creating environment descriptor '/home/user/ros2_ws/src/install/mars_rover_tasks/share/mars_rover_tasks/hook/cmake_prefix_path.dsv'
[0.821s] INFO:colcon.colcon_core.shell:Creating environment hook '/home/user/ros2_ws/src/install/mars_rover_tasks/share/mars_rover_tasks/hook/cmake_prefix_path.sh'
[0.822s] Level 1:colcon.colcon_core.environment:checking '/home/user/ros2_ws/src/install/mars_rover_tasks/lib'
[0.822s] Level 1:colcon.colcon_core.environment:checking '/home/user/ros2_ws/src/install/mars_rover_tasks/bin'
[0.822s] Level 1:colcon.colcon_core.environment:checking '/home/user/ros2_ws/src/install/mars_rover_tasks/lib/pkgconfig/mars_rover_tasks.pc'
[0.822s] Level 1:colcon.colcon_core.environment:checking '/home/user/ros2_ws/src/install/mars_rover_tasks/lib/python3.10/site-packages'
[0.823s] Level 1:colcon.colcon_core.environment:checking '/home/user/ros2_ws/src/install/mars_rover_tasks/bin'
[0.823s] INFO:colcon.colcon_core.shell:Creating package script '/home/user/ros2_ws/src/install/mars_rover_tasks/share/mars_rover_tasks/package.ps1'
[0.824s] INFO:colcon.colcon_core.shell:Creating package descriptor '/home/user/ros2_ws/src/install/mars_rover_tasks/share/mars_rover_tasks/package.dsv'
[0.824s] INFO:colcon.colcon_core.shell:Creating package script '/home/user/ros2_ws/src/install/mars_rover_tasks/share/mars_rover_tasks/package.sh'
[0.825s] INFO:colcon.colcon_core.shell:Creating package script '/home/user/ros2_ws/src/install/mars_rover_tasks/share/mars_rover_tasks/package.bash'
[0.826s] INFO:colcon.colcon_core.shell:Creating package script '/home/user/ros2_ws/src/install/mars_rover_tasks/share/mars_rover_tasks/package.zsh'
[0.826s] Level 1:colcon.colcon_core.environment:create_file_with_runtime_dependencies(/home/user/ros2_ws/src/install/mars_rover_tasks/share/colcon-core/packages/mars_rover_tasks)
[0.993s] DEBUG:colcon.colcon_core.event_handler.log_command:Invoked command in '/home/user/ros2_ws/src/build/services_quiz_srv' returned '0': CMAKE_PREFIX_PATH=${CMAKE_PREFIX_PATH}:/home/simulations/ros2_sims_ws/install/tracetools_test:/home/simulations/ros2_sims_ws/install/tracetools_launch:/home/simulations/ros2_sims_ws/install/ros2trace:/home/simulations/ros2_sims_ws/install/tracetools_trace:/home/simulations/ros2_sims_ws/install/ros2trace_analysis:/home/simulations/ros2_sims_ws/install/tracetools_analysis:/home/simulations/ros2_sims_ws/install/tracetools_read:/home/simulations/ros2_sims_ws/install/test_tracetools_launch:/opt/ros/humble:/home/simulations/ros2_sims_ws/install/robot_description _=/usr/bin/env /usr/bin/cmake --build /home/user/ros2_ws/src/build/services_quiz_srv -- -j8 -l8
[1.001s] DEBUG:colcon.colcon_core.event_handler.log_command:Invoked command in '/home/user/ros2_ws/src/build/custom_interfaces' returned '0': CMAKE_PREFIX_PATH=${CMAKE_PREFIX_PATH}:/home/simulations/ros2_sims_ws/install/tracetools_test:/home/simulations/ros2_sims_ws/install/tracetools_launch:/home/simulations/ros2_sims_ws/install/ros2trace:/home/simulations/ros2_sims_ws/install/tracetools_trace:/home/simulations/ros2_sims_ws/install/ros2trace_analysis:/home/simulations/ros2_sims_ws/install/tracetools_analysis:/home/simulations/ros2_sims_ws/install/tracetools_read:/home/simulations/ros2_sims_ws/install/test_tracetools_launch:/opt/ros/humble:/home/simulations/ros2_sims_ws/install/robot_description _=/usr/bin/env /usr/bin/cmake --build /home/user/ros2_ws/src/build/custom_interfaces -- -j8 -l8
[1.111s] DEBUG:colcon.colcon_core.event_handler.log_command:Invoking command in '/home/user/ros2_ws/src/build/services_quiz_srv': CMAKE_PREFIX_PATH=${CMAKE_PREFIX_PATH}:/home/simulations/ros2_sims_ws/install/tracetools_test:/home/simulations/ros2_sims_ws/install/tracetools_launch:/home/simulations/ros2_sims_ws/install/ros2trace:/home/simulations/ros2_sims_ws/install/tracetools_trace:/home/simulations/ros2_sims_ws/install/ros2trace_analysis:/home/simulations/ros2_sims_ws/install/tracetools_analysis:/home/simulations/ros2_sims_ws/install/tracetools_read:/home/simulations/ros2_sims_ws/install/test_tracetools_launch:/opt/ros/humble:/home/simulations/ros2_sims_ws/install/robot_description _=/usr/bin/env /usr/bin/cmake --install /home/user/ros2_ws/src/build/services_quiz_srv
[1.162s] DEBUG:colcon.colcon_core.event_handler.log_command:Invoking command in '/home/user/ros2_ws/src/build/custom_interfaces': CMAKE_PREFIX_PATH=${CMAKE_PREFIX_PATH}:/home/simulations/ros2_sims_ws/install/tracetools_test:/home/simulations/ros2_sims_ws/install/tracetools_launch:/home/simulations/ros2_sims_ws/install/ros2trace:/home/simulations/ros2_sims_ws/install/tracetools_trace:/home/simulations/ros2_sims_ws/install/ros2trace_analysis:/home/simulations/ros2_sims_ws/install/tracetools_analysis:/home/simulations/ros2_sims_ws/install/tracetools_read:/home/simulations/ros2_sims_ws/install/test_tracetools_launch:/opt/ros/humble:/home/simulations/ros2_sims_ws/install/robot_description _=/usr/bin/env /usr/bin/cmake --install /home/user/ros2_ws/src/build/custom_interfaces
[1.191s] Level 1:colcon.colcon_core.environment:create_environment_scripts_only(services_quiz_srv)
[1.192s] Level 1:colcon.colcon_core.environment:checking '/home/user/ros2_ws/src/install/services_quiz_srv' for CMake module files
[1.192s] DEBUG:colcon.colcon_core.event_handler.log_command:Invoked command in '/home/user/ros2_ws/src/build/services_quiz_srv' returned '0': CMAKE_PREFIX_PATH=${CMAKE_PREFIX_PATH}:/home/simulations/ros2_sims_ws/install/tracetools_test:/home/simulations/ros2_sims_ws/install/tracetools_launch:/home/simulations/ros2_sims_ws/install/ros2trace:/home/simulations/ros2_sims_ws/install/tracetools_trace:/home/simulations/ros2_sims_ws/install/ros2trace_analysis:/home/simulations/ros2_sims_ws/install/tracetools_analysis:/home/simulations/ros2_sims_ws/install/tracetools_read:/home/simulations/ros2_sims_ws/install/test_tracetools_launch:/opt/ros/humble:/home/simulations/ros2_sims_ws/install/robot_description _=/usr/bin/env /usr/bin/cmake --install /home/user/ros2_ws/src/build/services_quiz_srv
[1.193s] Level 1:colcon.colcon_core.environment:checking '/home/user/ros2_ws/src/install/services_quiz_srv' for CMake config files
[1.193s] Level 1:colcon.colcon_core.shell:create_environment_hook('services_quiz_srv', 'cmake_prefix_path')
[1.193s] INFO:colcon.colcon_core.shell:Creating environment hook '/home/user/ros2_ws/src/install/services_quiz_srv/share/services_quiz_srv/hook/cmake_prefix_path.ps1'
[1.194s] INFO:colcon.colcon_core.shell:Creating environment descriptor '/home/user/ros2_ws/src/install/services_quiz_srv/share/services_quiz_srv/hook/cmake_prefix_path.dsv'
[1.194s] INFO:colcon.colcon_core.shell:Creating environment hook '/home/user/ros2_ws/src/install/services_quiz_srv/share/services_quiz_srv/hook/cmake_prefix_path.sh'
[1.195s] Level 1:colcon.colcon_core.environment:checking '/home/user/ros2_ws/src/install/services_quiz_srv/lib'
[1.195s] Level 1:colcon.colcon_core.shell:create_environment_hook('services_quiz_srv', 'ld_library_path_lib')
[1.195s] INFO:colcon.colcon_core.shell:Creating environment hook '/home/user/ros2_ws/src/install/services_quiz_srv/share/services_quiz_srv/hook/ld_library_path_lib.ps1'
[1.195s] INFO:colcon.colcon_core.shell:Creating environment descriptor '/home/user/ros2_ws/src/install/services_quiz_srv/share/services_quiz_srv/hook/ld_library_path_lib.dsv'
[1.196s] INFO:colcon.colcon_core.shell:Creating environment hook '/home/user/ros2_ws/src/install/services_quiz_srv/share/services_quiz_srv/hook/ld_library_path_lib.sh'
[1.196s] Level 1:colcon.colcon_core.environment:checking '/home/user/ros2_ws/src/install/services_quiz_srv/bin'
[1.196s] Level 1:colcon.colcon_core.environment:checking '/home/user/ros2_ws/src/install/services_quiz_srv/lib/pkgconfig/services_quiz_srv.pc'
[1.196s] Level 1:colcon.colcon_core.environment:checking '/home/user/ros2_ws/src/install/services_quiz_srv/lib/python3.10/site-packages'
[1.197s] Level 1:colcon.colcon_core.environment:checking '/home/user/ros2_ws/src/install/services_quiz_srv/bin'
[1.197s] INFO:colcon.colcon_core.shell:Creating package script '/home/user/ros2_ws/src/install/services_quiz_srv/share/services_quiz_srv/package.ps1'
[1.197s] INFO:colcon.colcon_core.shell:Creating package descriptor '/home/user/ros2_ws/src/install/services_quiz_srv/share/services_quiz_srv/package.dsv'
[1.198s] INFO:colcon.colcon_core.shell:Creating package script '/home/user/ros2_ws/src/install/services_quiz_srv/share/services_quiz_srv/package.sh'
[1.198s] INFO:colcon.colcon_core.shell:Creating package script '/home/user/ros2_ws/src/install/services_quiz_srv/share/services_quiz_srv/package.bash'
[1.198s] INFO:colcon.colcon_core.shell:Creating package script '/home/user/ros2_ws/src/install/services_quiz_srv/share/services_quiz_srv/package.zsh'
[1.199s] Level 1:colcon.colcon_core.environment:create_file_with_runtime_dependencies(/home/user/ros2_ws/src/install/services_quiz_srv/share/colcon-core/packages/services_quiz_srv)
[1.233s] Level 1:colcon.colcon_core.environment:create_environment_scripts_only(custom_interfaces)
[1.233s] Level 1:colcon.colcon_core.environment:checking '/home/user/ros2_ws/src/install/custom_interfaces' for CMake module files
[1.235s] Level 1:colcon.colcon_core.environment:checking '/home/user/ros2_ws/src/install/custom_interfaces' for CMake config files
[1.236s] DEBUG:colcon.colcon_core.event_handler.log_command:Invoked command in '/home/user/ros2_ws/src/build/custom_interfaces' returned '0': CMAKE_PREFIX_PATH=${CMAKE_PREFIX_PATH}:/home/simulations/ros2_sims_ws/install/tracetools_test:/home/simulations/ros2_sims_ws/install/tracetools_launch:/home/simulations/ros2_sims_ws/install/ros2trace:/home/simulations/ros2_sims_ws/install/tracetools_trace:/home/simulations/ros2_sims_ws/install/ros2trace_analysis:/home/simulations/ros2_sims_ws/install/tracetools_analysis:/home/simulations/ros2_sims_ws/install/tracetools_read:/home/simulations/ros2_sims_ws/install/test_tracetools_launch:/opt/ros/humble:/home/simulations/ros2_sims_ws/install/robot_description _=/usr/bin/env /usr/bin/cmake --install /home/user/ros2_ws/src/build/custom_interfaces
[1.236s] Level 1:colcon.colcon_core.shell:create_environment_hook('custom_interfaces', 'cmake_prefix_path')
[1.237s] INFO:colcon.colcon_core.shell:Creating environment hook '/home/user/ros2_ws/src/install/custom_interfaces/share/custom_interfaces/hook/cmake_prefix_path.ps1'
[1.237s] INFO:colcon.colcon_core.shell:Creating environment descriptor '/home/user/ros2_ws/src/install/custom_interfaces/share/custom_interfaces/hook/cmake_prefix_path.dsv'
[1.238s] INFO:colcon.colcon_core.shell:Creating environment hook '/home/user/ros2_ws/src/install/custom_interfaces/share/custom_interfaces/hook/cmake_prefix_path.sh'
[1.238s] Level 1:colcon.colcon_core.environment:checking '/home/user/ros2_ws/src/install/custom_interfaces/lib'
[1.238s] Level 1:colcon.colcon_core.shell:create_environment_hook('custom_interfaces', 'ld_library_path_lib')
[1.238s] INFO:colcon.colcon_core.shell:Creating environment hook '/home/user/ros2_ws/src/install/custom_interfaces/share/custom_interfaces/hook/ld_library_path_lib.ps1'
[1.239s] INFO:colcon.colcon_core.shell:Creating environment descriptor '/home/user/ros2_ws/src/install/custom_interfaces/share/custom_interfaces/hook/ld_library_path_lib.dsv'
[1.239s] INFO:colcon.colcon_core.shell:Creating environment hook '/home/user/ros2_ws/src/install/custom_interfaces/share/custom_interfaces/hook/ld_library_path_lib.sh'
[1.239s] Level 1:colcon.colcon_core.environment:checking '/home/user/ros2_ws/src/install/custom_interfaces/bin'
[1.240s] Level 1:colcon.colcon_core.environment:checking '/home/user/ros2_ws/src/install/custom_interfaces/lib/pkgconfig/custom_interfaces.pc'
[1.240s] Level 1:colcon.colcon_core.environment:checking '/home/user/ros2_ws/src/install/custom_interfaces/lib/python3.10/site-packages'
[1.240s] Level 1:colcon.colcon_core.environment:checking '/home/user/ros2_ws/src/install/custom_interfaces/bin'
[1.240s] INFO:colcon.colcon_core.shell:Creating package script '/home/user/ros2_ws/src/install/custom_interfaces/share/custom_interfaces/package.ps1'
[1.241s] INFO:colcon.colcon_core.shell:Creating package descriptor '/home/user/ros2_ws/src/install/custom_interfaces/share/custom_interfaces/package.dsv'
[1.241s] INFO:colcon.colcon_core.shell:Creating package script '/home/user/ros2_ws/src/install/custom_interfaces/share/custom_interfaces/package.sh'
[1.242s] INFO:colcon.colcon_core.shell:Creating package script '/home/user/ros2_ws/src/install/custom_interfaces/share/custom_interfaces/package.bash'
[1.242s] INFO:colcon.colcon_core.shell:Creating package script '/home/user/ros2_ws/src/install/custom_interfaces/share/custom_interfaces/package.zsh'
[1.242s] Level 1:colcon.colcon_core.environment:create_file_with_runtime_dependencies(/home/user/ros2_ws/src/install/custom_interfaces/share/colcon-core/packages/custom_interfaces)
[1.319s] Level 1:colcon.colcon_core.environment:create_environment_scripts_only(services_quiz_srv)
[1.319s] Level 1:colcon.colcon_core.environment:checking '/home/user/ros2_ws/src/install/services_quiz_srv' for CMake module files
[1.320s] Level 1:colcon.colcon_core.environment:checking '/home/user/ros2_ws/src/install/services_quiz_srv' for CMake config files
[1.321s] Level 1:colcon.colcon_core.shell:create_environment_hook('services_quiz_srv', 'cmake_prefix_path')
[1.321s] INFO:colcon.colcon_core.shell:Creating environment hook '/home/user/ros2_ws/src/install/services_quiz_srv/share/services_quiz_srv/hook/cmake_prefix_path.ps1'
[1.321s] INFO:colcon.colcon_core.shell:Creating environment descriptor '/home/user/ros2_ws/src/install/services_quiz_srv/share/services_quiz_srv/hook/cmake_prefix_path.dsv'
[1.322s] INFO:colcon.colcon_core.shell:Creating environment hook '/home/user/ros2_ws/src/install/services_quiz_srv/share/services_quiz_srv/hook/cmake_prefix_path.sh'
[1.322s] Level 1:colcon.colcon_core.environment:checking '/home/user/ros2_ws/src/install/services_quiz_srv/lib'
[1.323s] Level 1:colcon.colcon_core.shell:create_environment_hook('services_quiz_srv', 'ld_library_path_lib')
[1.323s] INFO:colcon.colcon_core.shell:Creating environment hook '/home/user/ros2_ws/src/install/services_quiz_srv/share/services_quiz_srv/hook/ld_library_path_lib.ps1'
[1.323s] INFO:colcon.colcon_core.shell:Creating environment descriptor '/home/user/ros2_ws/src/install/services_quiz_srv/share/services_quiz_srv/hook/ld_library_path_lib.dsv'
[1.324s] INFO:colcon.colcon_core.shell:Creating environment hook '/home/user/ros2_ws/src/install/services_quiz_srv/share/services_quiz_srv/hook/ld_library_path_lib.sh'
[1.324s] Level 1:colcon.colcon_core.environment:checking '/home/user/ros2_ws/src/install/services_quiz_srv/bin'
[1.324s] Level 1:colcon.colcon_core.environment:checking '/home/user/ros2_ws/src/install/services_quiz_srv/lib/pkgconfig/services_quiz_srv.pc'
[1.324s] Level 1:colcon.colcon_core.environment:checking '/home/user/ros2_ws/src/install/services_quiz_srv/lib/python3.10/site-packages'
[1.325s] Level 1:colcon.colcon_core.environment:checking '/home/user/ros2_ws/src/install/services_quiz_srv/bin'
[1.325s] INFO:colcon.colcon_core.shell:Creating package script '/home/user/ros2_ws/src/install/services_quiz_srv/share/services_quiz_srv/package.ps1'
[1.326s] INFO:colcon.colcon_core.shell:Creating package descriptor '/home/user/ros2_ws/src/install/services_quiz_srv/share/services_quiz_srv/package.dsv'
[1.326s] INFO:colcon.colcon_core.shell:Creating package script '/home/user/ros2_ws/src/install/services_quiz_srv/share/services_quiz_srv/package.sh'
[1.326s] INFO:colcon.colcon_core.shell:Creating package script '/home/user/ros2_ws/src/install/services_quiz_srv/share/services_quiz_srv/package.bash'
[1.327s] INFO:colcon.colcon_core.shell:Creating package script '/home/user/ros2_ws/src/install/services_quiz_srv/share/services_quiz_srv/package.zsh'
[1.327s] Level 1:colcon.colcon_core.environment:create_file_with_runtime_dependencies(/home/user/ros2_ws/src/install/services_quiz_srv/share/colcon-core/packages/services_quiz_srv)
[1.390s] Level 1:colcon.colcon_core.environment:create_environment_scripts_only(custom_interfaces)
[1.391s] Level 1:colcon.colcon_core.environment:checking '/home/user/ros2_ws/src/install/custom_interfaces' for CMake module files
[1.392s] Level 1:colcon.colcon_core.environment:checking '/home/user/ros2_ws/src/install/custom_interfaces' for CMake config files
[1.392s] Level 1:colcon.colcon_core.shell:create_environment_hook('custom_interfaces', 'cmake_prefix_path')
[1.393s] INFO:colcon.colcon_core.shell:Creating environment hook '/home/user/ros2_ws/src/install/custom_interfaces/share/custom_interfaces/hook/cmake_prefix_path.ps1'
[1.393s] INFO:colcon.colcon_core.shell:Creating environment descriptor '/home/user/ros2_ws/src/install/custom_interfaces/share/custom_interfaces/hook/cmake_prefix_path.dsv'
[1.393s] INFO:colcon.colcon_core.shell:Creating environment hook '/home/user/ros2_ws/src/install/custom_interfaces/share/custom_interfaces/hook/cmake_prefix_path.sh'
[1.394s] Level 1:colcon.colcon_core.environment:checking '/home/user/ros2_ws/src/install/custom_interfaces/lib'
[1.394s] Level 1:colcon.colcon_core.shell:create_environment_hook('custom_interfaces', 'ld_library_path_lib')
[1.394s] INFO:colcon.colcon_core.shell:Creating environment hook '/home/user/ros2_ws/src/install/custom_interfaces/share/custom_interfaces/hook/ld_library_path_lib.ps1'
[1.395s] INFO:colcon.colcon_core.shell:Creating environment descriptor '/home/user/ros2_ws/src/install/custom_interfaces/share/custom_interfaces/hook/ld_library_path_lib.dsv'
[1.395s] INFO:colcon.colcon_core.shell:Creating environment hook '/home/user/ros2_ws/src/install/custom_interfaces/share/custom_interfaces/hook/ld_library_path_lib.sh'
[1.395s] Level 1:colcon.colcon_core.environment:checking '/home/user/ros2_ws/src/install/custom_interfaces/bin'
[1.396s] Level 1:colcon.colcon_core.environment:checking '/home/user/ros2_ws/src/install/custom_interfaces/lib/pkgconfig/custom_interfaces.pc'
[1.396s] Level 1:colcon.colcon_core.environment:checking '/home/user/ros2_ws/src/install/custom_interfaces/lib/python3.10/site-packages'
[1.396s] Level 1:colcon.colcon_core.environment:checking '/home/user/ros2_ws/src/install/custom_interfaces/bin'
[1.396s] INFO:colcon.colcon_core.shell:Creating package script '/home/user/ros2_ws/src/install/custom_interfaces/share/custom_interfaces/package.ps1'
[1.397s] INFO:colcon.colcon_core.shell:Creating package descriptor '/home/user/ros2_ws/src/install/custom_interfaces/share/custom_interfaces/package.dsv'
[1.398s] INFO:colcon.colcon_core.shell:Creating package script '/home/user/ros2_ws/src/install/custom_interfaces/share/custom_interfaces/package.sh'
[1.398s] INFO:colcon.colcon_core.shell:Creating package script '/home/user/ros2_ws/src/install/custom_interfaces/share/custom_interfaces/package.bash'
[1.398s] INFO:colcon.colcon_core.shell:Creating package script '/home/user/ros2_ws/src/install/custom_interfaces/share/custom_interfaces/package.zsh'
[1.399s] Level 1:colcon.colcon_core.environment:create_file_with_runtime_dependencies(/home/user/ros2_ws/src/install/custom_interfaces/share/colcon-core/packages/custom_interfaces)
[3.623s] DEBUG:colcon.colcon_core.event_handler.log_command:Invoked command in '/home/user/ros2_ws/src/build/services_quiz' returned '2': CMAKE_PREFIX_PATH=${CMAKE_PREFIX_PATH}:/home/simulations/ros2_sims_ws/install/tracetools_test:/home/simulations/ros2_sims_ws/install/tracetools_launch:/home/simulations/ros2_sims_ws/install/ros2trace:/home/simulations/ros2_sims_ws/install/tracetools_trace:/home/simulations/ros2_sims_ws/install/ros2trace_analysis:/home/simulations/ros2_sims_ws/install/tracetools_analysis:/home/simulations/ros2_sims_ws/install/tracetools_read:/home/simulations/ros2_sims_ws/install/test_tracetools_launch:/opt/ros/humble:/home/simulations/ros2_sims_ws/install/robot_description _=/usr/bin/env /usr/bin/cmake --build /home/user/ros2_ws/src/build/services_quiz -- -j8 -l8
[3.665s] Level 1:colcon.colcon_core.environment:create_environment_scripts_only(services_quiz)
[3.665s] Level 1:colcon.colcon_core.environment:checking '/home/user/ros2_ws/src/install/services_quiz' for CMake module files
[3.666s] Level 1:colcon.colcon_core.environment:checking '/home/user/ros2_ws/src/install/services_quiz' for CMake config files
[3.666s] Level 1:colcon.colcon_core.shell:create_environment_hook('services_quiz', 'cmake_prefix_path')
[3.666s] INFO:colcon.colcon_core.shell:Creating environment hook '/home/user/ros2_ws/src/install/services_quiz/share/services_quiz/hook/cmake_prefix_path.ps1'
[3.667s] INFO:colcon.colcon_core.shell:Creating environment descriptor '/home/user/ros2_ws/src/install/services_quiz/share/services_quiz/hook/cmake_prefix_path.dsv'
[3.667s] INFO:colcon.colcon_core.shell:Creating environment hook '/home/user/ros2_ws/src/install/services_quiz/share/services_quiz/hook/cmake_prefix_path.sh'
[3.667s] Level 1:colcon.colcon_core.environment:checking '/home/user/ros2_ws/src/install/services_quiz/lib'
[3.668s] Level 1:colcon.colcon_core.environment:checking '/home/user/ros2_ws/src/install/services_quiz/bin'
[3.668s] Level 1:colcon.colcon_core.environment:checking '/home/user/ros2_ws/src/install/services_quiz/lib/pkgconfig/services_quiz.pc'
[3.668s] Level 1:colcon.colcon_core.environment:checking '/home/user/ros2_ws/src/install/services_quiz/lib/python3.10/site-packages'
[3.668s] Level 1:colcon.colcon_core.environment:checking '/home/user/ros2_ws/src/install/services_quiz/bin'
[3.669s] INFO:colcon.colcon_core.shell:Creating package script '/home/user/ros2_ws/src/install/services_quiz/share/services_quiz/package.ps1'
[3.669s] INFO:colcon.colcon_core.shell:Creating package descriptor '/home/user/ros2_ws/src/install/services_quiz/share/services_quiz/package.dsv'
[3.669s] INFO:colcon.colcon_core.shell:Creating package script '/home/user/ros2_ws/src/install/services_quiz/share/services_quiz/package.sh'
[3.670s] INFO:colcon.colcon_core.shell:Creating package script '/home/user/ros2_ws/src/install/services_quiz/share/services_quiz/package.bash'
[3.670s] INFO:colcon.colcon_core.shell:Creating package script '/home/user/ros2_ws/src/install/services_quiz/share/services_quiz/package.zsh'
[3.671s] Level 1:colcon.colcon_core.environment:create_file_with_runtime_dependencies(/home/user/ros2_ws/src/install/services_quiz/share/colcon-core/packages/services_quiz)
[3.681s] DEBUG:colcon.colcon_parallel_executor.executor.parallel:closing loop
[3.681s] DEBUG:colcon.colcon_parallel_executor.executor.parallel:loop closed
[3.681s] DEBUG:colcon.colcon_parallel_executor.executor.parallel:run_until_complete finished with '2'
[3.682s] DEBUG:colcon.colcon_core.event_reactor:joining thread
[3.687s] INFO:colcon.colcon_core.plugin_system:Skipping extension 'colcon_notification.desktop_notification.notify_send': Could not find 'notify-send'
[3.687s] INFO:colcon.colcon_core.plugin_system:Skipping extension 'colcon_notification.desktop_notification.terminal_notifier': Not used on non-Darwin systems
[3.687s] INFO:colcon.colcon_core.plugin_system:Skipping extension 'colcon_notification.desktop_notification.win32': Not used on non-Windows systems
[3.687s] INFO:colcon.colcon_notification.desktop_notification:Sending desktop notification using 'notify2'
[3.689s] DEBUG:colcon.colcon_notification.desktop_notification.notify2:Failed to initialize notify2: org.freedesktop.DBus.Error.Spawn.ExecFailed: /usr/bin/dbus-launch terminated abnormally without any error message
[3.689s] DEBUG:colcon.colcon_core.event_reactor:joined thread
[3.690s] INFO:colcon.colcon_core.shell:Creating prefix script '/home/user/ros2_ws/src/install/local_setup.ps1'
[3.691s] INFO:colcon.colcon_core.shell:Creating prefix util module '/home/user/ros2_ws/src/install/_local_setup_util_ps1.py'
[3.693s] INFO:colcon.colcon_core.shell:Creating prefix chain script '/home/user/ros2_ws/src/install/setup.ps1'
[3.695s] INFO:colcon.colcon_core.shell:Creating prefix script '/home/user/ros2_ws/src/install/local_setup.sh'
[3.695s] INFO:colcon.colcon_core.shell:Creating prefix util module '/home/user/ros2_ws/src/install/_local_setup_util_sh.py'
[3.696s] INFO:colcon.colcon_core.shell:Creating prefix chain script '/home/user/ros2_ws/src/install/setup.sh'
[3.698s] INFO:colcon.colcon_core.shell:Creating prefix script '/home/user/ros2_ws/src/install/local_setup.bash'
[3.698s] INFO:colcon.colcon_core.shell:Creating prefix chain script '/home/user/ros2_ws/src/install/setup.bash'
[3.700s] INFO:colcon.colcon_core.shell:Creating prefix script '/home/user/ros2_ws/src/install/local_setup.zsh'
[3.701s] INFO:colcon.colcon_core.shell:Creating prefix chain script '/home/user/ros2_ws/src/install/setup.zsh'
