[0.015s] Invoking command in '/home/user/ros2_ws/src/actions_quiz/build/actions_quiz': CMAKE_PREFIX_PATH=${CMAKE_PREFIX_PATH}:/home/simulations/ros2_sims_ws/install/tracetools_test:/home/simulations/ros2_sims_ws/install/tracetools_launch:/home/simulations/ros2_sims_ws/install/ros2trace:/home/simulations/ros2_sims_ws/install/tracetools_trace:/home/simulations/ros2_sims_ws/install/ros2trace_analysis:/home/simulations/ros2_sims_ws/install/tracetools_analysis:/home/simulations/ros2_sims_ws/install/tracetools_read:/home/simulations/ros2_sims_ws/install/test_tracetools_launch:/opt/ros/humble:/home/simulations/ros2_sims_ws/install/robot_description _=/usr/bin/env /usr/bin/cmake /home/user/ros2_ws/src/actions_quiz -DCMAKE_INSTALL_PREFIX=/home/user/ros2_ws/src/actions_quiz/install/actions_quiz
[0.026s] -- Found ament_cmake: 1.3.8 (/opt/ros/humble/share/ament_cmake/cmake)
[0.164s] -- Found rclcpp: 16.0.8 (/opt/ros/humble/share/rclcpp/cmake)
[0.198s] -- Found rosidl_generator_c: 3.1.5 (/opt/ros/humble/share/rosidl_generator_c/cmake)
[0.201s] -- Found rosidl_adapter: 3.1.5 (/opt/ros/humble/share/rosidl_adapter/cmake)
[0.207s] -- Found rosidl_generator_cpp: 3.1.5 (/opt/ros/humble/share/rosidl_generator_cpp/cmake)
[0.219s] -- Using all available rosidl_typesupport_c: rosidl_typesupport_fastrtps_c;rosidl_typesupport_introspection_c
[0.236s] -- Using all available rosidl_typesupport_cpp: rosidl_typesupport_fastrtps_cpp;rosidl_typesupport_introspection_cpp
[0.298s] -- Found rmw_implementation_cmake: 6.1.1 (/opt/ros/humble/share/rmw_implementation_cmake/cmake)
[0.299s] -- Found rmw_fastrtps_cpp: 6.2.6 (/opt/ros/humble/share/rmw_fastrtps_cpp/cmake)
[0.483s] -- Using RMW implementation 'rmw_fastrtps_cpp' as default
[0.650s] -- Found rclcpp_action: 16.0.8 (/opt/ros/humble/share/rclcpp_action/cmake)
[0.753s] -- Found leo_description: 0.0.0 (/home/simulations/ros2_sims_ws/install/leo_description/share/leo_description/cmake)
[0.807s] -- Found geometry_msgs: 4.2.3 (/opt/ros/humble/share/geometry_msgs/cmake)
[0.852s] -- Found nav2_msgs: 1.1.13 (/opt/ros/humble/share/nav2_msgs/cmake)
[1.152s] -- Found tf2: 0.25.6 (/opt/ros/humble/share/tf2/cmake)
[1.160s] -- Found tf2_geometry_msgs: 0.25.6 (/opt/ros/humble/share/tf2_geometry_msgs/cmake)
[1.164s] -- Found eigen3_cmake_module: 0.1.1 (/opt/ros/humble/share/eigen3_cmake_module/cmake)
[1.166s] -- Ensuring Eigen3 include directory is part of orocos-kdl CMake target
[1.452s] [31mCMake Error at CMakeLists.txt:18 (find_package):
[1.452s]   By not providing "Findcustom_interfaces.cmake" in CMAKE_MODULE_PATH this
[1.453s]   project has asked CMake to find a package configuration file provided by
[1.453s]   "custom_interfaces", but CMake did not find one.
[1.453s] 
[1.453s]   Could not find a package configuration file provided by "custom_interfaces"
[1.453s]   with any of the following names:
[1.453s] 
[1.453s]     custom_interfacesConfig.cmake
[1.453s]     custom_interfaces-config.cmake
[1.453s] 
[1.453s]   Add the installation prefix of "custom_interfaces" to CMAKE_PREFIX_PATH or
[1.453s]   set "custom_interfaces_DIR" to a directory containing one of the above
[1.454s]   files.  If "custom_interfaces" provides a separate development package or
[1.454s]   SDK, be sure it has been installed.
[1.454s] 
[1.454s] [0m
[1.454s] -- Configuring incomplete, errors occurred!
[1.454s] See also "/home/user/ros2_ws/src/actions_quiz/build/actions_quiz/CMakeFiles/CMakeOutput.log".
[1.462s] Invoked command in '/home/user/ros2_ws/src/actions_quiz/build/actions_quiz' returned '1': CMAKE_PREFIX_PATH=${CMAKE_PREFIX_PATH}:/home/simulations/ros2_sims_ws/install/tracetools_test:/home/simulations/ros2_sims_ws/install/tracetools_launch:/home/simulations/ros2_sims_ws/install/ros2trace:/home/simulations/ros2_sims_ws/install/tracetools_trace:/home/simulations/ros2_sims_ws/install/ros2trace_analysis:/home/simulations/ros2_sims_ws/install/tracetools_analysis:/home/simulations/ros2_sims_ws/install/tracetools_read:/home/simulations/ros2_sims_ws/install/test_tracetools_launch:/opt/ros/humble:/home/simulations/ros2_sims_ws/install/robot_description _=/usr/bin/env /usr/bin/cmake /home/user/ros2_ws/src/actions_quiz -DCMAKE_INSTALL_PREFIX=/home/user/ros2_ws/src/actions_quiz/install/actions_quiz
