[0.109s] Invoking command in '/home/user/ros2_ws/src/build/services_quiz_srv': CMAKE_PREFIX_PATH=${CMAKE_PREFIX_PATH}:/home/simulations/ros2_sims_ws/install/tracetools_test:/home/simulations/ros2_sims_ws/install/tracetools_launch:/home/simulations/ros2_sims_ws/install/ros2trace:/home/simulations/ros2_sims_ws/install/tracetools_trace:/home/simulations/ros2_sims_ws/install/ros2trace_analysis:/home/simulations/ros2_sims_ws/install/tracetools_analysis:/home/simulations/ros2_sims_ws/install/tracetools_read:/home/simulations/ros2_sims_ws/install/test_tracetools_launch:/opt/ros/humble:/home/simulations/ros2_sims_ws/install/robot_description _=/usr/bin/env /usr/bin/cmake /home/user/ros2_ws/src/services_quiz_srv -DCMAKE_INSTALL_PREFIX=/home/user/ros2_ws/src/install/services_quiz_srv
[10.254s] -- The C compiler identification is GNU 11.4.0
[13.304s] -- The CXX compiler identification is GNU 11.4.0
[13.386s] -- Detecting C compiler ABI info
[13.655s] -- Detecting C compiler ABI info - done
[13.669s] -- Check for working C compiler: /usr/bin/cc - skipped
[13.669s] -- Detecting C compile features
[13.670s] -- Detecting C compile features - done
[13.674s] -- Detecting CXX compiler ABI info
[13.958s] -- Detecting CXX compiler ABI info - done
[13.968s] -- Check for working CXX compiler: /usr/bin/c++ - skipped
[13.968s] -- Detecting CXX compile features
[13.968s] -- Detecting CXX compile features - done
[13.980s] -- Found ament_cmake: 1.3.8 (/opt/ros/humble/share/ament_cmake/cmake)
[14.772s] -- Found Python3: /usr/bin/python3 (found version "3.10.12") found components: Interpreter 
[15.168s] -- Found rclcpp: 16.0.8 (/opt/ros/humble/share/rclcpp/cmake)
[15.541s] -- Found rosidl_generator_c: 3.1.5 (/opt/ros/humble/share/rosidl_generator_c/cmake)
[15.566s] -- Found rosidl_adapter: 3.1.5 (/opt/ros/humble/share/rosidl_adapter/cmake)
[15.600s] -- Found rosidl_generator_cpp: 3.1.5 (/opt/ros/humble/share/rosidl_generator_cpp/cmake)
[15.745s] -- Using all available rosidl_typesupport_c: rosidl_typesupport_fastrtps_c;rosidl_typesupport_introspection_c
[15.804s] -- Using all available rosidl_typesupport_cpp: rosidl_typesupport_fastrtps_cpp;rosidl_typesupport_introspection_cpp
[16.222s] -- Found rmw_implementation_cmake: 6.1.1 (/opt/ros/humble/share/rmw_implementation_cmake/cmake)
[16.302s] -- Found rmw_fastrtps_cpp: 6.2.6 (/opt/ros/humble/share/rmw_fastrtps_cpp/cmake)
[18.025s] -- Found OpenSSL: /usr/lib/x86_64-linux-gnu/libcrypto.so (found version "3.0.2")  
[18.081s] -- Found FastRTPS: /opt/ros/humble/include  
[18.162s] -- Using RMW implementation 'rmw_fastrtps_cpp' as default
[18.277s] -- Looking for pthread.h
[19.558s] -- Looking for pthread.h - found
[19.558s] -- Performing Test CMAKE_HAVE_LIBC_PTHREAD
[19.650s] -- Performing Test CMAKE_HAVE_LIBC_PTHREAD - Success
[19.651s] -- Found Threads: TRUE  
[19.953s] -- Found ament_lint_auto: 0.12.10 (/opt/ros/humble/share/ament_lint_auto/cmake)
[20.176s] -- Added test 'lint_cmake' to check CMake code style
[20.179s] -- Added test 'xmllint' to check XML markup files
[20.183s] -- Configuring done
[20.188s] -- Generating done
[20.189s] -- Build files have been written to: /home/user/ros2_ws/src/build/services_quiz_srv
