[0.025s] Invoking command in '/home/user/ros2_ws/src/build/services_quiz': CMAKE_PREFIX_PATH=${CMAKE_PREFIX_PATH}:/home/simulations/ros2_sims_ws/install/tracetools_test:/home/simulations/ros2_sims_ws/install/tracetools_launch:/home/simulations/ros2_sims_ws/install/ros2trace:/home/simulations/ros2_sims_ws/install/tracetools_trace:/home/simulations/ros2_sims_ws/install/ros2trace_analysis:/home/simulations/ros2_sims_ws/install/tracetools_analysis:/home/simulations/ros2_sims_ws/install/tracetools_read:/home/simulations/ros2_sims_ws/install/test_tracetools_launch:/opt/ros/humble:/home/simulations/ros2_sims_ws/install/robot_description _=/usr/bin/env /usr/bin/cmake --build /home/user/ros2_ws/src/build/services_quiz -- -j8 -l8
[0.092s] [35m[1mConsolidate compiler generated dependencies of target turn_s_server_executable[0m
[0.115s] [ 25%] [32mBuilding CXX object CMakeFiles/turn_s_client_executable.dir/src/turn_s_client.cpp.o[0m
[0.135s] [ 75%] Built target turn_s_server_executable
[3.509s] [100%] [32m[1mLinking CXX executable turn_s_client_executable[0m
[3.635s] [100%] Built target turn_s_client_executable
[3.645s] Invoked command in '/home/user/ros2_ws/src/build/services_quiz' returned '0': CMAKE_PREFIX_PATH=${CMAKE_PREFIX_PATH}:/home/simulations/ros2_sims_ws/install/tracetools_test:/home/simulations/ros2_sims_ws/install/tracetools_launch:/home/simulations/ros2_sims_ws/install/ros2trace:/home/simulations/ros2_sims_ws/install/tracetools_trace:/home/simulations/ros2_sims_ws/install/ros2trace_analysis:/home/simulations/ros2_sims_ws/install/tracetools_analysis:/home/simulations/ros2_sims_ws/install/tracetools_read:/home/simulations/ros2_sims_ws/install/test_tracetools_launch:/opt/ros/humble:/home/simulations/ros2_sims_ws/install/robot_description _=/usr/bin/env /usr/bin/cmake --build /home/user/ros2_ws/src/build/services_quiz -- -j8 -l8
[3.683s] Invoking command in '/home/user/ros2_ws/src/build/services_quiz': CMAKE_PREFIX_PATH=${CMAKE_PREFIX_PATH}:/home/simulations/ros2_sims_ws/install/tracetools_test:/home/simulations/ros2_sims_ws/install/tracetools_launch:/home/simulations/ros2_sims_ws/install/ros2trace:/home/simulations/ros2_sims_ws/install/tracetools_trace:/home/simulations/ros2_sims_ws/install/ros2trace_analysis:/home/simulations/ros2_sims_ws/install/tracetools_analysis:/home/simulations/ros2_sims_ws/install/tracetools_read:/home/simulations/ros2_sims_ws/install/test_tracetools_launch:/opt/ros/humble:/home/simulations/ros2_sims_ws/install/robot_description _=/usr/bin/env /usr/bin/cmake --install /home/user/ros2_ws/src/build/services_quiz
[3.690s] -- Install configuration: ""
[3.690s] -- Installing: /home/user/ros2_ws/src/install/services_quiz/lib/services_quiz/turn_s_client_executable
[3.691s] -- Set runtime path of "/home/user/ros2_ws/src/install/services_quiz/lib/services_quiz/turn_s_client_executable" to ""
[3.691s] -- Up-to-date: /home/user/ros2_ws/src/install/services_quiz/lib/services_quiz/turn_s_server_executable
[3.692s] -- Up-to-date: /home/user/ros2_ws/src/install/services_quiz/share/ament_index/resource_index/package_run_dependencies/services_quiz
[3.692s] -- Up-to-date: /home/user/ros2_ws/src/install/services_quiz/share/ament_index/resource_index/parent_prefix_path/services_quiz
[3.692s] -- Up-to-date: /home/user/ros2_ws/src/install/services_quiz/share/services_quiz/environment/ament_prefix_path.sh
[3.692s] -- Up-to-date: /home/user/ros2_ws/src/install/services_quiz/share/services_quiz/environment/ament_prefix_path.dsv
[3.692s] -- Up-to-date: /home/user/ros2_ws/src/install/services_quiz/share/services_quiz/environment/path.sh
[3.692s] -- Up-to-date: /home/user/ros2_ws/src/install/services_quiz/share/services_quiz/environment/path.dsv
[3.692s] -- Up-to-date: /home/user/ros2_ws/src/install/services_quiz/share/services_quiz/local_setup.bash
[3.692s] -- Up-to-date: /home/user/ros2_ws/src/install/services_quiz/share/services_quiz/local_setup.sh
[3.692s] -- Up-to-date: /home/user/ros2_ws/src/install/services_quiz/share/services_quiz/local_setup.zsh
[3.693s] -- Up-to-date: /home/user/ros2_ws/src/install/services_quiz/share/services_quiz/local_setup.dsv
[3.693s] -- Installing: /home/user/ros2_ws/src/install/services_quiz/share/services_quiz/package.dsv
[3.693s] -- Up-to-date: /home/user/ros2_ws/src/install/services_quiz/share/ament_index/resource_index/packages/services_quiz
[3.693s] -- Up-to-date: /home/user/ros2_ws/src/install/services_quiz/share/services_quiz/cmake/services_quizConfig.cmake
[3.693s] -- Up-to-date: /home/user/ros2_ws/src/install/services_quiz/share/services_quiz/cmake/services_quizConfig-version.cmake
[3.693s] -- Up-to-date: /home/user/ros2_ws/src/install/services_quiz/share/services_quiz/package.xml
[3.695s] Invoked command in '/home/user/ros2_ws/src/build/services_quiz' returned '0': CMAKE_PREFIX_PATH=${CMAKE_PREFIX_PATH}:/home/simulations/ros2_sims_ws/install/tracetools_test:/home/simulations/ros2_sims_ws/install/tracetools_launch:/home/simulations/ros2_sims_ws/install/ros2trace:/home/simulations/ros2_sims_ws/install/tracetools_trace:/home/simulations/ros2_sims_ws/install/ros2trace_analysis:/home/simulations/ros2_sims_ws/install/tracetools_analysis:/home/simulations/ros2_sims_ws/install/tracetools_read:/home/simulations/ros2_sims_ws/install/test_tracetools_launch:/opt/ros/humble:/home/simulations/ros2_sims_ws/install/robot_description _=/usr/bin/env /usr/bin/cmake --install /home/user/ros2_ws/src/build/services_quiz
