[0.027s] Invoking command in '/home/user/ros2_ws/src/build/services_quiz_srv': CMAKE_PREFIX_PATH=${CMAKE_PREFIX_PATH}:/home/simulations/ros2_sims_ws/install/tracetools_test:/home/simulations/ros2_sims_ws/install/tracetools_launch:/home/simulations/ros2_sims_ws/install/ros2trace:/home/simulations/ros2_sims_ws/install/tracetools_trace:/home/simulations/ros2_sims_ws/install/ros2trace_analysis:/home/simulations/ros2_sims_ws/install/tracetools_analysis:/home/simulations/ros2_sims_ws/install/tracetools_read:/home/simulations/ros2_sims_ws/install/test_tracetools_launch:/opt/ros/humble:/home/simulations/ros2_sims_ws/install/robot_description _=/usr/bin/env /usr/bin/cmake --build /home/user/ros2_ws/src/build/services_quiz_srv -- -j8 -l8
[0.129s] [  9%] Built target services_quiz_srv__rosidl_generator_c
[0.142s] [ 12%] Built target services_quiz_srv__cpp
[0.164s] [ 12%] Built target ament_cmake_python_copy_services_quiz_srv
[0.186s] [ 22%] Built target services_quiz_srv__rosidl_typesupport_fastrtps_c
[0.193s] [ 32%] Built target services_quiz_srv__rosidl_typesupport_introspection_c
[0.199s] [ 41%] Built target services_quiz_srv__rosidl_typesupport_c
[0.206s] [ 51%] Built target services_quiz_srv__rosidl_typesupport_cpp
[0.217s] [ 61%] Built target services_quiz_srv__rosidl_typesupport_fastrtps_cpp
[0.217s] [ 70%] Built target services_quiz_srv__rosidl_typesupport_introspection_cpp
[0.246s] [ 70%] Built target services_quiz_srv
[0.273s] [ 74%] Built target services_quiz_srv__py
[0.315s] [ 80%] Built target services_quiz_srv__rosidl_generator_py
[0.366s] [ 87%] Built target services_quiz_srv__rosidl_typesupport_fastrtps_c__pyext
[0.391s] [ 93%] Built target services_quiz_srv__rosidl_typesupport_c__pyext
[0.397s] [100%] Built target services_quiz_srv__rosidl_typesupport_introspection_c__pyext
[0.580s] running egg_info
[0.581s] writing services_quiz_srv.egg-info/PKG-INFO
[0.582s] writing dependency_links to services_quiz_srv.egg-info/dependency_links.txt
[0.582s] writing top-level names to services_quiz_srv.egg-info/top_level.txt
[0.584s] reading manifest file 'services_quiz_srv.egg-info/SOURCES.txt'
[0.584s] writing manifest file 'services_quiz_srv.egg-info/SOURCES.txt'
[0.612s] [100%] Built target ament_cmake_python_build_services_quiz_srv_egg
