[0.126s] DEBUG:colcon:Command line arguments: ['/usr/bin/colcon', 'build']
[0.126s] DEBUG:colcon:Parsed command line arguments: Namespace(log_base=None, log_level=None, verb_name='build', build_base='build', install_base='install', merge_install=False, symlink_install=False, test_result_base=None, continue_on_error=False, executor='parallel', parallel_workers=8, event_handlers=None, ignore_user_meta=False, metas=['./colcon.meta'], base_paths=['.'], packages_ignore=None, packages_ignore_regex=None, paths=None, packages_up_to=None, packages_up_to_regex=None, packages_above=None, packages_above_and_dependencies=None, packages_above_depth=None, packages_select_by_dep=None, packages_skip_by_dep=None, packages_skip_up_to=None, packages_select_build_failed=False, packages_skip_build_finished=False, packages_select_test_failures=False, packages_skip_test_passed=False, packages_select=None, packages_skip=None, packages_select_regex=None, packages_skip_regex=None, packages_start=None, packages_end=None, lookup_in_workspace=False, cargo_args=None, clean_build=False, cmake_args=None, cmake_target=None, cmake_target_skip_unavailable=False, cmake_clean_cache=False, cmake_clean_first=False, cmake_force_configure=False, ament_cmake_args=None, catkin_cmake_args=None, catkin_skip_building_tests=False, mixin_files=None, mixin=None, verb_parser=<colcon_mixin.mixin.mixin_argument.MixinArgumentDecorator object at 0x7fc926aedcc0>, verb_extension=<colcon_core.verb.build.BuildVerb object at 0x7fc926aed150>, main=<bound method BuildVerb.main of <colcon_core.verb.build.BuildVerb object at 0x7fc926aed150>>, mixin_verb=('build',))
[0.323s] Level 1:colcon.colcon_core.package_discovery:discover_packages(colcon_meta) check parameters
[0.323s] Level 1:colcon.colcon_core.package_discovery:discover_packages(recursive) check parameters
[0.323s] Level 1:colcon.colcon_core.package_discovery:discover_packages(ignore) check parameters
[0.323s] Level 1:colcon.colcon_core.package_discovery:discover_packages(path) check parameters
[0.323s] Level 1:colcon.colcon_core.package_discovery:discover_packages(colcon_meta) discover
[0.324s] Level 1:colcon.colcon_core.package_discovery:discover_packages(recursive) discover
[0.324s] INFO:colcon.colcon_core.package_discovery:Crawling recursively for packages in '/home/user/ros2_ws/src'
[0.324s] Level 1:colcon.colcon_core.package_identification:_identify(.) by extensions ['ignore', 'ignore_ament_install']
[0.324s] Level 1:colcon.colcon_core.package_identification:_identify(.) by extension 'ignore'
[0.324s] Level 1:colcon.colcon_core.package_identification:_identify(.) by extension 'ignore_ament_install'
[0.324s] Level 1:colcon.colcon_core.package_identification:_identify(.) by extensions ['colcon_pkg']
[0.324s] Level 1:colcon.colcon_core.package_identification:_identify(.) by extension 'colcon_pkg'
[0.324s] Level 1:colcon.colcon_core.package_identification:_identify(.) by extensions ['colcon_meta']
[0.324s] Level 1:colcon.colcon_core.package_identification:_identify(.) by extension 'colcon_meta'
[0.324s] Level 1:colcon.colcon_core.package_identification:_identify(.) by extensions ['ament_cargo']
[0.324s] Level 1:colcon.colcon_core.package_identification:_identify(.) by extension 'ament_cargo'
[0.324s] Level 1:colcon.colcon_core.package_identification:_identify(.) by extensions ['ros']
[0.324s] Level 1:colcon.colcon_core.package_identification:_identify(.) by extension 'ros'
[0.346s] Level 1:colcon.colcon_core.package_identification:_identify(.) by extensions ['cargo', 'cmake', 'python']
[0.346s] Level 1:colcon.colcon_core.package_identification:_identify(.) by extension 'cargo'
[0.346s] Level 1:colcon.colcon_core.package_identification:_identify(.) by extension 'cmake'
[0.346s] Level 1:colcon.colcon_core.package_identification:_identify(.) by extension 'python'
[0.346s] Level 1:colcon.colcon_core.package_identification:_identify(.) by extensions ['python_setup_py']
[0.346s] Level 1:colcon.colcon_core.package_identification:_identify(.) by extension 'python_setup_py'
[0.346s] Level 1:colcon.colcon_core.package_identification:_identify(basic_ros2_extra_files) by extensions ['ignore', 'ignore_ament_install']
[0.346s] Level 1:colcon.colcon_core.package_identification:_identify(basic_ros2_extra_files) by extension 'ignore'
[0.346s] Level 1:colcon.colcon_core.package_identification:_identify(basic_ros2_extra_files) by extension 'ignore_ament_install'
[0.346s] Level 1:colcon.colcon_core.package_identification:_identify(basic_ros2_extra_files) by extensions ['colcon_pkg']
[0.346s] Level 1:colcon.colcon_core.package_identification:_identify(basic_ros2_extra_files) by extension 'colcon_pkg'
[0.346s] Level 1:colcon.colcon_core.package_identification:_identify(basic_ros2_extra_files) by extensions ['colcon_meta']
[0.346s] Level 1:colcon.colcon_core.package_identification:_identify(basic_ros2_extra_files) by extension 'colcon_meta'
[0.346s] Level 1:colcon.colcon_core.package_identification:_identify(basic_ros2_extra_files) by extensions ['ament_cargo']
[0.346s] Level 1:colcon.colcon_core.package_identification:_identify(basic_ros2_extra_files) by extension 'ament_cargo'
[0.346s] Level 1:colcon.colcon_core.package_identification:_identify(basic_ros2_extra_files) by extensions ['ros']
[0.346s] Level 1:colcon.colcon_core.package_identification:_identify(basic_ros2_extra_files) by extension 'ros'
[0.346s] Level 1:colcon.colcon_core.package_identification:_identify(basic_ros2_extra_files) by extensions ['cargo', 'cmake', 'python']
[0.346s] Level 1:colcon.colcon_core.package_identification:_identify(basic_ros2_extra_files) by extension 'cargo'
[0.346s] Level 1:colcon.colcon_core.package_identification:_identify(basic_ros2_extra_files) by extension 'cmake'
[0.347s] Level 1:colcon.colcon_core.package_identification:_identify(basic_ros2_extra_files) by extension 'python'
[0.347s] Level 1:colcon.colcon_core.package_identification:_identify(basic_ros2_extra_files) by extensions ['python_setup_py']
[0.347s] Level 1:colcon.colcon_core.package_identification:_identify(basic_ros2_extra_files) by extension 'python_setup_py'
[0.347s] Level 1:colcon.colcon_core.package_identification:_identify(basic_ros2_extra_files/plant_detector) by extensions ['ignore', 'ignore_ament_install']
[0.347s] Level 1:colcon.colcon_core.package_identification:_identify(basic_ros2_extra_files/plant_detector) by extension 'ignore'
[0.347s] Level 1:colcon.colcon_core.package_identification:_identify(basic_ros2_extra_files/plant_detector) by extension 'ignore_ament_install'
[0.347s] Level 1:colcon.colcon_core.package_identification:_identify(basic_ros2_extra_files/plant_detector) by extensions ['colcon_pkg']
[0.347s] Level 1:colcon.colcon_core.package_identification:_identify(basic_ros2_extra_files/plant_detector) by extension 'colcon_pkg'
[0.347s] Level 1:colcon.colcon_core.package_identification:_identify(basic_ros2_extra_files/plant_detector) by extensions ['colcon_meta']
[0.347s] Level 1:colcon.colcon_core.package_identification:_identify(basic_ros2_extra_files/plant_detector) by extension 'colcon_meta'
[0.347s] Level 1:colcon.colcon_core.package_identification:_identify(basic_ros2_extra_files/plant_detector) by extensions ['ament_cargo']
[0.347s] Level 1:colcon.colcon_core.package_identification:_identify(basic_ros2_extra_files/plant_detector) by extension 'ament_cargo'
[0.347s] Level 1:colcon.colcon_core.package_identification:_identify(basic_ros2_extra_files/plant_detector) by extensions ['ros']
[0.347s] Level 1:colcon.colcon_core.package_identification:_identify(basic_ros2_extra_files/plant_detector) by extension 'ros'
[0.347s] Level 1:colcon.colcon_core.package_identification:_identify(basic_ros2_extra_files/plant_detector) by extensions ['cargo', 'cmake', 'python']
[0.347s] Level 1:colcon.colcon_core.package_identification:_identify(basic_ros2_extra_files/plant_detector) by extension 'cargo'
[0.347s] Level 1:colcon.colcon_core.package_identification:_identify(basic_ros2_extra_files/plant_detector) by extension 'cmake'
[0.347s] Level 1:colcon.colcon_core.package_identification:_identify(basic_ros2_extra_files/plant_detector) by extension 'python'
[0.347s] Level 1:colcon.colcon_core.package_identification:_identify(basic_ros2_extra_files/plant_detector) by extensions ['python_setup_py']
[0.347s] Level 1:colcon.colcon_core.package_identification:_identify(basic_ros2_extra_files/plant_detector) by extension 'python_setup_py'
[0.347s] Level 1:colcon.colcon_core.package_identification:_identify(basic_ros2_extra_files/text_detector) by extensions ['ignore', 'ignore_ament_install']
[0.348s] Level 1:colcon.colcon_core.package_identification:_identify(basic_ros2_extra_files/text_detector) by extension 'ignore'
[0.348s] Level 1:colcon.colcon_core.package_identification:_identify(basic_ros2_extra_files/text_detector) by extension 'ignore_ament_install'
[0.348s] Level 1:colcon.colcon_core.package_identification:_identify(basic_ros2_extra_files/text_detector) by extensions ['colcon_pkg']
[0.348s] Level 1:colcon.colcon_core.package_identification:_identify(basic_ros2_extra_files/text_detector) by extension 'colcon_pkg'
[0.348s] Level 1:colcon.colcon_core.package_identification:_identify(basic_ros2_extra_files/text_detector) by extensions ['colcon_meta']
[0.348s] Level 1:colcon.colcon_core.package_identification:_identify(basic_ros2_extra_files/text_detector) by extension 'colcon_meta'
[0.348s] Level 1:colcon.colcon_core.package_identification:_identify(basic_ros2_extra_files/text_detector) by extensions ['ament_cargo']
[0.348s] Level 1:colcon.colcon_core.package_identification:_identify(basic_ros2_extra_files/text_detector) by extension 'ament_cargo'
[0.348s] Level 1:colcon.colcon_core.package_identification:_identify(basic_ros2_extra_files/text_detector) by extensions ['ros']
[0.348s] Level 1:colcon.colcon_core.package_identification:_identify(basic_ros2_extra_files/text_detector) by extension 'ros'
[0.348s] Level 1:colcon.colcon_core.package_identification:_identify(basic_ros2_extra_files/text_detector) by extensions ['cargo', 'cmake', 'python']
[0.348s] Level 1:colcon.colcon_core.package_identification:_identify(basic_ros2_extra_files/text_detector) by extension 'cargo'
[0.348s] Level 1:colcon.colcon_core.package_identification:_identify(basic_ros2_extra_files/text_detector) by extension 'cmake'
[0.349s] Level 1:colcon.colcon_core.package_identification:_identify(basic_ros2_extra_files/text_detector) by extension 'python'
[0.349s] Level 1:colcon.colcon_core.package_identification:_identify(basic_ros2_extra_files/text_detector) by extensions ['python_setup_py']
[0.349s] Level 1:colcon.colcon_core.package_identification:_identify(basic_ros2_extra_files/text_detector) by extension 'python_setup_py'
[0.349s] Level 1:colcon.colcon_core.package_identification:_identify(build) by extensions ['ignore', 'ignore_ament_install']
[0.349s] Level 1:colcon.colcon_core.package_identification:_identify(build) by extension 'ignore'
[0.349s] Level 1:colcon.colcon_core.package_identification:_identify(build) ignored
[0.349s] Level 1:colcon.colcon_core.package_identification:_identify(custom_interfaces) by extensions ['ignore', 'ignore_ament_install']
[0.349s] Level 1:colcon.colcon_core.package_identification:_identify(custom_interfaces) by extension 'ignore'
[0.349s] Level 1:colcon.colcon_core.package_identification:_identify(custom_interfaces) by extension 'ignore_ament_install'
[0.349s] Level 1:colcon.colcon_core.package_identification:_identify(custom_interfaces) by extensions ['colcon_pkg']
[0.349s] Level 1:colcon.colcon_core.package_identification:_identify(custom_interfaces) by extension 'colcon_pkg'
[0.349s] Level 1:colcon.colcon_core.package_identification:_identify(custom_interfaces) by extensions ['colcon_meta']
[0.349s] Level 1:colcon.colcon_core.package_identification:_identify(custom_interfaces) by extension 'colcon_meta'
[0.349s] Level 1:colcon.colcon_core.package_identification:_identify(custom_interfaces) by extensions ['ament_cargo']
[0.349s] Level 1:colcon.colcon_core.package_identification:_identify(custom_interfaces) by extension 'ament_cargo'
[0.349s] Level 1:colcon.colcon_core.package_identification:_identify(custom_interfaces) by extensions ['ros']
[0.349s] Level 1:colcon.colcon_core.package_identification:_identify(custom_interfaces) by extension 'ros'
[0.352s] DEBUG:colcon.colcon_core.package_identification:Package 'custom_interfaces' with type 'ros.ament_cmake' and name 'custom_interfaces'
[0.352s] Level 1:colcon.colcon_core.package_identification:_identify(install) by extensions ['ignore', 'ignore_ament_install']
[0.352s] Level 1:colcon.colcon_core.package_identification:_identify(install) by extension 'ignore'
[0.352s] Level 1:colcon.colcon_core.package_identification:_identify(install) ignored
[0.352s] Level 1:colcon.colcon_core.package_identification:_identify(log) by extensions ['ignore', 'ignore_ament_install']
[0.352s] Level 1:colcon.colcon_core.package_identification:_identify(log) by extension 'ignore'
[0.352s] Level 1:colcon.colcon_core.package_identification:_identify(log) ignored
[0.352s] Level 1:colcon.colcon_core.package_identification:_identify(mars_rover_tasks) by extensions ['ignore', 'ignore_ament_install']
[0.353s] Level 1:colcon.colcon_core.package_identification:_identify(mars_rover_tasks) by extension 'ignore'
[0.353s] Level 1:colcon.colcon_core.package_identification:_identify(mars_rover_tasks) by extension 'ignore_ament_install'
[0.353s] Level 1:colcon.colcon_core.package_identification:_identify(mars_rover_tasks) by extensions ['colcon_pkg']
[0.353s] Level 1:colcon.colcon_core.package_identification:_identify(mars_rover_tasks) by extension 'colcon_pkg'
[0.353s] Level 1:colcon.colcon_core.package_identification:_identify(mars_rover_tasks) by extensions ['colcon_meta']
[0.353s] Level 1:colcon.colcon_core.package_identification:_identify(mars_rover_tasks) by extension 'colcon_meta'
[0.353s] Level 1:colcon.colcon_core.package_identification:_identify(mars_rover_tasks) by extensions ['ament_cargo']
[0.353s] Level 1:colcon.colcon_core.package_identification:_identify(mars_rover_tasks) by extension 'ament_cargo'
[0.353s] Level 1:colcon.colcon_core.package_identification:_identify(mars_rover_tasks) by extensions ['ros']
[0.353s] Level 1:colcon.colcon_core.package_identification:_identify(mars_rover_tasks) by extension 'ros'
[0.353s] DEBUG:colcon.colcon_core.package_identification:Package 'mars_rover_tasks' with type 'ros.ament_cmake' and name 'mars_rover_tasks'
[0.354s] Level 1:colcon.colcon_core.package_identification:_identify(services_quiz) by extensions ['ignore', 'ignore_ament_install']
[0.354s] Level 1:colcon.colcon_core.package_identification:_identify(services_quiz) by extension 'ignore'
[0.354s] Level 1:colcon.colcon_core.package_identification:_identify(services_quiz) by extension 'ignore_ament_install'
[0.354s] Level 1:colcon.colcon_core.package_identification:_identify(services_quiz) by extensions ['colcon_pkg']
[0.354s] Level 1:colcon.colcon_core.package_identification:_identify(services_quiz) by extension 'colcon_pkg'
[0.354s] Level 1:colcon.colcon_core.package_identification:_identify(services_quiz) by extensions ['colcon_meta']
[0.354s] Level 1:colcon.colcon_core.package_identification:_identify(services_quiz) by extension 'colcon_meta'
[0.354s] Level 1:colcon.colcon_core.package_identification:_identify(services_quiz) by extensions ['ament_cargo']
[0.354s] Level 1:colcon.colcon_core.package_identification:_identify(services_quiz) by extension 'ament_cargo'
[0.354s] Level 1:colcon.colcon_core.package_identification:_identify(services_quiz) by extensions ['ros']
[0.354s] Level 1:colcon.colcon_core.package_identification:_identify(services_quiz) by extension 'ros'
[0.354s] DEBUG:colcon.colcon_core.package_identification:Package 'services_quiz' with type 'ros.ament_cmake' and name 'services_quiz'
[0.355s] Level 1:colcon.colcon_core.package_identification:_identify(services_quiz_srv) by extensions ['ignore', 'ignore_ament_install']
[0.355s] Level 1:colcon.colcon_core.package_identification:_identify(services_quiz_srv) by extension 'ignore'
[0.355s] Level 1:colcon.colcon_core.package_identification:_identify(services_quiz_srv) by extension 'ignore_ament_install'
[0.355s] Level 1:colcon.colcon_core.package_identification:_identify(services_quiz_srv) by extensions ['colcon_pkg']
[0.355s] Level 1:colcon.colcon_core.package_identification:_identify(services_quiz_srv) by extension 'colcon_pkg'
[0.355s] Level 1:colcon.colcon_core.package_identification:_identify(services_quiz_srv) by extensions ['colcon_meta']
[0.355s] Level 1:colcon.colcon_core.package_identification:_identify(services_quiz_srv) by extension 'colcon_meta'
[0.355s] Level 1:colcon.colcon_core.package_identification:_identify(services_quiz_srv) by extensions ['ament_cargo']
[0.355s] Level 1:colcon.colcon_core.package_identification:_identify(services_quiz_srv) by extension 'ament_cargo'
[0.355s] Level 1:colcon.colcon_core.package_identification:_identify(services_quiz_srv) by extensions ['ros']
[0.355s] Level 1:colcon.colcon_core.package_identification:_identify(services_quiz_srv) by extension 'ros'
[0.356s] DEBUG:colcon.colcon_core.package_identification:Package 'services_quiz_srv' with type 'ros.ament_cmake' and name 'services_quiz_srv'
[0.356s] Level 1:colcon.colcon_core.package_discovery:discover_packages(recursive) using defaults
[0.356s] Level 1:colcon.colcon_core.package_discovery:discover_packages(ignore) discover
[0.356s] Level 1:colcon.colcon_core.package_discovery:discover_packages(ignore) using defaults
[0.356s] Level 1:colcon.colcon_core.package_discovery:discover_packages(path) discover
[0.356s] Level 1:colcon.colcon_core.package_discovery:discover_packages(path) using defaults
[0.376s] Level 5:colcon.colcon_core.verb:set package 'custom_interfaces' build argument 'lookup_in_workspace' from command line to 'False'
[0.376s] Level 5:colcon.colcon_core.verb:set package 'custom_interfaces' build argument 'cargo_args' from command line to 'None'
[0.376s] Level 5:colcon.colcon_core.verb:set package 'custom_interfaces' build argument 'clean_build' from command line to 'False'
[0.376s] Level 5:colcon.colcon_core.verb:set package 'custom_interfaces' build argument 'cmake_args' from command line to 'None'
[0.376s] Level 5:colcon.colcon_core.verb:set package 'custom_interfaces' build argument 'cmake_target' from command line to 'None'
[0.376s] Level 5:colcon.colcon_core.verb:set package 'custom_interfaces' build argument 'cmake_target_skip_unavailable' from command line to 'False'
[0.376s] Level 5:colcon.colcon_core.verb:set package 'custom_interfaces' build argument 'cmake_clean_cache' from command line to 'False'
[0.376s] Level 5:colcon.colcon_core.verb:set package 'custom_interfaces' build argument 'cmake_clean_first' from command line to 'False'
[0.376s] Level 5:colcon.colcon_core.verb:set package 'custom_interfaces' build argument 'cmake_force_configure' from command line to 'False'
[0.376s] Level 5:colcon.colcon_core.verb:set package 'custom_interfaces' build argument 'ament_cmake_args' from command line to 'None'
[0.376s] Level 5:colcon.colcon_core.verb:set package 'custom_interfaces' build argument 'catkin_cmake_args' from command line to 'None'
[0.376s] Level 5:colcon.colcon_core.verb:set package 'custom_interfaces' build argument 'catkin_skip_building_tests' from command line to 'False'
[0.376s] DEBUG:colcon.colcon_core.verb:Building package 'custom_interfaces' with the following arguments: {'ament_cmake_args': None, 'build_base': '/home/user/ros2_ws/src/build/custom_interfaces', 'cargo_args': None, 'catkin_cmake_args': None, 'catkin_skip_building_tests': False, 'clean_build': False, 'cmake_args': None, 'cmake_clean_cache': False, 'cmake_clean_first': False, 'cmake_force_configure': False, 'cmake_target': None, 'cmake_target_skip_unavailable': False, 'install_base': '/home/user/ros2_ws/src/install/custom_interfaces', 'lookup_in_workspace': False, 'merge_install': False, 'path': '/home/user/ros2_ws/src/custom_interfaces', 'symlink_install': False, 'test_result_base': None}
[0.377s] Level 5:colcon.colcon_core.verb:set package 'mars_rover_tasks' build argument 'lookup_in_workspace' from command line to 'False'
[0.377s] Level 5:colcon.colcon_core.verb:set package 'mars_rover_tasks' build argument 'cargo_args' from command line to 'None'
[0.377s] Level 5:colcon.colcon_core.verb:set package 'mars_rover_tasks' build argument 'clean_build' from command line to 'False'
[0.377s] Level 5:colcon.colcon_core.verb:set package 'mars_rover_tasks' build argument 'cmake_args' from command line to 'None'
[0.377s] Level 5:colcon.colcon_core.verb:set package 'mars_rover_tasks' build argument 'cmake_target' from command line to 'None'
[0.377s] Level 5:colcon.colcon_core.verb:set package 'mars_rover_tasks' build argument 'cmake_target_skip_unavailable' from command line to 'False'
[0.377s] Level 5:colcon.colcon_core.verb:set package 'mars_rover_tasks' build argument 'cmake_clean_cache' from command line to 'False'
[0.377s] Level 5:colcon.colcon_core.verb:set package 'mars_rover_tasks' build argument 'cmake_clean_first' from command line to 'False'
[0.377s] Level 5:colcon.colcon_core.verb:set package 'mars_rover_tasks' build argument 'cmake_force_configure' from command line to 'False'
[0.377s] Level 5:colcon.colcon_core.verb:set package 'mars_rover_tasks' build argument 'ament_cmake_args' from command line to 'None'
[0.377s] Level 5:colcon.colcon_core.verb:set package 'mars_rover_tasks' build argument 'catkin_cmake_args' from command line to 'None'
[0.377s] Level 5:colcon.colcon_core.verb:set package 'mars_rover_tasks' build argument 'catkin_skip_building_tests' from command line to 'False'
[0.377s] DEBUG:colcon.colcon_core.verb:Building package 'mars_rover_tasks' with the following arguments: {'ament_cmake_args': None, 'build_base': '/home/user/ros2_ws/src/build/mars_rover_tasks', 'cargo_args': None, 'catkin_cmake_args': None, 'catkin_skip_building_tests': False, 'clean_build': False, 'cmake_args': None, 'cmake_clean_cache': False, 'cmake_clean_first': False, 'cmake_force_configure': False, 'cmake_target': None, 'cmake_target_skip_unavailable': False, 'install_base': '/home/user/ros2_ws/src/install/mars_rover_tasks', 'lookup_in_workspace': False, 'merge_install': False, 'path': '/home/user/ros2_ws/src/mars_rover_tasks', 'symlink_install': False, 'test_result_base': None}
[0.378s] Level 5:colcon.colcon_core.verb:set package 'services_quiz' build argument 'lookup_in_workspace' from command line to 'False'
[0.378s] Level 5:colcon.colcon_core.verb:set package 'services_quiz' build argument 'cargo_args' from command line to 'None'
[0.378s] Level 5:colcon.colcon_core.verb:set package 'services_quiz' build argument 'clean_build' from command line to 'False'
[0.378s] Level 5:colcon.colcon_core.verb:set package 'services_quiz' build argument 'cmake_args' from command line to 'None'
[0.378s] Level 5:colcon.colcon_core.verb:set package 'services_quiz' build argument 'cmake_target' from command line to 'None'
[0.378s] Level 5:colcon.colcon_core.verb:set package 'services_quiz' build argument 'cmake_target_skip_unavailable' from command line to 'False'
[0.378s] Level 5:colcon.colcon_core.verb:set package 'services_quiz' build argument 'cmake_clean_cache' from command line to 'False'
[0.378s] Level 5:colcon.colcon_core.verb:set package 'services_quiz' build argument 'cmake_clean_first' from command line to 'False'
[0.378s] Level 5:colcon.colcon_core.verb:set package 'services_quiz' build argument 'cmake_force_configure' from command line to 'False'
[0.378s] Level 5:colcon.colcon_core.verb:set package 'services_quiz' build argument 'ament_cmake_args' from command line to 'None'
[0.378s] Level 5:colcon.colcon_core.verb:set package 'services_quiz' build argument 'catkin_cmake_args' from command line to 'None'
[0.378s] Level 5:colcon.colcon_core.verb:set package 'services_quiz' build argument 'catkin_skip_building_tests' from command line to 'False'
[0.378s] DEBUG:colcon.colcon_core.verb:Building package 'services_quiz' with the following arguments: {'ament_cmake_args': None, 'build_base': '/home/user/ros2_ws/src/build/services_quiz', 'cargo_args': None, 'catkin_cmake_args': None, 'catkin_skip_building_tests': False, 'clean_build': False, 'cmake_args': None, 'cmake_clean_cache': False, 'cmake_clean_first': False, 'cmake_force_configure': False, 'cmake_target': None, 'cmake_target_skip_unavailable': False, 'install_base': '/home/user/ros2_ws/src/install/services_quiz', 'lookup_in_workspace': False, 'merge_install': False, 'path': '/home/user/ros2_ws/src/services_quiz', 'symlink_install': False, 'test_result_base': None}
[0.379s] Level 5:colcon.colcon_core.verb:set package 'services_quiz_srv' build argument 'lookup_in_workspace' from command line to 'False'
[0.379s] Level 5:colcon.colcon_core.verb:set package 'services_quiz_srv' build argument 'cargo_args' from command line to 'None'
[0.379s] Level 5:colcon.colcon_core.verb:set package 'services_quiz_srv' build argument 'clean_build' from command line to 'False'
[0.379s] Level 5:colcon.colcon_core.verb:set package 'services_quiz_srv' build argument 'cmake_args' from command line to 'None'
[0.379s] Level 5:colcon.colcon_core.verb:set package 'services_quiz_srv' build argument 'cmake_target' from command line to 'None'
[0.379s] Level 5:colcon.colcon_core.verb:set package 'services_quiz_srv' build argument 'cmake_target_skip_unavailable' from command line to 'False'
[0.379s] Level 5:colcon.colcon_core.verb:set package 'services_quiz_srv' build argument 'cmake_clean_cache' from command line to 'False'
[0.379s] Level 5:colcon.colcon_core.verb:set package 'services_quiz_srv' build argument 'cmake_clean_first' from command line to 'False'
[0.379s] Level 5:colcon.colcon_core.verb:set package 'services_quiz_srv' build argument 'cmake_force_configure' from command line to 'False'
[0.379s] Level 5:colcon.colcon_core.verb:set package 'services_quiz_srv' build argument 'ament_cmake_args' from command line to 'None'
[0.379s] Level 5:colcon.colcon_core.verb:set package 'services_quiz_srv' build argument 'catkin_cmake_args' from command line to 'None'
[0.379s] Level 5:colcon.colcon_core.verb:set package 'services_quiz_srv' build argument 'catkin_skip_building_tests' from command line to 'False'
[0.379s] DEBUG:colcon.colcon_core.verb:Building package 'services_quiz_srv' with the following arguments: {'ament_cmake_args': None, 'build_base': '/home/user/ros2_ws/src/build/services_quiz_srv', 'cargo_args': None, 'catkin_cmake_args': None, 'catkin_skip_building_tests': False, 'clean_build': False, 'cmake_args': None, 'cmake_clean_cache': False, 'cmake_clean_first': False, 'cmake_force_configure': False, 'cmake_target': None, 'cmake_target_skip_unavailable': False, 'install_base': '/home/user/ros2_ws/src/install/services_quiz_srv', 'lookup_in_workspace': False, 'merge_install': False, 'path': '/home/user/ros2_ws/src/services_quiz_srv', 'symlink_install': False, 'test_result_base': None}
[0.379s] INFO:colcon.colcon_core.executor:Executing jobs using 'parallel' executor
[0.380s] DEBUG:colcon.colcon_parallel_executor.executor.parallel:run_until_complete
[0.380s] INFO:colcon.colcon_ros.task.ament_cmake.build:Building ROS package in '/home/user/ros2_ws/src/custom_interfaces' with build type 'ament_cmake'
[0.381s] INFO:colcon.colcon_cmake.task.cmake.build:Building CMake package in '/home/user/ros2_ws/src/custom_interfaces'
[0.383s] INFO:colcon.colcon_core.plugin_system:Skipping extension 'colcon_core.shell.bat': Not used on non-Windows systems
[0.383s] INFO:colcon.colcon_core.shell:Skip shell extension 'powershell' for command environment: Not usable outside of PowerShell
[0.383s] DEBUG:colcon.colcon_core.shell:Skip shell extension 'dsv' for command environment
[0.390s] INFO:colcon.colcon_ros.task.ament_cmake.build:Building ROS package in '/home/user/ros2_ws/src/mars_rover_tasks' with build type 'ament_cmake'
[0.390s] INFO:colcon.colcon_cmake.task.cmake.build:Building CMake package in '/home/user/ros2_ws/src/mars_rover_tasks'
[0.390s] INFO:colcon.colcon_core.shell:Skip shell extension 'powershell' for command environment: Not usable outside of PowerShell
[0.390s] DEBUG:colcon.colcon_core.shell:Skip shell extension 'dsv' for command environment
[0.397s] INFO:colcon.colcon_ros.task.ament_cmake.build:Building ROS package in '/home/user/ros2_ws/src/services_quiz' with build type 'ament_cmake'
[0.397s] INFO:colcon.colcon_cmake.task.cmake.build:Building CMake package in '/home/user/ros2_ws/src/services_quiz'
[0.397s] INFO:colcon.colcon_core.shell:Skip shell extension 'powershell' for command environment: Not usable outside of PowerShell
[0.397s] DEBUG:colcon.colcon_core.shell:Skip shell extension 'dsv' for command environment
[0.404s] INFO:colcon.colcon_ros.task.ament_cmake.build:Building ROS package in '/home/user/ros2_ws/src/services_quiz_srv' with build type 'ament_cmake'
[0.405s] INFO:colcon.colcon_cmake.task.cmake.build:Building CMake package in '/home/user/ros2_ws/src/services_quiz_srv'
[0.405s] INFO:colcon.colcon_core.shell:Skip shell extension 'powershell' for command environment: Not usable outside of PowerShell
[0.405s] DEBUG:colcon.colcon_core.shell:Skip shell extension 'dsv' for command environment
[0.416s] DEBUG:colcon.colcon_core.event_handler.log_command:Invoking command in '/home/user/ros2_ws/src/build/custom_interfaces': CMAKE_PREFIX_PATH=${CMAKE_PREFIX_PATH}:/home/simulations/ros2_sims_ws/install/tracetools_test:/home/simulations/ros2_sims_ws/install/tracetools_launch:/home/simulations/ros2_sims_ws/install/ros2trace:/home/simulations/ros2_sims_ws/install/tracetools_trace:/home/simulations/ros2_sims_ws/install/ros2trace_analysis:/home/simulations/ros2_sims_ws/install/tracetools_analysis:/home/simulations/ros2_sims_ws/install/tracetools_read:/home/simulations/ros2_sims_ws/install/test_tracetools_launch:/opt/ros/humble:/home/simulations/ros2_sims_ws/install/robot_description _=/usr/bin/env /usr/bin/cmake --build /home/user/ros2_ws/src/build/custom_interfaces -- -j8 -l8
[0.421s] DEBUG:colcon.colcon_core.event_handler.log_command:Invoking command in '/home/user/ros2_ws/src/build/mars_rover_tasks': CMAKE_PREFIX_PATH=${CMAKE_PREFIX_PATH}:/home/simulations/ros2_sims_ws/install/tracetools_test:/home/simulations/ros2_sims_ws/install/tracetools_launch:/home/simulations/ros2_sims_ws/install/ros2trace:/home/simulations/ros2_sims_ws/install/tracetools_trace:/home/simulations/ros2_sims_ws/install/ros2trace_analysis:/home/simulations/ros2_sims_ws/install/tracetools_analysis:/home/simulations/ros2_sims_ws/install/tracetools_read:/home/simulations/ros2_sims_ws/install/test_tracetools_launch:/opt/ros/humble:/home/simulations/ros2_sims_ws/install/robot_description _=/usr/bin/env /usr/bin/cmake --build /home/user/ros2_ws/src/build/mars_rover_tasks -- -j8 -l8
[0.425s] DEBUG:colcon.colcon_core.event_handler.log_command:Invoking command in '/home/user/ros2_ws/src/build/services_quiz': CMAKE_PREFIX_PATH=${CMAKE_PREFIX_PATH}:/home/simulations/ros2_sims_ws/install/tracetools_test:/home/simulations/ros2_sims_ws/install/tracetools_launch:/home/simulations/ros2_sims_ws/install/ros2trace:/home/simulations/ros2_sims_ws/install/tracetools_trace:/home/simulations/ros2_sims_ws/install/ros2trace_analysis:/home/simulations/ros2_sims_ws/install/tracetools_analysis:/home/simulations/ros2_sims_ws/install/tracetools_read:/home/simulations/ros2_sims_ws/install/test_tracetools_launch:/opt/ros/humble:/home/simulations/ros2_sims_ws/install/robot_description _=/usr/bin/env /usr/bin/cmake /home/user/ros2_ws/src/services_quiz -DCMAKE_INSTALL_PREFIX=/home/user/ros2_ws/src/install/services_quiz
[0.432s] DEBUG:colcon.colcon_core.event_handler.log_command:Invoking command in '/home/user/ros2_ws/src/build/services_quiz_srv': CMAKE_PREFIX_PATH=${CMAKE_PREFIX_PATH}:/home/simulations/ros2_sims_ws/install/tracetools_test:/home/simulations/ros2_sims_ws/install/tracetools_launch:/home/simulations/ros2_sims_ws/install/ros2trace:/home/simulations/ros2_sims_ws/install/tracetools_trace:/home/simulations/ros2_sims_ws/install/ros2trace_analysis:/home/simulations/ros2_sims_ws/install/tracetools_analysis:/home/simulations/ros2_sims_ws/install/tracetools_read:/home/simulations/ros2_sims_ws/install/test_tracetools_launch:/opt/ros/humble:/home/simulations/ros2_sims_ws/install/robot_description _=/usr/bin/env /usr/bin/cmake --build /home/user/ros2_ws/src/build/services_quiz_srv -- -j8 -l8
[0.497s] DEBUG:colcon.colcon_core.event_handler.log_command:Invoked command in '/home/user/ros2_ws/src/build/services_quiz_srv' returned '0': CMAKE_PREFIX_PATH=${CMAKE_PREFIX_PATH}:/home/simulations/ros2_sims_ws/install/tracetools_test:/home/simulations/ros2_sims_ws/install/tracetools_launch:/home/simulations/ros2_sims_ws/install/ros2trace:/home/simulations/ros2_sims_ws/install/tracetools_trace:/home/simulations/ros2_sims_ws/install/ros2trace_analysis:/home/simulations/ros2_sims_ws/install/tracetools_analysis:/home/simulations/ros2_sims_ws/install/tracetools_read:/home/simulations/ros2_sims_ws/install/test_tracetools_launch:/opt/ros/humble:/home/simulations/ros2_sims_ws/install/robot_description _=/usr/bin/env /usr/bin/cmake --build /home/user/ros2_ws/src/build/services_quiz_srv -- -j8 -l8
[0.546s] DEBUG:colcon.colcon_core.event_handler.log_command:Invoking command in '/home/user/ros2_ws/src/build/services_quiz_srv': CMAKE_PREFIX_PATH=${CMAKE_PREFIX_PATH}:/home/simulations/ros2_sims_ws/install/tracetools_test:/home/simulations/ros2_sims_ws/install/tracetools_launch:/home/simulations/ros2_sims_ws/install/ros2trace:/home/simulations/ros2_sims_ws/install/tracetools_trace:/home/simulations/ros2_sims_ws/install/ros2trace_analysis:/home/simulations/ros2_sims_ws/install/tracetools_analysis:/home/simulations/ros2_sims_ws/install/tracetools_read:/home/simulations/ros2_sims_ws/install/test_tracetools_launch:/opt/ros/humble:/home/simulations/ros2_sims_ws/install/robot_description _=/usr/bin/env /usr/bin/cmake --install /home/user/ros2_ws/src/build/services_quiz_srv
[0.557s] Level 1:colcon.colcon_core.environment:create_environment_scripts_only(services_quiz_srv)
[0.558s] DEBUG:colcon.colcon_core.event_handler.log_command:Invoked command in '/home/user/ros2_ws/src/build/services_quiz_srv' returned '0': CMAKE_PREFIX_PATH=${CMAKE_PREFIX_PATH}:/home/simulations/ros2_sims_ws/install/tracetools_test:/home/simulations/ros2_sims_ws/install/tracetools_launch:/home/simulations/ros2_sims_ws/install/ros2trace:/home/simulations/ros2_sims_ws/install/tracetools_trace:/home/simulations/ros2_sims_ws/install/ros2trace_analysis:/home/simulations/ros2_sims_ws/install/tracetools_analysis:/home/simulations/ros2_sims_ws/install/tracetools_read:/home/simulations/ros2_sims_ws/install/test_tracetools_launch:/opt/ros/humble:/home/simulations/ros2_sims_ws/install/robot_description _=/usr/bin/env /usr/bin/cmake --install /home/user/ros2_ws/src/build/services_quiz_srv
[0.561s] Level 1:colcon.colcon_core.environment:checking '/home/user/ros2_ws/src/install/services_quiz_srv' for CMake module files
[0.561s] Level 1:colcon.colcon_core.environment:checking '/home/user/ros2_ws/src/install/services_quiz_srv' for CMake config files
[0.561s] Level 1:colcon.colcon_core.shell:create_environment_hook('services_quiz_srv', 'cmake_prefix_path')
[0.562s] INFO:colcon.colcon_core.shell:Creating environment hook '/home/user/ros2_ws/src/install/services_quiz_srv/share/services_quiz_srv/hook/cmake_prefix_path.ps1'
[0.563s] INFO:colcon.colcon_core.shell:Creating environment descriptor '/home/user/ros2_ws/src/install/services_quiz_srv/share/services_quiz_srv/hook/cmake_prefix_path.dsv'
[0.565s] INFO:colcon.colcon_core.shell:Creating environment hook '/home/user/ros2_ws/src/install/services_quiz_srv/share/services_quiz_srv/hook/cmake_prefix_path.sh'
[0.567s] Level 1:colcon.colcon_core.environment:checking '/home/user/ros2_ws/src/install/services_quiz_srv/bin'
[0.567s] Level 1:colcon.colcon_core.environment:checking '/home/user/ros2_ws/src/install/services_quiz_srv/lib/pkgconfig/services_quiz_srv.pc'
[0.568s] Level 1:colcon.colcon_core.environment:checking '/home/user/ros2_ws/src/install/services_quiz_srv/lib/python3.10/site-packages'
[0.569s] Level 1:colcon.colcon_core.environment:checking '/home/user/ros2_ws/src/install/services_quiz_srv/bin'
[0.570s] INFO:colcon.colcon_core.shell:Creating package script '/home/user/ros2_ws/src/install/services_quiz_srv/share/services_quiz_srv/package.ps1'
[0.571s] INFO:colcon.colcon_core.shell:Creating package descriptor '/home/user/ros2_ws/src/install/services_quiz_srv/share/services_quiz_srv/package.dsv'
[0.572s] INFO:colcon.colcon_core.shell:Creating package script '/home/user/ros2_ws/src/install/services_quiz_srv/share/services_quiz_srv/package.sh'
[0.573s] INFO:colcon.colcon_core.shell:Creating package script '/home/user/ros2_ws/src/install/services_quiz_srv/share/services_quiz_srv/package.bash'
[0.574s] INFO:colcon.colcon_core.shell:Creating package script '/home/user/ros2_ws/src/install/services_quiz_srv/share/services_quiz_srv/package.zsh'
[0.575s] Level 1:colcon.colcon_core.environment:create_file_with_runtime_dependencies(/home/user/ros2_ws/src/install/services_quiz_srv/share/colcon-core/packages/services_quiz_srv)
[0.623s] Level 1:colcon.colcon_core.environment:create_environment_scripts_only(services_quiz_srv)
[0.623s] Level 1:colcon.colcon_core.environment:checking '/home/user/ros2_ws/src/install/services_quiz_srv' for CMake module files
[0.624s] Level 1:colcon.colcon_core.environment:checking '/home/user/ros2_ws/src/install/services_quiz_srv' for CMake config files
[0.624s] Level 1:colcon.colcon_core.shell:create_environment_hook('services_quiz_srv', 'cmake_prefix_path')
[0.624s] INFO:colcon.colcon_core.shell:Creating environment hook '/home/user/ros2_ws/src/install/services_quiz_srv/share/services_quiz_srv/hook/cmake_prefix_path.ps1'
[0.625s] INFO:colcon.colcon_core.shell:Creating environment descriptor '/home/user/ros2_ws/src/install/services_quiz_srv/share/services_quiz_srv/hook/cmake_prefix_path.dsv'
[0.625s] INFO:colcon.colcon_core.shell:Creating environment hook '/home/user/ros2_ws/src/install/services_quiz_srv/share/services_quiz_srv/hook/cmake_prefix_path.sh'
[0.626s] Level 1:colcon.colcon_core.environment:checking '/home/user/ros2_ws/src/install/services_quiz_srv/bin'
[0.626s] Level 1:colcon.colcon_core.environment:checking '/home/user/ros2_ws/src/install/services_quiz_srv/lib/pkgconfig/services_quiz_srv.pc'
[0.626s] Level 1:colcon.colcon_core.environment:checking '/home/user/ros2_ws/src/install/services_quiz_srv/lib/python3.10/site-packages'
[0.627s] Level 1:colcon.colcon_core.environment:checking '/home/user/ros2_ws/src/install/services_quiz_srv/bin'
[0.627s] INFO:colcon.colcon_core.shell:Creating package script '/home/user/ros2_ws/src/install/services_quiz_srv/share/services_quiz_srv/package.ps1'
[0.628s] INFO:colcon.colcon_core.shell:Creating package descriptor '/home/user/ros2_ws/src/install/services_quiz_srv/share/services_quiz_srv/package.dsv'
[0.628s] INFO:colcon.colcon_core.shell:Creating package script '/home/user/ros2_ws/src/install/services_quiz_srv/share/services_quiz_srv/package.sh'
[0.628s] INFO:colcon.colcon_core.shell:Creating package script '/home/user/ros2_ws/src/install/services_quiz_srv/share/services_quiz_srv/package.bash'
[0.629s] INFO:colcon.colcon_core.shell:Creating package script '/home/user/ros2_ws/src/install/services_quiz_srv/share/services_quiz_srv/package.zsh'
[0.629s] Level 1:colcon.colcon_core.environment:create_file_with_runtime_dependencies(/home/user/ros2_ws/src/install/services_quiz_srv/share/colcon-core/packages/services_quiz_srv)
[1.150s] DEBUG:colcon.colcon_core.event_handler.log_command:Invoked command in '/home/user/ros2_ws/src/build/services_quiz' returned '1': CMAKE_PREFIX_PATH=${CMAKE_PREFIX_PATH}:/home/simulations/ros2_sims_ws/install/tracetools_test:/home/simulations/ros2_sims_ws/install/tracetools_launch:/home/simulations/ros2_sims_ws/install/ros2trace:/home/simulations/ros2_sims_ws/install/tracetools_trace:/home/simulations/ros2_sims_ws/install/ros2trace_analysis:/home/simulations/ros2_sims_ws/install/tracetools_analysis:/home/simulations/ros2_sims_ws/install/tracetools_read:/home/simulations/ros2_sims_ws/install/test_tracetools_launch:/opt/ros/humble:/home/simulations/ros2_sims_ws/install/robot_description _=/usr/bin/env /usr/bin/cmake /home/user/ros2_ws/src/services_quiz -DCMAKE_INSTALL_PREFIX=/home/user/ros2_ws/src/install/services_quiz
[1.162s] Level 1:colcon.colcon_core.environment:create_environment_scripts_only(services_quiz)
[1.162s] Level 1:colcon.colcon_core.environment:checking '/home/user/ros2_ws/src/install/services_quiz' for CMake module files
[1.162s] Level 1:colcon.colcon_core.environment:checking '/home/user/ros2_ws/src/install/services_quiz' for CMake config files
[1.163s] Level 1:colcon.colcon_core.environment:checking '/home/user/ros2_ws/src/install/services_quiz/bin'
[1.163s] Level 1:colcon.colcon_core.environment:checking '/home/user/ros2_ws/src/install/services_quiz/lib/pkgconfig/services_quiz.pc'
[1.163s] Level 1:colcon.colcon_core.environment:checking '/home/user/ros2_ws/src/install/services_quiz/lib/python3.10/site-packages'
[1.163s] Level 1:colcon.colcon_core.environment:checking '/home/user/ros2_ws/src/install/services_quiz/bin'
[1.163s] INFO:colcon.colcon_core.shell:Creating package script '/home/user/ros2_ws/src/install/services_quiz/share/services_quiz/package.ps1'
[1.241s] INFO:colcon.colcon_core.shell:Creating package descriptor '/home/user/ros2_ws/src/install/services_quiz/share/services_quiz/package.dsv'
[1.241s] INFO:colcon.colcon_core.shell:Creating package script '/home/user/ros2_ws/src/install/services_quiz/share/services_quiz/package.sh'
[1.242s] INFO:colcon.colcon_core.shell:Creating package script '/home/user/ros2_ws/src/install/services_quiz/share/services_quiz/package.bash'
[1.242s] INFO:colcon.colcon_core.shell:Creating package script '/home/user/ros2_ws/src/install/services_quiz/share/services_quiz/package.zsh'
[1.242s] Level 1:colcon.colcon_core.environment:create_file_with_runtime_dependencies(/home/user/ros2_ws/src/install/services_quiz/share/colcon-core/packages/services_quiz)
[34.472s] DEBUG:colcon.colcon_parallel_executor.executor.parallel:closing loop
[34.473s] DEBUG:colcon.colcon_parallel_executor.executor.parallel:loop closed
[34.473s] DEBUG:colcon.colcon_parallel_executor.executor.parallel:run_until_complete finished with '1'
[34.473s] DEBUG:colcon.colcon_core.event_reactor:joining thread
[34.479s] INFO:colcon.colcon_core.plugin_system:Skipping extension 'colcon_notification.desktop_notification.notify_send': Could not find 'notify-send'
[34.479s] INFO:colcon.colcon_core.plugin_system:Skipping extension 'colcon_notification.desktop_notification.terminal_notifier': Not used on non-Darwin systems
[34.479s] INFO:colcon.colcon_core.plugin_system:Skipping extension 'colcon_notification.desktop_notification.win32': Not used on non-Windows systems
[34.479s] INFO:colcon.colcon_notification.desktop_notification:Sending desktop notification using 'notify2'
[34.481s] DEBUG:colcon.colcon_notification.desktop_notification.notify2:Failed to initialize notify2: org.freedesktop.DBus.Error.Spawn.ExecFailed: /usr/bin/dbus-launch terminated abnormally without any error message
[34.481s] DEBUG:colcon.colcon_core.event_reactor:joined thread
[34.482s] INFO:colcon.colcon_core.shell:Creating prefix script '/home/user/ros2_ws/src/install/local_setup.ps1'
[34.483s] INFO:colcon.colcon_core.shell:Creating prefix util module '/home/user/ros2_ws/src/install/_local_setup_util_ps1.py'
[34.484s] INFO:colcon.colcon_core.shell:Creating prefix chain script '/home/user/ros2_ws/src/install/setup.ps1'
[34.486s] INFO:colcon.colcon_core.shell:Creating prefix script '/home/user/ros2_ws/src/install/local_setup.sh'
[34.487s] INFO:colcon.colcon_core.shell:Creating prefix util module '/home/user/ros2_ws/src/install/_local_setup_util_sh.py'
[34.487s] INFO:colcon.colcon_core.shell:Creating prefix chain script '/home/user/ros2_ws/src/install/setup.sh'
[34.489s] INFO:colcon.colcon_core.shell:Creating prefix script '/home/user/ros2_ws/src/install/local_setup.bash'
[34.490s] INFO:colcon.colcon_core.shell:Creating prefix chain script '/home/user/ros2_ws/src/install/setup.bash'
[34.491s] INFO:colcon.colcon_core.shell:Creating prefix script '/home/user/ros2_ws/src/install/local_setup.zsh'
[34.492s] INFO:colcon.colcon_core.shell:Creating prefix chain script '/home/user/ros2_ws/src/install/setup.zsh'
