[0.014s] Invoking command in '/home/user/ros2_ws/src/actions_quiz/build/actions_quiz': CMAKE_PREFIX_PATH=${CMAKE_PREFIX_PATH}:/home/simulations/ros2_sims_ws/install/tracetools_test:/home/simulations/ros2_sims_ws/install/tracetools_launch:/home/simulations/ros2_sims_ws/install/ros2trace:/home/simulations/ros2_sims_ws/install/tracetools_trace:/home/simulations/ros2_sims_ws/install/ros2trace_analysis:/home/simulations/ros2_sims_ws/install/tracetools_analysis:/home/simulations/ros2_sims_ws/install/tracetools_read:/home/simulations/ros2_sims_ws/install/test_tracetools_launch:/opt/ros/humble:/home/simulations/ros2_sims_ws/install/robot_description _=/usr/bin/env /usr/bin/cmake /home/user/ros2_ws/src/actions_quiz -DCMAKE_INSTALL_PREFIX=/home/user/ros2_ws/src/actions_quiz/install/actions_quiz
[0.069s] -- The C compiler identification is GNU 11.4.0
[0.121s] -- The CXX compiler identification is GNU 11.4.0
[0.128s] -- Detecting C compiler ABI info
[0.193s] -- Detecting C compiler ABI info - done
[0.201s] -- Check for working C compiler: /usr/bin/cc - skipped
[0.201s] -- Detecting C compile features
[0.201s] -- Detecting C compile features - done
[0.204s] -- Detecting CXX compiler ABI info
[0.280s] -- Detecting CXX compiler ABI info - done
[0.290s] -- Check for working CXX compiler: /usr/bin/c++ - skipped
[0.290s] -- Detecting CXX compile features
[0.290s] -- Detecting CXX compile features - done
[0.299s] -- Found ament_cmake: 1.3.8 (/opt/ros/humble/share/ament_cmake/cmake)
[0.478s] -- Found Python3: /usr/bin/python3 (found version "3.10.12") found components: Interpreter 
[0.643s] -- Found rclcpp: 16.0.8 (/opt/ros/humble/share/rclcpp/cmake)
[0.750s] -- Found rosidl_generator_c: 3.1.5 (/opt/ros/humble/share/rosidl_generator_c/cmake)
[0.769s] -- Found rosidl_adapter: 3.1.5 (/opt/ros/humble/share/rosidl_adapter/cmake)
[0.790s] -- Found rosidl_generator_cpp: 3.1.5 (/opt/ros/humble/share/rosidl_generator_cpp/cmake)
[0.815s] -- Using all available rosidl_typesupport_c: rosidl_typesupport_fastrtps_c;rosidl_typesupport_introspection_c
[0.853s] -- Using all available rosidl_typesupport_cpp: rosidl_typesupport_fastrtps_cpp;rosidl_typesupport_introspection_cpp
[0.979s] -- Found rmw_implementation_cmake: 6.1.1 (/opt/ros/humble/share/rmw_implementation_cmake/cmake)
[0.987s] -- Found rmw_fastrtps_cpp: 6.2.6 (/opt/ros/humble/share/rmw_fastrtps_cpp/cmake)
[1.122s] -- Found OpenSSL: /usr/lib/x86_64-linux-gnu/libcrypto.so (found version "3.0.2")  
[1.170s] -- Found FastRTPS: /opt/ros/humble/include  
[1.247s] -- Using RMW implementation 'rmw_fastrtps_cpp' as default
[1.273s] -- Looking for pthread.h
[1.342s] -- Looking for pthread.h - found
[1.343s] -- Performing Test CMAKE_HAVE_LIBC_PTHREAD
[1.415s] -- Performing Test CMAKE_HAVE_LIBC_PTHREAD - Success
[1.416s] -- Found Threads: TRUE  
[1.625s] -- Found rclcpp_action: 16.0.8 (/opt/ros/humble/share/rclcpp_action/cmake)
[1.746s] -- Found leo_description: 0.0.0 (/home/simulations/ros2_sims_ws/install/leo_description/share/leo_description/cmake)
[1.813s] -- Found geometry_msgs: 4.2.3 (/opt/ros/humble/share/geometry_msgs/cmake)
[1.867s] -- Found nav2_msgs: 1.1.13 (/opt/ros/humble/share/nav2_msgs/cmake)
[2.169s] -- Found tf2: 0.25.6 (/opt/ros/humble/share/tf2/cmake)
[2.198s] -- Found tf2_geometry_msgs: 0.25.6 (/opt/ros/humble/share/tf2_geometry_msgs/cmake)
[2.239s] -- Found eigen3_cmake_module: 0.1.1 (/opt/ros/humble/share/eigen3_cmake_module/cmake)
[2.240s] -- Found Eigen3: TRUE (found version "3.4.0") 
[2.240s] -- Ensuring Eigen3 include directory is part of orocos-kdl CMake target
[2.565s] [31mCMake Error at CMakeLists.txt:18 (find_package):
[2.566s]   By not providing "Findcustom_interfaces.cmake" in CMAKE_MODULE_PATH this
[2.566s]   project has asked CMake to find a package configuration file provided by
[2.566s]   "custom_interfaces", but CMake did not find one.
[2.566s] 
[2.566s]   Could not find a package configuration file provided by "custom_interfaces"
[2.566s]   with any of the following names:
[2.566s] 
[2.566s]     custom_interfacesConfig.cmake
[2.566s]     custom_interfaces-config.cmake
[2.566s] 
[2.566s]   Add the installation prefix of "custom_interfaces" to CMAKE_PREFIX_PATH or
[2.566s]   set "custom_interfaces_DIR" to a directory containing one of the above
[2.566s]   files.  If "custom_interfaces" provides a separate development package or
[2.566s]   SDK, be sure it has been installed.
[2.566s] 
[2.566s] [0m
[2.567s] -- Configuring incomplete, errors occurred!
[2.567s] See also "/home/user/ros2_ws/src/actions_quiz/build/actions_quiz/CMakeFiles/CMakeOutput.log".
[2.576s] Invoked command in '/home/user/ros2_ws/src/actions_quiz/build/actions_quiz' returned '1': CMAKE_PREFIX_PATH=${CMAKE_PREFIX_PATH}:/home/simulations/ros2_sims_ws/install/tracetools_test:/home/simulations/ros2_sims_ws/install/tracetools_launch:/home/simulations/ros2_sims_ws/install/ros2trace:/home/simulations/ros2_sims_ws/install/tracetools_trace:/home/simulations/ros2_sims_ws/install/ros2trace_analysis:/home/simulations/ros2_sims_ws/install/tracetools_analysis:/home/simulations/ros2_sims_ws/install/tracetools_read:/home/simulations/ros2_sims_ws/install/test_tracetools_launch:/opt/ros/humble:/home/simulations/ros2_sims_ws/install/robot_description _=/usr/bin/env /usr/bin/cmake /home/user/ros2_ws/src/actions_quiz -DCMAKE_INSTALL_PREFIX=/home/user/ros2_ws/src/actions_quiz/install/actions_quiz
