[0.032s] Invoking command in '/home/user/ros2_ws/src/build/custom_interfaces': CMAKE_PREFIX_PATH=${CMAKE_PREFIX_PATH}:/home/simulations/ros2_sims_ws/install/tracetools_test:/home/simulations/ros2_sims_ws/install/tracetools_launch:/home/simulations/ros2_sims_ws/install/ros2trace:/home/simulations/ros2_sims_ws/install/tracetools_trace:/home/simulations/ros2_sims_ws/install/ros2trace_analysis:/home/simulations/ros2_sims_ws/install/tracetools_analysis:/home/simulations/ros2_sims_ws/install/tracetools_read:/home/simulations/ros2_sims_ws/install/test_tracetools_launch:/opt/ros/humble:/home/simulations/ros2_sims_ws/install/robot_description _=/usr/bin/env /usr/bin/cmake --build /home/user/ros2_ws/src/build/custom_interfaces -- -j8 -l8
[0.104s] [  2%] Built target custom_interfaces__cpp
[0.119s] [ 12%] Built target custom_interfaces__rosidl_generator_c
[0.130s] [ 12%] Built target ament_cmake_python_copy_custom_interfaces
[0.142s] [ 23%] Built target custom_interfaces__rosidl_typesupport_cpp
[0.144s] [ 33%] Built target custom_interfaces__rosidl_typesupport_fastrtps_cpp
[0.162s] [ 43%] Built target custom_interfaces__rosidl_typesupport_introspection_cpp
[0.172s] [ 53%] Built target custom_interfaces__rosidl_typesupport_fastrtps_c
[0.176s] [ 64%] Built target custom_interfaces__rosidl_typesupport_introspection_c
[0.176s] [ 74%] Built target custom_interfaces__rosidl_typesupport_c
[0.209s] [ 74%] Built target custom_interfaces
[0.233s] [ 76%] Built target custom_interfaces__py
[0.265s] [ 84%] Built target custom_interfaces__rosidl_generator_py
[0.301s] [ 89%] Built target custom_interfaces__rosidl_typesupport_fastrtps_c__pyext
[0.304s] [ 94%] Built target custom_interfaces__rosidl_typesupport_c__pyext
[0.305s] [100%] Built target custom_interfaces__rosidl_typesupport_introspection_c__pyext
[0.462s] running egg_info
[0.464s] writing custom_interfaces.egg-info/PKG-INFO
[0.464s] writing dependency_links to custom_interfaces.egg-info/dependency_links.txt
[0.464s] writing top-level names to custom_interfaces.egg-info/top_level.txt
[0.466s] reading manifest file 'custom_interfaces.egg-info/SOURCES.txt'
[0.466s] writing manifest file 'custom_interfaces.egg-info/SOURCES.txt'
[0.494s] [100%] Built target ament_cmake_python_build_custom_interfaces_egg
[0.505s] Invoked command in '/home/user/ros2_ws/src/build/custom_interfaces' returned '0': CMAKE_PREFIX_PATH=${CMAKE_PREFIX_PATH}:/home/simulations/ros2_sims_ws/install/tracetools_test:/home/simulations/ros2_sims_ws/install/tracetools_launch:/home/simulations/ros2_sims_ws/install/ros2trace:/home/simulations/ros2_sims_ws/install/tracetools_trace:/home/simulations/ros2_sims_ws/install/ros2trace_analysis:/home/simulations/ros2_sims_ws/install/tracetools_analysis:/home/simulations/ros2_sims_ws/install/tracetools_read:/home/simulations/ros2_sims_ws/install/test_tracetools_launch:/opt/ros/humble:/home/simulations/ros2_sims_ws/install/robot_description _=/usr/bin/env /usr/bin/cmake --build /home/user/ros2_ws/src/build/custom_interfaces -- -j8 -l8
[0.642s] Invoking command in '/home/user/ros2_ws/src/build/custom_interfaces': CMAKE_PREFIX_PATH=${CMAKE_PREFIX_PATH}:/home/simulations/ros2_sims_ws/install/tracetools_test:/home/simulations/ros2_sims_ws/install/tracetools_launch:/home/simulations/ros2_sims_ws/install/ros2trace:/home/simulations/ros2_sims_ws/install/tracetools_trace:/home/simulations/ros2_sims_ws/install/ros2trace_analysis:/home/simulations/ros2_sims_ws/install/tracetools_analysis:/home/simulations/ros2_sims_ws/install/tracetools_read:/home/simulations/ros2_sims_ws/install/test_tracetools_launch:/opt/ros/humble:/home/simulations/ros2_sims_ws/install/robot_description _=/usr/bin/env /usr/bin/cmake --install /home/user/ros2_ws/src/build/custom_interfaces
[0.649s] -- Install configuration: ""
[0.649s] -- Up-to-date: /home/user/ros2_ws/src/install/custom_interfaces/share/ament_index/resource_index/rosidl_interfaces/custom_interfaces
[0.650s] -- Up-to-date: /home/user/ros2_ws/src/install/custom_interfaces/include/custom_interfaces/custom_interfaces
[0.650s] -- Up-to-date: /home/user/ros2_ws/src/install/custom_interfaces/include/custom_interfaces/custom_interfaces/srv
[0.650s] -- Up-to-date: /home/user/ros2_ws/src/install/custom_interfaces/include/custom_interfaces/custom_interfaces/srv/detail
[0.650s] -- Up-to-date: /home/user/ros2_ws/src/install/custom_interfaces/include/custom_interfaces/custom_interfaces/srv/detail/text_recognition__functions.h
[0.650s] -- Up-to-date: /home/user/ros2_ws/src/install/custom_interfaces/include/custom_interfaces/custom_interfaces/srv/detail/text_recognition__functions.c
[0.650s] -- Up-to-date: /home/user/ros2_ws/src/install/custom_interfaces/include/custom_interfaces/custom_interfaces/srv/detail/text_recognition__type_support.h
[0.650s] -- Up-to-date: /home/user/ros2_ws/src/install/custom_interfaces/include/custom_interfaces/custom_interfaces/srv/detail/text_recognition__struct.h
[0.651s] -- Up-to-date: /home/user/ros2_ws/src/install/custom_interfaces/include/custom_interfaces/custom_interfaces/srv/text_recognition.h
[0.651s] -- Up-to-date: /home/user/ros2_ws/src/install/custom_interfaces/include/custom_interfaces/custom_interfaces/msg
[0.652s] -- Up-to-date: /home/user/ros2_ws/src/install/custom_interfaces/include/custom_interfaces/custom_interfaces/msg/detail
[0.652s] -- Up-to-date: /home/user/ros2_ws/src/install/custom_interfaces/include/custom_interfaces/custom_interfaces/msg/detail/rover_events__struct.h
[0.652s] -- Up-to-date: /home/user/ros2_ws/src/install/custom_interfaces/include/custom_interfaces/custom_interfaces/msg/detail/rover_events__functions.c
[0.652s] -- Up-to-date: /home/user/ros2_ws/src/install/custom_interfaces/include/custom_interfaces/custom_interfaces/msg/detail/rover_events__type_support.h
[0.652s] -- Up-to-date: /home/user/ros2_ws/src/install/custom_interfaces/include/custom_interfaces/custom_interfaces/msg/detail/rover_events__functions.h
[0.653s] -- Up-to-date: /home/user/ros2_ws/src/install/custom_interfaces/include/custom_interfaces/custom_interfaces/msg/rosidl_generator_c__visibility_control.h
[0.653s] -- Up-to-date: /home/user/ros2_ws/src/install/custom_interfaces/include/custom_interfaces/custom_interfaces/msg/rover_events.h
[0.653s] -- Up-to-date: /home/user/ros2_ws/src/install/custom_interfaces/share/custom_interfaces/environment/library_path.sh
[0.653s] -- Up-to-date: /home/user/ros2_ws/src/install/custom_interfaces/share/custom_interfaces/environment/library_path.dsv
[0.653s] -- Up-to-date: /home/user/ros2_ws/src/install/custom_interfaces/lib/libcustom_interfaces__rosidl_generator_c.so
[0.653s] -- Up-to-date: /home/user/ros2_ws/src/install/custom_interfaces/include/custom_interfaces/custom_interfaces
[0.653s] -- Up-to-date: /home/user/ros2_ws/src/install/custom_interfaces/include/custom_interfaces/custom_interfaces/srv
[0.654s] -- Up-to-date: /home/user/ros2_ws/src/install/custom_interfaces/include/custom_interfaces/custom_interfaces/srv/detail
[0.654s] -- Up-to-date: /home/user/ros2_ws/src/install/custom_interfaces/include/custom_interfaces/custom_interfaces/srv/detail/text_recognition__rosidl_typesupport_fastrtps_c.h
[0.654s] -- Up-to-date: /home/user/ros2_ws/src/install/custom_interfaces/include/custom_interfaces/custom_interfaces/msg
[0.654s] -- Up-to-date: /home/user/ros2_ws/src/install/custom_interfaces/include/custom_interfaces/custom_interfaces/msg/detail
[0.654s] -- Up-to-date: /home/user/ros2_ws/src/install/custom_interfaces/include/custom_interfaces/custom_interfaces/msg/detail/rover_events__rosidl_typesupport_fastrtps_c.h
[0.655s] -- Up-to-date: /home/user/ros2_ws/src/install/custom_interfaces/include/custom_interfaces/custom_interfaces/msg/rosidl_typesupport_fastrtps_c__visibility_control.h
[0.655s] -- Up-to-date: /home/user/ros2_ws/src/install/custom_interfaces/lib/libcustom_interfaces__rosidl_typesupport_fastrtps_c.so
[0.655s] -- Up-to-date: /home/user/ros2_ws/src/install/custom_interfaces/include/custom_interfaces/custom_interfaces
[0.655s] -- Up-to-date: /home/user/ros2_ws/src/install/custom_interfaces/include/custom_interfaces/custom_interfaces/srv
[0.655s] -- Up-to-date: /home/user/ros2_ws/src/install/custom_interfaces/include/custom_interfaces/custom_interfaces/srv/detail
[0.655s] -- Up-to-date: /home/user/ros2_ws/src/install/custom_interfaces/include/custom_interfaces/custom_interfaces/srv/detail/text_recognition__struct.hpp
[0.656s] -- Up-to-date: /home/user/ros2_ws/src/install/custom_interfaces/include/custom_interfaces/custom_interfaces/srv/detail/text_recognition__traits.hpp
[0.656s] -- Up-to-date: /home/user/ros2_ws/src/install/custom_interfaces/include/custom_interfaces/custom_interfaces/srv/detail/text_recognition__builder.hpp
[0.656s] -- Up-to-date: /home/user/ros2_ws/src/install/custom_interfaces/include/custom_interfaces/custom_interfaces/srv/text_recognition.hpp
[0.656s] -- Up-to-date: /home/user/ros2_ws/src/install/custom_interfaces/include/custom_interfaces/custom_interfaces/msg
[0.656s] -- Up-to-date: /home/user/ros2_ws/src/install/custom_interfaces/include/custom_interfaces/custom_interfaces/msg/detail
[0.657s] -- Up-to-date: /home/user/ros2_ws/src/install/custom_interfaces/include/custom_interfaces/custom_interfaces/msg/detail/rover_events__traits.hpp
[0.657s] -- Up-to-date: /home/user/ros2_ws/src/install/custom_interfaces/include/custom_interfaces/custom_interfaces/msg/detail/rover_events__builder.hpp
[0.657s] -- Up-to-date: /home/user/ros2_ws/src/install/custom_interfaces/include/custom_interfaces/custom_interfaces/msg/detail/rover_events__struct.hpp
[0.657s] -- Up-to-date: /home/user/ros2_ws/src/install/custom_interfaces/include/custom_interfaces/custom_interfaces/msg/rover_events.hpp
[0.657s] -- Up-to-date: /home/user/ros2_ws/src/install/custom_interfaces/include/custom_interfaces/custom_interfaces
[0.657s] -- Up-to-date: /home/user/ros2_ws/src/install/custom_interfaces/include/custom_interfaces/custom_interfaces/srv
[0.657s] -- Up-to-date: /home/user/ros2_ws/src/install/custom_interfaces/include/custom_interfaces/custom_interfaces/srv/detail
[0.658s] -- Up-to-date: /home/user/ros2_ws/src/install/custom_interfaces/include/custom_interfaces/custom_interfaces/srv/detail/text_recognition__rosidl_typesupport_fastrtps_cpp.hpp
[0.658s] -- Up-to-date: /home/user/ros2_ws/src/install/custom_interfaces/include/custom_interfaces/custom_interfaces/srv/detail/dds_fastrtps
[0.658s] -- Up-to-date: /home/user/ros2_ws/src/install/custom_interfaces/include/custom_interfaces/custom_interfaces/msg
[0.659s] -- Up-to-date: /home/user/ros2_ws/src/install/custom_interfaces/include/custom_interfaces/custom_interfaces/msg/detail
[0.659s] -- Up-to-date: /home/user/ros2_ws/src/install/custom_interfaces/include/custom_interfaces/custom_interfaces/msg/detail/dds_fastrtps
[0.659s] -- Up-to-date: /home/user/ros2_ws/src/install/custom_interfaces/include/custom_interfaces/custom_interfaces/msg/detail/rover_events__rosidl_typesupport_fastrtps_cpp.hpp
[0.659s] -- Up-to-date: /home/user/ros2_ws/src/install/custom_interfaces/include/custom_interfaces/custom_interfaces/msg/rosidl_typesupport_fastrtps_cpp__visibility_control.h
[0.659s] -- Up-to-date: /home/user/ros2_ws/src/install/custom_interfaces/lib/libcustom_interfaces__rosidl_typesupport_fastrtps_cpp.so
[0.659s] -- Up-to-date: /home/user/ros2_ws/src/install/custom_interfaces/include/custom_interfaces/custom_interfaces
[0.659s] -- Up-to-date: /home/user/ros2_ws/src/install/custom_interfaces/include/custom_interfaces/custom_interfaces/srv
[0.659s] -- Up-to-date: /home/user/ros2_ws/src/install/custom_interfaces/include/custom_interfaces/custom_interfaces/srv/detail
[0.659s] -- Up-to-date: /home/user/ros2_ws/src/install/custom_interfaces/include/custom_interfaces/custom_interfaces/srv/detail/text_recognition__rosidl_typesupport_introspection_c.h
[0.659s] -- Up-to-date: /home/user/ros2_ws/src/install/custom_interfaces/include/custom_interfaces/custom_interfaces/srv/detail/text_recognition__type_support.c
[0.659s] -- Up-to-date: /home/user/ros2_ws/src/install/custom_interfaces/include/custom_interfaces/custom_interfaces/msg
[0.660s] -- Up-to-date: /home/user/ros2_ws/src/install/custom_interfaces/include/custom_interfaces/custom_interfaces/msg/detail
[0.660s] -- Up-to-date: /home/user/ros2_ws/src/install/custom_interfaces/include/custom_interfaces/custom_interfaces/msg/detail/rover_events__type_support.c
[0.660s] -- Up-to-date: /home/user/ros2_ws/src/install/custom_interfaces/include/custom_interfaces/custom_interfaces/msg/detail/rover_events__rosidl_typesupport_introspection_c.h
[0.660s] -- Up-to-date: /home/user/ros2_ws/src/install/custom_interfaces/include/custom_interfaces/custom_interfaces/msg/rosidl_typesupport_introspection_c__visibility_control.h
[0.660s] -- Up-to-date: /home/user/ros2_ws/src/install/custom_interfaces/lib/libcustom_interfaces__rosidl_typesupport_introspection_c.so
[0.660s] -- Up-to-date: /home/user/ros2_ws/src/install/custom_interfaces/lib/libcustom_interfaces__rosidl_typesupport_c.so
[0.660s] -- Up-to-date: /home/user/ros2_ws/src/install/custom_interfaces/include/custom_interfaces/custom_interfaces
[0.660s] -- Up-to-date: /home/user/ros2_ws/src/install/custom_interfaces/include/custom_interfaces/custom_interfaces/srv
[0.660s] -- Up-to-date: /home/user/ros2_ws/src/install/custom_interfaces/include/custom_interfaces/custom_interfaces/srv/detail
[0.660s] -- Up-to-date: /home/user/ros2_ws/src/install/custom_interfaces/include/custom_interfaces/custom_interfaces/srv/detail/text_recognition__rosidl_typesupport_introspection_cpp.hpp
[0.660s] -- Up-to-date: /home/user/ros2_ws/src/install/custom_interfaces/include/custom_interfaces/custom_interfaces/srv/detail/text_recognition__type_support.cpp
[0.660s] -- Up-to-date: /home/user/ros2_ws/src/install/custom_interfaces/include/custom_interfaces/custom_interfaces/msg
[0.660s] -- Up-to-date: /home/user/ros2_ws/src/install/custom_interfaces/include/custom_interfaces/custom_interfaces/msg/detail
[0.660s] -- Up-to-date: /home/user/ros2_ws/src/install/custom_interfaces/include/custom_interfaces/custom_interfaces/msg/detail/rover_events__type_support.cpp
[0.660s] -- Up-to-date: /home/user/ros2_ws/src/install/custom_interfaces/include/custom_interfaces/custom_interfaces/msg/detail/rover_events__rosidl_typesupport_introspection_cpp.hpp
[0.660s] -- Up-to-date: /home/user/ros2_ws/src/install/custom_interfaces/lib/libcustom_interfaces__rosidl_typesupport_introspection_cpp.so
[0.661s] -- Up-to-date: /home/user/ros2_ws/src/install/custom_interfaces/lib/libcustom_interfaces__rosidl_typesupport_cpp.so
[0.661s] -- Up-to-date: /home/user/ros2_ws/src/install/custom_interfaces/share/custom_interfaces/environment/pythonpath.sh
[0.661s] -- Up-to-date: /home/user/ros2_ws/src/install/custom_interfaces/share/custom_interfaces/environment/pythonpath.dsv
[0.661s] -- Up-to-date: /home/user/ros2_ws/src/install/custom_interfaces/local/lib/python3.10/dist-packages/custom_interfaces-0.0.0-py3.10.egg-info
[0.661s] -- Installing: /home/user/ros2_ws/src/install/custom_interfaces/local/lib/python3.10/dist-packages/custom_interfaces-0.0.0-py3.10.egg-info/PKG-INFO
[0.661s] -- Installing: /home/user/ros2_ws/src/install/custom_interfaces/local/lib/python3.10/dist-packages/custom_interfaces-0.0.0-py3.10.egg-info/top_level.txt
[0.661s] -- Installing: /home/user/ros2_ws/src/install/custom_interfaces/local/lib/python3.10/dist-packages/custom_interfaces-0.0.0-py3.10.egg-info/SOURCES.txt
[0.661s] -- Installing: /home/user/ros2_ws/src/install/custom_interfaces/local/lib/python3.10/dist-packages/custom_interfaces-0.0.0-py3.10.egg-info/dependency_links.txt
[0.661s] -- Up-to-date: /home/user/ros2_ws/src/install/custom_interfaces/local/lib/python3.10/dist-packages/custom_interfaces
[0.661s] -- Up-to-date: /home/user/ros2_ws/src/install/custom_interfaces/local/lib/python3.10/dist-packages/custom_interfaces/srv
[0.661s] -- Up-to-date: /home/user/ros2_ws/src/install/custom_interfaces/local/lib/python3.10/dist-packages/custom_interfaces/srv/_text_recognition_s.c
[0.661s] -- Up-to-date: /home/user/ros2_ws/src/install/custom_interfaces/local/lib/python3.10/dist-packages/custom_interfaces/srv/_text_recognition.py
[0.661s] -- Up-to-date: /home/user/ros2_ws/src/install/custom_interfaces/local/lib/python3.10/dist-packages/custom_interfaces/srv/__init__.py
[0.661s] -- Up-to-date: /home/user/ros2_ws/src/install/custom_interfaces/local/lib/python3.10/dist-packages/custom_interfaces/custom_interfaces_s__rosidl_typesupport_introspection_c.cpython-310-x86_64-linux-gnu.so
[0.661s] -- Up-to-date: /home/user/ros2_ws/src/install/custom_interfaces/local/lib/python3.10/dist-packages/custom_interfaces/msg
[0.661s] -- Up-to-date: /home/user/ros2_ws/src/install/custom_interfaces/local/lib/python3.10/dist-packages/custom_interfaces/msg/_rover_events.py
[0.662s] -- Up-to-date: /home/user/ros2_ws/src/install/custom_interfaces/local/lib/python3.10/dist-packages/custom_interfaces/msg/__init__.py
[0.662s] -- Up-to-date: /home/user/ros2_ws/src/install/custom_interfaces/local/lib/python3.10/dist-packages/custom_interfaces/msg/_rover_events_s.c
[0.662s] -- Up-to-date: /home/user/ros2_ws/src/install/custom_interfaces/local/lib/python3.10/dist-packages/custom_interfaces/_custom_interfaces_s.ep.rosidl_typesupport_introspection_c.c
[0.662s] -- Up-to-date: /home/user/ros2_ws/src/install/custom_interfaces/local/lib/python3.10/dist-packages/custom_interfaces/libcustom_interfaces__rosidl_generator_py.so
[0.662s] -- Up-to-date: /home/user/ros2_ws/src/install/custom_interfaces/local/lib/python3.10/dist-packages/custom_interfaces/_custom_interfaces_s.ep.rosidl_typesupport_c.c
[0.662s] -- Up-to-date: /home/user/ros2_ws/src/install/custom_interfaces/local/lib/python3.10/dist-packages/custom_interfaces/__init__.py
[0.662s] -- Up-to-date: /home/user/ros2_ws/src/install/custom_interfaces/local/lib/python3.10/dist-packages/custom_interfaces/custom_interfaces_s__rosidl_typesupport_c.cpython-310-x86_64-linux-gnu.so
[0.662s] -- Up-to-date: /home/user/ros2_ws/src/install/custom_interfaces/local/lib/python3.10/dist-packages/custom_interfaces/_custom_interfaces_s.ep.rosidl_typesupport_fastrtps_c.c
[0.662s] -- Up-to-date: /home/user/ros2_ws/src/install/custom_interfaces/local/lib/python3.10/dist-packages/custom_interfaces/custom_interfaces_s__rosidl_typesupport_fastrtps_c.cpython-310-x86_64-linux-gnu.so
[0.695s] Listing '/home/user/ros2_ws/src/install/custom_interfaces/local/lib/python3.10/dist-packages/custom_interfaces'...
[0.695s] Listing '/home/user/ros2_ws/src/install/custom_interfaces/local/lib/python3.10/dist-packages/custom_interfaces/msg'...
[0.695s] Listing '/home/user/ros2_ws/src/install/custom_interfaces/local/lib/python3.10/dist-packages/custom_interfaces/srv'...
[0.699s] -- Up-to-date: /home/user/ros2_ws/src/install/custom_interfaces/local/lib/python3.10/dist-packages/custom_interfaces/custom_interfaces_s__rosidl_typesupport_fastrtps_c.cpython-310-x86_64-linux-gnu.so
[0.699s] -- Up-to-date: /home/user/ros2_ws/src/install/custom_interfaces/local/lib/python3.10/dist-packages/custom_interfaces/custom_interfaces_s__rosidl_typesupport_introspection_c.cpython-310-x86_64-linux-gnu.so
[0.699s] -- Up-to-date: /home/user/ros2_ws/src/install/custom_interfaces/local/lib/python3.10/dist-packages/custom_interfaces/custom_interfaces_s__rosidl_typesupport_c.cpython-310-x86_64-linux-gnu.so
[0.700s] -- Up-to-date: /home/user/ros2_ws/src/install/custom_interfaces/lib/libcustom_interfaces__rosidl_generator_py.so
[0.700s] -- Up-to-date: /home/user/ros2_ws/src/install/custom_interfaces/share/custom_interfaces/msg/RoverEvents.idl
[0.700s] -- Up-to-date: /home/user/ros2_ws/src/install/custom_interfaces/share/custom_interfaces/srv/TextRecognition.idl
[0.700s] -- Up-to-date: /home/user/ros2_ws/src/install/custom_interfaces/share/custom_interfaces/msg/RoverEvents.msg
[0.700s] -- Up-to-date: /home/user/ros2_ws/src/install/custom_interfaces/share/custom_interfaces/srv/TextRecognition.srv
[0.701s] -- Up-to-date: /home/user/ros2_ws/src/install/custom_interfaces/share/custom_interfaces/srv/TextRecognition_Request.msg
[0.701s] -- Up-to-date: /home/user/ros2_ws/src/install/custom_interfaces/share/custom_interfaces/srv/TextRecognition_Response.msg
[0.701s] -- Up-to-date: /home/user/ros2_ws/src/install/custom_interfaces/share/ament_index/resource_index/package_run_dependencies/custom_interfaces
[0.701s] -- Up-to-date: /home/user/ros2_ws/src/install/custom_interfaces/share/ament_index/resource_index/parent_prefix_path/custom_interfaces
[0.701s] -- Up-to-date: /home/user/ros2_ws/src/install/custom_interfaces/share/custom_interfaces/environment/ament_prefix_path.sh
[0.701s] -- Up-to-date: /home/user/ros2_ws/src/install/custom_interfaces/share/custom_interfaces/environment/ament_prefix_path.dsv
[0.701s] -- Up-to-date: /home/user/ros2_ws/src/install/custom_interfaces/share/custom_interfaces/environment/path.sh
[0.701s] -- Up-to-date: /home/user/ros2_ws/src/install/custom_interfaces/share/custom_interfaces/environment/path.dsv
[0.701s] -- Up-to-date: /home/user/ros2_ws/src/install/custom_interfaces/share/custom_interfaces/local_setup.bash
[0.702s] -- Up-to-date: /home/user/ros2_ws/src/install/custom_interfaces/share/custom_interfaces/local_setup.sh
[0.702s] -- Up-to-date: /home/user/ros2_ws/src/install/custom_interfaces/share/custom_interfaces/local_setup.zsh
[0.702s] -- Up-to-date: /home/user/ros2_ws/src/install/custom_interfaces/share/custom_interfaces/local_setup.dsv
[0.702s] -- Installing: /home/user/ros2_ws/src/install/custom_interfaces/share/custom_interfaces/package.dsv
[0.702s] -- Up-to-date: /home/user/ros2_ws/src/install/custom_interfaces/share/ament_index/resource_index/packages/custom_interfaces
[0.702s] -- Up-to-date: /home/user/ros2_ws/src/install/custom_interfaces/share/custom_interfaces/cmake/export_custom_interfaces__rosidl_generator_cExport.cmake
[0.702s] -- Up-to-date: /home/user/ros2_ws/src/install/custom_interfaces/share/custom_interfaces/cmake/export_custom_interfaces__rosidl_generator_cExport-noconfig.cmake
[0.702s] -- Up-to-date: /home/user/ros2_ws/src/install/custom_interfaces/share/custom_interfaces/cmake/export_custom_interfaces__rosidl_typesupport_fastrtps_cExport.cmake
[0.702s] -- Up-to-date: /home/user/ros2_ws/src/install/custom_interfaces/share/custom_interfaces/cmake/export_custom_interfaces__rosidl_typesupport_fastrtps_cExport-noconfig.cmake
[0.703s] -- Up-to-date: /home/user/ros2_ws/src/install/custom_interfaces/share/custom_interfaces/cmake/export_custom_interfaces__rosidl_generator_cppExport.cmake
[0.703s] -- Up-to-date: /home/user/ros2_ws/src/install/custom_interfaces/share/custom_interfaces/cmake/export_custom_interfaces__rosidl_typesupport_fastrtps_cppExport.cmake
[0.703s] -- Up-to-date: /home/user/ros2_ws/src/install/custom_interfaces/share/custom_interfaces/cmake/export_custom_interfaces__rosidl_typesupport_fastrtps_cppExport-noconfig.cmake
[0.703s] -- Up-to-date: /home/user/ros2_ws/src/install/custom_interfaces/share/custom_interfaces/cmake/custom_interfaces__rosidl_typesupport_introspection_cExport.cmake
[0.703s] -- Up-to-date: /home/user/ros2_ws/src/install/custom_interfaces/share/custom_interfaces/cmake/custom_interfaces__rosidl_typesupport_introspection_cExport-noconfig.cmake
[0.704s] -- Up-to-date: /home/user/ros2_ws/src/install/custom_interfaces/share/custom_interfaces/cmake/custom_interfaces__rosidl_typesupport_cExport.cmake
[0.704s] -- Up-to-date: /home/user/ros2_ws/src/install/custom_interfaces/share/custom_interfaces/cmake/custom_interfaces__rosidl_typesupport_cExport-noconfig.cmake
[0.704s] -- Up-to-date: /home/user/ros2_ws/src/install/custom_interfaces/share/custom_interfaces/cmake/custom_interfaces__rosidl_typesupport_introspection_cppExport.cmake
[0.704s] -- Up-to-date: /home/user/ros2_ws/src/install/custom_interfaces/share/custom_interfaces/cmake/custom_interfaces__rosidl_typesupport_introspection_cppExport-noconfig.cmake
[0.704s] -- Up-to-date: /home/user/ros2_ws/src/install/custom_interfaces/share/custom_interfaces/cmake/custom_interfaces__rosidl_typesupport_cppExport.cmake
[0.704s] -- Up-to-date: /home/user/ros2_ws/src/install/custom_interfaces/share/custom_interfaces/cmake/custom_interfaces__rosidl_typesupport_cppExport-noconfig.cmake
[0.704s] -- Up-to-date: /home/user/ros2_ws/src/install/custom_interfaces/share/custom_interfaces/cmake/export_custom_interfaces__rosidl_generator_pyExport.cmake
[0.704s] -- Up-to-date: /home/user/ros2_ws/src/install/custom_interfaces/share/custom_interfaces/cmake/export_custom_interfaces__rosidl_generator_pyExport-noconfig.cmake
[0.704s] -- Up-to-date: /home/user/ros2_ws/src/install/custom_interfaces/share/custom_interfaces/cmake/rosidl_cmake-extras.cmake
[0.704s] -- Up-to-date: /home/user/ros2_ws/src/install/custom_interfaces/share/custom_interfaces/cmake/ament_cmake_export_dependencies-extras.cmake
[0.705s] -- Up-to-date: /home/user/ros2_ws/src/install/custom_interfaces/share/custom_interfaces/cmake/ament_cmake_export_include_directories-extras.cmake
[0.705s] -- Up-to-date: /home/user/ros2_ws/src/install/custom_interfaces/share/custom_interfaces/cmake/ament_cmake_export_libraries-extras.cmake
[0.705s] -- Up-to-date: /home/user/ros2_ws/src/install/custom_interfaces/share/custom_interfaces/cmake/ament_cmake_export_targets-extras.cmake
[0.705s] -- Up-to-date: /home/user/ros2_ws/src/install/custom_interfaces/share/custom_interfaces/cmake/rosidl_cmake_export_typesupport_targets-extras.cmake
[0.705s] -- Up-to-date: /home/user/ros2_ws/src/install/custom_interfaces/share/custom_interfaces/cmake/rosidl_cmake_export_typesupport_libraries-extras.cmake
[0.705s] -- Up-to-date: /home/user/ros2_ws/src/install/custom_interfaces/share/custom_interfaces/cmake/custom_interfacesConfig.cmake
[0.705s] -- Up-to-date: /home/user/ros2_ws/src/install/custom_interfaces/share/custom_interfaces/cmake/custom_interfacesConfig-version.cmake
[0.705s] -- Up-to-date: /home/user/ros2_ws/src/install/custom_interfaces/share/custom_interfaces/package.xml
[0.707s] Invoked command in '/home/user/ros2_ws/src/build/custom_interfaces' returned '0': CMAKE_PREFIX_PATH=${CMAKE_PREFIX_PATH}:/home/simulations/ros2_sims_ws/install/tracetools_test:/home/simulations/ros2_sims_ws/install/tracetools_launch:/home/simulations/ros2_sims_ws/install/ros2trace:/home/simulations/ros2_sims_ws/install/tracetools_trace:/home/simulations/ros2_sims_ws/install/ros2trace_analysis:/home/simulations/ros2_sims_ws/install/tracetools_analysis:/home/simulations/ros2_sims_ws/install/tracetools_read:/home/simulations/ros2_sims_ws/install/test_tracetools_launch:/opt/ros/humble:/home/simulations/ros2_sims_ws/install/robot_description _=/usr/bin/env /usr/bin/cmake --install /home/user/ros2_ws/src/build/custom_interfaces
