[35m[1mConsolidate compiler generated dependencies of target turn_s_server_executable[0m
[ 25%] [32mBuilding CXX object CMakeFiles/turn_s_server_executable.dir/src/turn_s_server.cpp.o[0m
[ 75%] Built target turn_s_client_executable
[01m[K/home/user/ros2_ws/src/services_quiz/src/turn_s_server.cpp:[m[K In member function '[01m[Kvoid TurnServiceServer::handle_turn_request(std::shared_ptr<std_srvs::srv::Trigger_Request_<std::allocator<void> > >, std::shared_ptr<std_srvs::srv::Trigger_Response_<std::allocator<void> > >)[m[K':
[01m[K/home/user/ros2_ws/src/services_quiz/src/turn_s_server.cpp:25:85:[m[K [01;35m[Kwarning: [m[Kunused parameter '[01m[Krequest[m[K' [[01;35m[K]8;;https://gcc.gnu.org/onlinedocs/gcc/Warning-Options.html#index-Wunused-parameter-Wunused-parameter]8;;[m[K]
   25 |     void handle_turn_request([01;35m[Kconst std::shared_ptr<std_srvs::srv::Trigger::Request> request[m[K,
      |                              [01;35m[K~~~~~~~~~~~~~~~~~~~~~~~~~~~~~~~~~~~~~~~~~~~~~~~~~~~~~~~^~~~~~~[m[K
[01m[K/home/user/ros2_ws/src/services_quiz/src/turn_s_server.cpp:26:59:[m[K [01;35m[Kwarning: [m[Kunused parameter '[01m[Kresponse[m[K' [[01;35m[K]8;;https://gcc.gnu.org/onlinedocs/gcc/Warning-Options.html#index-Wunused-parameter-Wunused-parameter]8;;[m[K]
   26 |         [01;35m[Kstd::shared_ptr<std_srvs::srv::Trigger::Response> response[m[K) {
      |         [01;35m[K~~~~~~~~~~~~~~~~~~~~~~~~~~~~~~~~~~~~~~~~~~~~~~~~~~^~~~~~~~[m[K
[100%] [32m[1mLinking CXX executable turn_s_server_executable[0m
[100%] Built target turn_s_server_executable
-- Install configuration: ""
-- Up-to-date: /home/user/ros2_ws/src/install/services_quiz/lib/services_quiz/turn_s_client_executable
-- Installing: /home/user/ros2_ws/src/install/services_quiz/lib/services_quiz/turn_s_server_executable
-- Set runtime path of "/home/user/ros2_ws/src/install/services_quiz/lib/services_quiz/turn_s_server_executable" to ""
-- Up-to-date: /home/user/ros2_ws/src/install/services_quiz/share/ament_index/resource_index/package_run_dependencies/services_quiz
-- Up-to-date: /home/user/ros2_ws/src/install/services_quiz/share/ament_index/resource_index/parent_prefix_path/services_quiz
-- Up-to-date: /home/user/ros2_ws/src/install/services_quiz/share/services_quiz/environment/ament_prefix_path.sh
-- Up-to-date: /home/user/ros2_ws/src/install/services_quiz/share/services_quiz/environment/ament_prefix_path.dsv
-- Up-to-date: /home/user/ros2_ws/src/install/services_quiz/share/services_quiz/environment/path.sh
-- Up-to-date: /home/user/ros2_ws/src/install/services_quiz/share/services_quiz/environment/path.dsv
-- Up-to-date: /home/user/ros2_ws/src/install/services_quiz/share/services_quiz/local_setup.bash
-- Up-to-date: /home/user/ros2_ws/src/install/services_quiz/share/services_quiz/local_setup.sh
-- Up-to-date: /home/user/ros2_ws/src/install/services_quiz/share/services_quiz/local_setup.zsh
-- Up-to-date: /home/user/ros2_ws/src/install/services_quiz/share/services_quiz/local_setup.dsv
-- Installing: /home/user/ros2_ws/src/install/services_quiz/share/services_quiz/package.dsv
-- Up-to-date: /home/user/ros2_ws/src/install/services_quiz/share/ament_index/resource_index/packages/services_quiz
-- Up-to-date: /home/user/ros2_ws/src/install/services_quiz/share/services_quiz/cmake/services_quizConfig.cmake
-- Up-to-date: /home/user/ros2_ws/src/install/services_quiz/share/services_quiz/cmake/services_quizConfig-version.cmake
-- Up-to-date: /home/user/ros2_ws/src/install/services_quiz/share/services_quiz/package.xml
