[0.023s] Invoking command in '/home/user/ros2_ws/src/build/services_quiz': CMAKE_PREFIX_PATH=${CMAKE_PREFIX_PATH}:/home/simulations/ros2_sims_ws/install/tracetools_test:/home/simulations/ros2_sims_ws/install/tracetools_launch:/home/simulations/ros2_sims_ws/install/ros2trace:/home/simulations/ros2_sims_ws/install/tracetools_trace:/home/simulations/ros2_sims_ws/install/ros2trace_analysis:/home/simulations/ros2_sims_ws/install/tracetools_analysis:/home/simulations/ros2_sims_ws/install/tracetools_read:/home/simulations/ros2_sims_ws/install/test_tracetools_launch:/opt/ros/humble:/home/simulations/ros2_sims_ws/install/robot_description _=/usr/bin/env /usr/bin/cmake --build /home/user/ros2_ws/src/build/services_quiz -- -j8 -l8
[0.087s] [35m[1mConsolidate compiler generated dependencies of target turn_s_client_executable[0m
[0.097s] [35m[1mConsolidate compiler generated dependencies of target turn_s_server_executable[0m
[0.127s] [ 25%] [32mBuilding CXX object CMakeFiles/turn_s_client_executable.dir/src/turn_s_client.cpp.o[0m
[0.136s] [ 50%] [32mBuilding CXX object CMakeFiles/turn_s_server_executable.dir/src/turn_s_server.cpp.o[0m
[2.610s] [01m[K/home/user/ros2_ws/src/services_quiz/src/turn_s_client.cpp:29:20:[m[K [01;31m[Kerror: [m[K'[01m[Kstd_srvs[m[K' was not declared in this scope
[2.610s]    29 |     rclcpp::Client<[01;31m[Kstd_srvs[m[K::srv::Trigger>::SharedPtr client_;
[2.610s]       |                    [01;31m[K^~~~~~~~[m[K
[2.610s] [01m[K/home/user/ros2_ws/src/services_quiz/src/turn_s_client.cpp:29:42:[m[K [01;31m[Kerror: [m[Ktemplate argument 1 is invalid
[2.610s]    29 |     rclcpp::Client<std_srvs::srv::Trigger[01;31m[K>[m[K::SharedPtr client_;
[2.610s]       |                                          [01;31m[K^[m[K
[2.610s] [01m[K/home/user/ros2_ws/src/services_quiz/src/turn_s_client.cpp:29:45:[m[K [01;31m[Kerror: [m[Kexpected '[01m[K;[m[K' at end of member declaration
[2.610s]    29 |     rclcpp::Client<std_srvs::srv::Trigger>::[01;31m[KSharedPtr[m[K client_;
[2.610s]       |                                             [01;31m[K^~~~~~~~~[m[K
[2.610s]       |                                                      [32m[K;[m[K
[2.611s] [01m[K/home/user/ros2_ws/src/services_quiz/src/turn_s_client.cpp:29:55:[m[K [01;31m[Kerror: [m[K'[01m[Kclient_[m[K' does not name a type
[2.611s]    29 |     rclcpp::Client<std_srvs::srv::Trigger>::SharedPtr [01;31m[Kclient_[m[K;
[2.611s]       |                                                       [01;31m[K^~~~~~~[m[K
[2.611s] [01m[K/home/user/ros2_ws/src/services_quiz/src/turn_s_client.cpp:31:2:[m[K [01;31m[Kerror: [m[Kexpected '[01m[K;[m[K' after class definition
[2.611s]    31 | }
[2.611s]       |  [01;31m[K^[m[K
[2.611s]       |  [32m[K;[m[K
[2.616s] [01m[K/home/user/ros2_ws/src/services_quiz/src/turn_s_client.cpp:[m[K In constructor '[01m[KTurnServiceClient::TurnServiceClient()[m[K':
[2.616s] [01m[K/home/user/ros2_ws/src/services_quiz/src/turn_s_client.cpp:10:9:[m[K [01;31m[Kerror: [m[K'[01m[Kclient_[m[K' was not declared in this scope
[2.617s]    10 |         [01;31m[Kclient_[m[K = this->create_client<std_srvs::srv::Trigger>
[2.617s]       |         [01;31m[K^~~~~~~[m[K
[2.621s] [01m[K/home/user/ros2_ws/src/services_quiz/src/turn_s_client.cpp:10:39:[m[K [01;31m[Kerror: [m[K'[01m[Kstd_srvs[m[K' was not declared in this scope
[2.621s]    10 |         client_ = this->create_client<[01;31m[Kstd_srvs[m[K::srv::Trigger>
[2.621s]       |                                       [01;31m[K^~~~~~~~[m[K
[2.621s] [01m[K/home/user/ros2_ws/src/services_quiz/src/turn_s_client.cpp:10:25:[m[K [01;31m[Kerror: [m[Kparse error in template argument list
[2.621s]    10 |         client_ = this->[01;31m[Kcreate_client<std_srvs::srv::Trigger>[m[K
[2.621s]       |                         [01;31m[K^~~~~~~~~~~~~~~~~~~~~~~~~~~~~~~~~~~~~[m[K
[2.622s] [01m[K/home/user/ros2_ws/src/services_quiz/src/turn_s_client.cpp:11:13:[m[K [01;31m[Kerror: [m[Kno matching function for call to '[01m[KTurnServiceClient::create_client<<expression error> >(std::string&)[m[K'
[2.622s]    10 |         client_ = [01;31m[Kthis->create_client<std_srvs::srv::Trigger>[m[K
[2.622s]       |                   [01;31m[K~~~~~~~~~~~~~~~~~~~~~~~~~~~~~~~~~~~~~~~~~~~[m[K
[2.622s]    11 | [01;31m[K            (name_service)[m[K;
[2.622s]       |             [01;31m[K^~~~~~~~~~~~~~[m[K
[2.622s] In file included from [01m[K/opt/ros/humble/include/rclcpp/rclcpp/executors/single_threaded_executor.hpp:28[m[K,
[2.622s]                  from [01m[K/opt/ros/humble/include/rclcpp/rclcpp/executors.hpp:22[m[K,
[2.622s]                  from [01m[K/opt/ros/humble/include/rclcpp/rclcpp/rclcpp.hpp:155[m[K,
[2.622s]                  from [01m[K/home/user/ros2_ws/src/services_quiz/src/turn_s_client.cpp:1[m[K:
[2.622s] [01m[K/opt/ros/humble/include/rclcpp/rclcpp/node.hpp:252:3:[m[K [01;36m[Knote: [m[Kcandidate: '[01m[Ktemplate<class ServiceT> typename rclcpp::Client<ServiceT>::SharedPtr rclcpp::Node::create_client(const string&, const rmw_qos_profile_t&, rclcpp::CallbackGroup::SharedPtr)[m[K'
[2.622s]   252 |   [01;36m[Kcreate_client[m[K(
[2.622s]       |   [01;36m[K^~~~~~~~~~~~~[m[K
[2.622s] [01m[K/opt/ros/humble/include/rclcpp/rclcpp/node.hpp:252:3:[m[K [01;36m[Knote: [m[K  template argument deduction/substitution failed:
[2.622s] [01m[K/home/user/ros2_ws/src/services_quiz/src/turn_s_client.cpp:11:13:[m[K [01;31m[Kerror: [m[Ktemplate argument 1 is invalid
[2.622s]    10 |         client_ = [01;31m[Kthis->create_client<std_srvs::srv::Trigger>[m[K
[2.622s]       |                   [01;31m[K~~~~~~~~~~~~~~~~~~~~~~~~~~~~~~~~~~~~~~~~~~~[m[K
[2.622s]    11 | [01;31m[K            (name_service)[m[K;
[2.623s]       |             [01;31m[K^~~~~~~~~~~~~~[m[K
[2.623s] [01m[K/home/user/ros2_ws/src/services_quiz/src/turn_s_client.cpp:14:43:[m[K [01;31m[Kerror: [m[Kunable to find numeric literal operator '[01m[Koperator""s[m[K'
[2.623s]    14 |         while (!client_->wait_for_service([01;31m[K1s[m[K)) {
[2.623s]       |                                           [01;31m[K^~[m[K
[2.625s] [01m[K/home/user/ros2_ws/src/services_quiz/src/turn_s_client.cpp:[m[K In function '[01m[Kint main(int, char**)[m[K':
[2.625s] [01m[K/home/user/ros2_ws/src/services_quiz/src/turn_s_client.cpp:39:31:[m[K [01;31m[Kerror: [m[K'[01m[Kvoid TurnServiceClient::send_turn_request()[m[K' is private within this context
[2.625s]    39 |     [01;31m[Kclient_->send_turn_request()[m[K;
[2.625s]       |     [01;31m[K~~~~~~~~~~~~~~~~~~~~~~~~~~^~[m[K
[2.625s] [01m[K/home/user/ros2_ws/src/services_quiz/src/turn_s_client.cpp:25:10:[m[K [01;36m[Knote: [m[Kdeclared private here
[2.625s]    25 |     void [01;36m[Ksend_turn_request[m[K() {
[2.625s]       |          [01;36m[K^~~~~~~~~~~~~~~~~[m[K
[2.706s] [01m[K/home/user/ros2_ws/src/services_quiz/src/turn_s_server.cpp:21:52:[m[K [01;31m[Kerror: [m[K'[01m[Kstd_srvs[m[K' was not declared in this scope
[2.706s]    21 |     void handle_turn_request(const std::shared_ptr<[01;31m[Kstd_srvs[m[K::srv::Trigger::Request> request,
[2.706s]       |                                                    [01;31m[K^~~~~~~~[m[K
[2.706s] [01m[K/home/user/ros2_ws/src/services_quiz/src/turn_s_server.cpp:21:83:[m[K [01;31m[Kerror: [m[Ktemplate argument 1 is invalid
[2.706s]    21 |     void handle_turn_request(const std::shared_ptr<std_srvs::srv::Trigger::Request[01;31m[K>[m[K request,
[2.706s]       |                                                                                   [01;31m[K^[m[K
[2.711s] [01m[K/home/user/ros2_ws/src/services_quiz/src/turn_s_server.cpp:21:52:[m[K [01;31m[Kerror: [m[K'[01m[Kstd_srvs[m[K' was not declared in this scope
[2.712s]    21 |     void handle_turn_request(const std::shared_ptr<[01;31m[Kstd_srvs[m[K::srv::Trigger::Request> request,
[2.712s]       |                                                    [01;31m[K^~~~~~~~[m[K
[2.712s] [01m[K/home/user/ros2_ws/src/services_quiz/src/turn_s_server.cpp:21:83:[m[K [01;31m[Kerror: [m[Ktemplate argument 1 is invalid
[2.712s]    21 |     void handle_turn_request(const std::shared_ptr<std_srvs::srv::Trigger::Request[01;31m[K>[m[K request,
[2.712s]       |                                                                                   [01;31m[K^[m[K
[2.717s] [01m[K/home/user/ros2_ws/src/services_quiz/src/turn_s_server.cpp:21:52:[m[K [01;31m[Kerror: [m[K'[01m[Kstd_srvs[m[K' was not declared in this scope
[2.717s]    21 |     void handle_turn_request(const std::shared_ptr<[01;31m[Kstd_srvs[m[K::srv::Trigger::Request> request,
[2.717s]       |                                                    [01;31m[K^~~~~~~~[m[K
[2.717s] [01m[K/home/user/ros2_ws/src/services_quiz/src/turn_s_server.cpp:21:83:[m[K [01;31m[Kerror: [m[Ktemplate argument 1 is invalid
[2.717s]    21 |     void handle_turn_request(const std::shared_ptr<std_srvs::srv::Trigger::Request[01;31m[K>[m[K request,
[2.717s]       |                                                                                   [01;31m[K^[m[K
[2.717s] [01m[K/home/user/ros2_ws/src/services_quiz/src/turn_s_server.cpp:21:36:[m[K [01;31m[Kerror: [m[Kinvalid template-id
[2.718s]    21 |     void handle_turn_request(const [01;31m[Kstd[m[K::shared_ptr<std_srvs::srv::Trigger::Request> request,
[2.718s]       |                                    [01;31m[K^~~[m[K
[2.718s] [01m[K/home/user/ros2_ws/src/services_quiz/src/turn_s_server.cpp:21:52:[m[K [01;31m[Kerror: [m[K'[01m[Kstd_srvs[m[K' has not been declared
[2.718s]    21 |     void handle_turn_request(const std::shared_ptr<[01;31m[Kstd_srvs[m[K::srv::Trigger::Request> request,
[2.718s]       |                                                    [01;31m[K^~~~~~~~[m[K
[2.718s] [01m[K/home/user/ros2_ws/src/services_quiz/src/turn_s_server.cpp:21:30:[m[K [01;31m[Kerror: [m[Kclass template placeholder '[01m[Kstd::shared_ptr[m[K' not permitted in this context
[2.718s]    21 |     void handle_turn_request([01;31m[Kconst[m[K std::shared_ptr<std_srvs::srv::Trigger::Request> request,
[2.718s]       |                              [01;31m[K^~~~~[m[K
[2.722s] [01m[K/home/user/ros2_ws/src/services_quiz/src/turn_s_server.cpp:22:25:[m[K [01;31m[Kerror: [m[K'[01m[Kstd_srvs[m[K' was not declared in this scope
[2.722s]    22 |         std::shared_ptr<[01;31m[Kstd_srvs[m[K::srv::Trigger::Response> response) {
[2.722s]       |                         [01;31m[K^~~~~~~~[m[K
[2.722s] [01m[K/home/user/ros2_ws/src/services_quiz/src/turn_s_server.cpp:22:57:[m[K [01;31m[Kerror: [m[Ktemplate argument 1 is invalid
[2.722s]    22 |         std::shared_ptr<std_srvs::srv::Trigger::Response[01;31m[K>[m[K response) {
[2.723s]       |                                                         [01;31m[K^[m[K
[2.728s] [01m[K/home/user/ros2_ws/src/services_quiz/src/turn_s_server.cpp:22:25:[m[K [01;31m[Kerror: [m[K'[01m[Kstd_srvs[m[K' was not declared in this scope
[2.729s]    22 |         std::shared_ptr<[01;31m[Kstd_srvs[m[K::srv::Trigger::Response> response) {
[2.729s]       |                         [01;31m[K^~~~~~~~[m[K
[2.729s] [01m[K/home/user/ros2_ws/src/services_quiz/src/turn_s_server.cpp:22:57:[m[K [01;31m[Kerror: [m[Ktemplate argument 1 is invalid
[2.729s]    22 |         std::shared_ptr<std_srvs::srv::Trigger::Response[01;31m[K>[m[K response) {
[2.729s]       |                                                         [01;31m[K^[m[K
[2.734s] [01m[K/home/user/ros2_ws/src/services_quiz/src/turn_s_server.cpp:22:25:[m[K [01;31m[Kerror: [m[K'[01m[Kstd_srvs[m[K' was not declared in this scope
[2.734s]    22 |         std::shared_ptr<[01;31m[Kstd_srvs[m[K::srv::Trigger::Response> response) {
[2.734s]       |                         [01;31m[K^~~~~~~~[m[K
[2.734s] [01m[K/home/user/ros2_ws/src/services_quiz/src/turn_s_server.cpp:22:57:[m[K [01;31m[Kerror: [m[Ktemplate argument 1 is invalid
[2.734s]    22 |         std::shared_ptr<std_srvs::srv::Trigger::Response[01;31m[K>[m[K response) {
[2.734s]       |                                                         [01;31m[K^[m[K
[2.734s] [01m[K/home/user/ros2_ws/src/services_quiz/src/turn_s_server.cpp:22:9:[m[K [01;31m[Kerror: [m[Kinvalid template-id
[2.735s]    22 |         [01;31m[Kstd[m[K::shared_ptr<std_srvs::srv::Trigger::Response> response) {
[2.735s]       |         [01;31m[K^~~[m[K
[2.735s] [01m[K/home/user/ros2_ws/src/services_quiz/src/turn_s_server.cpp:22:25:[m[K [01;31m[Kerror: [m[K'[01m[Kstd_srvs[m[K' has not been declared
[2.735s]    22 |         std::shared_ptr<[01;31m[Kstd_srvs[m[K::srv::Trigger::Response> response) {
[2.735s]       |                         [01;31m[K^~~~~~~~[m[K
[2.735s] [01m[K/home/user/ros2_ws/src/services_quiz/src/turn_s_server.cpp:22:9:[m[K [01;31m[Kerror: [m[Kclass template placeholder '[01m[Kstd::shared_ptr[m[K' not permitted in this context
[2.735s]    22 |         [01;31m[Kstd[m[K::shared_ptr<std_srvs::srv::Trigger::Response> response) {
[2.735s]       |         [01;31m[K^~~[m[K
[2.739s] [01m[K/home/user/ros2_ws/src/services_quiz/src/turn_s_server.cpp:26:21:[m[K [01;31m[Kerror: [m[K'[01m[Kstd_srvs[m[K' was not declared in this scope
[2.739s]    26 |     rclcpp::Service<[01;31m[Kstd_srvs[m[K::srv::Trigger>::SharedPtr service_;
[2.739s]       |                     [01;31m[K^~~~~~~~[m[K
[2.739s] [01m[K/home/user/ros2_ws/src/services_quiz/src/turn_s_server.cpp:26:43:[m[K [01;31m[Kerror: [m[Ktemplate argument 1 is invalid
[2.739s]    26 |     rclcpp::Service<std_srvs::srv::Trigger[01;31m[K>[m[K::SharedPtr service_;
[2.740s]       |                                           [01;31m[K^[m[K
[2.740s] [01m[K/home/user/ros2_ws/src/services_quiz/src/turn_s_server.cpp:26:46:[m[K [01;31m[Kerror: [m[Kexpected '[01m[K;[m[K' at end of member declaration
[2.740s]    26 |     rclcpp::Service<std_srvs::srv::Trigger>::[01;31m[KSharedPtr[m[K service_;
[2.740s]       |                                              [01;31m[K^~~~~~~~~[m[K
[2.740s]       |                                                       [32m[K;[m[K
[2.741s] [01m[K/home/user/ros2_ws/src/services_quiz/src/turn_s_server.cpp:26:56:[m[K [01;31m[Kerror: [m[K'[01m[Kservice_[m[K' does not name a type
[2.741s]    26 |     rclcpp::Service<std_srvs::srv::Trigger>::SharedPtr [01;31m[Kservice_[m[K;
[2.741s]       |                                                        [01;31m[K^~~~~~~~[m[K
[2.741s] [01m[K/home/user/ros2_ws/src/services_quiz/src/turn_s_server.cpp:27:2:[m[K [01;31m[Kerror: [m[Kexpected '[01m[K;[m[K' after class definition
[2.741s]    27 | }
[2.742s]       |  [01;31m[K^[m[K
[2.742s]       |  [32m[K;[m[K
[2.747s] [01m[K/home/user/ros2_ws/src/services_quiz/src/turn_s_server.cpp:[m[K In constructor '[01m[KTurnServiceServer::TurnServiceServer()[m[K':
[2.747s] [01m[K/home/user/ros2_ws/src/services_quiz/src/turn_s_server.cpp:13:9:[m[K [01;31m[Kerror: [m[K'[01m[Kservice_[m[K' was not declared in this scope
[2.747s]    13 |         [01;31m[Kservice_[m[K = this->create_service<std_srvs::srv::Trigger>
[2.747s]       |         [01;31m[K^~~~~~~~[m[K
[2.752s] [01m[K/home/user/ros2_ws/src/services_quiz/src/turn_s_server.cpp:13:41:[m[K [01;31m[Kerror: [m[K'[01m[Kstd_srvs[m[K' was not declared in this scope
[2.752s]    13 |         service_ = this->create_service<[01;31m[Kstd_srvs[m[K::srv::Trigger>
[2.752s]       |                                         [01;31m[K^~~~~~~~[m[K
[2.752s] [01m[K/home/user/ros2_ws/src/services_quiz/src/turn_s_server.cpp:13:26:[m[K [01;31m[Kerror: [m[Kparse error in template argument list
[2.752s]    13 |         service_ = this->[01;31m[Kcreate_service<std_srvs::srv::Trigger>[m[K
[2.753s]       |                          [01;31m[K^~~~~~~~~~~~~~~~~~~~~~~~~~~~~~~~~~~~~~[m[K
[2.761s] [01m[K/home/user/ros2_ws/src/services_quiz/src/turn_s_server.cpp:14:13:[m[K [01;31m[Kerror: [m[Kno matching function for call to '[01m[KTurnServiceServer::create_service<<expression error> >(std::string&, std::_Bind_helper<false, void (TurnServiceServer::*)(...), TurnServiceServer*, const std::_Placeholder<1>&, const std::_Placeholder<2>&>::type)[m[K'
[2.761s]    13 |         service_ = [01;31m[Kthis->create_service<std_srvs::srv::Trigger>[m[K
[2.761s]       |                    [01;31m[K~~~~~~~~~~~~~~~~~~~~~~~~~~~~~~~~~~~~~~~~~~~~[m[K
[2.761s]    14 | [01;31m[K            (name_service,[m[K
[2.761s]       |             [01;31m[K^~~~~~~~~~~~~~[m[K
[2.761s]    15 | [01;31m[K            std::bind(&TurnServiceServer::handle_turn_request,[m[K
[2.761s]       |             [01;31m[K~~~~~~~~~~~~~~~~~~~~~~~~~~~~~~~~~~~~~~~~~~~~~~~~~~[m[K
[2.761s]    16 | [01;31m[K            this,[m[K
[2.761s]       |             [01;31m[K~~~~~[m[K
[2.762s]    17 | [01;31m[K            std::placeholders::_1, std::placeholders::_2))[m[K;
[2.762s]       |             [01;31m[K~~~~~~~~~~~~~~~~~~~~~~~~~~~~~~~~~~~~~~~~~~~~~~[m[K
[2.762s] In file included from [01m[K/home/user/ros2_ws/src/services_quiz/src/turn_s_server.cpp:3[m[K:
[2.762s] [01m[K/opt/ros/humble/include/rclcpp/rclcpp/node.hpp:267:3:[m[K [01;36m[Knote: [m[Kcandidate: '[01m[Ktemplate<class ServiceT, class CallbackT> typename rclcpp::Service<ServiceT>::SharedPtr rclcpp::Node::create_service(const string&, CallbackT&&, const rmw_qos_profile_t&, rclcpp::CallbackGroup::SharedPtr)[m[K'
[2.762s]   267 |   [01;36m[Kcreate_service[m[K(
[2.762s]       |   [01;36m[K^~~~~~~~~~~~~~[m[K
[2.762s] [01m[K/opt/ros/humble/include/rclcpp/rclcpp/node.hpp:267:3:[m[K [01;36m[Knote: [m[K  template argument deduction/substitution failed:
[2.762s] [01m[K/home/user/ros2_ws/src/services_quiz/src/turn_s_server.cpp:14:13:[m[K [01;31m[Kerror: [m[Ktemplate argument 1 is invalid
[2.762s]    13 |         service_ = [01;31m[Kthis->create_service<std_srvs::srv::Trigger>[m[K
[2.762s]       |                    [01;31m[K~~~~~~~~~~~~~~~~~~~~~~~~~~~~~~~~~~~~~~~~~~~~[m[K
[2.762s]    14 | [01;31m[K            (name_service,[m[K
[2.762s]       |             [01;31m[K^~~~~~~~~~~~~~[m[K
[2.762s]    15 | [01;31m[K            std::bind(&TurnServiceServer::handle_turn_request,[m[K
[2.762s]       |             [01;31m[K~~~~~~~~~~~~~~~~~~~~~~~~~~~~~~~~~~~~~~~~~~~~~~~~~~[m[K
[2.762s]    16 | [01;31m[K            this,[m[K
[2.763s]       |             [01;31m[K~~~~~[m[K
[2.763s]    17 | [01;31m[K            std::placeholders::_1, std::placeholders::_2))[m[K;
[2.763s]       |             [01;31m[K~~~~~~~~~~~~~~~~~~~~~~~~~~~~~~~~~~~~~~~~~~~~~~[m[K
[3.069s] gmake[2]: *** [CMakeFiles/turn_s_client_executable.dir/build.make:76: CMakeFiles/turn_s_client_executable.dir/src/turn_s_client.cpp.o] Error 1
[3.070s] gmake[1]: *** [CMakeFiles/Makefile2:139: CMakeFiles/turn_s_client_executable.dir/all] Error 2
[3.070s] gmake[1]: *** Waiting for unfinished jobs....
[3.199s] gmake[2]: *** [CMakeFiles/turn_s_server_executable.dir/build.make:76: CMakeFiles/turn_s_server_executable.dir/src/turn_s_server.cpp.o] Error 1
[3.199s] gmake[1]: *** [CMakeFiles/Makefile2:165: CMakeFiles/turn_s_server_executable.dir/all] Error 2
[3.199s] gmake: *** [Makefile:146: all] Error 2
[3.201s] Invoked command in '/home/user/ros2_ws/src/build/services_quiz' returned '2': CMAKE_PREFIX_PATH=${CMAKE_PREFIX_PATH}:/home/simulations/ros2_sims_ws/install/tracetools_test:/home/simulations/ros2_sims_ws/install/tracetools_launch:/home/simulations/ros2_sims_ws/install/ros2trace:/home/simulations/ros2_sims_ws/install/tracetools_trace:/home/simulations/ros2_sims_ws/install/ros2trace_analysis:/home/simulations/ros2_sims_ws/install/tracetools_analysis:/home/simulations/ros2_sims_ws/install/tracetools_read:/home/simulations/ros2_sims_ws/install/test_tracetools_launch:/opt/ros/humble:/home/simulations/ros2_sims_ws/install/robot_description _=/usr/bin/env /usr/bin/cmake --build /home/user/ros2_ws/src/build/services_quiz -- -j8 -l8
