[0.024s] Invoking command in '/home/user/ros2_ws/src/build/services_quiz': CMAKE_PREFIX_PATH=${CMAKE_PREFIX_PATH}:/home/simulations/ros2_sims_ws/install/tracetools_test:/home/simulations/ros2_sims_ws/install/tracetools_launch:/home/simulations/ros2_sims_ws/install/ros2trace:/home/simulations/ros2_sims_ws/install/tracetools_trace:/home/simulations/ros2_sims_ws/install/ros2trace_analysis:/home/simulations/ros2_sims_ws/install/tracetools_analysis:/home/simulations/ros2_sims_ws/install/tracetools_read:/home/simulations/ros2_sims_ws/install/test_tracetools_launch:/opt/ros/humble:/home/simulations/ros2_sims_ws/install/robot_description _=/usr/bin/env /usr/bin/cmake --build /home/user/ros2_ws/src/build/services_quiz -- -j8 -l8
[0.087s] [35m[1mConsolidate compiler generated dependencies of target turn_s_client_executable[0m
[0.090s] [35m[1mConsolidate compiler generated dependencies of target turn_s_server_executable[0m
[0.120s] [ 25%] [32mBuilding CXX object CMakeFiles/turn_s_client_executable.dir/src/turn_s_client.cpp.o[0m
[0.129s] [ 50%] [32mBuilding CXX object CMakeFiles/turn_s_server_executable.dir/src/turn_s_server.cpp.o[0m
[2.767s] [01m[K/home/user/ros2_ws/src/services_quiz/src/turn_s_client.cpp:29:20:[m[K [01;31m[Kerror: [m[K'[01m[Kstd_srvs[m[K' was not declared in this scope
[2.767s]    29 |     rclcpp::Client<[01;31m[Kstd_srvs[m[K::srv::Trigger>::SharedPtr client_;
[2.767s]       |                    [01;31m[K^~~~~~~~[m[K
[2.768s] [01m[K/home/user/ros2_ws/src/services_quiz/src/turn_s_client.cpp:29:42:[m[K [01;31m[Kerror: [m[Ktemplate argument 1 is invalid
[2.768s]    29 |     rclcpp::Client<std_srvs::srv::Trigger[01;31m[K>[m[K::SharedPtr client_;
[2.768s]       |                                          [01;31m[K^[m[K
[2.768s] [01m[K/home/user/ros2_ws/src/services_quiz/src/turn_s_client.cpp:29:45:[m[K [01;31m[Kerror: [m[Kexpected '[01m[K;[m[K' at end of member declaration
[2.768s]    29 |     rclcpp::Client<std_srvs::srv::Trigger>::[01;31m[KSharedPtr[m[K client_;
[2.768s]       |                                             [01;31m[K^~~~~~~~~[m[K
[2.768s]       |                                                      [32m[K;[m[K
[2.769s] [01m[K/home/user/ros2_ws/src/services_quiz/src/turn_s_client.cpp:29:55:[m[K [01;31m[Kerror: [m[K'[01m[Kclient_[m[K' does not name a type
[2.769s]    29 |     rclcpp::Client<std_srvs::srv::Trigger>::SharedPtr [01;31m[Kclient_[m[K;
[2.769s]       |                                                       [01;31m[K^~~~~~~[m[K
[2.770s] [01m[K/home/user/ros2_ws/src/services_quiz/src/turn_s_client.cpp:31:2:[m[K [01;31m[Kerror: [m[Kexpected '[01m[K;[m[K' after class definition
[2.770s]    31 | }
[2.770s]       |  [01;31m[K^[m[K
[2.770s]       |  [32m[K;[m[K
[2.775s] [01m[K/home/user/ros2_ws/src/services_quiz/src/turn_s_client.cpp:[m[K In constructor '[01m[KTurnServiceClient::TurnServiceClient()[m[K':
[2.775s] [01m[K/home/user/ros2_ws/src/services_quiz/src/turn_s_client.cpp:10:9:[m[K [01;31m[Kerror: [m[K'[01m[Kclient_[m[K' was not declared in this scope
[2.775s]    10 |         [01;31m[Kclient_[m[K = this->create_client<std_srvs::srv::Trigger>
[2.775s]       |         [01;31m[K^~~~~~~[m[K
[2.780s] [01m[K/home/user/ros2_ws/src/services_quiz/src/turn_s_client.cpp:10:39:[m[K [01;31m[Kerror: [m[K'[01m[Kstd_srvs[m[K' was not declared in this scope
[2.780s]    10 |         client_ = this->create_client<[01;31m[Kstd_srvs[m[K::srv::Trigger>
[2.780s]       |                                       [01;31m[K^~~~~~~~[m[K
[2.780s] [01m[K/home/user/ros2_ws/src/services_quiz/src/turn_s_client.cpp:10:25:[m[K [01;31m[Kerror: [m[Kparse error in template argument list
[2.780s]    10 |         client_ = this->[01;31m[Kcreate_client<std_srvs::srv::Trigger>[m[K
[2.780s]       |                         [01;31m[K^~~~~~~~~~~~~~~~~~~~~~~~~~~~~~~~~~~~~[m[K
[2.780s] [01m[K/home/user/ros2_ws/src/services_quiz/src/turn_s_client.cpp:11:13:[m[K [01;31m[Kerror: [m[Kno matching function for call to '[01m[KTurnServiceClient::create_client<<expression error> >(std::string&)[m[K'
[2.780s]    10 |         client_ = [01;31m[Kthis->create_client<std_srvs::srv::Trigger>[m[K
[2.781s]       |                   [01;31m[K~~~~~~~~~~~~~~~~~~~~~~~~~~~~~~~~~~~~~~~~~~~[m[K
[2.781s]    11 | [01;31m[K            (name_service)[m[K;
[2.781s]       |             [01;31m[K^~~~~~~~~~~~~~[m[K
[2.781s] In file included from [01m[K/opt/ros/humble/include/rclcpp/rclcpp/executors/single_threaded_executor.hpp:28[m[K,
[2.781s]                  from [01m[K/opt/ros/humble/include/rclcpp/rclcpp/executors.hpp:22[m[K,
[2.781s]                  from [01m[K/opt/ros/humble/include/rclcpp/rclcpp/rclcpp.hpp:155[m[K,
[2.781s]                  from [01m[K/home/user/ros2_ws/src/services_quiz/src/turn_s_client.cpp:1[m[K:
[2.781s] [01m[K/opt/ros/humble/include/rclcpp/rclcpp/node.hpp:252:3:[m[K [01;36m[Knote: [m[Kcandidate: '[01m[Ktemplate<class ServiceT> typename rclcpp::Client<ServiceT>::SharedPtr rclcpp::Node::create_client(const string&, const rmw_qos_profile_t&, rclcpp::CallbackGroup::SharedPtr)[m[K'
[2.781s]   252 |   [01;36m[Kcreate_client[m[K(
[2.781s]       |   [01;36m[K^~~~~~~~~~~~~[m[K
[2.782s] [01m[K/opt/ros/humble/include/rclcpp/rclcpp/node.hpp:252:3:[m[K [01;36m[Knote: [m[K  template argument deduction/substitution failed:
[2.782s] [01m[K/home/user/ros2_ws/src/services_quiz/src/turn_s_client.cpp:11:13:[m[K [01;31m[Kerror: [m[Ktemplate argument 1 is invalid
[2.782s]    10 |         client_ = [01;31m[Kthis->create_client<std_srvs::srv::Trigger>[m[K
[2.782s]       |                   [01;31m[K~~~~~~~~~~~~~~~~~~~~~~~~~~~~~~~~~~~~~~~~~~~[m[K
[2.782s]    11 | [01;31m[K            (name_service)[m[K;
[2.782s]       |             [01;31m[K^~~~~~~~~~~~~~[m[K
[2.782s] [01m[K/home/user/ros2_ws/src/services_quiz/src/turn_s_client.cpp:14:43:[m[K [01;31m[Kerror: [m[Kunable to find numeric literal operator '[01m[Koperator""s[m[K'
[2.782s]    14 |         while (!client_->wait_for_service([01;31m[K1s[m[K)) {
[2.782s]       |                                           [01;31m[K^~[m[K
[2.784s] [01m[K/home/user/ros2_ws/src/services_quiz/src/turn_s_client.cpp:[m[K In function '[01m[Kint main(int, char**)[m[K':
[2.784s] [01m[K/home/user/ros2_ws/src/services_quiz/src/turn_s_client.cpp:39:31:[m[K [01;31m[Kerror: [m[K'[01m[Kvoid TurnServiceClient::send_turn_request()[m[K' is private within this context
[2.784s]    39 |     [01;31m[Kclient_->send_turn_request()[m[K;
[2.784s]       |     [01;31m[K~~~~~~~~~~~~~~~~~~~~~~~~~~^~[m[K
[2.785s] [01m[K/home/user/ros2_ws/src/services_quiz/src/turn_s_client.cpp:25:10:[m[K [01;36m[Knote: [m[Kdeclared private here
[2.785s]    25 |     void [01;36m[Ksend_turn_request[m[K() {
[2.785s]       |          [01;36m[K^~~~~~~~~~~~~~~~~[m[K
[2.785s] [01m[K/home/user/ros2_ws/src/services_quiz/src/turn_s_server.cpp:21:52:[m[K [01;31m[Kerror: [m[K'[01m[Kstd_srvs[m[K' was not declared in this scope
[2.785s]    21 |     void handle_turn_request(const std::shared_ptr<[01;31m[Kstd_srvs[m[K::srv::Trigger::Request> request,
[2.785s]       |                                                    [01;31m[K^~~~~~~~[m[K
[2.785s] [01m[K/home/user/ros2_ws/src/services_quiz/src/turn_s_server.cpp:21:83:[m[K [01;31m[Kerror: [m[Ktemplate argument 1 is invalid
[2.785s]    21 |     void handle_turn_request(const std::shared_ptr<std_srvs::srv::Trigger::Request[01;31m[K>[m[K request,
[2.785s]       |                                                                                   [01;31m[K^[m[K
[2.791s] [01m[K/home/user/ros2_ws/src/services_quiz/src/turn_s_server.cpp:21:52:[m[K [01;31m[Kerror: [m[K'[01m[Kstd_srvs[m[K' was not declared in this scope
[2.791s]    21 |     void handle_turn_request(const std::shared_ptr<[01;31m[Kstd_srvs[m[K::srv::Trigger::Request> request,
[2.791s]       |                                                    [01;31m[K^~~~~~~~[m[K
[2.791s] [01m[K/home/user/ros2_ws/src/services_quiz/src/turn_s_server.cpp:21:83:[m[K [01;31m[Kerror: [m[Ktemplate argument 1 is invalid
[2.792s]    21 |     void handle_turn_request(const std::shared_ptr<std_srvs::srv::Trigger::Request[01;31m[K>[m[K request,
[2.792s]       |                                                                                   [01;31m[K^[m[K
[2.796s] [01m[K/home/user/ros2_ws/src/services_quiz/src/turn_s_server.cpp:21:52:[m[K [01;31m[Kerror: [m[K'[01m[Kstd_srvs[m[K' was not declared in this scope
[2.796s]    21 |     void handle_turn_request(const std::shared_ptr<[01;31m[Kstd_srvs[m[K::srv::Trigger::Request> request,
[2.796s]       |                                                    [01;31m[K^~~~~~~~[m[K
[2.797s] [01m[K/home/user/ros2_ws/src/services_quiz/src/turn_s_server.cpp:21:83:[m[K [01;31m[Kerror: [m[Ktemplate argument 1 is invalid
[2.797s]    21 |     void handle_turn_request(const std::shared_ptr<std_srvs::srv::Trigger::Request[01;31m[K>[m[K request,
[2.797s]       |                                                                                   [01;31m[K^[m[K
[2.797s] [01m[K/home/user/ros2_ws/src/services_quiz/src/turn_s_server.cpp:21:36:[m[K [01;31m[Kerror: [m[Kinvalid template-id
[2.797s]    21 |     void handle_turn_request(const [01;31m[Kstd[m[K::shared_ptr<std_srvs::srv::Trigger::Request> request,
[2.797s]       |                                    [01;31m[K^~~[m[K
[2.797s] [01m[K/home/user/ros2_ws/src/services_quiz/src/turn_s_server.cpp:21:52:[m[K [01;31m[Kerror: [m[K'[01m[Kstd_srvs[m[K' has not been declared
[2.797s]    21 |     void handle_turn_request(const std::shared_ptr<[01;31m[Kstd_srvs[m[K::srv::Trigger::Request> request,
[2.797s]       |                                                    [01;31m[K^~~~~~~~[m[K
[2.797s] [01m[K/home/user/ros2_ws/src/services_quiz/src/turn_s_server.cpp:21:30:[m[K [01;31m[Kerror: [m[Kclass template placeholder '[01m[Kstd::shared_ptr[m[K' not permitted in this context
[2.798s]    21 |     void handle_turn_request([01;31m[Kconst[m[K std::shared_ptr<std_srvs::srv::Trigger::Request> request,
[2.798s]       |                              [01;31m[K^~~~~[m[K
[2.801s] [01m[K/home/user/ros2_ws/src/services_quiz/src/turn_s_server.cpp:22:25:[m[K [01;31m[Kerror: [m[K'[01m[Kstd_srvs[m[K' was not declared in this scope
[2.801s]    22 |         std::shared_ptr<[01;31m[Kstd_srvs[m[K::srv::Trigger::Response> response) {
[2.801s]       |                         [01;31m[K^~~~~~~~[m[K
[2.801s] [01m[K/home/user/ros2_ws/src/services_quiz/src/turn_s_server.cpp:22:57:[m[K [01;31m[Kerror: [m[Ktemplate argument 1 is invalid
[2.802s]    22 |         std::shared_ptr<std_srvs::srv::Trigger::Response[01;31m[K>[m[K response) {
[2.802s]       |                                                         [01;31m[K^[m[K
[2.807s] [01m[K/home/user/ros2_ws/src/services_quiz/src/turn_s_server.cpp:22:25:[m[K [01;31m[Kerror: [m[K'[01m[Kstd_srvs[m[K' was not declared in this scope
[2.807s]    22 |         std::shared_ptr<[01;31m[Kstd_srvs[m[K::srv::Trigger::Response> response) {
[2.807s]       |                         [01;31m[K^~~~~~~~[m[K
[2.807s] [01m[K/home/user/ros2_ws/src/services_quiz/src/turn_s_server.cpp:22:57:[m[K [01;31m[Kerror: [m[Ktemplate argument 1 is invalid
[2.807s]    22 |         std::shared_ptr<std_srvs::srv::Trigger::Response[01;31m[K>[m[K response) {
[2.807s]       |                                                         [01;31m[K^[m[K
[2.812s] [01m[K/home/user/ros2_ws/src/services_quiz/src/turn_s_server.cpp:22:25:[m[K [01;31m[Kerror: [m[K'[01m[Kstd_srvs[m[K' was not declared in this scope
[2.812s]    22 |         std::shared_ptr<[01;31m[Kstd_srvs[m[K::srv::Trigger::Response> response) {
[2.812s]       |                         [01;31m[K^~~~~~~~[m[K
[2.812s] [01m[K/home/user/ros2_ws/src/services_quiz/src/turn_s_server.cpp:22:57:[m[K [01;31m[Kerror: [m[Ktemplate argument 1 is invalid
[2.813s]    22 |         std::shared_ptr<std_srvs::srv::Trigger::Response[01;31m[K>[m[K response) {
[2.813s]       |                                                         [01;31m[K^[m[K
[2.813s] [01m[K/home/user/ros2_ws/src/services_quiz/src/turn_s_server.cpp:22:9:[m[K [01;31m[Kerror: [m[Kinvalid template-id
[2.813s]    22 |         [01;31m[Kstd[m[K::shared_ptr<std_srvs::srv::Trigger::Response> response) {
[2.813s]       |         [01;31m[K^~~[m[K
[2.813s] [01m[K/home/user/ros2_ws/src/services_quiz/src/turn_s_server.cpp:22:25:[m[K [01;31m[Kerror: [m[K'[01m[Kstd_srvs[m[K' has not been declared
[2.813s]    22 |         std::shared_ptr<[01;31m[Kstd_srvs[m[K::srv::Trigger::Response> response) {
[2.813s]       |                         [01;31m[K^~~~~~~~[m[K
[2.813s] [01m[K/home/user/ros2_ws/src/services_quiz/src/turn_s_server.cpp:22:9:[m[K [01;31m[Kerror: [m[Kclass template placeholder '[01m[Kstd::shared_ptr[m[K' not permitted in this context
[2.813s]    22 |         [01;31m[Kstd[m[K::shared_ptr<std_srvs::srv::Trigger::Response> response) {
[2.813s]       |         [01;31m[K^~~[m[K
[2.818s] [01m[K/home/user/ros2_ws/src/services_quiz/src/turn_s_server.cpp:26:21:[m[K [01;31m[Kerror: [m[K'[01m[Kstd_srvs[m[K' was not declared in this scope
[2.818s]    26 |     rclcpp::Service<[01;31m[Kstd_srvs[m[K::srv::Trigger>::SharedPtr service_;
[2.818s]       |                     [01;31m[K^~~~~~~~[m[K
[2.818s] [01m[K/home/user/ros2_ws/src/services_quiz/src/turn_s_server.cpp:26:43:[m[K [01;31m[Kerror: [m[Ktemplate argument 1 is invalid
[2.819s]    26 |     rclcpp::Service<std_srvs::srv::Trigger[01;31m[K>[m[K::SharedPtr service_;
[2.819s]       |                                           [01;31m[K^[m[K
[2.819s] [01m[K/home/user/ros2_ws/src/services_quiz/src/turn_s_server.cpp:26:46:[m[K [01;31m[Kerror: [m[Kexpected '[01m[K;[m[K' at end of member declaration
[2.819s]    26 |     rclcpp::Service<std_srvs::srv::Trigger>::[01;31m[KSharedPtr[m[K service_;
[2.819s]       |                                              [01;31m[K^~~~~~~~~[m[K
[2.819s]       |                                                       [32m[K;[m[K
[2.820s] [01m[K/home/user/ros2_ws/src/services_quiz/src/turn_s_server.cpp:26:56:[m[K [01;31m[Kerror: [m[K'[01m[Kservice_[m[K' does not name a type
[2.820s]    26 |     rclcpp::Service<std_srvs::srv::Trigger>::SharedPtr [01;31m[Kservice_[m[K;
[2.820s]       |                                                        [01;31m[K^~~~~~~~[m[K
[2.821s] [01m[K/home/user/ros2_ws/src/services_quiz/src/turn_s_server.cpp:27:2:[m[K [01;31m[Kerror: [m[Kexpected '[01m[K;[m[K' after class definition
[2.821s]    27 | }
[2.821s]       |  [01;31m[K^[m[K
[2.821s]       |  [32m[K;[m[K
[2.827s] [01m[K/home/user/ros2_ws/src/services_quiz/src/turn_s_server.cpp:[m[K In constructor '[01m[KTurnServiceServer::TurnServiceServer()[m[K':
[2.827s] [01m[K/home/user/ros2_ws/src/services_quiz/src/turn_s_server.cpp:13:9:[m[K [01;31m[Kerror: [m[K'[01m[Kservice_[m[K' was not declared in this scope
[2.827s]    13 |         [01;31m[Kservice_[m[K = this->create_service<std_srvs::srv::Trigger>
[2.827s]       |         [01;31m[K^~~~~~~~[m[K
[2.832s] [01m[K/home/user/ros2_ws/src/services_quiz/src/turn_s_server.cpp:13:41:[m[K [01;31m[Kerror: [m[K'[01m[Kstd_srvs[m[K' was not declared in this scope
[2.832s]    13 |         service_ = this->create_service<[01;31m[Kstd_srvs[m[K::srv::Trigger>
[2.832s]       |                                         [01;31m[K^~~~~~~~[m[K
[2.832s] [01m[K/home/user/ros2_ws/src/services_quiz/src/turn_s_server.cpp:13:26:[m[K [01;31m[Kerror: [m[Kparse error in template argument list
[2.832s]    13 |         service_ = this->[01;31m[Kcreate_service<std_srvs::srv::Trigger>[m[K
[2.833s]       |                          [01;31m[K^~~~~~~~~~~~~~~~~~~~~~~~~~~~~~~~~~~~~~[m[K
[2.839s] [01m[K/home/user/ros2_ws/src/services_quiz/src/turn_s_server.cpp:14:13:[m[K [01;31m[Kerror: [m[Kno matching function for call to '[01m[KTurnServiceServer::create_service<<expression error> >(std::string&, std::_Bind_helper<false, void (TurnServiceServer::*)(...), TurnServiceServer*, const std::_Placeholder<1>&, const std::_Placeholder<2>&>::type)[m[K'
[2.839s]    13 |         service_ = [01;31m[Kthis->create_service<std_srvs::srv::Trigger>[m[K
[2.839s]       |                    [01;31m[K~~~~~~~~~~~~~~~~~~~~~~~~~~~~~~~~~~~~~~~~~~~~[m[K
[2.840s]    14 | [01;31m[K            (name_service,[m[K
[2.840s]       |             [01;31m[K^~~~~~~~~~~~~~[m[K
[2.840s]    15 | [01;31m[K            std::bind(&TurnServiceServer::handle_turn_request,[m[K
[2.840s]       |             [01;31m[K~~~~~~~~~~~~~~~~~~~~~~~~~~~~~~~~~~~~~~~~~~~~~~~~~~[m[K
[2.840s]    16 | [01;31m[K            this,[m[K
[2.840s]       |             [01;31m[K~~~~~[m[K
[2.840s]    17 | [01;31m[K            std::placeholders::_1, std::placeholders::_2))[m[K;
[2.840s]       |             [01;31m[K~~~~~~~~~~~~~~~~~~~~~~~~~~~~~~~~~~~~~~~~~~~~~~[m[K
[2.841s] In file included from [01m[K/home/user/ros2_ws/src/services_quiz/src/turn_s_server.cpp:3[m[K:
[2.841s] [01m[K/opt/ros/humble/include/rclcpp/rclcpp/node.hpp:267:3:[m[K [01;36m[Knote: [m[Kcandidate: '[01m[Ktemplate<class ServiceT, class CallbackT> typename rclcpp::Service<ServiceT>::SharedPtr rclcpp::Node::create_service(const string&, CallbackT&&, const rmw_qos_profile_t&, rclcpp::CallbackGroup::SharedPtr)[m[K'
[2.841s]   267 |   [01;36m[Kcreate_service[m[K(
[2.841s]       |   [01;36m[K^~~~~~~~~~~~~~[m[K
[2.841s] [01m[K/opt/ros/humble/include/rclcpp/rclcpp/node.hpp:267:3:[m[K [01;36m[Knote: [m[K  template argument deduction/substitution failed:
[2.841s] [01m[K/home/user/ros2_ws/src/services_quiz/src/turn_s_server.cpp:14:13:[m[K [01;31m[Kerror: [m[Ktemplate argument 1 is invalid
[2.841s]    13 |         service_ = [01;31m[Kthis->create_service<std_srvs::srv::Trigger>[m[K
[2.841s]       |                    [01;31m[K~~~~~~~~~~~~~~~~~~~~~~~~~~~~~~~~~~~~~~~~~~~~[m[K
[2.841s]    14 | [01;31m[K            (name_service,[m[K
[2.841s]       |             [01;31m[K^~~~~~~~~~~~~~[m[K
[2.841s]    15 | [01;31m[K            std::bind(&TurnServiceServer::handle_turn_request,[m[K
[2.841s]       |             [01;31m[K~~~~~~~~~~~~~~~~~~~~~~~~~~~~~~~~~~~~~~~~~~~~~~~~~~[m[K
[2.842s]    16 | [01;31m[K            this,[m[K
[2.842s]       |             [01;31m[K~~~~~[m[K
[2.842s]    17 | [01;31m[K            std::placeholders::_1, std::placeholders::_2))[m[K;
[2.842s]       |             [01;31m[K~~~~~~~~~~~~~~~~~~~~~~~~~~~~~~~~~~~~~~~~~~~~~~[m[K
[2.842s] In file included from [01m[K/home/user/ros2_ws/src/services_quiz/src/turn_s_server.cpp:2[m[K:
[2.842s] [01m[K/home/user/ros2_ws/src/services_quiz/src/turn_s_server.cpp:[m[K In member function '[01m[Kvoid TurnServiceServer::handle_turn_request(...)[m[K':
[2.842s] [01m[K/home/user/ros2_ws/src/services_quiz/src/turn_s_server.cpp:23:9:[m[K [01;31m[Kerror: [m[Kinvalid use of non-static member function '[01m[Krclcpp::Logger rclcpp::Node::get_logger() const[m[K'
[2.842s]    23 |         [01;31m[KRCLCPP_INFO[m[K(this->get_logger, "Handle Turn Service Request");
[2.842s]       |         [01;31m[K^~~~~~~~~~~[m[K
[2.843s] In file included from [01m[K/home/user/ros2_ws/src/services_quiz/src/turn_s_server.cpp:3[m[K:
[2.843s] [01m[K/opt/ros/humble/include/rclcpp/rclcpp/node.hpp:142:3:[m[K [01;36m[Knote: [m[Kdeclared here
[2.843s]   142 |   [01;36m[Kget_logger[m[K() const;
[2.843s]       |   [01;36m[K^~~~~~~~~~[m[K
[2.843s] In file included from [01m[K/home/user/ros2_ws/src/services_quiz/src/turn_s_server.cpp:2[m[K:
[2.843s] [01m[K/home/user/ros2_ws/src/services_quiz/src/turn_s_server.cpp:23:9:[m[K [01;31m[Kerror: [m[Ktemplate argument 1 is invalid
[2.843s]    23 |         [01;31m[KRCLCPP_INFO[m[K(this->get_logger, "Handle Turn Service Request");
[2.843s]       |         [01;31m[K^~~~~~~~~~~[m[K
[2.843s] [01m[K/home/user/ros2_ws/src/services_quiz/src/turn_s_server.cpp:23:9:[m[K [01;31m[Kerror: [m[K'[01m[K<declaration error>[m[K' is not a template [[01;31m[K]8;;https://gcc.gnu.org/onlinedocs/gcc/Warning-Options.html#index-fpermissive-fpermissive]8;;[m[K]
[2.844s]    23 |         [01;31m[KRCLCPP_INFO[m[K(this->get_logger, "Handle Turn Service Request");
[2.844s]       |         [01;31m[K^~~~~~~~~~~[m[K
[2.844s] [01m[K/home/user/ros2_ws/src/services_quiz/src/turn_s_server.cpp:23:9:[m[K [01;31m[Kerror: [m[Ktemplate argument 1 is invalid
[2.844s]    23 |         [01;31m[KRCLCPP_INFO[m[K(this->get_logger, "Handle Turn Service Request");
[2.844s]       |         [01;31m[K^~~~~~~~~~~[m[K
[2.844s] [01m[K/home/user/ros2_ws/src/services_quiz/src/turn_s_server.cpp:23:9:[m[K [01;31m[Kerror: [m[K'[01m[K<declaration error>[m[K' is not a template [[01;31m[K]8;;https://gcc.gnu.org/onlinedocs/gcc/Warning-Options.html#index-fpermissive-fpermissive]8;;[m[K]
[2.844s]    23 |         [01;31m[KRCLCPP_INFO[m[K(this->get_logger, "Handle Turn Service Request");
[2.844s]       |         [01;31m[K^~~~~~~~~~~[m[K
[2.845s] [01m[K/home/user/ros2_ws/src/services_quiz/src/turn_s_server.cpp:23:9:[m[K [01;31m[Kerror: [m[Ktemplate argument 1 is invalid
[2.845s]    23 |         [01;31m[KRCLCPP_INFO[m[K(this->get_logger, "Handle Turn Service Request");
[2.845s]       |         [01;31m[K^~~~~~~~~~~[m[K
[2.845s] In file included from [01m[K/opt/ros/humble/include/rclcpp/rclcpp/logging.hpp:24[m[K,
[2.845s]                  from [01m[K/home/user/ros2_ws/src/services_quiz/src/turn_s_server.cpp:2[m[K:
[2.845s] [01m[K/home/user/ros2_ws/src/services_quiz/src/turn_s_server.cpp:23:27:[m[K [01;31m[Kerror: [m[Kinvalid use of member function '[01m[Krclcpp::Logger rclcpp::Node::get_logger() const[m[K' (did you forget the '[01m[K()[m[K' ?)
[2.845s]    23 |         RCLCPP_INFO(this->[01;31m[Kg[m[Ket_logger, "Handle Turn Service Request");
[2.845s]       |                           [01;31m[K^[m[K
[2.845s] [01m[K/home/user/ros2_ws/src/services_quiz/src/turn_s_server.cpp:23:27:[m[K [01;31m[Kerror: [m[Kinvalid use of member function '[01m[Krclcpp::Logger rclcpp::Node::get_logger() const[m[K' (did you forget the '[01m[K()[m[K' ?)
[2.846s]    23 |         RCLCPP_INFO(this->[01;31m[Kg[m[Ket_logger, "Handle Turn Service Request");
[2.846s]       |                           [01;31m[K^[m[K
[3.211s] gmake[2]: *** [CMakeFiles/turn_s_client_executable.dir/build.make:76: CMakeFiles/turn_s_client_executable.dir/src/turn_s_client.cpp.o] Error 1
[3.211s] gmake[1]: *** [CMakeFiles/Makefile2:139: CMakeFiles/turn_s_client_executable.dir/all] Error 2
[3.211s] gmake[1]: *** Waiting for unfinished jobs....
[3.268s] gmake[2]: *** [CMakeFiles/turn_s_server_executable.dir/build.make:76: CMakeFiles/turn_s_server_executable.dir/src/turn_s_server.cpp.o] Error 1
[3.268s] gmake[1]: *** [CMakeFiles/Makefile2:165: CMakeFiles/turn_s_server_executable.dir/all] Error 2
[3.268s] gmake: *** [Makefile:146: all] Error 2
[3.270s] Invoked command in '/home/user/ros2_ws/src/build/services_quiz' returned '2': CMAKE_PREFIX_PATH=${CMAKE_PREFIX_PATH}:/home/simulations/ros2_sims_ws/install/tracetools_test:/home/simulations/ros2_sims_ws/install/tracetools_launch:/home/simulations/ros2_sims_ws/install/ros2trace:/home/simulations/ros2_sims_ws/install/tracetools_trace:/home/simulations/ros2_sims_ws/install/ros2trace_analysis:/home/simulations/ros2_sims_ws/install/tracetools_analysis:/home/simulations/ros2_sims_ws/install/tracetools_read:/home/simulations/ros2_sims_ws/install/test_tracetools_launch:/opt/ros/humble:/home/simulations/ros2_sims_ws/install/robot_description _=/usr/bin/env /usr/bin/cmake --build /home/user/ros2_ws/src/build/services_quiz -- -j8 -l8
