[0.026s] Invoking command in '/home/user/ros2_ws/src/build/services_quiz': CMAKE_PREFIX_PATH=${CMAKE_PREFIX_PATH}:/home/simulations/ros2_sims_ws/install/tracetools_test:/home/simulations/ros2_sims_ws/install/tracetools_launch:/home/simulations/ros2_sims_ws/install/ros2trace:/home/simulations/ros2_sims_ws/install/tracetools_trace:/home/simulations/ros2_sims_ws/install/ros2trace_analysis:/home/simulations/ros2_sims_ws/install/tracetools_analysis:/home/simulations/ros2_sims_ws/install/tracetools_read:/home/simulations/ros2_sims_ws/install/test_tracetools_launch:/opt/ros/humble:/home/simulations/ros2_sims_ws/install/robot_description _=/usr/bin/env /usr/bin/cmake --build /home/user/ros2_ws/src/build/services_quiz -- -j8 -l8
[0.091s] [35m[1mConsolidate compiler generated dependencies of target turn_s_client_executable[0m
[0.124s] [ 50%] Built target turn_s_server_executable
[0.135s] [ 75%] [32mBuilding CXX object CMakeFiles/turn_s_client_executable.dir/src/turn_s_client.cpp.o[0m
[2.598s] [01m[K/home/user/ros2_ws/src/services_quiz/src/turn_s_client.cpp:[m[K In constructor '[01m[KTurnServiceClient::TurnServiceClient()[m[K':
[2.598s] [01m[K/home/user/ros2_ws/src/services_quiz/src/turn_s_client.cpp:14:39:[m[K [01;31m[Kerror: [m[K'[01m[Kservices_quiz_srv[m[K' was not declared in this scope
[2.598s]    14 |         client_ = this->create_client<[01;31m[Kservices_quiz_srv[m[K::srv::Turn>
[2.598s]       |                                       [01;31m[K^~~~~~~~~~~~~~~~~[m[K
[2.598s] [01m[K/home/user/ros2_ws/src/services_quiz/src/turn_s_client.cpp:14:25:[m[K [01;31m[Kerror: [m[Kparse error in template argument list
[2.598s]    14 |         client_ = this->[01;31m[Kcreate_client<services_quiz_srv::srv::Turn>[m[K
[2.598s]       |                         [01;31m[K^~~~~~~~~~~~~~~~~~~~~~~~~~~~~~~~~~~~~~~~~~~[m[K
[2.598s] [01m[K/home/user/ros2_ws/src/services_quiz/src/turn_s_client.cpp:15:13:[m[K [01;31m[Kerror: [m[Kno matching function for call to '[01m[KTurnServiceClient::create_client<<expression error> >(std::string&)[m[K'
[2.598s]    14 |         client_ = [01;31m[Kthis->create_client<services_quiz_srv::srv::Turn>[m[K
[2.598s]       |                   [01;31m[K~~~~~~~~~~~~~~~~~~~~~~~~~~~~~~~~~~~~~~~~~~~~~~~~~[m[K
[2.599s]    15 | [01;31m[K            (name_service)[m[K;
[2.599s]       |             [01;31m[K^~~~~~~~~~~~~~[m[K
[2.599s] In file included from [01m[K/opt/ros/humble/include/rclcpp/rclcpp/executors/single_threaded_executor.hpp:28[m[K,
[2.599s]                  from [01m[K/opt/ros/humble/include/rclcpp/rclcpp/executors.hpp:22[m[K,
[2.599s]                  from [01m[K/opt/ros/humble/include/rclcpp/rclcpp/rclcpp.hpp:155[m[K,
[2.599s]                  from [01m[K/home/user/ros2_ws/src/services_quiz/src/turn_s_client.cpp:1[m[K:
[2.599s] [01m[K/opt/ros/humble/include/rclcpp/rclcpp/node.hpp:252:3:[m[K [01;36m[Knote: [m[Kcandidate: '[01m[Ktemplate<class ServiceT> typename rclcpp::Client<ServiceT>::SharedPtr rclcpp::Node::create_client(const string&, const rmw_qos_profile_t&, rclcpp::CallbackGroup::SharedPtr)[m[K'
[2.599s]   252 |   [01;36m[Kcreate_client[m[K(
[2.599s]       |   [01;36m[K^~~~~~~~~~~~~[m[K
[2.599s] [01m[K/opt/ros/humble/include/rclcpp/rclcpp/node.hpp:252:3:[m[K [01;36m[Knote: [m[K  template argument deduction/substitution failed:
[2.599s] [01m[K/home/user/ros2_ws/src/services_quiz/src/turn_s_client.cpp:15:13:[m[K [01;31m[Kerror: [m[Ktemplate argument 1 is invalid
[2.599s]    14 |         client_ = [01;31m[Kthis->create_client<services_quiz_srv::srv::Turn>[m[K
[2.599s]       |                   [01;31m[K~~~~~~~~~~~~~~~~~~~~~~~~~~~~~~~~~~~~~~~~~~~~~~~~~[m[K
[2.599s]    15 | [01;31m[K            (name_service)[m[K;
[2.599s]       |             [01;31m[K^~~~~~~~~~~~~~[m[K
[2.606s] [01m[K/home/user/ros2_ws/src/services_quiz/src/turn_s_client.cpp:[m[K In member function '[01m[Kvoid TurnServiceClient::send_turn_request()[m[K':
[2.606s] [01m[K/home/user/ros2_ws/src/services_quiz/src/turn_s_client.cpp:32:41:[m[K [01;31m[Kerror: [m[K'[01m[Kservices_quiz[m[K' was not declared in this scope
[2.606s]    32 |         auto request = std::make_shared<[01;31m[Kservices_quiz[m[K::srv::Turn::Request>();
[2.606s]       |                                         [01;31m[K^~~~~~~~~~~~~[m[K
[2.606s] [01m[K/home/user/ros2_ws/src/services_quiz/src/turn_s_client.cpp:32:29:[m[K [01;31m[Kerror: [m[Kparse error in template argument list
[2.606s]    32 |         auto request = std::[01;31m[Kmake_shared<services_quiz::srv::Turn::Request>[m[K();
[2.606s]       |                             [01;31m[K^~~~~~~~~~~~~~~~~~~~~~~~~~~~~~~~~~~~~~~~~~~~~~[m[K
[2.606s] [01m[K/home/user/ros2_ws/src/services_quiz/src/turn_s_client.cpp:32:75:[m[K [01;31m[Kerror: [m[Kno matching function for call to '[01m[Kmake_shared<<expression error> >()[m[K'
[2.606s]    32 |         auto request = [01;31m[Kstd::make_shared<services_quiz::srv::Turn::Request>()[m[K;
[2.607s]       |                        [01;31m[K~~~~~~~~~~~~~~~~~~~~~~~~~~~~~~~~~~~~~~~~~~~~~~~~~~~^~[m[K
[2.607s] In file included from [01m[K/usr/include/c++/11/memory:77[m[K,
[2.607s]                  from [01m[K/opt/ros/humble/include/rclcpp/rclcpp/rclcpp.hpp:153[m[K,
[2.607s]                  from [01m[K/home/user/ros2_ws/src/services_quiz/src/turn_s_client.cpp:1[m[K:
[2.607s] [01m[K/usr/include/c++/11/bits/shared_ptr.h:875:5:[m[K [01;36m[Knote: [m[Kcandidate: '[01m[Ktemplate<class _Tp, class ... _Args> std::shared_ptr<_Tp> std::make_shared(_Args&& ...)[m[K'
[2.607s]   875 |     [01;36m[Kmake_shared[m[K(_Args&&... __args)
[2.607s]       |     [01;36m[K^~~~~~~~~~~[m[K
[2.607s] [01m[K/usr/include/c++/11/bits/shared_ptr.h:875:5:[m[K [01;36m[Knote: [m[K  template argument deduction/substitution failed:
[2.607s] [01m[K/home/user/ros2_ws/src/services_quiz/src/turn_s_client.cpp:32:75:[m[K [01;31m[Kerror: [m[Ktemplate argument 1 is invalid
[2.607s]    32 |         auto request = [01;31m[Kstd::make_shared<services_quiz::srv::Turn::Request>()[m[K;
[2.607s]       |                        [01;31m[K~~~~~~~~~~~~~~~~~~~~~~~~~~~~~~~~~~~~~~~~~~~~~~~~~~~^~[m[K
[3.045s] gmake[2]: *** [CMakeFiles/turn_s_client_executable.dir/build.make:76: CMakeFiles/turn_s_client_executable.dir/src/turn_s_client.cpp.o] Error 1
[3.045s] gmake[1]: *** [CMakeFiles/Makefile2:139: CMakeFiles/turn_s_client_executable.dir/all] Error 2
[3.045s] gmake: *** [Makefile:146: all] Error 2
