[0.022s] Invoking command in '/home/user/ros2_ws/src/build/services_quiz': CMAKE_PREFIX_PATH=${CMAKE_PREFIX_PATH}:/home/simulations/ros2_sims_ws/install/tracetools_test:/home/simulations/ros2_sims_ws/install/tracetools_launch:/home/simulations/ros2_sims_ws/install/ros2trace:/home/simulations/ros2_sims_ws/install/tracetools_trace:/home/simulations/ros2_sims_ws/install/ros2trace_analysis:/home/simulations/ros2_sims_ws/install/tracetools_analysis:/home/simulations/ros2_sims_ws/install/tracetools_read:/home/simulations/ros2_sims_ws/install/test_tracetools_launch:/opt/ros/humble:/home/simulations/ros2_sims_ws/install/robot_description _=/usr/bin/env /usr/bin/cmake --build /home/user/ros2_ws/src/build/services_quiz -- -j8 -l8
[0.081s] [35m[1mConsolidate compiler generated dependencies of target turn_s_client_executable[0m
[0.083s] [35m[1mConsolidate compiler generated dependencies of target turn_s_server_executable[0m
[0.114s] [ 25%] [32mBuilding CXX object CMakeFiles/turn_s_client_executable.dir/src/turn_s_client.cpp.o[0m
[0.145s] [ 50%] [32mBuilding CXX object CMakeFiles/turn_s_server_executable.dir/src/turn_s_server.cpp.o[0m
[2.697s] [01m[K/home/user/ros2_ws/src/services_quiz/src/turn_s_client.cpp:29:20:[m[K [01;31m[Kerror: [m[K'[01m[Kstd_srvs[m[K' was not declared in this scope
[2.697s]    29 |     rclcpp::Client<[01;31m[Kstd_srvs[m[K::srv::Trigger>::SharedPtr client_;
[2.697s]       |                    [01;31m[K^~~~~~~~[m[K
[2.697s] [01m[K/home/user/ros2_ws/src/services_quiz/src/turn_s_client.cpp:29:42:[m[K [01;31m[Kerror: [m[Ktemplate argument 1 is invalid
[2.697s]    29 |     rclcpp::Client<std_srvs::srv::Trigger[01;31m[K>[m[K::SharedPtr client_;
[2.697s]       |                                          [01;31m[K^[m[K
[2.697s] [01m[K/home/user/ros2_ws/src/services_quiz/src/turn_s_client.cpp:29:45:[m[K [01;31m[Kerror: [m[Kexpected '[01m[K;[m[K' at end of member declaration
[2.697s]    29 |     rclcpp::Client<std_srvs::srv::Trigger>::[01;31m[KSharedPtr[m[K client_;
[2.697s]       |                                             [01;31m[K^~~~~~~~~[m[K
[2.697s]       |                                                      [32m[K;[m[K
[2.699s] [01m[K/home/user/ros2_ws/src/services_quiz/src/turn_s_client.cpp:29:55:[m[K [01;31m[Kerror: [m[K'[01m[Kclient_[m[K' does not name a type
[2.699s]    29 |     rclcpp::Client<std_srvs::srv::Trigger>::SharedPtr [01;31m[Kclient_[m[K;
[2.699s]       |                                                       [01;31m[K^~~~~~~[m[K
[2.699s] [01m[K/home/user/ros2_ws/src/services_quiz/src/turn_s_client.cpp:31:2:[m[K [01;31m[Kerror: [m[Kexpected '[01m[K;[m[K' after class definition
[2.699s]    31 | }
[2.699s]       |  [01;31m[K^[m[K
[2.699s]       |  [32m[K;[m[K
[2.705s] [01m[K/home/user/ros2_ws/src/services_quiz/src/turn_s_client.cpp:[m[K In constructor '[01m[KTurnServiceClient::TurnServiceClient()[m[K':
[2.705s] [01m[K/home/user/ros2_ws/src/services_quiz/src/turn_s_client.cpp:10:9:[m[K [01;31m[Kerror: [m[K'[01m[Kclient_[m[K' was not declared in this scope
[2.705s]    10 |         [01;31m[Kclient_[m[K = this->create_client<std_srvs::srv::Trigger>
[2.705s]       |         [01;31m[K^~~~~~~[m[K
[2.711s] [01m[K/home/user/ros2_ws/src/services_quiz/src/turn_s_client.cpp:10:39:[m[K [01;31m[Kerror: [m[K'[01m[Kstd_srvs[m[K' was not declared in this scope
[2.711s]    10 |         client_ = this->create_client<[01;31m[Kstd_srvs[m[K::srv::Trigger>
[2.711s]       |                                       [01;31m[K^~~~~~~~[m[K
[2.711s] [01m[K/home/user/ros2_ws/src/services_quiz/src/turn_s_client.cpp:10:25:[m[K [01;31m[Kerror: [m[Kparse error in template argument list
[2.711s]    10 |         client_ = this->[01;31m[Kcreate_client<std_srvs::srv::Trigger>[m[K
[2.711s]       |                         [01;31m[K^~~~~~~~~~~~~~~~~~~~~~~~~~~~~~~~~~~~~[m[K
[2.711s] [01m[K/home/user/ros2_ws/src/services_quiz/src/turn_s_client.cpp:11:13:[m[K [01;31m[Kerror: [m[Kno matching function for call to '[01m[KTurnServiceClient::create_client<<expression error> >(std::string&)[m[K'
[2.711s]    10 |         client_ = [01;31m[Kthis->create_client<std_srvs::srv::Trigger>[m[K
[2.711s]       |                   [01;31m[K~~~~~~~~~~~~~~~~~~~~~~~~~~~~~~~~~~~~~~~~~~~[m[K
[2.711s]    11 | [01;31m[K            (name_service)[m[K;
[2.712s]       |             [01;31m[K^~~~~~~~~~~~~~[m[K
[2.712s] In file included from [01m[K/opt/ros/humble/include/rclcpp/rclcpp/executors/single_threaded_executor.hpp:28[m[K,
[2.712s]                  from [01m[K/opt/ros/humble/include/rclcpp/rclcpp/executors.hpp:22[m[K,
[2.712s]                  from [01m[K/opt/ros/humble/include/rclcpp/rclcpp/rclcpp.hpp:155[m[K,
[2.712s]                  from [01m[K/home/user/ros2_ws/src/services_quiz/src/turn_s_client.cpp:1[m[K:
[2.712s] [01m[K/opt/ros/humble/include/rclcpp/rclcpp/node.hpp:252:3:[m[K [01;36m[Knote: [m[Kcandidate: '[01m[Ktemplate<class ServiceT> typename rclcpp::Client<ServiceT>::SharedPtr rclcpp::Node::create_client(const string&, const rmw_qos_profile_t&, rclcpp::CallbackGroup::SharedPtr)[m[K'
[2.712s]   252 |   [01;36m[Kcreate_client[m[K(
[2.712s]       |   [01;36m[K^~~~~~~~~~~~~[m[K
[2.712s] [01m[K/opt/ros/humble/include/rclcpp/rclcpp/node.hpp:252:3:[m[K [01;36m[Knote: [m[K  template argument deduction/substitution failed:
[2.712s] [01m[K/home/user/ros2_ws/src/services_quiz/src/turn_s_client.cpp:11:13:[m[K [01;31m[Kerror: [m[Ktemplate argument 1 is invalid
[2.712s]    10 |         client_ = [01;31m[Kthis->create_client<std_srvs::srv::Trigger>[m[K
[2.712s]       |                   [01;31m[K~~~~~~~~~~~~~~~~~~~~~~~~~~~~~~~~~~~~~~~~~~~[m[K
[2.713s]    11 | [01;31m[K            (name_service)[m[K;
[2.713s]       |             [01;31m[K^~~~~~~~~~~~~~[m[K
[2.713s] [01m[K/home/user/ros2_ws/src/services_quiz/src/turn_s_client.cpp:14:43:[m[K [01;31m[Kerror: [m[Kunable to find numeric literal operator '[01m[Koperator""s[m[K'
[2.713s]    14 |         while (!client_->wait_for_service([01;31m[K1s[m[K)) {
[2.713s]       |                                           [01;31m[K^~[m[K
[2.716s] [01m[K/home/user/ros2_ws/src/services_quiz/src/turn_s_client.cpp:[m[K In function '[01m[Kint main(int, char**)[m[K':
[2.716s] [01m[K/home/user/ros2_ws/src/services_quiz/src/turn_s_client.cpp:39:31:[m[K [01;31m[Kerror: [m[K'[01m[Kvoid TurnServiceClient::send_turn_request()[m[K' is private within this context
[2.716s]    39 |     [01;31m[Kclient_->send_turn_request()[m[K;
[2.716s]       |     [01;31m[K~~~~~~~~~~~~~~~~~~~~~~~~~~^~[m[K
[2.716s] [01m[K/home/user/ros2_ws/src/services_quiz/src/turn_s_client.cpp:25:10:[m[K [01;36m[Knote: [m[Kdeclared private here
[2.716s]    25 |     void [01;36m[Ksend_turn_request[m[K() {
[2.716s]       |          [01;36m[K^~~~~~~~~~~~~~~~~[m[K
[2.790s] [01m[K/home/user/ros2_ws/src/services_quiz/src/turn_s_server.cpp:28:2:[m[K [01;31m[Kerror: [m[Kexpected '[01m[K;[m[K' after class definition
[2.790s]    28 | }
[2.790s]       |  [01;31m[K^[m[K
[2.790s]       |  [32m[K;[m[K
[2.804s] [01m[K/home/user/ros2_ws/src/services_quiz/src/turn_s_server.cpp:[m[K In member function '[01m[Kvoid TurnServiceServer::handle_turn_request(std::shared_ptr<std_srvs::srv::Trigger_Request_<std::allocator<void> > >, std::shared_ptr<std_srvs::srv::Trigger_Response_<std::allocator<void> > >)[m[K':
[2.804s] [01m[K/home/user/ros2_ws/src/services_quiz/src/turn_s_server.cpp:22:85:[m[K [01;35m[Kwarning: [m[Kunused parameter '[01m[Krequest[m[K' [[01;35m[K]8;;https://gcc.gnu.org/onlinedocs/gcc/Warning-Options.html#index-Wunused-parameter-Wunused-parameter]8;;[m[K]
[2.804s]    22 |     void handle_turn_request([01;35m[Kconst std::shared_ptr<std_srvs::srv::Trigger::Request> request[m[K,
[2.804s]       |                              [01;35m[K~~~~~~~~~~~~~~~~~~~~~~~~~~~~~~~~~~~~~~~~~~~~~~~~~~~~~~~^~~~~~~[m[K
[2.804s] [01m[K/home/user/ros2_ws/src/services_quiz/src/turn_s_server.cpp:23:59:[m[K [01;35m[Kwarning: [m[Kunused parameter '[01m[Kresponse[m[K' [[01;35m[K]8;;https://gcc.gnu.org/onlinedocs/gcc/Warning-Options.html#index-Wunused-parameter-Wunused-parameter]8;;[m[K]
[2.804s]    23 |         [01;35m[Kstd::shared_ptr<std_srvs::srv::Trigger::Response> response[m[K) {
[2.804s]       |         [01;35m[K~~~~~~~~~~~~~~~~~~~~~~~~~~~~~~~~~~~~~~~~~~~~~~~~~~^~~~~~~~[m[K
[3.149s] gmake[2]: *** [CMakeFiles/turn_s_client_executable.dir/build.make:76: CMakeFiles/turn_s_client_executable.dir/src/turn_s_client.cpp.o] Error 1
[3.149s] gmake[1]: *** [CMakeFiles/Makefile2:139: CMakeFiles/turn_s_client_executable.dir/all] Error 2
[3.149s] gmake[1]: *** Waiting for unfinished jobs....
[3.392s] gmake[2]: *** [CMakeFiles/turn_s_server_executable.dir/build.make:76: CMakeFiles/turn_s_server_executable.dir/src/turn_s_server.cpp.o] Error 1
[3.392s] gmake[1]: *** [CMakeFiles/Makefile2:165: CMakeFiles/turn_s_server_executable.dir/all] Error 2
[3.392s] gmake: *** [Makefile:146: all] Error 2
[3.394s] Invoked command in '/home/user/ros2_ws/src/build/services_quiz' returned '2': CMAKE_PREFIX_PATH=${CMAKE_PREFIX_PATH}:/home/simulations/ros2_sims_ws/install/tracetools_test:/home/simulations/ros2_sims_ws/install/tracetools_launch:/home/simulations/ros2_sims_ws/install/ros2trace:/home/simulations/ros2_sims_ws/install/tracetools_trace:/home/simulations/ros2_sims_ws/install/ros2trace_analysis:/home/simulations/ros2_sims_ws/install/tracetools_analysis:/home/simulations/ros2_sims_ws/install/tracetools_read:/home/simulations/ros2_sims_ws/install/test_tracetools_launch:/opt/ros/humble:/home/simulations/ros2_sims_ws/install/robot_description _=/usr/bin/env /usr/bin/cmake --build /home/user/ros2_ws/src/build/services_quiz -- -j8 -l8
