[0.034s] Invoking command in '/home/user/ros2_ws/src/build/custom_interfaces': CMAKE_PREFIX_PATH=${CMAKE_PREFIX_PATH}:/home/simulations/ros2_sims_ws/install/tracetools_test:/home/simulations/ros2_sims_ws/install/tracetools_launch:/home/simulations/ros2_sims_ws/install/ros2trace:/home/simulations/ros2_sims_ws/install/tracetools_trace:/home/simulations/ros2_sims_ws/install/ros2trace_analysis:/home/simulations/ros2_sims_ws/install/tracetools_analysis:/home/simulations/ros2_sims_ws/install/tracetools_read:/home/simulations/ros2_sims_ws/install/test_tracetools_launch:/opt/ros/humble:/home/simulations/ros2_sims_ws/install/robot_description _=/usr/bin/env /usr/bin/cmake --build /home/user/ros2_ws/src/build/custom_interfaces -- -j8 -l8
[0.101s] [ 10%] Built target custom_interfaces__rosidl_generator_c
[0.114s] [ 12%] Built target custom_interfaces__cpp
[0.142s] [ 12%] Built target ament_cmake_python_copy_custom_interfaces
[0.178s] [ 23%] Built target custom_interfaces__rosidl_typesupport_introspection_c
[0.182s] [ 33%] Built target custom_interfaces__rosidl_typesupport_fastrtps_c
[0.187s] [ 43%] Built target custom_interfaces__rosidl_typesupport_c
[0.188s] [ 53%] Built target custom_interfaces__rosidl_typesupport_cpp
[0.206s] [ 64%] Built target custom_interfaces__rosidl_typesupport_fastrtps_cpp
[0.232s] [ 74%] Built target custom_interfaces__rosidl_typesupport_introspection_cpp
[0.264s] [ 74%] Built target custom_interfaces
[0.297s] [ 76%] Built target custom_interfaces__py
[0.333s] [ 84%] Built target custom_interfaces__rosidl_generator_py
[0.377s] [ 89%] Built target custom_interfaces__rosidl_typesupport_fastrtps_c__pyext
[0.382s] [ 94%] Built target custom_interfaces__rosidl_typesupport_c__pyext
[0.386s] [100%] Built target custom_interfaces__rosidl_typesupport_introspection_c__pyext
[0.612s] running egg_info
[0.613s] writing custom_interfaces.egg-info/PKG-INFO
[0.614s] writing dependency_links to custom_interfaces.egg-info/dependency_links.txt
[0.614s] writing top-level names to custom_interfaces.egg-info/top_level.txt
[0.617s] reading manifest file 'custom_interfaces.egg-info/SOURCES.txt'
[0.618s] writing manifest file 'custom_interfaces.egg-info/SOURCES.txt'
[0.651s] [100%] Built target ament_cmake_python_build_custom_interfaces_egg
