[0.025s] Invoking command in '/home/user/ros2_ws/src/build/services_quiz': CMAKE_PREFIX_PATH=${CMAKE_PREFIX_PATH}:/home/simulations/ros2_sims_ws/install/tracetools_test:/home/simulations/ros2_sims_ws/install/tracetools_launch:/home/simulations/ros2_sims_ws/install/ros2trace:/home/simulations/ros2_sims_ws/install/tracetools_trace:/home/simulations/ros2_sims_ws/install/ros2trace_analysis:/home/simulations/ros2_sims_ws/install/tracetools_analysis:/home/simulations/ros2_sims_ws/install/tracetools_read:/home/simulations/ros2_sims_ws/install/test_tracetools_launch:/opt/ros/humble:/home/simulations/ros2_sims_ws/install/robot_description _=/usr/bin/env /usr/bin/cmake --build /home/user/ros2_ws/src/build/services_quiz -- -j8 -l8
[0.081s] [35m[1mConsolidate compiler generated dependencies of target turn_s_client_executable[0m
[0.089s] [35m[1mConsolidate compiler generated dependencies of target turn_s_server_executable[0m
[0.116s] [ 25%] [32mBuilding CXX object CMakeFiles/turn_s_client_executable.dir/src/turn_s_client.cpp.o[0m
[0.123s] [ 50%] [32mBuilding CXX object CMakeFiles/turn_s_server_executable.dir/src/turn_s_server.cpp.o[0m
[0.496s] [01m[K/home/user/ros2_ws/src/services_quiz/src/turn_s_server.cpp:26:1:[m[K [01;31m[Kerror: [m[Kunterminated argument list invoking macro "RCLCPP_INFO"
[0.496s]    26 | 
[0.496s]       | [01;31m[K^[m[K
[0.499s] [01m[K/home/user/ros2_ws/src/services_quiz/src/turn_s_client.cpp:41:2:[m[K [01;31m[Kerror: [m[Kunterminated argument list invoking macro "RCLCPP_INFO"
[0.499s]    41 | }
[0.499s]       |  [01;31m[K^[m[K
[2.766s] [01m[K/home/user/ros2_ws/src/services_quiz/src/turn_s_server.cpp:21:52:[m[K [01;31m[Kerror: [m[K'[01m[Kstd_srvs[m[K' was not declared in this scope
[2.766s]    21 |     void handle_turn_request(const std::shared_ptr<[01;31m[Kstd_srvs[m[K::srv::Trigger::Request> request,
[2.766s]       |                                                    [01;31m[K^~~~~~~~[m[K
[2.766s] [01m[K/home/user/ros2_ws/src/services_quiz/src/turn_s_server.cpp:21:83:[m[K [01;31m[Kerror: [m[Ktemplate argument 1 is invalid
[2.766s]    21 |     void handle_turn_request(const std::shared_ptr<std_srvs::srv::Trigger::Request[01;31m[K>[m[K request,
[2.766s]       |                                                                                   [01;31m[K^[m[K
[2.773s] [01m[K/home/user/ros2_ws/src/services_quiz/src/turn_s_server.cpp:21:52:[m[K [01;31m[Kerror: [m[K'[01m[Kstd_srvs[m[K' was not declared in this scope
[2.773s]    21 |     void handle_turn_request(const std::shared_ptr<[01;31m[Kstd_srvs[m[K::srv::Trigger::Request> request,
[2.774s]       |                                                    [01;31m[K^~~~~~~~[m[K
[2.774s] [01m[K/home/user/ros2_ws/src/services_quiz/src/turn_s_server.cpp:21:83:[m[K [01;31m[Kerror: [m[Ktemplate argument 1 is invalid
[2.774s]    21 |     void handle_turn_request(const std::shared_ptr<std_srvs::srv::Trigger::Request[01;31m[K>[m[K request,
[2.774s]       |                                                                                   [01;31m[K^[m[K
[2.779s] [01m[K/home/user/ros2_ws/src/services_quiz/src/turn_s_server.cpp:21:52:[m[K [01;31m[Kerror: [m[K'[01m[Kstd_srvs[m[K' was not declared in this scope
[2.779s]    21 |     void handle_turn_request(const std::shared_ptr<[01;31m[Kstd_srvs[m[K::srv::Trigger::Request> request,
[2.779s]       |                                                    [01;31m[K^~~~~~~~[m[K
[2.780s] [01m[K/home/user/ros2_ws/src/services_quiz/src/turn_s_server.cpp:21:83:[m[K [01;31m[Kerror: [m[Ktemplate argument 1 is invalid
[2.780s]    21 |     void handle_turn_request(const std::shared_ptr<std_srvs::srv::Trigger::Request[01;31m[K>[m[K request,
[2.781s]       |                                                                                   [01;31m[K^[m[K
[2.781s] [01m[K/home/user/ros2_ws/src/services_quiz/src/turn_s_server.cpp:21:36:[m[K [01;31m[Kerror: [m[Kinvalid template-id
[2.781s]    21 |     void handle_turn_request(const [01;31m[Kstd[m[K::shared_ptr<std_srvs::srv::Trigger::Request> request,
[2.781s]       |                                    [01;31m[K^~~[m[K
[2.781s] [01m[K/home/user/ros2_ws/src/services_quiz/src/turn_s_server.cpp:21:52:[m[K [01;31m[Kerror: [m[K'[01m[Kstd_srvs[m[K' has not been declared
[2.781s]    21 |     void handle_turn_request(const std::shared_ptr<[01;31m[Kstd_srvs[m[K::srv::Trigger::Request> request,
[2.782s]       |                                                    [01;31m[K^~~~~~~~[m[K
[2.782s] [01m[K/home/user/ros2_ws/src/services_quiz/src/turn_s_server.cpp:21:30:[m[K [01;31m[Kerror: [m[Kclass template placeholder '[01m[Kstd::shared_ptr[m[K' not permitted in this context
[2.782s]    21 |     void handle_turn_request([01;31m[Kconst[m[K std::shared_ptr<std_srvs::srv::Trigger::Request> request,
[2.782s]       |                              [01;31m[K^~~~~[m[K
[2.785s] [01m[K/home/user/ros2_ws/src/services_quiz/src/turn_s_server.cpp:22:25:[m[K [01;31m[Kerror: [m[K'[01m[Kstd_srvs[m[K' was not declared in this scope
[2.785s]    22 |         std::shared_ptr<[01;31m[Kstd_srvs[m[K::srv::Trigger::Response> response) {
[2.785s]       |                         [01;31m[K^~~~~~~~[m[K
[2.785s] [01m[K/home/user/ros2_ws/src/services_quiz/src/turn_s_server.cpp:22:57:[m[K [01;31m[Kerror: [m[Ktemplate argument 1 is invalid
[2.785s]    22 |         std::shared_ptr<std_srvs::srv::Trigger::Response[01;31m[K>[m[K response) {
[2.785s]       |                                                         [01;31m[K^[m[K
[2.791s] [01m[K/home/user/ros2_ws/src/services_quiz/src/turn_s_server.cpp:22:25:[m[K [01;31m[Kerror: [m[K'[01m[Kstd_srvs[m[K' was not declared in this scope
[2.791s]    22 |         std::shared_ptr<[01;31m[Kstd_srvs[m[K::srv::Trigger::Response> response) {
[2.791s]       |                         [01;31m[K^~~~~~~~[m[K
[2.791s] [01m[K/home/user/ros2_ws/src/services_quiz/src/turn_s_server.cpp:22:57:[m[K [01;31m[Kerror: [m[Ktemplate argument 1 is invalid
[2.791s]    22 |         std::shared_ptr<std_srvs::srv::Trigger::Response[01;31m[K>[m[K response) {
[2.791s]       |                                                         [01;31m[K^[m[K
[2.805s] [01m[K/home/user/ros2_ws/src/services_quiz/src/turn_s_server.cpp:22:25:[m[K [01;31m[Kerror: [m[K'[01m[Kstd_srvs[m[K' was not declared in this scope
[2.805s]    22 |         std::shared_ptr<[01;31m[Kstd_srvs[m[K::srv::Trigger::Response> response) {
[2.805s]       |                         [01;31m[K^~~~~~~~[m[K
[2.805s] [01m[K/home/user/ros2_ws/src/services_quiz/src/turn_s_server.cpp:22:57:[m[K [01;31m[Kerror: [m[Ktemplate argument 1 is invalid
[2.805s]    22 |         std::shared_ptr<std_srvs::srv::Trigger::Response[01;31m[K>[m[K response) {
[2.805s]       |                                                         [01;31m[K^[m[K
[2.806s] [01m[K/home/user/ros2_ws/src/services_quiz/src/turn_s_server.cpp:22:9:[m[K [01;31m[Kerror: [m[Kinvalid template-id
[2.806s]    22 |         [01;31m[Kstd[m[K::shared_ptr<std_srvs::srv::Trigger::Response> response) {
[2.806s]       |         [01;31m[K^~~[m[K
[2.806s] [01m[K/home/user/ros2_ws/src/services_quiz/src/turn_s_server.cpp:22:25:[m[K [01;31m[Kerror: [m[K'[01m[Kstd_srvs[m[K' has not been declared
[2.806s]    22 |         std::shared_ptr<[01;31m[Kstd_srvs[m[K::srv::Trigger::Response> response) {
[2.806s]       |                         [01;31m[K^~~~~~~~[m[K
[2.806s] [01m[K/home/user/ros2_ws/src/services_quiz/src/turn_s_server.cpp:22:9:[m[K [01;31m[Kerror: [m[Kclass template placeholder '[01m[Kstd::shared_ptr[m[K' not permitted in this context
[2.806s]    22 |         [01;31m[Kstd[m[K::shared_ptr<std_srvs::srv::Trigger::Response> response) {
[2.806s]       |         [01;31m[K^~~[m[K
[2.806s] [01m[K/home/user/ros2_ws/src/services_quiz/src/turn_s_server.cpp:23:20:[m[K [01;31m[Kerror: [m[Kexpected '[01m[K}[m[K' at end of input
[2.807s]    23 |         RCLCPP_INFO[01;31m[K([m[Kthis->rclcpp::get_logger("Handle Turn Service Request");
[2.807s]       |                    [01;31m[K^[m[K
[2.807s] [01m[K/home/user/ros2_ws/src/services_quiz/src/turn_s_server.cpp:8:1:[m[K [01;36m[Knote: [m[Kto match this '[01m[K{[m[K'
[2.807s]     8 | [01;36m[K{[m[K
[2.807s]       | [01;36m[K^[m[K
[2.813s] [01m[K/home/user/ros2_ws/src/services_quiz/src/turn_s_server.cpp:[m[K In constructor '[01m[KTurnServiceServer::TurnServiceServer()[m[K':
[2.813s] [01m[K/home/user/ros2_ws/src/services_quiz/src/turn_s_server.cpp:13:9:[m[K [01;31m[Kerror: [m[K'[01m[Kservice_[m[K' was not declared in this scope
[2.813s]    13 |         [01;31m[Kservice_[m[K = this->create_service<std_srvs::srv::Trigger>
[2.813s]       |         [01;31m[K^~~~~~~~[m[K
[2.821s] [01m[K/home/user/ros2_ws/src/services_quiz/src/turn_s_server.cpp:13:41:[m[K [01;31m[Kerror: [m[K'[01m[Kstd_srvs[m[K' was not declared in this scope
[2.821s]    13 |         service_ = this->create_service<[01;31m[Kstd_srvs[m[K::srv::Trigger>
[2.821s]       |                                         [01;31m[K^~~~~~~~[m[K
[2.821s] [01m[K/home/user/ros2_ws/src/services_quiz/src/turn_s_server.cpp:13:26:[m[K [01;31m[Kerror: [m[Kparse error in template argument list
[2.821s]    13 |         service_ = this->[01;31m[Kcreate_service<std_srvs::srv::Trigger>[m[K
[2.821s]       |                          [01;31m[K^~~~~~~~~~~~~~~~~~~~~~~~~~~~~~~~~~~~~~[m[K
[2.831s] [01m[K/home/user/ros2_ws/src/services_quiz/src/turn_s_server.cpp:14:13:[m[K [01;31m[Kerror: [m[Kno matching function for call to '[01m[KTurnServiceServer::create_service<<expression error> >(std::string&, std::_Bind_helper<false, void (TurnServiceServer::*)(...), TurnServiceServer*, const std::_Placeholder<1>&, const std::_Placeholder<2>&>::type)[m[K'
[2.831s]    13 |         service_ = [01;31m[Kthis->create_service<std_srvs::srv::Trigger>[m[K
[2.831s]       |                    [01;31m[K~~~~~~~~~~~~~~~~~~~~~~~~~~~~~~~~~~~~~~~~~~~~[m[K
[2.831s]    14 | [01;31m[K            (name_service,[m[K
[2.831s]       |             [01;31m[K^~~~~~~~~~~~~~[m[K
[2.831s]    15 | [01;31m[K            std::bind(&TurnServiceServer::handle_turn_request,[m[K
[2.831s]       |             [01;31m[K~~~~~~~~~~~~~~~~~~~~~~~~~~~~~~~~~~~~~~~~~~~~~~~~~~[m[K
[2.831s]    16 | [01;31m[K            this,[m[K
[2.831s]       |             [01;31m[K~~~~~[m[K
[2.831s]    17 | [01;31m[K            std::placeholders::_1, std::placeholders::_2))[m[K;
[2.831s]       |             [01;31m[K~~~~~~~~~~~~~~~~~~~~~~~~~~~~~~~~~~~~~~~~~~~~~~[m[K
[2.831s] In file included from [01m[K/home/user/ros2_ws/src/services_quiz/src/turn_s_server.cpp:3[m[K:
[2.831s] [01m[K/opt/ros/humble/include/rclcpp/rclcpp/node.hpp:267:3:[m[K [01;36m[Knote: [m[Kcandidate: '[01m[Ktemplate<class ServiceT, class CallbackT> typename rclcpp::Service<ServiceT>::SharedPtr rclcpp::Node::create_service(const string&, CallbackT&&, const rmw_qos_profile_t&, rclcpp::CallbackGroup::SharedPtr)[m[K'
[2.832s]   267 |   [01;36m[Kcreate_service[m[K(
[2.832s]       |   [01;36m[K^~~~~~~~~~~~~~[m[K
[2.832s] [01m[K/opt/ros/humble/include/rclcpp/rclcpp/node.hpp:267:3:[m[K [01;36m[Knote: [m[K  template argument deduction/substitution failed:
[2.832s] [01m[K/home/user/ros2_ws/src/services_quiz/src/turn_s_server.cpp:14:13:[m[K [01;31m[Kerror: [m[Ktemplate argument 1 is invalid
[2.832s]    13 |         service_ = [01;31m[Kthis->create_service<std_srvs::srv::Trigger>[m[K
[2.832s]       |                    [01;31m[K~~~~~~~~~~~~~~~~~~~~~~~~~~~~~~~~~~~~~~~~~~~~[m[K
[2.832s]    14 | [01;31m[K            (name_service,[m[K
[2.832s]       |             [01;31m[K^~~~~~~~~~~~~~[m[K
[2.832s]    15 | [01;31m[K            std::bind(&TurnServiceServer::handle_turn_request,[m[K
[2.833s]       |             [01;31m[K~~~~~~~~~~~~~~~~~~~~~~~~~~~~~~~~~~~~~~~~~~~~~~~~~~[m[K
[2.833s]    16 | [01;31m[K            this,[m[K
[2.833s]       |             [01;31m[K~~~~~[m[K
[2.833s]    17 | [01;31m[K            std::placeholders::_1, std::placeholders::_2))[m[K;
[2.833s]       |             [01;31m[K~~~~~~~~~~~~~~~~~~~~~~~~~~~~~~~~~~~~~~~~~~~~~~[m[K
[2.840s] [01m[K/home/user/ros2_ws/src/services_quiz/src/turn_s_client.cpp:26:20:[m[K [01;31m[Kerror: [m[Kexpected '[01m[K}[m[K' at end of input
[2.841s]    26 |         RCLCPP_INFO[01;31m[K([m[Kthis->rclcpp::get_logger("Send Turn Service Request");
[2.841s]       |                    [01;31m[K^[m[K
[2.841s] [01m[K/home/user/ros2_ws/src/services_quiz/src/turn_s_client.cpp:5:1:[m[K [01;36m[Knote: [m[Kto match this '[01m[K{[m[K'
[2.841s]     5 | [01;36m[K{[m[K
[2.841s]       | [01;36m[K^[m[K
[2.841s] [01m[K/home/user/ros2_ws/src/services_quiz/src/turn_s_server.cpp:[m[K In member function '[01m[Kvoid TurnServiceServer::handle_turn_request(...)[m[K':
[2.841s] [01m[K/home/user/ros2_ws/src/services_quiz/src/turn_s_server.cpp:23:9:[m[K [01;31m[Kerror: [m[K'[01m[KRCLCPP_INFO[m[K' was not declared in this scope
[2.841s]    23 |         [01;31m[KRCLCPP_INFO[m[K(this->rclcpp::get_logger("Handle Turn Service Request");
[2.841s]       |         [01;31m[K^~~~~~~~~~~[m[K
[2.841s] [01m[K/home/user/ros2_ws/src/services_quiz/src/turn_s_server.cpp:23:20:[m[K [01;31m[Kerror: [m[Kexpected '[01m[K}[m[K' at end of input
[2.841s]    23 |         RCLCPP_INFO[01;31m[K([m[Kthis->rclcpp::get_logger("Handle Turn Service Request");
[2.841s]       |                    [01;31m[K^[m[K
[2.841s] [01m[K/home/user/ros2_ws/src/services_quiz/src/turn_s_server.cpp:22:69:[m[K [01;36m[Knote: [m[Kto match this '[01m[K{[m[K'
[2.842s]    22 |         std::shared_ptr<std_srvs::srv::Trigger::Response> response) [01;36m[K{[m[K
[2.842s]       |                                                                     [01;36m[K^[m[K
[2.842s] [01m[K/home/user/ros2_ws/src/services_quiz/src/turn_s_server.cpp:[m[K At global scope:
[2.842s] [01m[K/home/user/ros2_ws/src/services_quiz/src/turn_s_server.cpp:23:20:[m[K [01;31m[Kerror: [m[Kexpected unqualified-id at end of input
[2.842s]    23 |         RCLCPP_INFO[01;31m[K([m[Kthis->rclcpp::get_logger("Handle Turn Service Request");
[2.842s]       |                    [01;31m[K^[m[K
[2.850s] [01m[K/home/user/ros2_ws/src/services_quiz/src/turn_s_client.cpp:[m[K In constructor '[01m[KTurnServiceClient::TurnServiceClient()[m[K':
[2.851s] [01m[K/home/user/ros2_ws/src/services_quiz/src/turn_s_client.cpp:10:9:[m[K [01;31m[Kerror: [m[K'[01m[Kservice_[m[K' was not declared in this scope
[2.851s]    10 |         [01;31m[Kservice_[m[K = this->create_client<std_srvs::srv::Trigger>
[2.851s]       |         [01;31m[K^~~~~~~~[m[K
[2.858s] [01m[K/home/user/ros2_ws/src/services_quiz/src/turn_s_client.cpp:10:40:[m[K [01;31m[Kerror: [m[K'[01m[Kstd_srvs[m[K' was not declared in this scope
[2.858s]    10 |         service_ = this->create_client<[01;31m[Kstd_srvs[m[K::srv::Trigger>
[2.858s]       |                                        [01;31m[K^~~~~~~~[m[K
[2.858s] [01m[K/home/user/ros2_ws/src/services_quiz/src/turn_s_client.cpp:10:26:[m[K [01;31m[Kerror: [m[Kparse error in template argument list
[2.858s]    10 |         service_ = this->[01;31m[Kcreate_client<std_srvs::srv::Trigger>[m[K
[2.859s]       |                          [01;31m[K^~~~~~~~~~~~~~~~~~~~~~~~~~~~~~~~~~~~~[m[K
[2.859s] [01m[K/home/user/ros2_ws/src/services_quiz/src/turn_s_client.cpp:11:13:[m[K [01;31m[Kerror: [m[Kno matching function for call to '[01m[KTurnServiceClient::create_client<<expression error> >(std::string&)[m[K'
[2.859s]    10 |         service_ = [01;31m[Kthis->create_client<std_srvs::srv::Trigger>[m[K
[2.859s]       |                    [01;31m[K~~~~~~~~~~~~~~~~~~~~~~~~~~~~~~~~~~~~~~~~~~~[m[K
[2.859s]    11 | [01;31m[K            (name_service)[m[K;
[2.859s]       |             [01;31m[K^~~~~~~~~~~~~~[m[K
[2.859s] In file included from [01m[K/opt/ros/humble/include/rclcpp/rclcpp/executors/single_threaded_executor.hpp:28[m[K,
[2.859s]                  from [01m[K/opt/ros/humble/include/rclcpp/rclcpp/executors.hpp:22[m[K,
[2.859s]                  from [01m[K/opt/ros/humble/include/rclcpp/rclcpp/rclcpp.hpp:155[m[K,
[2.859s]                  from [01m[K/home/user/ros2_ws/src/services_quiz/src/turn_s_client.cpp:1[m[K:
[2.859s] [01m[K/opt/ros/humble/include/rclcpp/rclcpp/node.hpp:252:3:[m[K [01;36m[Knote: [m[Kcandidate: '[01m[Ktemplate<class ServiceT> typename rclcpp::Client<ServiceT>::SharedPtr rclcpp::Node::create_client(const string&, const rmw_qos_profile_t&, rclcpp::CallbackGroup::SharedPtr)[m[K'
[2.860s]   252 |   [01;36m[Kcreate_client[m[K(
[2.860s]       |   [01;36m[K^~~~~~~~~~~~~[m[K
[2.860s] [01m[K/opt/ros/humble/include/rclcpp/rclcpp/node.hpp:252:3:[m[K [01;36m[Knote: [m[K  template argument deduction/substitution failed:
[2.860s] [01m[K/home/user/ros2_ws/src/services_quiz/src/turn_s_client.cpp:11:13:[m[K [01;31m[Kerror: [m[Ktemplate argument 1 is invalid
[2.860s]    10 |         service_ = [01;31m[Kthis->create_client<std_srvs::srv::Trigger>[m[K
[2.860s]       |                    [01;31m[K~~~~~~~~~~~~~~~~~~~~~~~~~~~~~~~~~~~~~~~~~~~[m[K
[2.860s]    11 | [01;31m[K            (name_service)[m[K;
[2.860s]       |             [01;31m[K^~~~~~~~~~~~~~[m[K
[2.866s] [01m[K/home/user/ros2_ws/src/services_quiz/src/turn_s_client.cpp:14:17:[m[K [01;31m[Kerror: [m[K'[01m[Kclient_[m[K' was not declared in this scope
[2.866s]    14 |         while (![01;31m[Kclient_[m[K->wait_for_service(1s)) {
[2.866s]       |                 [01;31m[K^~~~~~~[m[K
[2.866s] [01m[K/home/user/ros2_ws/src/services_quiz/src/turn_s_client.cpp:14:43:[m[K [01;31m[Kerror: [m[Kunable to find numeric literal operator '[01m[Koperator""s[m[K'
[2.866s]    14 |         while (!client_->wait_for_service([01;31m[K1s[m[K)) {
[2.866s]       |                                           [01;31m[K^~[m[K
[2.876s] [01m[K/home/user/ros2_ws/src/services_quiz/src/turn_s_client.cpp:[m[K In member function '[01m[Kvoid TurnServiceClient::send_turn_request()[m[K':
[2.877s] [01m[K/home/user/ros2_ws/src/services_quiz/src/turn_s_client.cpp:26:9:[m[K [01;31m[Kerror: [m[K'[01m[KRCLCPP_INFO[m[K' was not declared in this scope
[2.877s]    26 |         [01;31m[KRCLCPP_INFO[m[K(this->rclcpp::get_logger("Send Turn Service Request");
[2.877s]       |         [01;31m[K^~~~~~~~~~~[m[K
[2.877s] [01m[K/home/user/ros2_ws/src/services_quiz/src/turn_s_client.cpp:26:20:[m[K [01;31m[Kerror: [m[Kexpected '[01m[K}[m[K' at end of input
[2.877s]    26 |         RCLCPP_INFO[01;31m[K([m[Kthis->rclcpp::get_logger("Send Turn Service Request");
[2.877s]       |                    [01;31m[K^[m[K
[2.877s] [01m[K/home/user/ros2_ws/src/services_quiz/src/turn_s_client.cpp:25:30:[m[K [01;36m[Knote: [m[Kto match this '[01m[K{[m[K'
[2.878s]    25 |     void send_turn_request() [01;36m[K{[m[K
[2.878s]       |                              [01;36m[K^[m[K
[2.878s] [01m[K/home/user/ros2_ws/src/services_quiz/src/turn_s_client.cpp:[m[K At global scope:
[2.878s] [01m[K/home/user/ros2_ws/src/services_quiz/src/turn_s_client.cpp:26:20:[m[K [01;31m[Kerror: [m[Kexpected unqualified-id at end of input
[2.878s]    26 |         RCLCPP_INFO[01;31m[K([m[Kthis->rclcpp::get_logger("Send Turn Service Request");
[2.878s]       |                    [01;31m[K^[m[K
[3.482s] gmake[2]: *** [CMakeFiles/turn_s_server_executable.dir/build.make:76: CMakeFiles/turn_s_server_executable.dir/src/turn_s_server.cpp.o] Error 1
[3.482s] gmake[1]: *** [CMakeFiles/Makefile2:165: CMakeFiles/turn_s_server_executable.dir/all] Error 2
[3.483s] gmake[1]: *** Waiting for unfinished jobs....
[3.504s] gmake[2]: *** [CMakeFiles/turn_s_client_executable.dir/build.make:76: CMakeFiles/turn_s_client_executable.dir/src/turn_s_client.cpp.o] Error 1
[3.504s] gmake[1]: *** [CMakeFiles/Makefile2:139: CMakeFiles/turn_s_client_executable.dir/all] Error 2
[3.504s] gmake: *** [Makefile:146: all] Error 2
[3.506s] Invoked command in '/home/user/ros2_ws/src/build/services_quiz' returned '2': CMAKE_PREFIX_PATH=${CMAKE_PREFIX_PATH}:/home/simulations/ros2_sims_ws/install/tracetools_test:/home/simulations/ros2_sims_ws/install/tracetools_launch:/home/simulations/ros2_sims_ws/install/ros2trace:/home/simulations/ros2_sims_ws/install/tracetools_trace:/home/simulations/ros2_sims_ws/install/ros2trace_analysis:/home/simulations/ros2_sims_ws/install/tracetools_analysis:/home/simulations/ros2_sims_ws/install/tracetools_read:/home/simulations/ros2_sims_ws/install/test_tracetools_launch:/opt/ros/humble:/home/simulations/ros2_sims_ws/install/robot_description _=/usr/bin/env /usr/bin/cmake --build /home/user/ros2_ws/src/build/services_quiz -- -j8 -l8
