[0.026s] Invoking command in '/home/user/ros2_ws/src/build/services_quiz': CMAKE_PREFIX_PATH=${CMAKE_PREFIX_PATH}:/home/simulations/ros2_sims_ws/install/tracetools_test:/home/simulations/ros2_sims_ws/install/tracetools_launch:/home/simulations/ros2_sims_ws/install/ros2trace:/home/simulations/ros2_sims_ws/install/tracetools_trace:/home/simulations/ros2_sims_ws/install/ros2trace_analysis:/home/simulations/ros2_sims_ws/install/tracetools_analysis:/home/simulations/ros2_sims_ws/install/tracetools_read:/home/simulations/ros2_sims_ws/install/test_tracetools_launch:/opt/ros/humble:/home/simulations/ros2_sims_ws/install/robot_description _=/usr/bin/env /usr/bin/cmake --build /home/user/ros2_ws/src/build/services_quiz -- -j8 -l8
[0.049s] -- Found ament_cmake: 1.3.8 (/opt/ros/humble/share/ament_cmake/cmake)
[0.272s] -- Found rclcpp: 16.0.8 (/opt/ros/humble/share/rclcpp/cmake)
[0.328s] -- Found rosidl_generator_c: 3.1.5 (/opt/ros/humble/share/rosidl_generator_c/cmake)
[0.334s] -- Found rosidl_adapter: 3.1.5 (/opt/ros/humble/share/rosidl_adapter/cmake)
[0.345s] -- Found rosidl_generator_cpp: 3.1.5 (/opt/ros/humble/share/rosidl_generator_cpp/cmake)
[0.365s] -- Using all available rosidl_typesupport_c: rosidl_typesupport_fastrtps_c;rosidl_typesupport_introspection_c
[0.388s] -- Using all available rosidl_typesupport_cpp: rosidl_typesupport_fastrtps_cpp;rosidl_typesupport_introspection_cpp
[0.454s] -- Found rmw_implementation_cmake: 6.1.1 (/opt/ros/humble/share/rmw_implementation_cmake/cmake)
[0.456s] -- Found rmw_fastrtps_cpp: 6.2.6 (/opt/ros/humble/share/rmw_fastrtps_cpp/cmake)
[0.671s] -- Using RMW implementation 'rmw_fastrtps_cpp' as default
[0.870s] -- Found std_srvs: 4.2.3 (/opt/ros/humble/share/std_srvs/cmake)
[0.889s] -- Found services_quiz_srv: 0.0.0 (/home/user/ros2_ws/src/install/services_quiz_srv/share/services_quiz_srv/cmake)
[1.029s] -- Found ament_lint_auto: 0.12.10 (/opt/ros/humble/share/ament_lint_auto/cmake)
[1.103s] -- Added test 'cppcheck' to perform static code analysis on C / C++ code
[1.103s] -- Configured cppcheck include dirs: 
[1.103s] -- Configured cppcheck exclude dirs and/or files: 
[1.103s] -- Added test 'lint_cmake' to check CMake code style
[1.104s] -- Added test 'uncrustify' to check C / C++ code style
[1.104s] -- Configured uncrustify additional arguments: 
[1.105s] -- Added test 'xmllint' to check XML markup files
[1.105s] -- Configuring done
[1.121s] -- Generating done
[1.124s] -- Build files have been written to: /home/user/ros2_ws/src/build/services_quiz
[1.152s] [35m[1mConsolidate compiler generated dependencies of target turn_s_client_executable[0m
[1.152s] [35m[1mConsolidate compiler generated dependencies of target turn_s_server_executable[0m
[1.173s] [ 25%] [32mBuilding CXX object CMakeFiles/turn_s_server_executable.dir/src/turn_s_server.cpp.o[0m
[1.173s] [ 50%] [32mBuilding CXX object CMakeFiles/turn_s_client_executable.dir/src/turn_s_client.cpp.o[0m
[3.575s] [01m[K/home/user/ros2_ws/src/services_quiz/src/turn_s_server.cpp:[m[K In member function '[01m[Kvoid TurnServiceServer::handle_turn_request(std::shared_ptr<std_srvs::srv::Trigger_Request_<std::allocator<void> > >, std::shared_ptr<std_srvs::srv::Trigger_Response_<std::allocator<void> > >)[m[K':
[3.575s] [01m[K/home/user/ros2_ws/src/services_quiz/src/turn_s_server.cpp:25:85:[m[K [01;35m[Kwarning: [m[Kunused parameter '[01m[Krequest[m[K' [[01;35m[K]8;;https://gcc.gnu.org/onlinedocs/gcc/Warning-Options.html#index-Wunused-parameter-Wunused-parameter]8;;[m[K]
[3.575s]    25 |     void handle_turn_request([01;35m[Kconst std::shared_ptr<std_srvs::srv::Trigger::Request> request[m[K,
[3.575s]       |                              [01;35m[K~~~~~~~~~~~~~~~~~~~~~~~~~~~~~~~~~~~~~~~~~~~~~~~~~~~~~~~^~~~~~~[m[K
[3.575s] [01m[K/home/user/ros2_ws/src/services_quiz/src/turn_s_server.cpp:26:59:[m[K [01;35m[Kwarning: [m[Kunused parameter '[01m[Kresponse[m[K' [[01;35m[K]8;;https://gcc.gnu.org/onlinedocs/gcc/Warning-Options.html#index-Wunused-parameter-Wunused-parameter]8;;[m[K]
[3.575s]    26 |         [01;35m[Kstd::shared_ptr<std_srvs::srv::Trigger::Response> response[m[K) {
[3.575s]       |         [01;35m[K~~~~~~~~~~~~~~~~~~~~~~~~~~~~~~~~~~~~~~~~~~~~~~~~~~^~~~~~~~[m[K
[3.606s] [01m[K/home/user/ros2_ws/src/services_quiz/src/turn_s_client.cpp:[m[K In constructor '[01m[KTurnServiceClient::TurnServiceClient()[m[K':
[3.606s] [01m[K/home/user/ros2_ws/src/services_quiz/src/turn_s_client.cpp:14:39:[m[K [01;31m[Kerror: [m[K'[01m[Kservices_quiz_srv[m[K' was not declared in this scope
[3.606s]    14 |         client_ = this->create_client<[01;31m[Kservices_quiz_srv[m[K::srv::Turn>
[3.606s]       |                                       [01;31m[K^~~~~~~~~~~~~~~~~[m[K
[3.606s] [01m[K/home/user/ros2_ws/src/services_quiz/src/turn_s_client.cpp:14:25:[m[K [01;31m[Kerror: [m[Kparse error in template argument list
[3.606s]    14 |         client_ = this->[01;31m[Kcreate_client<services_quiz_srv::srv::Turn>[m[K
[3.606s]       |                         [01;31m[K^~~~~~~~~~~~~~~~~~~~~~~~~~~~~~~~~~~~~~~~~~~[m[K
[3.606s] [01m[K/home/user/ros2_ws/src/services_quiz/src/turn_s_client.cpp:15:13:[m[K [01;31m[Kerror: [m[Kno matching function for call to '[01m[KTurnServiceClient::create_client<<expression error> >(std::string&)[m[K'
[3.607s]    14 |         client_ = [01;31m[Kthis->create_client<services_quiz_srv::srv::Turn>[m[K
[3.607s]       |                   [01;31m[K~~~~~~~~~~~~~~~~~~~~~~~~~~~~~~~~~~~~~~~~~~~~~~~~~[m[K
[3.607s]    15 | [01;31m[K            (name_service)[m[K;
[3.607s]       |             [01;31m[K^~~~~~~~~~~~~~[m[K
[3.607s] In file included from [01m[K/opt/ros/humble/include/rclcpp/rclcpp/executors/single_threaded_executor.hpp:28[m[K,
[3.607s]                  from [01m[K/opt/ros/humble/include/rclcpp/rclcpp/executors.hpp:22[m[K,
[3.607s]                  from [01m[K/opt/ros/humble/include/rclcpp/rclcpp/rclcpp.hpp:155[m[K,
[3.607s]                  from [01m[K/home/user/ros2_ws/src/services_quiz/src/turn_s_client.cpp:1[m[K:
[3.607s] [01m[K/opt/ros/humble/include/rclcpp/rclcpp/node.hpp:252:3:[m[K [01;36m[Knote: [m[Kcandidate: '[01m[Ktemplate<class ServiceT> typename rclcpp::Client<ServiceT>::SharedPtr rclcpp::Node::create_client(const string&, const rmw_qos_profile_t&, rclcpp::CallbackGroup::SharedPtr)[m[K'
[3.607s]   252 |   [01;36m[Kcreate_client[m[K(
[3.607s]       |   [01;36m[K^~~~~~~~~~~~~[m[K
[3.607s] [01m[K/opt/ros/humble/include/rclcpp/rclcpp/node.hpp:252:3:[m[K [01;36m[Knote: [m[K  template argument deduction/substitution failed:
[3.607s] [01m[K/home/user/ros2_ws/src/services_quiz/src/turn_s_client.cpp:15:13:[m[K [01;31m[Kerror: [m[Ktemplate argument 1 is invalid
[3.607s]    14 |         client_ = [01;31m[Kthis->create_client<services_quiz_srv::srv::Turn>[m[K
[3.607s]       |                   [01;31m[K~~~~~~~~~~~~~~~~~~~~~~~~~~~~~~~~~~~~~~~~~~~~~~~~~[m[K
[3.607s]    15 | [01;31m[K            (name_service)[m[K;
[3.608s]       |             [01;31m[K^~~~~~~~~~~~~~[m[K
[3.615s] [01m[K/home/user/ros2_ws/src/services_quiz/src/turn_s_client.cpp:[m[K In member function '[01m[Kvoid TurnServiceClient::send_turn_request()[m[K':
[3.615s] [01m[K/home/user/ros2_ws/src/services_quiz/src/turn_s_client.cpp:32:41:[m[K [01;31m[Kerror: [m[K'[01m[Kservices_quiz[m[K' was not declared in this scope
[3.615s]    32 |         auto request = std::make_shared<[01;31m[Kservices_quiz[m[K::srv::Turn::Request>();
[3.615s]       |                                         [01;31m[K^~~~~~~~~~~~~[m[K
[3.615s] [01m[K/home/user/ros2_ws/src/services_quiz/src/turn_s_client.cpp:32:29:[m[K [01;31m[Kerror: [m[Kparse error in template argument list
[3.615s]    32 |         auto request = std::[01;31m[Kmake_shared<services_quiz::srv::Turn::Request>[m[K();
[3.615s]       |                             [01;31m[K^~~~~~~~~~~~~~~~~~~~~~~~~~~~~~~~~~~~~~~~~~~~~~[m[K
[3.616s] [01m[K/home/user/ros2_ws/src/services_quiz/src/turn_s_client.cpp:32:75:[m[K [01;31m[Kerror: [m[Kno matching function for call to '[01m[Kmake_shared<<expression error> >()[m[K'
[3.616s]    32 |         auto request = [01;31m[Kstd::make_shared<services_quiz::srv::Turn::Request>()[m[K;
[3.616s]       |                        [01;31m[K~~~~~~~~~~~~~~~~~~~~~~~~~~~~~~~~~~~~~~~~~~~~~~~~~~~^~[m[K
[3.616s] In file included from [01m[K/usr/include/c++/11/memory:77[m[K,
[3.616s]                  from [01m[K/opt/ros/humble/include/rclcpp/rclcpp/rclcpp.hpp:153[m[K,
[3.616s]                  from [01m[K/home/user/ros2_ws/src/services_quiz/src/turn_s_client.cpp:1[m[K:
[3.616s] [01m[K/usr/include/c++/11/bits/shared_ptr.h:875:5:[m[K [01;36m[Knote: [m[Kcandidate: '[01m[Ktemplate<class _Tp, class ... _Args> std::shared_ptr<_Tp> std::make_shared(_Args&& ...)[m[K'
[3.616s]   875 |     [01;36m[Kmake_shared[m[K(_Args&&... __args)
[3.616s]       |     [01;36m[K^~~~~~~~~~~[m[K
[3.616s] [01m[K/usr/include/c++/11/bits/shared_ptr.h:875:5:[m[K [01;36m[Knote: [m[K  template argument deduction/substitution failed:
[3.616s] [01m[K/home/user/ros2_ws/src/services_quiz/src/turn_s_client.cpp:32:75:[m[K [01;31m[Kerror: [m[Ktemplate argument 1 is invalid
[3.616s]    32 |         auto request = [01;31m[Kstd::make_shared<services_quiz::srv::Turn::Request>()[m[K;
[3.616s]       |                        [01;31m[K~~~~~~~~~~~~~~~~~~~~~~~~~~~~~~~~~~~~~~~~~~~~~~~~~~~^~[m[K
[4.061s] gmake[2]: *** [CMakeFiles/turn_s_client_executable.dir/build.make:76: CMakeFiles/turn_s_client_executable.dir/src/turn_s_client.cpp.o] Error 1
[4.062s] gmake[1]: *** [CMakeFiles/Makefile2:139: CMakeFiles/turn_s_client_executable.dir/all] Error 2
[4.062s] gmake[1]: *** Waiting for unfinished jobs....
[4.717s] [ 75%] [32m[1mLinking CXX executable turn_s_server_executable[0m
[4.859s] [ 75%] Built target turn_s_server_executable
[4.860s] gmake: *** [Makefile:146: all] Error 2
[4.862s] Invoked command in '/home/user/ros2_ws/src/build/services_quiz' returned '2': CMAKE_PREFIX_PATH=${CMAKE_PREFIX_PATH}:/home/simulations/ros2_sims_ws/install/tracetools_test:/home/simulations/ros2_sims_ws/install/tracetools_launch:/home/simulations/ros2_sims_ws/install/ros2trace:/home/simulations/ros2_sims_ws/install/tracetools_trace:/home/simulations/ros2_sims_ws/install/ros2trace_analysis:/home/simulations/ros2_sims_ws/install/tracetools_analysis:/home/simulations/ros2_sims_ws/install/tracetools_read:/home/simulations/ros2_sims_ws/install/test_tracetools_launch:/opt/ros/humble:/home/simulations/ros2_sims_ws/install/robot_description _=/usr/bin/env /usr/bin/cmake --build /home/user/ros2_ws/src/build/services_quiz -- -j8 -l8
