[0.022s] Invoking command in '/home/user/ros2_ws/src/build/services_quiz_srv': CMAKE_PREFIX_PATH=${CMAKE_PREFIX_PATH}:/home/simulations/ros2_sims_ws/install/tracetools_test:/home/simulations/ros2_sims_ws/install/tracetools_launch:/home/simulations/ros2_sims_ws/install/ros2trace:/home/simulations/ros2_sims_ws/install/tracetools_trace:/home/simulations/ros2_sims_ws/install/ros2trace_analysis:/home/simulations/ros2_sims_ws/install/tracetools_analysis:/home/simulations/ros2_sims_ws/install/tracetools_read:/home/simulations/ros2_sims_ws/install/test_tracetools_launch:/opt/ros/humble:/home/simulations/ros2_sims_ws/install/robot_description _=/usr/bin/env /usr/bin/cmake --build /home/user/ros2_ws/src/build/services_quiz_srv -- -j8 -l8
[0.054s] -- Found ament_cmake: 1.3.8 (/opt/ros/humble/share/ament_cmake/cmake)
[0.272s] -- Found rclcpp: 16.0.8 (/opt/ros/humble/share/rclcpp/cmake)
[0.334s] -- Found rosidl_generator_c: 3.1.5 (/opt/ros/humble/share/rosidl_generator_c/cmake)
[0.338s] -- Found rosidl_adapter: 3.1.5 (/opt/ros/humble/share/rosidl_adapter/cmake)
[0.347s] -- Found rosidl_generator_cpp: 3.1.5 (/opt/ros/humble/share/rosidl_generator_cpp/cmake)
[0.364s] -- Using all available rosidl_typesupport_c: rosidl_typesupport_fastrtps_c;rosidl_typesupport_introspection_c
[0.393s] -- Using all available rosidl_typesupport_cpp: rosidl_typesupport_fastrtps_cpp;rosidl_typesupport_introspection_cpp
[0.462s] -- Found rmw_implementation_cmake: 6.1.1 (/opt/ros/humble/share/rmw_implementation_cmake/cmake)
[0.464s] -- Found rmw_fastrtps_cpp: 6.2.6 (/opt/ros/humble/share/rmw_fastrtps_cpp/cmake)
[0.673s] -- Using RMW implementation 'rmw_fastrtps_cpp' as default
[0.878s] -- Found geometry_msgs: 4.2.3 (/opt/ros/humble/share/geometry_msgs/cmake)
[0.930s] -- Found rosidl_default_generators: 1.2.0 (/opt/ros/humble/share/rosidl_default_generators/cmake)
[0.940s] -- Found ament_lint_auto: 0.12.10 (/opt/ros/humble/share/ament_lint_auto/cmake)
[1.336s] -- Found ament_cmake_ros: 0.10.0 (/opt/ros/humble/share/ament_cmake_ros/cmake)
[1.863s] -- Using all available rosidl_typesupport_c: rosidl_typesupport_fastrtps_c;rosidl_typesupport_introspection_c
[2.100s] -- Using all available rosidl_typesupport_cpp: rosidl_typesupport_fastrtps_cpp;rosidl_typesupport_introspection_cpp
[2.135s] -- Found PythonInterp: /usr/bin/python3 (found suitable version "3.10.12", minimum required is "3.6") 
[2.143s] -- Found python_cmake_module: 0.10.0 (/opt/ros/humble/share/python_cmake_module/cmake)
[2.184s] -- Found PythonLibs: /usr/lib/x86_64-linux-gnu/libpython3.10.so (found suitable version "3.10.12", minimum required is "3.5") 
[2.184s] -- Using PYTHON_EXECUTABLE: /usr/bin/python3
[2.184s] -- Using PYTHON_INCLUDE_DIRS: /usr/include/python3.10
[2.185s] -- Using PYTHON_LIBRARIES: /usr/lib/x86_64-linux-gnu/libpython3.10.so
[2.212s] -- Found PythonExtra: .so  
[2.295s] -- Added test 'lint_cmake' to check CMake code style
[2.296s] -- Added test 'xmllint' to check XML markup files
[2.300s] -- Configuring done
[2.339s] -- Generating done
[2.342s] -- Build files have been written to: /home/user/ros2_ws/src/build/services_quiz_srv
[2.377s] [  3%] [34m[1mGenerating C code for ROS interfaces[0m
[2.387s] [  6%] [34m[1mGenerating C++ code for ROS interfaces[0m
[2.400s] [  6%] Built target ament_cmake_python_copy_services_quiz_srv
[2.711s] running egg_info
[2.712s] creating services_quiz_srv.egg-info
[2.712s] writing services_quiz_srv.egg-info/PKG-INFO
[2.713s] writing dependency_links to services_quiz_srv.egg-info/dependency_links.txt
[2.713s] writing top-level names to services_quiz_srv.egg-info/top_level.txt
[2.713s] writing manifest file 'services_quiz_srv.egg-info/SOURCES.txt'
[2.715s] reading manifest file 'services_quiz_srv.egg-info/SOURCES.txt'
[2.716s] writing manifest file 'services_quiz_srv.egg-info/SOURCES.txt'
[2.752s] [  6%] Built target ament_cmake_python_build_services_quiz_srv_egg
[2.780s] [  9%] [32mBuilding C object CMakeFiles/services_quiz_srv__rosidl_generator_c.dir/rosidl_generator_c/services_quiz_srv/srv/detail/turn__functions.c.o[0m
[2.848s] [ 12%] [32m[1mLinking C shared library libservices_quiz_srv__rosidl_generator_c.so[0m
[2.865s] [ 12%] Built target services_quiz_srv__cpp
[2.879s] [ 16%] [34m[1mGenerating C++ type support for eProsima Fast-RTPS[0m
[2.880s] [ 19%] [34m[1mGenerating C++ type support dispatch for ROS interfaces[0m
[2.882s] [ 22%] [34m[1mGenerating C++ introspection for ROS interfaces[0m
[2.892s] [ 22%] Built target services_quiz_srv__rosidl_generator_c
[2.910s] [ 25%] [34m[1mGenerating C type support for eProsima Fast-RTPS[0m
[2.911s] [ 29%] [34m[1mGenerating C introspection for ROS interfaces[0m
[2.912s] [ 32%] [34m[1mGenerating C type support dispatch for ROS interfaces[0m
[3.370s] [ 35%] [32mBuilding CXX object CMakeFiles/services_quiz_srv__rosidl_typesupport_cpp.dir/rosidl_typesupport_cpp/services_quiz_srv/srv/turn__type_support.cpp.o[0m
[3.396s] [ 38%] [32mBuilding CXX object CMakeFiles/services_quiz_srv__rosidl_typesupport_c.dir/rosidl_typesupport_c/services_quiz_srv/srv/turn__type_support.cpp.o[0m
[3.400s] [ 41%] [32mBuilding CXX object CMakeFiles/services_quiz_srv__rosidl_typesupport_introspection_cpp.dir/rosidl_typesupport_introspection_cpp/services_quiz_srv/srv/detail/turn__type_support.cpp.o[0m
[3.449s] [ 45%] [32m[1mLinking CXX shared library libservices_quiz_srv__rosidl_typesupport_c.so[0m
[3.473s] [ 48%] [32mBuilding CXX object CMakeFiles/services_quiz_srv__rosidl_typesupport_fastrtps_cpp.dir/rosidl_typesupport_fastrtps_cpp/services_quiz_srv/srv/detail/dds_fastrtps/turn__type_support.cpp.o[0m
[3.516s] [ 51%] [32mBuilding CXX object CMakeFiles/services_quiz_srv__rosidl_typesupport_fastrtps_c.dir/rosidl_typesupport_fastrtps_c/services_quiz_srv/srv/detail/turn__type_support_c.cpp.o[0m
[3.519s] [ 51%] Built target services_quiz_srv__rosidl_typesupport_c
[3.540s] [ 54%] [32mBuilding C object CMakeFiles/services_quiz_srv__rosidl_typesupport_introspection_c.dir/rosidl_typesupport_introspection_c/services_quiz_srv/srv/detail/turn__type_support.c.o[0m
[3.588s] [ 58%] [32m[1mLinking C shared library libservices_quiz_srv__rosidl_typesupport_introspection_c.so[0m
[3.626s] [ 58%] Built target services_quiz_srv__rosidl_typesupport_introspection_c
[3.682s] [ 61%] [32m[1mLinking CXX shared library libservices_quiz_srv__rosidl_typesupport_cpp.so[0m
[3.724s] [ 61%] Built target services_quiz_srv__rosidl_typesupport_cpp
[3.885s] [ 64%] [32m[1mLinking CXX shared library libservices_quiz_srv__rosidl_typesupport_fastrtps_c.so[0m
[3.890s] [ 67%] [32m[1mLinking CXX shared library libservices_quiz_srv__rosidl_typesupport_introspection_cpp.so[0m
[3.970s] [ 67%] Built target services_quiz_srv__rosidl_typesupport_introspection_cpp
[3.973s] [ 67%] Built target services_quiz_srv__rosidl_typesupport_fastrtps_c
[3.974s] [ 70%] [32m[1mLinking CXX shared library libservices_quiz_srv__rosidl_typesupport_fastrtps_cpp.so[0m
[4.043s] [ 70%] Built target services_quiz_srv__rosidl_typesupport_fastrtps_cpp
[4.063s] [ 70%] Built target services_quiz_srv
[4.082s] [ 74%] [34m[1mGenerating Python code for ROS interfaces[0m
[4.520s] [ 74%] Built target services_quiz_srv__py
[4.538s] [ 77%] [32mBuilding C object CMakeFiles/services_quiz_srv__rosidl_generator_py.dir/rosidl_generator_py/services_quiz_srv/srv/_turn_s.c.o[0m
[4.651s] [ 80%] [32m[1mLinking C shared library rosidl_generator_py/services_quiz_srv/libservices_quiz_srv__rosidl_generator_py.so[0m
[4.691s] [ 80%] Built target services_quiz_srv__rosidl_generator_py
[4.713s] [ 83%] [32mBuilding C object CMakeFiles/services_quiz_srv__rosidl_typesupport_fastrtps_c__pyext.dir/rosidl_generator_py/services_quiz_srv/_services_quiz_srv_s.ep.rosidl_typesupport_fastrtps_c.c.o[0m
[4.713s] [ 87%] [32mBuilding C object CMakeFiles/services_quiz_srv__rosidl_typesupport_introspection_c__pyext.dir/rosidl_generator_py/services_quiz_srv/_services_quiz_srv_s.ep.rosidl_typesupport_introspection_c.c.o[0m
[4.713s] [ 90%] [32mBuilding C object CMakeFiles/services_quiz_srv__rosidl_typesupport_c__pyext.dir/rosidl_generator_py/services_quiz_srv/_services_quiz_srv_s.ep.rosidl_typesupport_c.c.o[0m
[4.832s] [ 93%] [32m[1mLinking C shared library rosidl_generator_py/services_quiz_srv/services_quiz_srv_s__rosidl_typesupport_fastrtps_c.cpython-310-x86_64-linux-gnu.so[0m
[4.834s] [ 96%] [32m[1mLinking C shared library rosidl_generator_py/services_quiz_srv/services_quiz_srv_s__rosidl_typesupport_c.cpython-310-x86_64-linux-gnu.so[0m
[4.835s] [100%] [32m[1mLinking C shared library rosidl_generator_py/services_quiz_srv/services_quiz_srv_s__rosidl_typesupport_introspection_c.cpython-310-x86_64-linux-gnu.so[0m
[4.876s] [100%] Built target services_quiz_srv__rosidl_typesupport_c__pyext
[4.885s] [100%] Built target services_quiz_srv__rosidl_typesupport_fastrtps_c__pyext
[4.887s] [100%] Built target services_quiz_srv__rosidl_typesupport_introspection_c__pyext
