[0.026s] Invoking command in '/home/user/ros2_ws/src/build/services_quiz': CMAKE_PREFIX_PATH=${CMAKE_PREFIX_PATH}:/home/simulations/ros2_sims_ws/install/tracetools_test:/home/simulations/ros2_sims_ws/install/tracetools_launch:/home/simulations/ros2_sims_ws/install/ros2trace:/home/simulations/ros2_sims_ws/install/tracetools_trace:/home/simulations/ros2_sims_ws/install/ros2trace_analysis:/home/simulations/ros2_sims_ws/install/tracetools_analysis:/home/simulations/ros2_sims_ws/install/tracetools_read:/home/simulations/ros2_sims_ws/install/test_tracetools_launch:/opt/ros/humble:/home/simulations/ros2_sims_ws/install/robot_description _=/usr/bin/env /usr/bin/cmake --build /home/user/ros2_ws/src/build/services_quiz -- -j8 -l8
[0.094s] [35m[1mConsolidate compiler generated dependencies of target turn_s_server_executable[0m
[0.115s] [ 25%] [32mBuilding CXX object CMakeFiles/turn_s_client_executable.dir/src/turn_s_client.cpp.o[0m
[0.135s] [ 50%] [32mBuilding CXX object CMakeFiles/turn_s_server_executable.dir/src/turn_s_server.cpp.o[0m
[2.694s] [01m[K/home/user/ros2_ws/src/services_quiz/src/turn_s_client.cpp:30:28:[m[K [01;31m[Kerror: [m[K'[01m[Kstring[m[K' has not been declared
[2.694s]    30 |     void send_turn_request([01;31m[Kstring[m[K direction, float angular_velocity, float delay) {
[2.694s]       |                            [01;31m[K^~~~~~[m[K
[2.742s] In file included from [01m[K/opt/ros/humble/include/rclcpp/rclcpp/logging.hpp:24[m[K,
[2.742s]                  from [01m[K/opt/ros/humble/include/rclcpp/rclcpp/client.hpp:40[m[K,
[2.742s]                  from [01m[K/opt/ros/humble/include/rclcpp/rclcpp/callback_group.hpp:24[m[K,
[2.742s]                  from [01m[K/opt/ros/humble/include/rclcpp/rclcpp/any_executable.hpp:20[m[K,
[2.742s]                  from [01m[K/opt/ros/humble/include/rclcpp/rclcpp/memory_strategy.hpp:25[m[K,
[2.742s]                  from [01m[K/opt/ros/humble/include/rclcpp/rclcpp/memory_strategies.hpp:18[m[K,
[2.743s]                  from [01m[K/opt/ros/humble/include/rclcpp/rclcpp/executor_options.hpp:20[m[K,
[2.743s]                  from [01m[K/opt/ros/humble/include/rclcpp/rclcpp/executor.hpp:37[m[K,
[2.743s]                  from [01m[K/opt/ros/humble/include/rclcpp/rclcpp/executors/multi_threaded_executor.hpp:25[m[K,
[2.743s]                  from [01m[K/opt/ros/humble/include/rclcpp/rclcpp/executors.hpp:21[m[K,
[2.743s]                  from [01m[K/home/user/ros2_ws/src/services_quiz/src/turn_s_server.cpp:1[m[K:
[2.743s] [01m[K/home/user/ros2_ws/src/services_quiz/src/turn_s_server.cpp:[m[K In member function '[01m[Kvoid TurnServiceServer::handle_turn_request(std::shared_ptr<services_quiz_srv::srv::Turn_Request_<std::allocator<void> > >, std::shared_ptr<services_quiz_srv::srv::Turn_Response_<std::allocator<void> > >)[m[K':
[2.743s] [01m[K/home/user/ros2_ws/src/services_quiz/src/turn_s_server.cpp:30:21:[m[K [01;31m[Kerror: [m[K'[01m[Kconst class std::shared_ptr<services_quiz_srv::srv::Turn_Request_<std::allocator<void> > >[m[K' has no member named '[01m[Kdirection[m[K'
[2.743s]    30 |             request.[01;31m[Kdirection[m[K,
[2.743s]       |                     [01;31m[K^~~~~~~~~[m[K
[2.743s] [01m[K/home/user/ros2_ws/src/services_quiz/src/turn_s_server.cpp:31:21:[m[K [01;31m[Kerror: [m[K'[01m[Kconst class std::shared_ptr<services_quiz_srv::srv::Turn_Request_<std::allocator<void> > >[m[K' has no member named '[01m[Kangular_velocity[m[K'
[2.743s]    31 |             request.[01;31m[Kangular_velocity[m[K,
[2.743s]       |                     [01;31m[K^~~~~~~~~~~~~~~~[m[K
[2.744s] [01m[K/home/user/ros2_ws/src/services_quiz/src/turn_s_server.cpp:32:21:[m[K [01;31m[Kerror: [m[K'[01m[Kconst class std::shared_ptr<services_quiz_srv::srv::Turn_Request_<std::allocator<void> > >[m[K' has no member named '[01m[Ktime[m[K'
[2.744s]    32 |             request.[01;31m[Ktime[m[K);
[2.744s]       |                     [01;31m[K^~~~[m[K
[2.744s] [01m[K/home/user/ros2_ws/src/services_quiz/src/turn_s_server.cpp:27:65:[m[K [01;35m[Kwarning: [m[Kunused parameter '[01m[Kresponse[m[K' [[01;35m[K]8;;https://gcc.gnu.org/onlinedocs/gcc/Warning-Options.html#index-Wunused-parameter-Wunused-parameter]8;;[m[K]
[2.744s]    27 |         [01;35m[Kstd::shared_ptr<services_quiz_srv::srv::Turn::Response> response[m[K) {
[2.745s]       |         [01;35m[K~~~~~~~~~~~~~~~~~~~~~~~~~~~~~~~~~~~~~~~~~~~~~~~~~~~~~~~~^~~~~~~~[m[K
[2.750s] [01m[K/home/user/ros2_ws/src/services_quiz/src/turn_s_client.cpp:[m[K In member function '[01m[Kvoid TurnServiceClient::send_turn_request(int, float, float)[m[K':
[2.750s] [01m[K/home/user/ros2_ws/src/services_quiz/src/turn_s_client.cpp:36:17:[m[K [01;31m[Kerror: [m[K'[01m[Kclass std::shared_ptr<services_quiz_srv::srv::Turn_Request_<std::allocator<void> > >[m[K' has no member named '[01m[Kdirection[m[K'
[2.750s]    36 |         request.[01;31m[Kdirection[m[K = direction;
[2.750s]       |                 [01;31m[K^~~~~~~~~[m[K
[2.750s] [01m[K/home/user/ros2_ws/src/services_quiz/src/turn_s_client.cpp:37:17:[m[K [01;31m[Kerror: [m[K'[01m[Kclass std::shared_ptr<services_quiz_srv::srv::Turn_Request_<std::allocator<void> > >[m[K' has no member named '[01m[Kangular_velocity[m[K'
[2.750s]    37 |         request.[01;31m[Kangular_velocity[m[K = angular_velocity;
[2.750s]       |                 [01;31m[K^~~~~~~~~~~~~~~~[m[K
[2.750s] [01m[K/home/user/ros2_ws/src/services_quiz/src/turn_s_client.cpp:38:17:[m[K [01;31m[Kerror: [m[K'[01m[Kclass std::shared_ptr<services_quiz_srv::srv::Turn_Request_<std::allocator<void> > >[m[K' has no member named '[01m[Ktime[m[K'
[2.750s]    38 |         request.[01;31m[Ktime[m[K = delay;
[2.750s]       |                 [01;31m[K^~~~[m[K
[2.755s] [01m[K/home/user/ros2_ws/src/services_quiz/src/turn_s_client.cpp:[m[K In function '[01m[Kint main(int, char**)[m[K':
[2.755s] [01m[K/home/user/ros2_ws/src/services_quiz/src/turn_s_client.cpp:56:5:[m[K [01;31m[Kerror: [m[K'[01m[Kstring[m[K' was not declared in this scope
[2.755s]    56 |     [01;31m[Kstring[m[K direction = "left";
[2.755s]       |     [01;31m[K^~~~~~[m[K
[2.755s] [01m[K/home/user/ros2_ws/src/services_quiz/src/turn_s_client.cpp:56:5:[m[K [01;36m[Knote: [m[Ksuggested alternatives:
[2.755s] In file included from [01m[K/usr/include/c++/11/iosfwd:39[m[K,
[2.755s]                  from [01m[K/usr/include/c++/11/bits/shared_ptr.h:52[m[K,
[2.756s]                  from [01m[K/usr/include/c++/11/memory:77[m[K,
[2.756s]                  from [01m[K/opt/ros/humble/include/rclcpp/rclcpp/rclcpp.hpp:153[m[K,
[2.756s]                  from [01m[K/home/user/ros2_ws/src/services_quiz/src/turn_s_client.cpp:1[m[K:
[2.756s] [01m[K/usr/include/c++/11/bits/stringfwd.h:79:33:[m[K [01;36m[Knote: [m[K  '[01m[Kstd::string[m[K'
[2.756s]    79 |   typedef basic_string<char>    [01;36m[Kstring[m[K;
[2.756s]       |                                 [01;36m[K^~~~~~[m[K
[2.756s] In file included from [01m[K/usr/include/c++/11/stdexcept:39[m[K,
[2.756s]                  from [01m[K/usr/include/c++/11/system_error:41[m[K,
[2.756s]                  from [01m[K/usr/include/c++/11/mutex:42[m[K,
[2.756s]                  from [01m[K/usr/include/c++/11/future:38[m[K,
[2.756s]                  from [01m[K/opt/ros/humble/include/rclcpp/rclcpp/executors.hpp:18[m[K,
[2.757s]                  from [01m[K/opt/ros/humble/include/rclcpp/rclcpp/rclcpp.hpp:155[m[K,
[2.757s]                  from [01m[K/home/user/ros2_ws/src/services_quiz/src/turn_s_client.cpp:1[m[K:
[2.757s] [01m[K/usr/include/c++/11/string:67:11:[m[K [01;36m[Knote: [m[K  '[01m[Kstd::pmr::string[m[K'
[2.757s]    67 |     using [01;36m[Kstring[m[K    = basic_string<char>;
[2.757s]       |           [01;36m[K^~~~~~[m[K
[2.760s] [01m[K/home/user/ros2_ws/src/services_quiz/src/turn_s_client.cpp:60:32:[m[K [01;31m[Kerror: [m[K'[01m[Kdirection[m[K' was not declared in this scope; did you mean '[01m[Ksigaction[m[K'?
[2.760s]    60 |     client_->send_turn_request([01;31m[Kdirection[m[K, angular_velocity, time);
[2.760s]       |                                [01;31m[K^~~~~~~~~[m[K
[2.760s]       |                                [32m[Ksigaction[m[K
[3.340s] gmake[2]: *** [CMakeFiles/turn_s_client_executable.dir/build.make:76: CMakeFiles/turn_s_client_executable.dir/src/turn_s_client.cpp.o] Error 1
[3.340s] gmake[1]: *** [CMakeFiles/Makefile2:139: CMakeFiles/turn_s_client_executable.dir/all] Error 2
[3.340s] gmake[1]: *** Waiting for unfinished jobs....
[3.369s] gmake[2]: *** [CMakeFiles/turn_s_server_executable.dir/build.make:76: CMakeFiles/turn_s_server_executable.dir/src/turn_s_server.cpp.o] Error 1
[3.369s] gmake[1]: *** [CMakeFiles/Makefile2:165: CMakeFiles/turn_s_server_executable.dir/all] Error 2
[3.369s] gmake: *** [Makefile:146: all] Error 2
[3.371s] Invoked command in '/home/user/ros2_ws/src/build/services_quiz' returned '2': CMAKE_PREFIX_PATH=${CMAKE_PREFIX_PATH}:/home/simulations/ros2_sims_ws/install/tracetools_test:/home/simulations/ros2_sims_ws/install/tracetools_launch:/home/simulations/ros2_sims_ws/install/ros2trace:/home/simulations/ros2_sims_ws/install/tracetools_trace:/home/simulations/ros2_sims_ws/install/ros2trace_analysis:/home/simulations/ros2_sims_ws/install/tracetools_analysis:/home/simulations/ros2_sims_ws/install/tracetools_read:/home/simulations/ros2_sims_ws/install/test_tracetools_launch:/opt/ros/humble:/home/simulations/ros2_sims_ws/install/robot_description _=/usr/bin/env /usr/bin/cmake --build /home/user/ros2_ws/src/build/services_quiz -- -j8 -l8
