[0.034s] Invoking command in '/home/user/ros2_ws/src/build/custom_interfaces': CMAKE_PREFIX_PATH=${CMAKE_PREFIX_PATH}:/home/simulations/ros2_sims_ws/install/tracetools_test:/home/simulations/ros2_sims_ws/install/tracetools_launch:/home/simulations/ros2_sims_ws/install/ros2trace:/home/simulations/ros2_sims_ws/install/tracetools_trace:/home/simulations/ros2_sims_ws/install/ros2trace_analysis:/home/simulations/ros2_sims_ws/install/tracetools_analysis:/home/simulations/ros2_sims_ws/install/tracetools_read:/home/simulations/ros2_sims_ws/install/test_tracetools_launch:/opt/ros/humble:/home/simulations/ros2_sims_ws/install/robot_description _=/usr/bin/env /usr/bin/cmake --build /home/user/ros2_ws/src/build/custom_interfaces -- -j8 -l8
[0.089s] [35m[1mConsolidate compiler generated dependencies of target custom_interfaces__rosidl_generator_c[0m
[0.116s] [  2%] Built target custom_interfaces__cpp
[0.116s] [ 12%] Built target custom_interfaces__rosidl_generator_c
[0.127s] [ 12%] Built target ament_cmake_python_copy_custom_interfaces
[0.131s] [35m[1mConsolidate compiler generated dependencies of target custom_interfaces__rosidl_typesupport_cpp[0m
[0.138s] [35m[1mConsolidate compiler generated dependencies of target custom_interfaces__rosidl_typesupport_fastrtps_cpp[0m
[0.139s] [35m[1mConsolidate compiler generated dependencies of target custom_interfaces__rosidl_typesupport_introspection_cpp[0m
[0.147s] [35m[1mConsolidate compiler generated dependencies of target custom_interfaces__rosidl_typesupport_introspection_c[0m
[0.158s] [35m[1mConsolidate compiler generated dependencies of target custom_interfaces__rosidl_typesupport_fastrtps_c[0m
[0.166s] [35m[1mConsolidate compiler generated dependencies of target custom_interfaces__rosidl_typesupport_c[0m
[0.166s] [ 23%] Built target custom_interfaces__rosidl_typesupport_cpp
[0.169s] [ 33%] Built target custom_interfaces__rosidl_typesupport_fastrtps_cpp
[0.176s] [ 43%] Built target custom_interfaces__rosidl_typesupport_introspection_cpp
[0.179s] [ 53%] Built target custom_interfaces__rosidl_typesupport_introspection_c
[0.180s] [ 64%] Built target custom_interfaces__rosidl_typesupport_c
[0.184s] [ 74%] Built target custom_interfaces__rosidl_typesupport_fastrtps_c
[0.210s] [ 74%] Built target custom_interfaces
[0.239s] [ 76%] Built target custom_interfaces__py
[0.254s] [35m[1mConsolidate compiler generated dependencies of target custom_interfaces__rosidl_generator_py[0m
[0.272s] [ 84%] Built target custom_interfaces__rosidl_generator_py
[0.286s] [35m[1mConsolidate compiler generated dependencies of target custom_interfaces__rosidl_typesupport_fastrtps_c__pyext[0m
[0.288s] [35m[1mConsolidate compiler generated dependencies of target custom_interfaces__rosidl_typesupport_introspection_c__pyext[0m
[0.295s] [35m[1mConsolidate compiler generated dependencies of target custom_interfaces__rosidl_typesupport_c__pyext[0m
[0.311s] [ 89%] Built target custom_interfaces__rosidl_typesupport_fastrtps_c__pyext
[0.322s] [ 94%] Built target custom_interfaces__rosidl_typesupport_introspection_c__pyext
[0.331s] [100%] Built target custom_interfaces__rosidl_typesupport_c__pyext
[0.597s] running egg_info
[0.598s] writing custom_interfaces.egg-info/PKG-INFO
[0.598s] writing dependency_links to custom_interfaces.egg-info/dependency_links.txt
[0.599s] writing top-level names to custom_interfaces.egg-info/top_level.txt
[0.602s] reading manifest file 'custom_interfaces.egg-info/SOURCES.txt'
[0.603s] writing manifest file 'custom_interfaces.egg-info/SOURCES.txt'
[0.631s] [100%] Built target ament_cmake_python_build_custom_interfaces_egg
[0.643s] Invoked command in '/home/user/ros2_ws/src/build/custom_interfaces' returned '0': CMAKE_PREFIX_PATH=${CMAKE_PREFIX_PATH}:/home/simulations/ros2_sims_ws/install/tracetools_test:/home/simulations/ros2_sims_ws/install/tracetools_launch:/home/simulations/ros2_sims_ws/install/ros2trace:/home/simulations/ros2_sims_ws/install/tracetools_trace:/home/simulations/ros2_sims_ws/install/ros2trace_analysis:/home/simulations/ros2_sims_ws/install/tracetools_analysis:/home/simulations/ros2_sims_ws/install/tracetools_read:/home/simulations/ros2_sims_ws/install/test_tracetools_launch:/opt/ros/humble:/home/simulations/ros2_sims_ws/install/robot_description _=/usr/bin/env /usr/bin/cmake --build /home/user/ros2_ws/src/build/custom_interfaces -- -j8 -l8
[0.786s] Invoking command in '/home/user/ros2_ws/src/build/custom_interfaces': CMAKE_PREFIX_PATH=${CMAKE_PREFIX_PATH}:/home/simulations/ros2_sims_ws/install/tracetools_test:/home/simulations/ros2_sims_ws/install/tracetools_launch:/home/simulations/ros2_sims_ws/install/ros2trace:/home/simulations/ros2_sims_ws/install/tracetools_trace:/home/simulations/ros2_sims_ws/install/ros2trace_analysis:/home/simulations/ros2_sims_ws/install/tracetools_analysis:/home/simulations/ros2_sims_ws/install/tracetools_read:/home/simulations/ros2_sims_ws/install/test_tracetools_launch:/opt/ros/humble:/home/simulations/ros2_sims_ws/install/robot_description _=/usr/bin/env /usr/bin/cmake --install /home/user/ros2_ws/src/build/custom_interfaces
[0.794s] -- Install configuration: ""
[0.794s] -- Installing: /home/user/ros2_ws/src/install/custom_interfaces/share/ament_index/resource_index/rosidl_interfaces/custom_interfaces
[0.794s] -- Installing: /home/user/ros2_ws/src/install/custom_interfaces/include/custom_interfaces/custom_interfaces
[0.794s] -- Installing: /home/user/ros2_ws/src/install/custom_interfaces/include/custom_interfaces/custom_interfaces/srv
[0.794s] -- Installing: /home/user/ros2_ws/src/install/custom_interfaces/include/custom_interfaces/custom_interfaces/srv/detail
[0.795s] -- Installing: /home/user/ros2_ws/src/install/custom_interfaces/include/custom_interfaces/custom_interfaces/srv/detail/text_recognition__functions.h
[0.795s] -- Installing: /home/user/ros2_ws/src/install/custom_interfaces/include/custom_interfaces/custom_interfaces/srv/detail/text_recognition__functions.c
[0.795s] -- Installing: /home/user/ros2_ws/src/install/custom_interfaces/include/custom_interfaces/custom_interfaces/srv/detail/text_recognition__type_support.h
[0.796s] -- Installing: /home/user/ros2_ws/src/install/custom_interfaces/include/custom_interfaces/custom_interfaces/srv/detail/text_recognition__struct.h
[0.796s] -- Installing: /home/user/ros2_ws/src/install/custom_interfaces/include/custom_interfaces/custom_interfaces/srv/text_recognition.h
[0.796s] -- Installing: /home/user/ros2_ws/src/install/custom_interfaces/include/custom_interfaces/custom_interfaces/msg
[0.796s] -- Installing: /home/user/ros2_ws/src/install/custom_interfaces/include/custom_interfaces/custom_interfaces/msg/detail
[0.796s] -- Installing: /home/user/ros2_ws/src/install/custom_interfaces/include/custom_interfaces/custom_interfaces/msg/detail/rover_events__struct.h
[0.796s] -- Installing: /home/user/ros2_ws/src/install/custom_interfaces/include/custom_interfaces/custom_interfaces/msg/detail/rover_events__functions.c
[0.797s] -- Installing: /home/user/ros2_ws/src/install/custom_interfaces/include/custom_interfaces/custom_interfaces/msg/detail/rover_events__type_support.h
[0.797s] -- Installing: /home/user/ros2_ws/src/install/custom_interfaces/include/custom_interfaces/custom_interfaces/msg/detail/rover_events__functions.h
[0.797s] -- Installing: /home/user/ros2_ws/src/install/custom_interfaces/include/custom_interfaces/custom_interfaces/msg/rosidl_generator_c__visibility_control.h
[0.797s] -- Installing: /home/user/ros2_ws/src/install/custom_interfaces/include/custom_interfaces/custom_interfaces/msg/rover_events.h
[0.798s] -- Installing: /home/user/ros2_ws/src/install/custom_interfaces/share/custom_interfaces/environment/library_path.sh
[0.801s] -- Installing: /home/user/ros2_ws/src/install/custom_interfaces/share/custom_interfaces/environment/library_path.dsv
[0.801s] -- Installing: /home/user/ros2_ws/src/install/custom_interfaces/lib/libcustom_interfaces__rosidl_generator_c.so
[0.801s] -- Set runtime path of "/home/user/ros2_ws/src/install/custom_interfaces/lib/libcustom_interfaces__rosidl_generator_c.so" to ""
[0.801s] -- Up-to-date: /home/user/ros2_ws/src/install/custom_interfaces/include/custom_interfaces/custom_interfaces
[0.801s] -- Up-to-date: /home/user/ros2_ws/src/install/custom_interfaces/include/custom_interfaces/custom_interfaces/srv
[0.802s] -- Up-to-date: /home/user/ros2_ws/src/install/custom_interfaces/include/custom_interfaces/custom_interfaces/srv/detail
[0.802s] -- Installing: /home/user/ros2_ws/src/install/custom_interfaces/include/custom_interfaces/custom_interfaces/srv/detail/text_recognition__rosidl_typesupport_fastrtps_c.h
[0.802s] -- Up-to-date: /home/user/ros2_ws/src/install/custom_interfaces/include/custom_interfaces/custom_interfaces/msg
[0.802s] -- Up-to-date: /home/user/ros2_ws/src/install/custom_interfaces/include/custom_interfaces/custom_interfaces/msg/detail
[0.802s] -- Installing: /home/user/ros2_ws/src/install/custom_interfaces/include/custom_interfaces/custom_interfaces/msg/detail/rover_events__rosidl_typesupport_fastrtps_c.h
[0.802s] -- Installing: /home/user/ros2_ws/src/install/custom_interfaces/include/custom_interfaces/custom_interfaces/msg/rosidl_typesupport_fastrtps_c__visibility_control.h
[0.802s] -- Installing: /home/user/ros2_ws/src/install/custom_interfaces/lib/libcustom_interfaces__rosidl_typesupport_fastrtps_c.so
[0.802s] -- Set runtime path of "/home/user/ros2_ws/src/install/custom_interfaces/lib/libcustom_interfaces__rosidl_typesupport_fastrtps_c.so" to ""
[0.802s] -- Up-to-date: /home/user/ros2_ws/src/install/custom_interfaces/include/custom_interfaces/custom_interfaces
[0.803s] -- Up-to-date: /home/user/ros2_ws/src/install/custom_interfaces/include/custom_interfaces/custom_interfaces/srv
[0.803s] -- Up-to-date: /home/user/ros2_ws/src/install/custom_interfaces/include/custom_interfaces/custom_interfaces/srv/detail
[0.803s] -- Installing: /home/user/ros2_ws/src/install/custom_interfaces/include/custom_interfaces/custom_interfaces/srv/detail/text_recognition__struct.hpp
[0.803s] -- Installing: /home/user/ros2_ws/src/install/custom_interfaces/include/custom_interfaces/custom_interfaces/srv/detail/text_recognition__traits.hpp
[0.803s] -- Installing: /home/user/ros2_ws/src/install/custom_interfaces/include/custom_interfaces/custom_interfaces/srv/detail/text_recognition__builder.hpp
[0.803s] -- Installing: /home/user/ros2_ws/src/install/custom_interfaces/include/custom_interfaces/custom_interfaces/srv/text_recognition.hpp
[0.803s] -- Up-to-date: /home/user/ros2_ws/src/install/custom_interfaces/include/custom_interfaces/custom_interfaces/msg
[0.803s] -- Up-to-date: /home/user/ros2_ws/src/install/custom_interfaces/include/custom_interfaces/custom_interfaces/msg/detail
[0.803s] -- Installing: /home/user/ros2_ws/src/install/custom_interfaces/include/custom_interfaces/custom_interfaces/msg/detail/rover_events__traits.hpp
[0.804s] -- Installing: /home/user/ros2_ws/src/install/custom_interfaces/include/custom_interfaces/custom_interfaces/msg/detail/rover_events__builder.hpp
[0.804s] -- Installing: /home/user/ros2_ws/src/install/custom_interfaces/include/custom_interfaces/custom_interfaces/msg/detail/rover_events__struct.hpp
[0.804s] -- Installing: /home/user/ros2_ws/src/install/custom_interfaces/include/custom_interfaces/custom_interfaces/msg/rover_events.hpp
[0.804s] -- Up-to-date: /home/user/ros2_ws/src/install/custom_interfaces/include/custom_interfaces/custom_interfaces
[0.804s] -- Up-to-date: /home/user/ros2_ws/src/install/custom_interfaces/include/custom_interfaces/custom_interfaces/srv
[0.804s] -- Up-to-date: /home/user/ros2_ws/src/install/custom_interfaces/include/custom_interfaces/custom_interfaces/srv/detail
[0.804s] -- Installing: /home/user/ros2_ws/src/install/custom_interfaces/include/custom_interfaces/custom_interfaces/srv/detail/text_recognition__rosidl_typesupport_fastrtps_cpp.hpp
[0.804s] -- Installing: /home/user/ros2_ws/src/install/custom_interfaces/include/custom_interfaces/custom_interfaces/srv/detail/dds_fastrtps
[0.805s] -- Up-to-date: /home/user/ros2_ws/src/install/custom_interfaces/include/custom_interfaces/custom_interfaces/msg
[0.805s] -- Up-to-date: /home/user/ros2_ws/src/install/custom_interfaces/include/custom_interfaces/custom_interfaces/msg/detail
[0.805s] -- Installing: /home/user/ros2_ws/src/install/custom_interfaces/include/custom_interfaces/custom_interfaces/msg/detail/dds_fastrtps
[0.805s] -- Installing: /home/user/ros2_ws/src/install/custom_interfaces/include/custom_interfaces/custom_interfaces/msg/detail/rover_events__rosidl_typesupport_fastrtps_cpp.hpp
[0.805s] -- Installing: /home/user/ros2_ws/src/install/custom_interfaces/include/custom_interfaces/custom_interfaces/msg/rosidl_typesupport_fastrtps_cpp__visibility_control.h
[0.805s] -- Installing: /home/user/ros2_ws/src/install/custom_interfaces/lib/libcustom_interfaces__rosidl_typesupport_fastrtps_cpp.so
[0.806s] -- Set runtime path of "/home/user/ros2_ws/src/install/custom_interfaces/lib/libcustom_interfaces__rosidl_typesupport_fastrtps_cpp.so" to ""
[0.806s] -- Up-to-date: /home/user/ros2_ws/src/install/custom_interfaces/include/custom_interfaces/custom_interfaces
[0.806s] -- Up-to-date: /home/user/ros2_ws/src/install/custom_interfaces/include/custom_interfaces/custom_interfaces/srv
[0.806s] -- Up-to-date: /home/user/ros2_ws/src/install/custom_interfaces/include/custom_interfaces/custom_interfaces/srv/detail
[0.806s] -- Installing: /home/user/ros2_ws/src/install/custom_interfaces/include/custom_interfaces/custom_interfaces/srv/detail/text_recognition__rosidl_typesupport_introspection_c.h
[0.806s] -- Installing: /home/user/ros2_ws/src/install/custom_interfaces/include/custom_interfaces/custom_interfaces/srv/detail/text_recognition__type_support.c
[0.806s] -- Up-to-date: /home/user/ros2_ws/src/install/custom_interfaces/include/custom_interfaces/custom_interfaces/msg
[0.807s] -- Up-to-date: /home/user/ros2_ws/src/install/custom_interfaces/include/custom_interfaces/custom_interfaces/msg/detail
[0.807s] -- Installing: /home/user/ros2_ws/src/install/custom_interfaces/include/custom_interfaces/custom_interfaces/msg/detail/rover_events__type_support.c
[0.807s] -- Installing: /home/user/ros2_ws/src/install/custom_interfaces/include/custom_interfaces/custom_interfaces/msg/detail/rover_events__rosidl_typesupport_introspection_c.h
[0.807s] -- Installing: /home/user/ros2_ws/src/install/custom_interfaces/include/custom_interfaces/custom_interfaces/msg/rosidl_typesupport_introspection_c__visibility_control.h
[0.807s] -- Installing: /home/user/ros2_ws/src/install/custom_interfaces/lib/libcustom_interfaces__rosidl_typesupport_introspection_c.so
[0.807s] -- Set runtime path of "/home/user/ros2_ws/src/install/custom_interfaces/lib/libcustom_interfaces__rosidl_typesupport_introspection_c.so" to ""
[0.807s] -- Installing: /home/user/ros2_ws/src/install/custom_interfaces/lib/libcustom_interfaces__rosidl_typesupport_c.so
[0.808s] -- Set runtime path of "/home/user/ros2_ws/src/install/custom_interfaces/lib/libcustom_interfaces__rosidl_typesupport_c.so" to ""
[0.808s] -- Up-to-date: /home/user/ros2_ws/src/install/custom_interfaces/include/custom_interfaces/custom_interfaces
[0.808s] -- Up-to-date: /home/user/ros2_ws/src/install/custom_interfaces/include/custom_interfaces/custom_interfaces/srv
[0.808s] -- Up-to-date: /home/user/ros2_ws/src/install/custom_interfaces/include/custom_interfaces/custom_interfaces/srv/detail
[0.808s] -- Installing: /home/user/ros2_ws/src/install/custom_interfaces/include/custom_interfaces/custom_interfaces/srv/detail/text_recognition__rosidl_typesupport_introspection_cpp.hpp
[0.808s] -- Installing: /home/user/ros2_ws/src/install/custom_interfaces/include/custom_interfaces/custom_interfaces/srv/detail/text_recognition__type_support.cpp
[0.809s] -- Up-to-date: /home/user/ros2_ws/src/install/custom_interfaces/include/custom_interfaces/custom_interfaces/msg
[0.809s] -- Up-to-date: /home/user/ros2_ws/src/install/custom_interfaces/include/custom_interfaces/custom_interfaces/msg/detail
[0.809s] -- Installing: /home/user/ros2_ws/src/install/custom_interfaces/include/custom_interfaces/custom_interfaces/msg/detail/rover_events__type_support.cpp
[0.809s] -- Installing: /home/user/ros2_ws/src/install/custom_interfaces/include/custom_interfaces/custom_interfaces/msg/detail/rover_events__rosidl_typesupport_introspection_cpp.hpp
[0.809s] -- Installing: /home/user/ros2_ws/src/install/custom_interfaces/lib/libcustom_interfaces__rosidl_typesupport_introspection_cpp.so
[0.809s] -- Set runtime path of "/home/user/ros2_ws/src/install/custom_interfaces/lib/libcustom_interfaces__rosidl_typesupport_introspection_cpp.so" to ""
[0.809s] -- Installing: /home/user/ros2_ws/src/install/custom_interfaces/lib/libcustom_interfaces__rosidl_typesupport_cpp.so
[0.809s] -- Set runtime path of "/home/user/ros2_ws/src/install/custom_interfaces/lib/libcustom_interfaces__rosidl_typesupport_cpp.so" to ""
[0.810s] -- Installing: /home/user/ros2_ws/src/install/custom_interfaces/share/custom_interfaces/environment/pythonpath.sh
[0.810s] -- Installing: /home/user/ros2_ws/src/install/custom_interfaces/share/custom_interfaces/environment/pythonpath.dsv
[0.810s] -- Installing: /home/user/ros2_ws/src/install/custom_interfaces/local/lib/python3.10/dist-packages/custom_interfaces-0.0.0-py3.10.egg-info
[0.810s] -- Installing: /home/user/ros2_ws/src/install/custom_interfaces/local/lib/python3.10/dist-packages/custom_interfaces-0.0.0-py3.10.egg-info/PKG-INFO
[0.810s] -- Installing: /home/user/ros2_ws/src/install/custom_interfaces/local/lib/python3.10/dist-packages/custom_interfaces-0.0.0-py3.10.egg-info/top_level.txt
[0.810s] -- Installing: /home/user/ros2_ws/src/install/custom_interfaces/local/lib/python3.10/dist-packages/custom_interfaces-0.0.0-py3.10.egg-info/SOURCES.txt
[0.810s] -- Installing: /home/user/ros2_ws/src/install/custom_interfaces/local/lib/python3.10/dist-packages/custom_interfaces-0.0.0-py3.10.egg-info/dependency_links.txt
[0.810s] -- Installing: /home/user/ros2_ws/src/install/custom_interfaces/local/lib/python3.10/dist-packages/custom_interfaces
[0.810s] -- Installing: /home/user/ros2_ws/src/install/custom_interfaces/local/lib/python3.10/dist-packages/custom_interfaces/srv
[0.810s] -- Installing: /home/user/ros2_ws/src/install/custom_interfaces/local/lib/python3.10/dist-packages/custom_interfaces/srv/_text_recognition_s.c
[0.810s] -- Installing: /home/user/ros2_ws/src/install/custom_interfaces/local/lib/python3.10/dist-packages/custom_interfaces/srv/_text_recognition.py
[0.810s] -- Installing: /home/user/ros2_ws/src/install/custom_interfaces/local/lib/python3.10/dist-packages/custom_interfaces/srv/__init__.py
[0.810s] -- Installing: /home/user/ros2_ws/src/install/custom_interfaces/local/lib/python3.10/dist-packages/custom_interfaces/custom_interfaces_s__rosidl_typesupport_introspection_c.cpython-310-x86_64-linux-gnu.so
[0.810s] -- Installing: /home/user/ros2_ws/src/install/custom_interfaces/local/lib/python3.10/dist-packages/custom_interfaces/msg
[0.811s] -- Installing: /home/user/ros2_ws/src/install/custom_interfaces/local/lib/python3.10/dist-packages/custom_interfaces/msg/_rover_events.py
[0.811s] -- Installing: /home/user/ros2_ws/src/install/custom_interfaces/local/lib/python3.10/dist-packages/custom_interfaces/msg/__init__.py
[0.811s] -- Installing: /home/user/ros2_ws/src/install/custom_interfaces/local/lib/python3.10/dist-packages/custom_interfaces/msg/_rover_events_s.c
[0.811s] -- Installing: /home/user/ros2_ws/src/install/custom_interfaces/local/lib/python3.10/dist-packages/custom_interfaces/_custom_interfaces_s.ep.rosidl_typesupport_introspection_c.c
[0.811s] -- Installing: /home/user/ros2_ws/src/install/custom_interfaces/local/lib/python3.10/dist-packages/custom_interfaces/libcustom_interfaces__rosidl_generator_py.so
[0.811s] -- Installing: /home/user/ros2_ws/src/install/custom_interfaces/local/lib/python3.10/dist-packages/custom_interfaces/_custom_interfaces_s.ep.rosidl_typesupport_c.c
[0.811s] -- Installing: /home/user/ros2_ws/src/install/custom_interfaces/local/lib/python3.10/dist-packages/custom_interfaces/__init__.py
[0.811s] -- Installing: /home/user/ros2_ws/src/install/custom_interfaces/local/lib/python3.10/dist-packages/custom_interfaces/custom_interfaces_s__rosidl_typesupport_c.cpython-310-x86_64-linux-gnu.so
[0.812s] -- Installing: /home/user/ros2_ws/src/install/custom_interfaces/local/lib/python3.10/dist-packages/custom_interfaces/_custom_interfaces_s.ep.rosidl_typesupport_fastrtps_c.c
[0.812s] -- Installing: /home/user/ros2_ws/src/install/custom_interfaces/local/lib/python3.10/dist-packages/custom_interfaces/custom_interfaces_s__rosidl_typesupport_fastrtps_c.cpython-310-x86_64-linux-gnu.so
[0.852s] Listing '/home/user/ros2_ws/src/install/custom_interfaces/local/lib/python3.10/dist-packages/custom_interfaces'...
[0.852s] Compiling '/home/user/ros2_ws/src/install/custom_interfaces/local/lib/python3.10/dist-packages/custom_interfaces/__init__.py'...
[0.852s] Listing '/home/user/ros2_ws/src/install/custom_interfaces/local/lib/python3.10/dist-packages/custom_interfaces/msg'...
[0.852s] Compiling '/home/user/ros2_ws/src/install/custom_interfaces/local/lib/python3.10/dist-packages/custom_interfaces/msg/__init__.py'...
[0.852s] Compiling '/home/user/ros2_ws/src/install/custom_interfaces/local/lib/python3.10/dist-packages/custom_interfaces/msg/_rover_events.py'...
[0.852s] Listing '/home/user/ros2_ws/src/install/custom_interfaces/local/lib/python3.10/dist-packages/custom_interfaces/srv'...
[0.852s] Compiling '/home/user/ros2_ws/src/install/custom_interfaces/local/lib/python3.10/dist-packages/custom_interfaces/srv/__init__.py'...
[0.852s] Compiling '/home/user/ros2_ws/src/install/custom_interfaces/local/lib/python3.10/dist-packages/custom_interfaces/srv/_text_recognition.py'...
[0.856s] -- Installing: /home/user/ros2_ws/src/install/custom_interfaces/local/lib/python3.10/dist-packages/custom_interfaces/custom_interfaces_s__rosidl_typesupport_fastrtps_c.cpython-310-x86_64-linux-gnu.so
[0.857s] -- Set runtime path of "/home/user/ros2_ws/src/install/custom_interfaces/local/lib/python3.10/dist-packages/custom_interfaces/custom_interfaces_s__rosidl_typesupport_fastrtps_c.cpython-310-x86_64-linux-gnu.so" to ""
[0.857s] -- Installing: /home/user/ros2_ws/src/install/custom_interfaces/local/lib/python3.10/dist-packages/custom_interfaces/custom_interfaces_s__rosidl_typesupport_introspection_c.cpython-310-x86_64-linux-gnu.so
[0.857s] -- Set runtime path of "/home/user/ros2_ws/src/install/custom_interfaces/local/lib/python3.10/dist-packages/custom_interfaces/custom_interfaces_s__rosidl_typesupport_introspection_c.cpython-310-x86_64-linux-gnu.so" to ""
[0.857s] -- Installing: /home/user/ros2_ws/src/install/custom_interfaces/local/lib/python3.10/dist-packages/custom_interfaces/custom_interfaces_s__rosidl_typesupport_c.cpython-310-x86_64-linux-gnu.so
[0.858s] -- Set runtime path of "/home/user/ros2_ws/src/install/custom_interfaces/local/lib/python3.10/dist-packages/custom_interfaces/custom_interfaces_s__rosidl_typesupport_c.cpython-310-x86_64-linux-gnu.so" to ""
[0.858s] -- Installing: /home/user/ros2_ws/src/install/custom_interfaces/lib/libcustom_interfaces__rosidl_generator_py.so
[0.858s] -- Set runtime path of "/home/user/ros2_ws/src/install/custom_interfaces/lib/libcustom_interfaces__rosidl_generator_py.so" to ""
[0.858s] -- Installing: /home/user/ros2_ws/src/install/custom_interfaces/share/custom_interfaces/msg/RoverEvents.idl
[0.858s] -- Installing: /home/user/ros2_ws/src/install/custom_interfaces/share/custom_interfaces/srv/TextRecognition.idl
[0.859s] -- Installing: /home/user/ros2_ws/src/install/custom_interfaces/share/custom_interfaces/msg/RoverEvents.msg
[0.859s] -- Installing: /home/user/ros2_ws/src/install/custom_interfaces/share/custom_interfaces/srv/TextRecognition.srv
[0.859s] -- Installing: /home/user/ros2_ws/src/install/custom_interfaces/share/custom_interfaces/srv/TextRecognition_Request.msg
[0.859s] -- Installing: /home/user/ros2_ws/src/install/custom_interfaces/share/custom_interfaces/srv/TextRecognition_Response.msg
[0.859s] -- Installing: /home/user/ros2_ws/src/install/custom_interfaces/share/ament_index/resource_index/package_run_dependencies/custom_interfaces
[0.859s] -- Installing: /home/user/ros2_ws/src/install/custom_interfaces/share/ament_index/resource_index/parent_prefix_path/custom_interfaces
[0.860s] -- Installing: /home/user/ros2_ws/src/install/custom_interfaces/share/custom_interfaces/environment/ament_prefix_path.sh
[0.860s] -- Installing: /home/user/ros2_ws/src/install/custom_interfaces/share/custom_interfaces/environment/ament_prefix_path.dsv
[0.860s] -- Installing: /home/user/ros2_ws/src/install/custom_interfaces/share/custom_interfaces/environment/path.sh
[0.860s] -- Installing: /home/user/ros2_ws/src/install/custom_interfaces/share/custom_interfaces/environment/path.dsv
[0.860s] -- Installing: /home/user/ros2_ws/src/install/custom_interfaces/share/custom_interfaces/local_setup.bash
[0.860s] -- Installing: /home/user/ros2_ws/src/install/custom_interfaces/share/custom_interfaces/local_setup.sh
[0.860s] -- Installing: /home/user/ros2_ws/src/install/custom_interfaces/share/custom_interfaces/local_setup.zsh
[0.861s] -- Installing: /home/user/ros2_ws/src/install/custom_interfaces/share/custom_interfaces/local_setup.dsv
[0.861s] -- Installing: /home/user/ros2_ws/src/install/custom_interfaces/share/custom_interfaces/package.dsv
[0.861s] -- Installing: /home/user/ros2_ws/src/install/custom_interfaces/share/ament_index/resource_index/packages/custom_interfaces
[0.861s] -- Installing: /home/user/ros2_ws/src/install/custom_interfaces/share/custom_interfaces/cmake/export_custom_interfaces__rosidl_generator_cExport.cmake
[0.861s] -- Installing: /home/user/ros2_ws/src/install/custom_interfaces/share/custom_interfaces/cmake/export_custom_interfaces__rosidl_generator_cExport-noconfig.cmake
[0.862s] -- Installing: /home/user/ros2_ws/src/install/custom_interfaces/share/custom_interfaces/cmake/export_custom_interfaces__rosidl_typesupport_fastrtps_cExport.cmake
[0.862s] -- Installing: /home/user/ros2_ws/src/install/custom_interfaces/share/custom_interfaces/cmake/export_custom_interfaces__rosidl_typesupport_fastrtps_cExport-noconfig.cmake
[0.862s] -- Installing: /home/user/ros2_ws/src/install/custom_interfaces/share/custom_interfaces/cmake/export_custom_interfaces__rosidl_generator_cppExport.cmake
[0.862s] -- Installing: /home/user/ros2_ws/src/install/custom_interfaces/share/custom_interfaces/cmake/export_custom_interfaces__rosidl_typesupport_fastrtps_cppExport.cmake
[0.862s] -- Installing: /home/user/ros2_ws/src/install/custom_interfaces/share/custom_interfaces/cmake/export_custom_interfaces__rosidl_typesupport_fastrtps_cppExport-noconfig.cmake
[0.862s] -- Installing: /home/user/ros2_ws/src/install/custom_interfaces/share/custom_interfaces/cmake/custom_interfaces__rosidl_typesupport_introspection_cExport.cmake
[0.862s] -- Installing: /home/user/ros2_ws/src/install/custom_interfaces/share/custom_interfaces/cmake/custom_interfaces__rosidl_typesupport_introspection_cExport-noconfig.cmake
[0.863s] -- Installing: /home/user/ros2_ws/src/install/custom_interfaces/share/custom_interfaces/cmake/custom_interfaces__rosidl_typesupport_cExport.cmake
[0.863s] -- Installing: /home/user/ros2_ws/src/install/custom_interfaces/share/custom_interfaces/cmake/custom_interfaces__rosidl_typesupport_cExport-noconfig.cmake
[0.863s] -- Installing: /home/user/ros2_ws/src/install/custom_interfaces/share/custom_interfaces/cmake/custom_interfaces__rosidl_typesupport_introspection_cppExport.cmake
[0.863s] -- Installing: /home/user/ros2_ws/src/install/custom_interfaces/share/custom_interfaces/cmake/custom_interfaces__rosidl_typesupport_introspection_cppExport-noconfig.cmake
[0.864s] -- Installing: /home/user/ros2_ws/src/install/custom_interfaces/share/custom_interfaces/cmake/custom_interfaces__rosidl_typesupport_cppExport.cmake
[0.864s] -- Installing: /home/user/ros2_ws/src/install/custom_interfaces/share/custom_interfaces/cmake/custom_interfaces__rosidl_typesupport_cppExport-noconfig.cmake
[0.864s] -- Installing: /home/user/ros2_ws/src/install/custom_interfaces/share/custom_interfaces/cmake/export_custom_interfaces__rosidl_generator_pyExport.cmake
[0.864s] -- Installing: /home/user/ros2_ws/src/install/custom_interfaces/share/custom_interfaces/cmake/export_custom_interfaces__rosidl_generator_pyExport-noconfig.cmake
[0.864s] -- Installing: /home/user/ros2_ws/src/install/custom_interfaces/share/custom_interfaces/cmake/rosidl_cmake-extras.cmake
[0.864s] -- Installing: /home/user/ros2_ws/src/install/custom_interfaces/share/custom_interfaces/cmake/ament_cmake_export_dependencies-extras.cmake
[0.864s] -- Installing: /home/user/ros2_ws/src/install/custom_interfaces/share/custom_interfaces/cmake/ament_cmake_export_include_directories-extras.cmake
[0.864s] -- Installing: /home/user/ros2_ws/src/install/custom_interfaces/share/custom_interfaces/cmake/ament_cmake_export_libraries-extras.cmake
[0.864s] -- Installing: /home/user/ros2_ws/src/install/custom_interfaces/share/custom_interfaces/cmake/ament_cmake_export_targets-extras.cmake
[0.865s] -- Installing: /home/user/ros2_ws/src/install/custom_interfaces/share/custom_interfaces/cmake/rosidl_cmake_export_typesupport_targets-extras.cmake
[0.865s] -- Installing: /home/user/ros2_ws/src/install/custom_interfaces/share/custom_interfaces/cmake/rosidl_cmake_export_typesupport_libraries-extras.cmake
[0.865s] -- Installing: /home/user/ros2_ws/src/install/custom_interfaces/share/custom_interfaces/cmake/custom_interfacesConfig.cmake
[0.865s] -- Installing: /home/user/ros2_ws/src/install/custom_interfaces/share/custom_interfaces/cmake/custom_interfacesConfig-version.cmake
[0.865s] -- Installing: /home/user/ros2_ws/src/install/custom_interfaces/share/custom_interfaces/package.xml
[0.868s] Invoked command in '/home/user/ros2_ws/src/build/custom_interfaces' returned '0': CMAKE_PREFIX_PATH=${CMAKE_PREFIX_PATH}:/home/simulations/ros2_sims_ws/install/tracetools_test:/home/simulations/ros2_sims_ws/install/tracetools_launch:/home/simulations/ros2_sims_ws/install/ros2trace:/home/simulations/ros2_sims_ws/install/tracetools_trace:/home/simulations/ros2_sims_ws/install/ros2trace_analysis:/home/simulations/ros2_sims_ws/install/tracetools_analysis:/home/simulations/ros2_sims_ws/install/tracetools_read:/home/simulations/ros2_sims_ws/install/test_tracetools_launch:/opt/ros/humble:/home/simulations/ros2_sims_ws/install/robot_description _=/usr/bin/env /usr/bin/cmake --install /home/user/ros2_ws/src/build/custom_interfaces
