[35m[1mConsolidate compiler generated dependencies of target turn_s_client_executable[0m
[35m[1mConsolidate compiler generated dependencies of target turn_s_server_executable[0m
[ 25%] [32mBuilding CXX object CMakeFiles/turn_s_client_executable.dir/src/turn_s_client.cpp.o[0m
[ 50%] [32mBuilding CXX object CMakeFiles/turn_s_server_executable.dir/src/turn_s_server.cpp.o[0m
In file included from [01m[K/opt/ros/humble/include/rclcpp/rclcpp/logging.hpp:24[m[K,
                 from [01m[K/opt/ros/humble/include/rclcpp/rclcpp/client.hpp:40[m[K,
                 from [01m[K/opt/ros/humble/include/rclcpp/rclcpp/callback_group.hpp:24[m[K,
                 from [01m[K/opt/ros/humble/include/rclcpp/rclcpp/any_executable.hpp:20[m[K,
                 from [01m[K/opt/ros/humble/include/rclcpp/rclcpp/memory_strategy.hpp:25[m[K,
                 from [01m[K/opt/ros/humble/include/rclcpp/rclcpp/memory_strategies.hpp:18[m[K,
                 from [01m[K/opt/ros/humble/include/rclcpp/rclcpp/executor_options.hpp:20[m[K,
                 from [01m[K/opt/ros/humble/include/rclcpp/rclcpp/executor.hpp:37[m[K,
                 from [01m[K/opt/ros/humble/include/rclcpp/rclcpp/executors/multi_threaded_executor.hpp:25[m[K,
                 from [01m[K/opt/ros/humble/include/rclcpp/rclcpp/executors.hpp:21[m[K,
                 from [01m[K/home/user/ros2_ws/src/services_quiz/src/turn_s_server.cpp:1[m[K:
[01m[K/home/user/ros2_ws/src/services_quiz/src/turn_s_server.cpp:[m[K In member function '[01m[Kvoid TurnServiceServer::handle_turn_request(std::shared_ptr<services_quiz_srv::srv::Turn_Request_<std::allocator<void> > >, std::shared_ptr<services_quiz_srv::srv::Turn_Response_<std::allocator<void> > >)[m[K':
[01m[K/home/user/ros2_ws/src/services_quiz/src/turn_s_server.cpp:29:41:[m[K [01;35m[Kwarning: [m[Kformat '[01m[K%s[m[K' expects argument of type '[01m[Kchar*[m[K', but argument 5 has type '[01m[Kservices_quiz_srv::srv::Turn_Request_<std::allocator<void> >::_direction_type[m[K' {aka '[01m[Kstd::__cxx11::basic_string<char>[m[K'} [[01;35m[K]8;;https://gcc.gnu.org/onlinedocs/gcc/Warning-Options.html#index-Wformat=-Wformat=]8;;[m[K]
   29 |         RCLCPP_INFO(this->get_logger(), [01;35m[K"Handle Turn Service Request %s %f %f"[m[K,
      |                                         [01;35m[K^~~~~~~~~~~~~~~~~~~~~~~~~~~~~~~~~~~~~~[m[K
[01m[K/home/user/ros2_ws/src/services_quiz/src/turn_s_server.cpp:29:71:[m[K [01;36m[Knote: [m[Kformat string is defined here
   29 |         RCLCPP_INFO(this->get_logger(), "Handle Turn Service Request [01;36m[K%s[m[K %f %f",
      |                                                                      [01;36m[K~^[m[K
      |                                                                       [01;36m[K|[m[K
      |                                                                       [01;36m[Kchar*[m[K
[01m[K/home/user/ros2_ws/src/services_quiz/src/turn_s_server.cpp:27:65:[m[K [01;35m[Kwarning: [m[Kunused parameter '[01m[Kresponse[m[K' [[01;35m[K]8;;https://gcc.gnu.org/onlinedocs/gcc/Warning-Options.html#index-Wunused-parameter-Wunused-parameter]8;;[m[K]
   27 |         [01;35m[Kstd::shared_ptr<services_quiz_srv::srv::Turn::Response> response[m[K) {
      |         [01;35m[K~~~~~~~~~~~~~~~~~~~~~~~~~~~~~~~~~~~~~~~~~~~~~~~~~~~~~~~~^~~~~~~~[m[K
[ 75%] [32m[1mLinking CXX executable turn_s_server_executable[0m
[100%] [32m[1mLinking CXX executable turn_s_client_executable[0m
[100%] Built target turn_s_server_executable
[100%] Built target turn_s_client_executable
-- Install configuration: ""
-- Installing: /home/user/ros2_ws/src/install/services_quiz/lib/services_quiz/turn_s_client_executable
-- Set runtime path of "/home/user/ros2_ws/src/install/services_quiz/lib/services_quiz/turn_s_client_executable" to ""
-- Installing: /home/user/ros2_ws/src/install/services_quiz/lib/services_quiz/turn_s_server_executable
-- Set runtime path of "/home/user/ros2_ws/src/install/services_quiz/lib/services_quiz/turn_s_server_executable" to ""
-- Up-to-date: /home/user/ros2_ws/src/install/services_quiz/share/ament_index/resource_index/package_run_dependencies/services_quiz
-- Up-to-date: /home/user/ros2_ws/src/install/services_quiz/share/ament_index/resource_index/parent_prefix_path/services_quiz
-- Up-to-date: /home/user/ros2_ws/src/install/services_quiz/share/services_quiz/environment/ament_prefix_path.sh
-- Up-to-date: /home/user/ros2_ws/src/install/services_quiz/share/services_quiz/environment/ament_prefix_path.dsv
-- Up-to-date: /home/user/ros2_ws/src/install/services_quiz/share/services_quiz/environment/path.sh
-- Up-to-date: /home/user/ros2_ws/src/install/services_quiz/share/services_quiz/environment/path.dsv
-- Up-to-date: /home/user/ros2_ws/src/install/services_quiz/share/services_quiz/local_setup.bash
-- Up-to-date: /home/user/ros2_ws/src/install/services_quiz/share/services_quiz/local_setup.sh
-- Up-to-date: /home/user/ros2_ws/src/install/services_quiz/share/services_quiz/local_setup.zsh
-- Up-to-date: /home/user/ros2_ws/src/install/services_quiz/share/services_quiz/local_setup.dsv
-- Installing: /home/user/ros2_ws/src/install/services_quiz/share/services_quiz/package.dsv
-- Up-to-date: /home/user/ros2_ws/src/install/services_quiz/share/ament_index/resource_index/packages/services_quiz
-- Up-to-date: /home/user/ros2_ws/src/install/services_quiz/share/services_quiz/cmake/services_quizConfig.cmake
-- Up-to-date: /home/user/ros2_ws/src/install/services_quiz/share/services_quiz/cmake/services_quizConfig-version.cmake
-- Up-to-date: /home/user/ros2_ws/src/install/services_quiz/share/services_quiz/package.xml
