[3.757s] DEBUG:colcon:Command line arguments: ['/usr/bin/colcon', 'build']
[3.757s] DEBUG:colcon:Parsed command line arguments: Namespace(log_base=None, log_level=None, verb_name='build', build_base='build', install_base='install', merge_install=False, symlink_install=False, test_result_base=None, continue_on_error=False, executor='parallel', parallel_workers=8, event_handlers=None, ignore_user_meta=False, metas=['./colcon.meta'], base_paths=['.'], packages_ignore=None, packages_ignore_regex=None, paths=None, packages_up_to=None, packages_up_to_regex=None, packages_above=None, packages_above_and_dependencies=None, packages_above_depth=None, packages_select_by_dep=None, packages_skip_by_dep=None, packages_skip_up_to=None, packages_select_build_failed=False, packages_skip_build_finished=False, packages_select_test_failures=False, packages_skip_test_passed=False, packages_select=None, packages_skip=None, packages_select_regex=None, packages_skip_regex=None, packages_start=None, packages_end=None, lookup_in_workspace=False, cargo_args=None, clean_build=False, cmake_args=None, cmake_target=None, cmake_target_skip_unavailable=False, cmake_clean_cache=False, cmake_clean_first=False, cmake_force_configure=False, ament_cmake_args=None, catkin_cmake_args=None, catkin_skip_building_tests=False, mixin_files=None, mixin=None, verb_parser=<colcon_mixin.mixin.mixin_argument.MixinArgumentDecorator object at 0x7f2870dd9cc0>, verb_extension=<colcon_core.verb.build.BuildVerb object at 0x7f2870dd9150>, main=<bound method BuildVerb.main of <colcon_core.verb.build.BuildVerb object at 0x7f2870dd9150>>, mixin_verb=('build',))
[15.899s] Level 1:colcon.colcon_core.package_discovery:discover_packages(colcon_meta) check parameters
[15.899s] Level 1:colcon.colcon_core.package_discovery:discover_packages(recursive) check parameters
[15.899s] Level 1:colcon.colcon_core.package_discovery:discover_packages(ignore) check parameters
[15.899s] Level 1:colcon.colcon_core.package_discovery:discover_packages(path) check parameters
[15.899s] Level 1:colcon.colcon_core.package_discovery:discover_packages(colcon_meta) discover
[15.900s] Level 1:colcon.colcon_core.package_discovery:discover_packages(recursive) discover
[15.900s] INFO:colcon.colcon_core.package_discovery:Crawling recursively for packages in '/home/user/ros2_ws/src'
[15.900s] Level 1:colcon.colcon_core.package_identification:_identify(.) by extensions ['ignore', 'ignore_ament_install']
[15.900s] Level 1:colcon.colcon_core.package_identification:_identify(.) by extension 'ignore'
[15.900s] Level 1:colcon.colcon_core.package_identification:_identify(.) by extension 'ignore_ament_install'
[15.900s] Level 1:colcon.colcon_core.package_identification:_identify(.) by extensions ['colcon_pkg']
[15.900s] Level 1:colcon.colcon_core.package_identification:_identify(.) by extension 'colcon_pkg'
[15.900s] Level 1:colcon.colcon_core.package_identification:_identify(.) by extensions ['colcon_meta']
[15.900s] Level 1:colcon.colcon_core.package_identification:_identify(.) by extension 'colcon_meta'
[15.900s] Level 1:colcon.colcon_core.package_identification:_identify(.) by extensions ['ament_cargo']
[15.900s] Level 1:colcon.colcon_core.package_identification:_identify(.) by extension 'ament_cargo'
[15.900s] Level 1:colcon.colcon_core.package_identification:_identify(.) by extensions ['ros']
[15.900s] Level 1:colcon.colcon_core.package_identification:_identify(.) by extension 'ros'
[15.922s] Level 1:colcon.colcon_core.package_identification:_identify(.) by extensions ['cargo', 'cmake', 'python']
[15.922s] Level 1:colcon.colcon_core.package_identification:_identify(.) by extension 'cargo'
[15.922s] Level 1:colcon.colcon_core.package_identification:_identify(.) by extension 'cmake'
[15.922s] Level 1:colcon.colcon_core.package_identification:_identify(.) by extension 'python'
[15.922s] Level 1:colcon.colcon_core.package_identification:_identify(.) by extensions ['python_setup_py']
[15.922s] Level 1:colcon.colcon_core.package_identification:_identify(.) by extension 'python_setup_py'
[15.922s] Level 1:colcon.colcon_core.package_identification:_identify(basic_ros2_extra_files) by extensions ['ignore', 'ignore_ament_install']
[15.922s] Level 1:colcon.colcon_core.package_identification:_identify(basic_ros2_extra_files) by extension 'ignore'
[15.922s] Level 1:colcon.colcon_core.package_identification:_identify(basic_ros2_extra_files) by extension 'ignore_ament_install'
[15.922s] Level 1:colcon.colcon_core.package_identification:_identify(basic_ros2_extra_files) by extensions ['colcon_pkg']
[15.922s] Level 1:colcon.colcon_core.package_identification:_identify(basic_ros2_extra_files) by extension 'colcon_pkg'
[15.922s] Level 1:colcon.colcon_core.package_identification:_identify(basic_ros2_extra_files) by extensions ['colcon_meta']
[15.922s] Level 1:colcon.colcon_core.package_identification:_identify(basic_ros2_extra_files) by extension 'colcon_meta'
[15.922s] Level 1:colcon.colcon_core.package_identification:_identify(basic_ros2_extra_files) by extensions ['ament_cargo']
[15.922s] Level 1:colcon.colcon_core.package_identification:_identify(basic_ros2_extra_files) by extension 'ament_cargo'
[15.922s] Level 1:colcon.colcon_core.package_identification:_identify(basic_ros2_extra_files) by extensions ['ros']
[15.922s] Level 1:colcon.colcon_core.package_identification:_identify(basic_ros2_extra_files) by extension 'ros'
[15.922s] Level 1:colcon.colcon_core.package_identification:_identify(basic_ros2_extra_files) by extensions ['cargo', 'cmake', 'python']
[15.922s] Level 1:colcon.colcon_core.package_identification:_identify(basic_ros2_extra_files) by extension 'cargo'
[15.923s] Level 1:colcon.colcon_core.package_identification:_identify(basic_ros2_extra_files) by extension 'cmake'
[15.923s] Level 1:colcon.colcon_core.package_identification:_identify(basic_ros2_extra_files) by extension 'python'
[15.923s] Level 1:colcon.colcon_core.package_identification:_identify(basic_ros2_extra_files) by extensions ['python_setup_py']
[15.923s] Level 1:colcon.colcon_core.package_identification:_identify(basic_ros2_extra_files) by extension 'python_setup_py'
[15.923s] Level 1:colcon.colcon_core.package_identification:_identify(basic_ros2_extra_files/plant_detector) by extensions ['ignore', 'ignore_ament_install']
[15.923s] Level 1:colcon.colcon_core.package_identification:_identify(basic_ros2_extra_files/plant_detector) by extension 'ignore'
[15.923s] Level 1:colcon.colcon_core.package_identification:_identify(basic_ros2_extra_files/plant_detector) by extension 'ignore_ament_install'
[15.923s] Level 1:colcon.colcon_core.package_identification:_identify(basic_ros2_extra_files/plant_detector) by extensions ['colcon_pkg']
[15.923s] Level 1:colcon.colcon_core.package_identification:_identify(basic_ros2_extra_files/plant_detector) by extension 'colcon_pkg'
[15.923s] Level 1:colcon.colcon_core.package_identification:_identify(basic_ros2_extra_files/plant_detector) by extensions ['colcon_meta']
[15.923s] Level 1:colcon.colcon_core.package_identification:_identify(basic_ros2_extra_files/plant_detector) by extension 'colcon_meta'
[15.923s] Level 1:colcon.colcon_core.package_identification:_identify(basic_ros2_extra_files/plant_detector) by extensions ['ament_cargo']
[15.923s] Level 1:colcon.colcon_core.package_identification:_identify(basic_ros2_extra_files/plant_detector) by extension 'ament_cargo'
[15.923s] Level 1:colcon.colcon_core.package_identification:_identify(basic_ros2_extra_files/plant_detector) by extensions ['ros']
[15.923s] Level 1:colcon.colcon_core.package_identification:_identify(basic_ros2_extra_files/plant_detector) by extension 'ros'
[15.923s] Level 1:colcon.colcon_core.package_identification:_identify(basic_ros2_extra_files/plant_detector) by extensions ['cargo', 'cmake', 'python']
[15.923s] Level 1:colcon.colcon_core.package_identification:_identify(basic_ros2_extra_files/plant_detector) by extension 'cargo'
[15.923s] Level 1:colcon.colcon_core.package_identification:_identify(basic_ros2_extra_files/plant_detector) by extension 'cmake'
[15.923s] Level 1:colcon.colcon_core.package_identification:_identify(basic_ros2_extra_files/plant_detector) by extension 'python'
[15.923s] Level 1:colcon.colcon_core.package_identification:_identify(basic_ros2_extra_files/plant_detector) by extensions ['python_setup_py']
[15.923s] Level 1:colcon.colcon_core.package_identification:_identify(basic_ros2_extra_files/plant_detector) by extension 'python_setup_py'
[15.924s] Level 1:colcon.colcon_core.package_identification:_identify(basic_ros2_extra_files/text_detector) by extensions ['ignore', 'ignore_ament_install']
[15.924s] Level 1:colcon.colcon_core.package_identification:_identify(basic_ros2_extra_files/text_detector) by extension 'ignore'
[15.924s] Level 1:colcon.colcon_core.package_identification:_identify(basic_ros2_extra_files/text_detector) by extension 'ignore_ament_install'
[15.924s] Level 1:colcon.colcon_core.package_identification:_identify(basic_ros2_extra_files/text_detector) by extensions ['colcon_pkg']
[15.924s] Level 1:colcon.colcon_core.package_identification:_identify(basic_ros2_extra_files/text_detector) by extension 'colcon_pkg'
[15.924s] Level 1:colcon.colcon_core.package_identification:_identify(basic_ros2_extra_files/text_detector) by extensions ['colcon_meta']
[15.924s] Level 1:colcon.colcon_core.package_identification:_identify(basic_ros2_extra_files/text_detector) by extension 'colcon_meta'
[15.924s] Level 1:colcon.colcon_core.package_identification:_identify(basic_ros2_extra_files/text_detector) by extensions ['ament_cargo']
[15.924s] Level 1:colcon.colcon_core.package_identification:_identify(basic_ros2_extra_files/text_detector) by extension 'ament_cargo'
[15.924s] Level 1:colcon.colcon_core.package_identification:_identify(basic_ros2_extra_files/text_detector) by extensions ['ros']
[15.924s] Level 1:colcon.colcon_core.package_identification:_identify(basic_ros2_extra_files/text_detector) by extension 'ros'
[15.924s] Level 1:colcon.colcon_core.package_identification:_identify(basic_ros2_extra_files/text_detector) by extensions ['cargo', 'cmake', 'python']
[15.924s] Level 1:colcon.colcon_core.package_identification:_identify(basic_ros2_extra_files/text_detector) by extension 'cargo'
[15.924s] Level 1:colcon.colcon_core.package_identification:_identify(basic_ros2_extra_files/text_detector) by extension 'cmake'
[15.924s] Level 1:colcon.colcon_core.package_identification:_identify(basic_ros2_extra_files/text_detector) by extension 'python'
[15.924s] Level 1:colcon.colcon_core.package_identification:_identify(basic_ros2_extra_files/text_detector) by extensions ['python_setup_py']
[15.924s] Level 1:colcon.colcon_core.package_identification:_identify(basic_ros2_extra_files/text_detector) by extension 'python_setup_py'
[15.924s] Level 1:colcon.colcon_core.package_identification:_identify(build) by extensions ['ignore', 'ignore_ament_install']
[15.924s] Level 1:colcon.colcon_core.package_identification:_identify(build) by extension 'ignore'
[15.924s] Level 1:colcon.colcon_core.package_identification:_identify(build) ignored
[15.925s] Level 1:colcon.colcon_core.package_identification:_identify(custom_interfaces) by extensions ['ignore', 'ignore_ament_install']
[15.925s] Level 1:colcon.colcon_core.package_identification:_identify(custom_interfaces) by extension 'ignore'
[15.925s] Level 1:colcon.colcon_core.package_identification:_identify(custom_interfaces) by extension 'ignore_ament_install'
[15.925s] Level 1:colcon.colcon_core.package_identification:_identify(custom_interfaces) by extensions ['colcon_pkg']
[15.925s] Level 1:colcon.colcon_core.package_identification:_identify(custom_interfaces) by extension 'colcon_pkg'
[15.925s] Level 1:colcon.colcon_core.package_identification:_identify(custom_interfaces) by extensions ['colcon_meta']
[15.925s] Level 1:colcon.colcon_core.package_identification:_identify(custom_interfaces) by extension 'colcon_meta'
[15.925s] Level 1:colcon.colcon_core.package_identification:_identify(custom_interfaces) by extensions ['ament_cargo']
[15.925s] Level 1:colcon.colcon_core.package_identification:_identify(custom_interfaces) by extension 'ament_cargo'
[15.925s] Level 1:colcon.colcon_core.package_identification:_identify(custom_interfaces) by extensions ['ros']
[15.925s] Level 1:colcon.colcon_core.package_identification:_identify(custom_interfaces) by extension 'ros'
[15.930s] DEBUG:colcon.colcon_core.package_identification:Package 'custom_interfaces' with type 'ros.ament_cmake' and name 'custom_interfaces'
[15.930s] Level 1:colcon.colcon_core.package_identification:_identify(install) by extensions ['ignore', 'ignore_ament_install']
[15.930s] Level 1:colcon.colcon_core.package_identification:_identify(install) by extension 'ignore'
[15.930s] Level 1:colcon.colcon_core.package_identification:_identify(install) ignored
[15.930s] Level 1:colcon.colcon_core.package_identification:_identify(log) by extensions ['ignore', 'ignore_ament_install']
[15.930s] Level 1:colcon.colcon_core.package_identification:_identify(log) by extension 'ignore'
[15.930s] Level 1:colcon.colcon_core.package_identification:_identify(log) ignored
[15.930s] Level 1:colcon.colcon_core.package_identification:_identify(mars_rover_tasks) by extensions ['ignore', 'ignore_ament_install']
[15.930s] Level 1:colcon.colcon_core.package_identification:_identify(mars_rover_tasks) by extension 'ignore'
[15.930s] Level 1:colcon.colcon_core.package_identification:_identify(mars_rover_tasks) by extension 'ignore_ament_install'
[15.930s] Level 1:colcon.colcon_core.package_identification:_identify(mars_rover_tasks) by extensions ['colcon_pkg']
[15.930s] Level 1:colcon.colcon_core.package_identification:_identify(mars_rover_tasks) by extension 'colcon_pkg'
[15.930s] Level 1:colcon.colcon_core.package_identification:_identify(mars_rover_tasks) by extensions ['colcon_meta']
[15.930s] Level 1:colcon.colcon_core.package_identification:_identify(mars_rover_tasks) by extension 'colcon_meta'
[15.930s] Level 1:colcon.colcon_core.package_identification:_identify(mars_rover_tasks) by extensions ['ament_cargo']
[15.930s] Level 1:colcon.colcon_core.package_identification:_identify(mars_rover_tasks) by extension 'ament_cargo'
[15.930s] Level 1:colcon.colcon_core.package_identification:_identify(mars_rover_tasks) by extensions ['ros']
[15.930s] Level 1:colcon.colcon_core.package_identification:_identify(mars_rover_tasks) by extension 'ros'
[15.931s] DEBUG:colcon.colcon_core.package_identification:Package 'mars_rover_tasks' with type 'ros.ament_cmake' and name 'mars_rover_tasks'
[15.931s] Level 1:colcon.colcon_core.package_identification:_identify(services_quiz) by extensions ['ignore', 'ignore_ament_install']
[15.931s] Level 1:colcon.colcon_core.package_identification:_identify(services_quiz) by extension 'ignore'
[15.931s] Level 1:colcon.colcon_core.package_identification:_identify(services_quiz) by extension 'ignore_ament_install'
[15.931s] Level 1:colcon.colcon_core.package_identification:_identify(services_quiz) by extensions ['colcon_pkg']
[15.931s] Level 1:colcon.colcon_core.package_identification:_identify(services_quiz) by extension 'colcon_pkg'
[15.931s] Level 1:colcon.colcon_core.package_identification:_identify(services_quiz) by extensions ['colcon_meta']
[15.931s] Level 1:colcon.colcon_core.package_identification:_identify(services_quiz) by extension 'colcon_meta'
[15.931s] Level 1:colcon.colcon_core.package_identification:_identify(services_quiz) by extensions ['ament_cargo']
[15.931s] Level 1:colcon.colcon_core.package_identification:_identify(services_quiz) by extension 'ament_cargo'
[15.931s] Level 1:colcon.colcon_core.package_identification:_identify(services_quiz) by extensions ['ros']
[15.932s] Level 1:colcon.colcon_core.package_identification:_identify(services_quiz) by extension 'ros'
[15.932s] DEBUG:colcon.colcon_core.package_identification:Package 'services_quiz' with type 'ros.ament_cmake' and name 'services_quiz'
[15.932s] Level 1:colcon.colcon_core.package_identification:_identify(services_quiz_srv) by extensions ['ignore', 'ignore_ament_install']
[15.932s] Level 1:colcon.colcon_core.package_identification:_identify(services_quiz_srv) by extension 'ignore'
[15.932s] Level 1:colcon.colcon_core.package_identification:_identify(services_quiz_srv) by extension 'ignore_ament_install'
[15.932s] Level 1:colcon.colcon_core.package_identification:_identify(services_quiz_srv) by extensions ['colcon_pkg']
[15.932s] Level 1:colcon.colcon_core.package_identification:_identify(services_quiz_srv) by extension 'colcon_pkg'
[15.932s] Level 1:colcon.colcon_core.package_identification:_identify(services_quiz_srv) by extensions ['colcon_meta']
[15.932s] Level 1:colcon.colcon_core.package_identification:_identify(services_quiz_srv) by extension 'colcon_meta'
[15.933s] Level 1:colcon.colcon_core.package_identification:_identify(services_quiz_srv) by extensions ['ament_cargo']
[15.933s] Level 1:colcon.colcon_core.package_identification:_identify(services_quiz_srv) by extension 'ament_cargo'
[15.933s] Level 1:colcon.colcon_core.package_identification:_identify(services_quiz_srv) by extensions ['ros']
[15.933s] Level 1:colcon.colcon_core.package_identification:_identify(services_quiz_srv) by extension 'ros'
[15.933s] DEBUG:colcon.colcon_core.package_identification:Package 'services_quiz_srv' with type 'ros.ament_cmake' and name 'services_quiz_srv'
[15.933s] Level 1:colcon.colcon_core.package_discovery:discover_packages(recursive) using defaults
[15.933s] Level 1:colcon.colcon_core.package_discovery:discover_packages(ignore) discover
[15.933s] Level 1:colcon.colcon_core.package_discovery:discover_packages(ignore) using defaults
[15.933s] Level 1:colcon.colcon_core.package_discovery:discover_packages(path) discover
[15.933s] Level 1:colcon.colcon_core.package_discovery:discover_packages(path) using defaults
[16.048s] Level 5:colcon.colcon_core.verb:set package 'custom_interfaces' build argument 'lookup_in_workspace' from command line to 'False'
[16.048s] Level 5:colcon.colcon_core.verb:set package 'custom_interfaces' build argument 'cargo_args' from command line to 'None'
[16.049s] Level 5:colcon.colcon_core.verb:set package 'custom_interfaces' build argument 'clean_build' from command line to 'False'
[16.049s] Level 5:colcon.colcon_core.verb:set package 'custom_interfaces' build argument 'cmake_args' from command line to 'None'
[16.049s] Level 5:colcon.colcon_core.verb:set package 'custom_interfaces' build argument 'cmake_target' from command line to 'None'
[16.049s] Level 5:colcon.colcon_core.verb:set package 'custom_interfaces' build argument 'cmake_target_skip_unavailable' from command line to 'False'
[16.049s] Level 5:colcon.colcon_core.verb:set package 'custom_interfaces' build argument 'cmake_clean_cache' from command line to 'False'
[16.049s] Level 5:colcon.colcon_core.verb:set package 'custom_interfaces' build argument 'cmake_clean_first' from command line to 'False'
[16.049s] Level 5:colcon.colcon_core.verb:set package 'custom_interfaces' build argument 'cmake_force_configure' from command line to 'False'
[16.049s] Level 5:colcon.colcon_core.verb:set package 'custom_interfaces' build argument 'ament_cmake_args' from command line to 'None'
[16.049s] Level 5:colcon.colcon_core.verb:set package 'custom_interfaces' build argument 'catkin_cmake_args' from command line to 'None'
[16.049s] Level 5:colcon.colcon_core.verb:set package 'custom_interfaces' build argument 'catkin_skip_building_tests' from command line to 'False'
[16.049s] DEBUG:colcon.colcon_core.verb:Building package 'custom_interfaces' with the following arguments: {'ament_cmake_args': None, 'build_base': '/home/user/ros2_ws/src/build/custom_interfaces', 'cargo_args': None, 'catkin_cmake_args': None, 'catkin_skip_building_tests': False, 'clean_build': False, 'cmake_args': None, 'cmake_clean_cache': False, 'cmake_clean_first': False, 'cmake_force_configure': False, 'cmake_target': None, 'cmake_target_skip_unavailable': False, 'install_base': '/home/user/ros2_ws/src/install/custom_interfaces', 'lookup_in_workspace': False, 'merge_install': False, 'path': '/home/user/ros2_ws/src/custom_interfaces', 'symlink_install': False, 'test_result_base': None}
[16.049s] Level 5:colcon.colcon_core.verb:set package 'mars_rover_tasks' build argument 'lookup_in_workspace' from command line to 'False'
[16.049s] Level 5:colcon.colcon_core.verb:set package 'mars_rover_tasks' build argument 'cargo_args' from command line to 'None'
[16.049s] Level 5:colcon.colcon_core.verb:set package 'mars_rover_tasks' build argument 'clean_build' from command line to 'False'
[16.049s] Level 5:colcon.colcon_core.verb:set package 'mars_rover_tasks' build argument 'cmake_args' from command line to 'None'
[16.049s] Level 5:colcon.colcon_core.verb:set package 'mars_rover_tasks' build argument 'cmake_target' from command line to 'None'
[16.049s] Level 5:colcon.colcon_core.verb:set package 'mars_rover_tasks' build argument 'cmake_target_skip_unavailable' from command line to 'False'
[16.049s] Level 5:colcon.colcon_core.verb:set package 'mars_rover_tasks' build argument 'cmake_clean_cache' from command line to 'False'
[16.049s] Level 5:colcon.colcon_core.verb:set package 'mars_rover_tasks' build argument 'cmake_clean_first' from command line to 'False'
[16.049s] Level 5:colcon.colcon_core.verb:set package 'mars_rover_tasks' build argument 'cmake_force_configure' from command line to 'False'
[16.049s] Level 5:colcon.colcon_core.verb:set package 'mars_rover_tasks' build argument 'ament_cmake_args' from command line to 'None'
[16.049s] Level 5:colcon.colcon_core.verb:set package 'mars_rover_tasks' build argument 'catkin_cmake_args' from command line to 'None'
[16.050s] Level 5:colcon.colcon_core.verb:set package 'mars_rover_tasks' build argument 'catkin_skip_building_tests' from command line to 'False'
[16.050s] DEBUG:colcon.colcon_core.verb:Building package 'mars_rover_tasks' with the following arguments: {'ament_cmake_args': None, 'build_base': '/home/user/ros2_ws/src/build/mars_rover_tasks', 'cargo_args': None, 'catkin_cmake_args': None, 'catkin_skip_building_tests': False, 'clean_build': False, 'cmake_args': None, 'cmake_clean_cache': False, 'cmake_clean_first': False, 'cmake_force_configure': False, 'cmake_target': None, 'cmake_target_skip_unavailable': False, 'install_base': '/home/user/ros2_ws/src/install/mars_rover_tasks', 'lookup_in_workspace': False, 'merge_install': False, 'path': '/home/user/ros2_ws/src/mars_rover_tasks', 'symlink_install': False, 'test_result_base': None}
[16.050s] Level 5:colcon.colcon_core.verb:set package 'services_quiz' build argument 'lookup_in_workspace' from command line to 'False'
[16.050s] Level 5:colcon.colcon_core.verb:set package 'services_quiz' build argument 'cargo_args' from command line to 'None'
[16.050s] Level 5:colcon.colcon_core.verb:set package 'services_quiz' build argument 'clean_build' from command line to 'False'
[16.050s] Level 5:colcon.colcon_core.verb:set package 'services_quiz' build argument 'cmake_args' from command line to 'None'
[16.050s] Level 5:colcon.colcon_core.verb:set package 'services_quiz' build argument 'cmake_target' from command line to 'None'
[16.050s] Level 5:colcon.colcon_core.verb:set package 'services_quiz' build argument 'cmake_target_skip_unavailable' from command line to 'False'
[16.050s] Level 5:colcon.colcon_core.verb:set package 'services_quiz' build argument 'cmake_clean_cache' from command line to 'False'
[16.050s] Level 5:colcon.colcon_core.verb:set package 'services_quiz' build argument 'cmake_clean_first' from command line to 'False'
[16.050s] Level 5:colcon.colcon_core.verb:set package 'services_quiz' build argument 'cmake_force_configure' from command line to 'False'
[16.050s] Level 5:colcon.colcon_core.verb:set package 'services_quiz' build argument 'ament_cmake_args' from command line to 'None'
[16.050s] Level 5:colcon.colcon_core.verb:set package 'services_quiz' build argument 'catkin_cmake_args' from command line to 'None'
[16.050s] Level 5:colcon.colcon_core.verb:set package 'services_quiz' build argument 'catkin_skip_building_tests' from command line to 'False'
[16.050s] DEBUG:colcon.colcon_core.verb:Building package 'services_quiz' with the following arguments: {'ament_cmake_args': None, 'build_base': '/home/user/ros2_ws/src/build/services_quiz', 'cargo_args': None, 'catkin_cmake_args': None, 'catkin_skip_building_tests': False, 'clean_build': False, 'cmake_args': None, 'cmake_clean_cache': False, 'cmake_clean_first': False, 'cmake_force_configure': False, 'cmake_target': None, 'cmake_target_skip_unavailable': False, 'install_base': '/home/user/ros2_ws/src/install/services_quiz', 'lookup_in_workspace': False, 'merge_install': False, 'path': '/home/user/ros2_ws/src/services_quiz', 'symlink_install': False, 'test_result_base': None}
[16.051s] Level 5:colcon.colcon_core.verb:set package 'services_quiz_srv' build argument 'lookup_in_workspace' from command line to 'False'
[16.051s] Level 5:colcon.colcon_core.verb:set package 'services_quiz_srv' build argument 'cargo_args' from command line to 'None'
[16.051s] Level 5:colcon.colcon_core.verb:set package 'services_quiz_srv' build argument 'clean_build' from command line to 'False'
[16.051s] Level 5:colcon.colcon_core.verb:set package 'services_quiz_srv' build argument 'cmake_args' from command line to 'None'
[16.051s] Level 5:colcon.colcon_core.verb:set package 'services_quiz_srv' build argument 'cmake_target' from command line to 'None'
[16.051s] Level 5:colcon.colcon_core.verb:set package 'services_quiz_srv' build argument 'cmake_target_skip_unavailable' from command line to 'False'
[16.051s] Level 5:colcon.colcon_core.verb:set package 'services_quiz_srv' build argument 'cmake_clean_cache' from command line to 'False'
[16.051s] Level 5:colcon.colcon_core.verb:set package 'services_quiz_srv' build argument 'cmake_clean_first' from command line to 'False'
[16.051s] Level 5:colcon.colcon_core.verb:set package 'services_quiz_srv' build argument 'cmake_force_configure' from command line to 'False'
[16.051s] Level 5:colcon.colcon_core.verb:set package 'services_quiz_srv' build argument 'ament_cmake_args' from command line to 'None'
[16.051s] Level 5:colcon.colcon_core.verb:set package 'services_quiz_srv' build argument 'catkin_cmake_args' from command line to 'None'
[16.051s] Level 5:colcon.colcon_core.verb:set package 'services_quiz_srv' build argument 'catkin_skip_building_tests' from command line to 'False'
[16.051s] DEBUG:colcon.colcon_core.verb:Building package 'services_quiz_srv' with the following arguments: {'ament_cmake_args': None, 'build_base': '/home/user/ros2_ws/src/build/services_quiz_srv', 'cargo_args': None, 'catkin_cmake_args': None, 'catkin_skip_building_tests': False, 'clean_build': False, 'cmake_args': None, 'cmake_clean_cache': False, 'cmake_clean_first': False, 'cmake_force_configure': False, 'cmake_target': None, 'cmake_target_skip_unavailable': False, 'install_base': '/home/user/ros2_ws/src/install/services_quiz_srv', 'lookup_in_workspace': False, 'merge_install': False, 'path': '/home/user/ros2_ws/src/services_quiz_srv', 'symlink_install': False, 'test_result_base': None}
[16.051s] INFO:colcon.colcon_core.executor:Executing jobs using 'parallel' executor
[16.053s] DEBUG:colcon.colcon_parallel_executor.executor.parallel:run_until_complete
[16.053s] INFO:colcon.colcon_ros.task.ament_cmake.build:Building ROS package in '/home/user/ros2_ws/src/custom_interfaces' with build type 'ament_cmake'
[16.053s] INFO:colcon.colcon_cmake.task.cmake.build:Building CMake package in '/home/user/ros2_ws/src/custom_interfaces'
[16.149s] INFO:colcon.colcon_core.plugin_system:Skipping extension 'colcon_core.shell.bat': Not used on non-Windows systems
[16.149s] INFO:colcon.colcon_core.shell:Skip shell extension 'powershell' for command environment: Not usable outside of PowerShell
[16.149s] DEBUG:colcon.colcon_core.shell:Skip shell extension 'dsv' for command environment
[16.219s] INFO:colcon.colcon_ros.task.ament_cmake.build:Building ROS package in '/home/user/ros2_ws/src/mars_rover_tasks' with build type 'ament_cmake'
[16.219s] INFO:colcon.colcon_cmake.task.cmake.build:Building CMake package in '/home/user/ros2_ws/src/mars_rover_tasks'
[16.219s] INFO:colcon.colcon_core.shell:Skip shell extension 'powershell' for command environment: Not usable outside of PowerShell
[16.219s] DEBUG:colcon.colcon_core.shell:Skip shell extension 'dsv' for command environment
[16.225s] INFO:colcon.colcon_ros.task.ament_cmake.build:Building ROS package in '/home/user/ros2_ws/src/services_quiz' with build type 'ament_cmake'
[16.226s] INFO:colcon.colcon_cmake.task.cmake.build:Building CMake package in '/home/user/ros2_ws/src/services_quiz'
[16.226s] INFO:colcon.colcon_core.shell:Skip shell extension 'powershell' for command environment: Not usable outside of PowerShell
[16.226s] DEBUG:colcon.colcon_core.shell:Skip shell extension 'dsv' for command environment
[16.231s] INFO:colcon.colcon_ros.task.ament_cmake.build:Building ROS package in '/home/user/ros2_ws/src/services_quiz_srv' with build type 'ament_cmake'
[16.231s] INFO:colcon.colcon_cmake.task.cmake.build:Building CMake package in '/home/user/ros2_ws/src/services_quiz_srv'
[16.232s] INFO:colcon.colcon_core.shell:Skip shell extension 'powershell' for command environment: Not usable outside of PowerShell
[16.232s] DEBUG:colcon.colcon_core.shell:Skip shell extension 'dsv' for command environment
[16.239s] DEBUG:colcon.colcon_core.event_handler.log_command:Invoking command in '/home/user/ros2_ws/src/build/custom_interfaces': CMAKE_PREFIX_PATH=${CMAKE_PREFIX_PATH}:/home/simulations/ros2_sims_ws/install/tracetools_test:/home/simulations/ros2_sims_ws/install/tracetools_launch:/home/simulations/ros2_sims_ws/install/ros2trace:/home/simulations/ros2_sims_ws/install/tracetools_trace:/home/simulations/ros2_sims_ws/install/ros2trace_analysis:/home/simulations/ros2_sims_ws/install/tracetools_analysis:/home/simulations/ros2_sims_ws/install/tracetools_read:/home/simulations/ros2_sims_ws/install/test_tracetools_launch:/opt/ros/humble:/home/simulations/ros2_sims_ws/install/robot_description _=/usr/bin/env /usr/bin/cmake /home/user/ros2_ws/src/custom_interfaces -DCMAKE_INSTALL_PREFIX=/home/user/ros2_ws/src/install/custom_interfaces
[16.334s] DEBUG:colcon.colcon_core.event_handler.log_command:Invoking command in '/home/user/ros2_ws/src/build/mars_rover_tasks': CMAKE_PREFIX_PATH=${CMAKE_PREFIX_PATH}:/home/simulations/ros2_sims_ws/install/tracetools_test:/home/simulations/ros2_sims_ws/install/tracetools_launch:/home/simulations/ros2_sims_ws/install/ros2trace:/home/simulations/ros2_sims_ws/install/tracetools_trace:/home/simulations/ros2_sims_ws/install/ros2trace_analysis:/home/simulations/ros2_sims_ws/install/tracetools_analysis:/home/simulations/ros2_sims_ws/install/tracetools_read:/home/simulations/ros2_sims_ws/install/test_tracetools_launch:/opt/ros/humble:/home/simulations/ros2_sims_ws/install/robot_description _=/usr/bin/env /usr/bin/cmake /home/user/ros2_ws/src/mars_rover_tasks -DCMAKE_INSTALL_PREFIX=/home/user/ros2_ws/src/install/mars_rover_tasks
[16.338s] DEBUG:colcon.colcon_core.event_handler.log_command:Invoking command in '/home/user/ros2_ws/src/build/services_quiz': CMAKE_PREFIX_PATH=${CMAKE_PREFIX_PATH}:/home/simulations/ros2_sims_ws/install/tracetools_test:/home/simulations/ros2_sims_ws/install/tracetools_launch:/home/simulations/ros2_sims_ws/install/ros2trace:/home/simulations/ros2_sims_ws/install/tracetools_trace:/home/simulations/ros2_sims_ws/install/ros2trace_analysis:/home/simulations/ros2_sims_ws/install/tracetools_analysis:/home/simulations/ros2_sims_ws/install/tracetools_read:/home/simulations/ros2_sims_ws/install/test_tracetools_launch:/opt/ros/humble:/home/simulations/ros2_sims_ws/install/robot_description _=/usr/bin/env /usr/bin/cmake /home/user/ros2_ws/src/services_quiz -DCMAKE_INSTALL_PREFIX=/home/user/ros2_ws/src/install/services_quiz
[16.340s] DEBUG:colcon.colcon_core.event_handler.log_command:Invoking command in '/home/user/ros2_ws/src/build/services_quiz_srv': CMAKE_PREFIX_PATH=${CMAKE_PREFIX_PATH}:/home/simulations/ros2_sims_ws/install/tracetools_test:/home/simulations/ros2_sims_ws/install/tracetools_launch:/home/simulations/ros2_sims_ws/install/ros2trace:/home/simulations/ros2_sims_ws/install/tracetools_trace:/home/simulations/ros2_sims_ws/install/ros2trace_analysis:/home/simulations/ros2_sims_ws/install/tracetools_analysis:/home/simulations/ros2_sims_ws/install/tracetools_read:/home/simulations/ros2_sims_ws/install/test_tracetools_launch:/opt/ros/humble:/home/simulations/ros2_sims_ws/install/robot_description _=/usr/bin/env /usr/bin/cmake /home/user/ros2_ws/src/services_quiz_srv -DCMAKE_INSTALL_PREFIX=/home/user/ros2_ws/src/install/services_quiz_srv
[36.184s] DEBUG:colcon.colcon_core.event_handler.log_command:Invoked command in '/home/user/ros2_ws/src/build/services_quiz' returned '1': CMAKE_PREFIX_PATH=${CMAKE_PREFIX_PATH}:/home/simulations/ros2_sims_ws/install/tracetools_test:/home/simulations/ros2_sims_ws/install/tracetools_launch:/home/simulations/ros2_sims_ws/install/ros2trace:/home/simulations/ros2_sims_ws/install/tracetools_trace:/home/simulations/ros2_sims_ws/install/ros2trace_analysis:/home/simulations/ros2_sims_ws/install/tracetools_analysis:/home/simulations/ros2_sims_ws/install/tracetools_read:/home/simulations/ros2_sims_ws/install/test_tracetools_launch:/opt/ros/humble:/home/simulations/ros2_sims_ws/install/robot_description _=/usr/bin/env /usr/bin/cmake /home/user/ros2_ws/src/services_quiz -DCMAKE_INSTALL_PREFIX=/home/user/ros2_ws/src/install/services_quiz
[36.199s] Level 1:colcon.colcon_core.environment:create_environment_scripts_only(services_quiz)
[36.212s] Level 1:colcon.colcon_core.environment:checking '/home/user/ros2_ws/src/install/services_quiz' for CMake module files
[36.213s] Level 1:colcon.colcon_core.environment:checking '/home/user/ros2_ws/src/install/services_quiz' for CMake config files
[36.213s] Level 1:colcon.colcon_core.environment:checking '/home/user/ros2_ws/src/install/services_quiz/bin'
[36.213s] Level 1:colcon.colcon_core.environment:checking '/home/user/ros2_ws/src/install/services_quiz/lib/pkgconfig/services_quiz.pc'
[36.215s] Level 1:colcon.colcon_core.environment:checking '/home/user/ros2_ws/src/install/services_quiz/lib/python3.10/site-packages'
[36.215s] Level 1:colcon.colcon_core.environment:checking '/home/user/ros2_ws/src/install/services_quiz/bin'
[36.216s] INFO:colcon.colcon_core.shell:Creating package script '/home/user/ros2_ws/src/install/services_quiz/share/services_quiz/package.ps1'
[36.218s] INFO:colcon.colcon_core.shell:Creating package descriptor '/home/user/ros2_ws/src/install/services_quiz/share/services_quiz/package.dsv'
[36.219s] INFO:colcon.colcon_core.shell:Creating package script '/home/user/ros2_ws/src/install/services_quiz/share/services_quiz/package.sh'
[36.220s] INFO:colcon.colcon_core.shell:Creating package script '/home/user/ros2_ws/src/install/services_quiz/share/services_quiz/package.bash'
[36.221s] INFO:colcon.colcon_core.shell:Creating package script '/home/user/ros2_ws/src/install/services_quiz/share/services_quiz/package.zsh'
[36.223s] Level 1:colcon.colcon_core.environment:create_file_with_runtime_dependencies(/home/user/ros2_ws/src/install/services_quiz/share/colcon-core/packages/services_quiz)
[38.155s] DEBUG:colcon.colcon_parallel_executor.executor.parallel:closing loop
[38.155s] DEBUG:colcon.colcon_parallel_executor.executor.parallel:loop closed
[38.156s] DEBUG:colcon.colcon_parallel_executor.executor.parallel:run_until_complete finished with '1'
[38.156s] DEBUG:colcon.colcon_core.event_reactor:joining thread
[38.755s] INFO:colcon.colcon_core.plugin_system:Skipping extension 'colcon_notification.desktop_notification.notify_send': Could not find 'notify-send'
[38.755s] INFO:colcon.colcon_core.plugin_system:Skipping extension 'colcon_notification.desktop_notification.terminal_notifier': Not used on non-Darwin systems
[38.755s] INFO:colcon.colcon_core.plugin_system:Skipping extension 'colcon_notification.desktop_notification.win32': Not used on non-Windows systems
[38.755s] INFO:colcon.colcon_notification.desktop_notification:Sending desktop notification using 'notify2'
[38.758s] DEBUG:colcon.colcon_notification.desktop_notification.notify2:Failed to initialize notify2: org.freedesktop.DBus.Error.Spawn.ExecFailed: /usr/bin/dbus-launch terminated abnormally without any error message
[38.758s] DEBUG:colcon.colcon_core.event_reactor:joined thread
[38.759s] INFO:colcon.colcon_core.shell:Creating prefix script '/home/user/ros2_ws/src/install/local_setup.ps1'
[38.760s] INFO:colcon.colcon_core.shell:Creating prefix util module '/home/user/ros2_ws/src/install/_local_setup_util_ps1.py'
[38.762s] INFO:colcon.colcon_core.shell:Creating prefix chain script '/home/user/ros2_ws/src/install/setup.ps1'
[38.765s] INFO:colcon.colcon_core.shell:Creating prefix script '/home/user/ros2_ws/src/install/local_setup.sh'
[38.766s] INFO:colcon.colcon_core.shell:Creating prefix util module '/home/user/ros2_ws/src/install/_local_setup_util_sh.py'
[38.766s] INFO:colcon.colcon_core.shell:Creating prefix chain script '/home/user/ros2_ws/src/install/setup.sh'
[38.768s] INFO:colcon.colcon_core.shell:Creating prefix script '/home/user/ros2_ws/src/install/local_setup.bash'
[38.769s] INFO:colcon.colcon_core.shell:Creating prefix chain script '/home/user/ros2_ws/src/install/setup.bash'
[38.771s] INFO:colcon.colcon_core.shell:Creating prefix script '/home/user/ros2_ws/src/install/local_setup.zsh'
[38.848s] INFO:colcon.colcon_core.shell:Creating prefix chain script '/home/user/ros2_ws/src/install/setup.zsh'
