[35m[1mConsolidate compiler generated dependencies of target services_quiz_srv__rosidl_generator_c[0m
[  3%] Built target services_quiz_srv__cpp
[ 12%] Built target services_quiz_srv__rosidl_generator_c
[35m[1mConsolidate compiler generated dependencies of target services_quiz_srv__rosidl_typesupport_cpp[0m
[ 12%] Built target ament_cmake_python_copy_services_quiz_srv
[35m[1mConsolidate compiler generated dependencies of target services_quiz_srv__rosidl_typesupport_fastrtps_cpp[0m
[35m[1mConsolidate compiler generated dependencies of target services_quiz_srv__rosidl_typesupport_introspection_cpp[0m
[ 22%] Built target services_quiz_srv__rosidl_typesupport_cpp
[35m[1mConsolidate compiler generated dependencies of target services_quiz_srv__rosidl_typesupport_introspection_c[0m
[35m[1mConsolidate compiler generated dependencies of target services_quiz_srv__rosidl_typesupport_fastrtps_c[0m
[35m[1mConsolidate compiler generated dependencies of target services_quiz_srv__rosidl_typesupport_c[0m
[ 32%] Built target services_quiz_srv__rosidl_typesupport_fastrtps_cpp
[ 41%] Built target services_quiz_srv__rosidl_typesupport_introspection_cpp
[ 51%] Built target services_quiz_srv__rosidl_typesupport_introspection_c
[ 61%] Built target services_quiz_srv__rosidl_typesupport_c
[ 70%] Built target services_quiz_srv__rosidl_typesupport_fastrtps_c
[ 70%] Built target services_quiz_srv
[ 74%] Built target services_quiz_srv__py
[35m[1mConsolidate compiler generated dependencies of target services_quiz_srv__rosidl_generator_py[0m
[ 80%] Built target services_quiz_srv__rosidl_generator_py
[35m[1mConsolidate compiler generated dependencies of target services_quiz_srv__rosidl_typesupport_fastrtps_c__pyext[0m
[35m[1mConsolidate compiler generated dependencies of target services_quiz_srv__rosidl_typesupport_introspection_c__pyext[0m
[35m[1mConsolidate compiler generated dependencies of target services_quiz_srv__rosidl_typesupport_c__pyext[0m
[ 87%] Built target services_quiz_srv__rosidl_typesupport_fastrtps_c__pyext
[ 93%] Built target services_quiz_srv__rosidl_typesupport_introspection_c__pyext
[100%] Built target services_quiz_srv__rosidl_typesupport_c__pyext
running egg_info
writing services_quiz_srv.egg-info/PKG-INFO
writing dependency_links to services_quiz_srv.egg-info/dependency_links.txt
writing top-level names to services_quiz_srv.egg-info/top_level.txt
reading manifest file 'services_quiz_srv.egg-info/SOURCES.txt'
writing manifest file 'services_quiz_srv.egg-info/SOURCES.txt'
[100%] Built target ament_cmake_python_build_services_quiz_srv_egg
-- Install configuration: ""
-- Installing: /home/user/ros2_ws/src/install/services_quiz_srv/share/ament_index/resource_index/rosidl_interfaces/services_quiz_srv
-- Installing: /home/user/ros2_ws/src/install/services_quiz_srv/include/services_quiz_srv/services_quiz_srv
-- Installing: /home/user/ros2_ws/src/install/services_quiz_srv/include/services_quiz_srv/services_quiz_srv/srv
-- Installing: /home/user/ros2_ws/src/install/services_quiz_srv/include/services_quiz_srv/services_quiz_srv/srv/detail
-- Installing: /home/user/ros2_ws/src/install/services_quiz_srv/include/services_quiz_srv/services_quiz_srv/srv/detail/turn__functions.c
-- Installing: /home/user/ros2_ws/src/install/services_quiz_srv/include/services_quiz_srv/services_quiz_srv/srv/detail/turn__functions.h
-- Installing: /home/user/ros2_ws/src/install/services_quiz_srv/include/services_quiz_srv/services_quiz_srv/srv/detail/turn__type_support.h
-- Installing: /home/user/ros2_ws/src/install/services_quiz_srv/include/services_quiz_srv/services_quiz_srv/srv/detail/turn__struct.h
-- Installing: /home/user/ros2_ws/src/install/services_quiz_srv/include/services_quiz_srv/services_quiz_srv/srv/turn.h
-- Installing: /home/user/ros2_ws/src/install/services_quiz_srv/include/services_quiz_srv/services_quiz_srv/msg
-- Installing: /home/user/ros2_ws/src/install/services_quiz_srv/include/services_quiz_srv/services_quiz_srv/msg/rosidl_generator_c__visibility_control.h
-- Installing: /home/user/ros2_ws/src/install/services_quiz_srv/share/services_quiz_srv/environment/library_path.sh
-- Installing: /home/user/ros2_ws/src/install/services_quiz_srv/share/services_quiz_srv/environment/library_path.dsv
-- Installing: /home/user/ros2_ws/src/install/services_quiz_srv/lib/libservices_quiz_srv__rosidl_generator_c.so
-- Set runtime path of "/home/user/ros2_ws/src/install/services_quiz_srv/lib/libservices_quiz_srv__rosidl_generator_c.so" to ""
-- Up-to-date: /home/user/ros2_ws/src/install/services_quiz_srv/include/services_quiz_srv/services_quiz_srv
-- Up-to-date: /home/user/ros2_ws/src/install/services_quiz_srv/include/services_quiz_srv/services_quiz_srv/srv
-- Up-to-date: /home/user/ros2_ws/src/install/services_quiz_srv/include/services_quiz_srv/services_quiz_srv/srv/detail
-- Installing: /home/user/ros2_ws/src/install/services_quiz_srv/include/services_quiz_srv/services_quiz_srv/srv/detail/turn__rosidl_typesupport_fastrtps_c.h
-- Up-to-date: /home/user/ros2_ws/src/install/services_quiz_srv/include/services_quiz_srv/services_quiz_srv/msg
-- Installing: /home/user/ros2_ws/src/install/services_quiz_srv/include/services_quiz_srv/services_quiz_srv/msg/rosidl_typesupport_fastrtps_c__visibility_control.h
-- Installing: /home/user/ros2_ws/src/install/services_quiz_srv/lib/libservices_quiz_srv__rosidl_typesupport_fastrtps_c.so
-- Set runtime path of "/home/user/ros2_ws/src/install/services_quiz_srv/lib/libservices_quiz_srv__rosidl_typesupport_fastrtps_c.so" to ""
-- Up-to-date: /home/user/ros2_ws/src/install/services_quiz_srv/include/services_quiz_srv/services_quiz_srv
-- Up-to-date: /home/user/ros2_ws/src/install/services_quiz_srv/include/services_quiz_srv/services_quiz_srv/srv
-- Up-to-date: /home/user/ros2_ws/src/install/services_quiz_srv/include/services_quiz_srv/services_quiz_srv/srv/detail
-- Installing: /home/user/ros2_ws/src/install/services_quiz_srv/include/services_quiz_srv/services_quiz_srv/srv/detail/turn__builder.hpp
-- Installing: /home/user/ros2_ws/src/install/services_quiz_srv/include/services_quiz_srv/services_quiz_srv/srv/detail/turn__struct.hpp
-- Installing: /home/user/ros2_ws/src/install/services_quiz_srv/include/services_quiz_srv/services_quiz_srv/srv/detail/turn__traits.hpp
-- Installing: /home/user/ros2_ws/src/install/services_quiz_srv/include/services_quiz_srv/services_quiz_srv/srv/turn.hpp
-- Up-to-date: /home/user/ros2_ws/src/install/services_quiz_srv/include/services_quiz_srv/services_quiz_srv
-- Up-to-date: /home/user/ros2_ws/src/install/services_quiz_srv/include/services_quiz_srv/services_quiz_srv/srv
-- Up-to-date: /home/user/ros2_ws/src/install/services_quiz_srv/include/services_quiz_srv/services_quiz_srv/srv/detail
-- Installing: /home/user/ros2_ws/src/install/services_quiz_srv/include/services_quiz_srv/services_quiz_srv/srv/detail/turn__rosidl_typesupport_fastrtps_cpp.hpp
-- Installing: /home/user/ros2_ws/src/install/services_quiz_srv/include/services_quiz_srv/services_quiz_srv/srv/detail/dds_fastrtps
-- Up-to-date: /home/user/ros2_ws/src/install/services_quiz_srv/include/services_quiz_srv/services_quiz_srv/msg
-- Installing: /home/user/ros2_ws/src/install/services_quiz_srv/include/services_quiz_srv/services_quiz_srv/msg/rosidl_typesupport_fastrtps_cpp__visibility_control.h
-- Installing: /home/user/ros2_ws/src/install/services_quiz_srv/lib/libservices_quiz_srv__rosidl_typesupport_fastrtps_cpp.so
-- Set runtime path of "/home/user/ros2_ws/src/install/services_quiz_srv/lib/libservices_quiz_srv__rosidl_typesupport_fastrtps_cpp.so" to ""
-- Up-to-date: /home/user/ros2_ws/src/install/services_quiz_srv/include/services_quiz_srv/services_quiz_srv
-- Up-to-date: /home/user/ros2_ws/src/install/services_quiz_srv/include/services_quiz_srv/services_quiz_srv/srv
-- Up-to-date: /home/user/ros2_ws/src/install/services_quiz_srv/include/services_quiz_srv/services_quiz_srv/srv/detail
-- Installing: /home/user/ros2_ws/src/install/services_quiz_srv/include/services_quiz_srv/services_quiz_srv/srv/detail/turn__type_support.c
-- Installing: /home/user/ros2_ws/src/install/services_quiz_srv/include/services_quiz_srv/services_quiz_srv/srv/detail/turn__rosidl_typesupport_introspection_c.h
-- Up-to-date: /home/user/ros2_ws/src/install/services_quiz_srv/include/services_quiz_srv/services_quiz_srv/msg
-- Installing: /home/user/ros2_ws/src/install/services_quiz_srv/include/services_quiz_srv/services_quiz_srv/msg/rosidl_typesupport_introspection_c__visibility_control.h
-- Installing: /home/user/ros2_ws/src/install/services_quiz_srv/lib/libservices_quiz_srv__rosidl_typesupport_introspection_c.so
-- Set runtime path of "/home/user/ros2_ws/src/install/services_quiz_srv/lib/libservices_quiz_srv__rosidl_typesupport_introspection_c.so" to ""
-- Installing: /home/user/ros2_ws/src/install/services_quiz_srv/lib/libservices_quiz_srv__rosidl_typesupport_c.so
-- Set runtime path of "/home/user/ros2_ws/src/install/services_quiz_srv/lib/libservices_quiz_srv__rosidl_typesupport_c.so" to ""
-- Up-to-date: /home/user/ros2_ws/src/install/services_quiz_srv/include/services_quiz_srv/services_quiz_srv
-- Up-to-date: /home/user/ros2_ws/src/install/services_quiz_srv/include/services_quiz_srv/services_quiz_srv/srv
-- Up-to-date: /home/user/ros2_ws/src/install/services_quiz_srv/include/services_quiz_srv/services_quiz_srv/srv/detail
-- Installing: /home/user/ros2_ws/src/install/services_quiz_srv/include/services_quiz_srv/services_quiz_srv/srv/detail/turn__rosidl_typesupport_introspection_cpp.hpp
-- Installing: /home/user/ros2_ws/src/install/services_quiz_srv/include/services_quiz_srv/services_quiz_srv/srv/detail/turn__type_support.cpp
-- Installing: /home/user/ros2_ws/src/install/services_quiz_srv/lib/libservices_quiz_srv__rosidl_typesupport_introspection_cpp.so
-- Set runtime path of "/home/user/ros2_ws/src/install/services_quiz_srv/lib/libservices_quiz_srv__rosidl_typesupport_introspection_cpp.so" to ""
-- Installing: /home/user/ros2_ws/src/install/services_quiz_srv/lib/libservices_quiz_srv__rosidl_typesupport_cpp.so
-- Set runtime path of "/home/user/ros2_ws/src/install/services_quiz_srv/lib/libservices_quiz_srv__rosidl_typesupport_cpp.so" to ""
-- Installing: /home/user/ros2_ws/src/install/services_quiz_srv/share/services_quiz_srv/environment/pythonpath.sh
-- Installing: /home/user/ros2_ws/src/install/services_quiz_srv/share/services_quiz_srv/environment/pythonpath.dsv
-- Installing: /home/user/ros2_ws/src/install/services_quiz_srv/local/lib/python3.10/dist-packages/services_quiz_srv-0.0.0-py3.10.egg-info
-- Installing: /home/user/ros2_ws/src/install/services_quiz_srv/local/lib/python3.10/dist-packages/services_quiz_srv-0.0.0-py3.10.egg-info/PKG-INFO
-- Installing: /home/user/ros2_ws/src/install/services_quiz_srv/local/lib/python3.10/dist-packages/services_quiz_srv-0.0.0-py3.10.egg-info/top_level.txt
-- Installing: /home/user/ros2_ws/src/install/services_quiz_srv/local/lib/python3.10/dist-packages/services_quiz_srv-0.0.0-py3.10.egg-info/SOURCES.txt
-- Installing: /home/user/ros2_ws/src/install/services_quiz_srv/local/lib/python3.10/dist-packages/services_quiz_srv-0.0.0-py3.10.egg-info/dependency_links.txt
-- Installing: /home/user/ros2_ws/src/install/services_quiz_srv/local/lib/python3.10/dist-packages/services_quiz_srv
-- Installing: /home/user/ros2_ws/src/install/services_quiz_srv/local/lib/python3.10/dist-packages/services_quiz_srv/srv
-- Installing: /home/user/ros2_ws/src/install/services_quiz_srv/local/lib/python3.10/dist-packages/services_quiz_srv/srv/_turn.py
-- Installing: /home/user/ros2_ws/src/install/services_quiz_srv/local/lib/python3.10/dist-packages/services_quiz_srv/srv/__init__.py
-- Installing: /home/user/ros2_ws/src/install/services_quiz_srv/local/lib/python3.10/dist-packages/services_quiz_srv/srv/_turn_s.c
-- Installing: /home/user/ros2_ws/src/install/services_quiz_srv/local/lib/python3.10/dist-packages/services_quiz_srv/services_quiz_srv_s__rosidl_typesupport_fastrtps_c.cpython-310-x86_64-linux-gnu.so
-- Installing: /home/user/ros2_ws/src/install/services_quiz_srv/local/lib/python3.10/dist-packages/services_quiz_srv/__init__.py
-- Installing: /home/user/ros2_ws/src/install/services_quiz_srv/local/lib/python3.10/dist-packages/services_quiz_srv/services_quiz_srv_s__rosidl_typesupport_introspection_c.cpython-310-x86_64-linux-gnu.so
-- Installing: /home/user/ros2_ws/src/install/services_quiz_srv/local/lib/python3.10/dist-packages/services_quiz_srv/libservices_quiz_srv__rosidl_generator_py.so
-- Installing: /home/user/ros2_ws/src/install/services_quiz_srv/local/lib/python3.10/dist-packages/services_quiz_srv/_services_quiz_srv_s.ep.rosidl_typesupport_fastrtps_c.c
-- Installing: /home/user/ros2_ws/src/install/services_quiz_srv/local/lib/python3.10/dist-packages/services_quiz_srv/_services_quiz_srv_s.ep.rosidl_typesupport_c.c
-- Installing: /home/user/ros2_ws/src/install/services_quiz_srv/local/lib/python3.10/dist-packages/services_quiz_srv/_services_quiz_srv_s.ep.rosidl_typesupport_introspection_c.c
-- Installing: /home/user/ros2_ws/src/install/services_quiz_srv/local/lib/python3.10/dist-packages/services_quiz_srv/services_quiz_srv_s__rosidl_typesupport_c.cpython-310-x86_64-linux-gnu.so
Listing '/home/user/ros2_ws/src/install/services_quiz_srv/local/lib/python3.10/dist-packages/services_quiz_srv'...
Compiling '/home/user/ros2_ws/src/install/services_quiz_srv/local/lib/python3.10/dist-packages/services_quiz_srv/__init__.py'...
Listing '/home/user/ros2_ws/src/install/services_quiz_srv/local/lib/python3.10/dist-packages/services_quiz_srv/srv'...
Compiling '/home/user/ros2_ws/src/install/services_quiz_srv/local/lib/python3.10/dist-packages/services_quiz_srv/srv/__init__.py'...
Compiling '/home/user/ros2_ws/src/install/services_quiz_srv/local/lib/python3.10/dist-packages/services_quiz_srv/srv/_turn.py'...
-- Installing: /home/user/ros2_ws/src/install/services_quiz_srv/local/lib/python3.10/dist-packages/services_quiz_srv/services_quiz_srv_s__rosidl_typesupport_fastrtps_c.cpython-310-x86_64-linux-gnu.so
-- Set runtime path of "/home/user/ros2_ws/src/install/services_quiz_srv/local/lib/python3.10/dist-packages/services_quiz_srv/services_quiz_srv_s__rosidl_typesupport_fastrtps_c.cpython-310-x86_64-linux-gnu.so" to ""
-- Installing: /home/user/ros2_ws/src/install/services_quiz_srv/local/lib/python3.10/dist-packages/services_quiz_srv/services_quiz_srv_s__rosidl_typesupport_introspection_c.cpython-310-x86_64-linux-gnu.so
-- Set runtime path of "/home/user/ros2_ws/src/install/services_quiz_srv/local/lib/python3.10/dist-packages/services_quiz_srv/services_quiz_srv_s__rosidl_typesupport_introspection_c.cpython-310-x86_64-linux-gnu.so" to ""
-- Installing: /home/user/ros2_ws/src/install/services_quiz_srv/local/lib/python3.10/dist-packages/services_quiz_srv/services_quiz_srv_s__rosidl_typesupport_c.cpython-310-x86_64-linux-gnu.so
-- Set runtime path of "/home/user/ros2_ws/src/install/services_quiz_srv/local/lib/python3.10/dist-packages/services_quiz_srv/services_quiz_srv_s__rosidl_typesupport_c.cpython-310-x86_64-linux-gnu.so" to ""
-- Installing: /home/user/ros2_ws/src/install/services_quiz_srv/lib/libservices_quiz_srv__rosidl_generator_py.so
-- Set runtime path of "/home/user/ros2_ws/src/install/services_quiz_srv/lib/libservices_quiz_srv__rosidl_generator_py.so" to ""
-- Installing: /home/user/ros2_ws/src/install/services_quiz_srv/share/services_quiz_srv/srv/Turn.idl
-- Installing: /home/user/ros2_ws/src/install/services_quiz_srv/share/services_quiz_srv/srv/Turn.srv
-- Installing: /home/user/ros2_ws/src/install/services_quiz_srv/share/services_quiz_srv/srv/Turn_Request.msg
-- Installing: /home/user/ros2_ws/src/install/services_quiz_srv/share/services_quiz_srv/srv/Turn_Response.msg
-- Installing: /home/user/ros2_ws/src/install/services_quiz_srv/share/ament_index/resource_index/package_run_dependencies/services_quiz_srv
-- Up-to-date: /home/user/ros2_ws/src/install/services_quiz_srv/share/ament_index/resource_index/parent_prefix_path/services_quiz_srv
-- Up-to-date: /home/user/ros2_ws/src/install/services_quiz_srv/share/services_quiz_srv/environment/ament_prefix_path.sh
-- Installing: /home/user/ros2_ws/src/install/services_quiz_srv/share/services_quiz_srv/environment/ament_prefix_path.dsv
-- Up-to-date: /home/user/ros2_ws/src/install/services_quiz_srv/share/services_quiz_srv/environment/path.sh
-- Installing: /home/user/ros2_ws/src/install/services_quiz_srv/share/services_quiz_srv/environment/path.dsv
-- Up-to-date: /home/user/ros2_ws/src/install/services_quiz_srv/share/services_quiz_srv/local_setup.bash
-- Installing: /home/user/ros2_ws/src/install/services_quiz_srv/share/services_quiz_srv/local_setup.sh
-- Up-to-date: /home/user/ros2_ws/src/install/services_quiz_srv/share/services_quiz_srv/local_setup.zsh
-- Installing: /home/user/ros2_ws/src/install/services_quiz_srv/share/services_quiz_srv/local_setup.dsv
-- Installing: /home/user/ros2_ws/src/install/services_quiz_srv/share/services_quiz_srv/package.dsv
-- Up-to-date: /home/user/ros2_ws/src/install/services_quiz_srv/share/ament_index/resource_index/packages/services_quiz_srv
-- Installing: /home/user/ros2_ws/src/install/services_quiz_srv/share/services_quiz_srv/cmake/export_services_quiz_srv__rosidl_generator_cExport.cmake
-- Installing: /home/user/ros2_ws/src/install/services_quiz_srv/share/services_quiz_srv/cmake/export_services_quiz_srv__rosidl_generator_cExport-noconfig.cmake
-- Installing: /home/user/ros2_ws/src/install/services_quiz_srv/share/services_quiz_srv/cmake/export_services_quiz_srv__rosidl_typesupport_fastrtps_cExport.cmake
-- Installing: /home/user/ros2_ws/src/install/services_quiz_srv/share/services_quiz_srv/cmake/export_services_quiz_srv__rosidl_typesupport_fastrtps_cExport-noconfig.cmake
-- Installing: /home/user/ros2_ws/src/install/services_quiz_srv/share/services_quiz_srv/cmake/export_services_quiz_srv__rosidl_generator_cppExport.cmake
-- Installing: /home/user/ros2_ws/src/install/services_quiz_srv/share/services_quiz_srv/cmake/export_services_quiz_srv__rosidl_typesupport_fastrtps_cppExport.cmake
-- Installing: /home/user/ros2_ws/src/install/services_quiz_srv/share/services_quiz_srv/cmake/export_services_quiz_srv__rosidl_typesupport_fastrtps_cppExport-noconfig.cmake
-- Installing: /home/user/ros2_ws/src/install/services_quiz_srv/share/services_quiz_srv/cmake/services_quiz_srv__rosidl_typesupport_introspection_cExport.cmake
-- Installing: /home/user/ros2_ws/src/install/services_quiz_srv/share/services_quiz_srv/cmake/services_quiz_srv__rosidl_typesupport_introspection_cExport-noconfig.cmake
-- Installing: /home/user/ros2_ws/src/install/services_quiz_srv/share/services_quiz_srv/cmake/services_quiz_srv__rosidl_typesupport_cExport.cmake
-- Installing: /home/user/ros2_ws/src/install/services_quiz_srv/share/services_quiz_srv/cmake/services_quiz_srv__rosidl_typesupport_cExport-noconfig.cmake
-- Installing: /home/user/ros2_ws/src/install/services_quiz_srv/share/services_quiz_srv/cmake/services_quiz_srv__rosidl_typesupport_introspection_cppExport.cmake
-- Installing: /home/user/ros2_ws/src/install/services_quiz_srv/share/services_quiz_srv/cmake/services_quiz_srv__rosidl_typesupport_introspection_cppExport-noconfig.cmake
-- Installing: /home/user/ros2_ws/src/install/services_quiz_srv/share/services_quiz_srv/cmake/services_quiz_srv__rosidl_typesupport_cppExport.cmake
-- Installing: /home/user/ros2_ws/src/install/services_quiz_srv/share/services_quiz_srv/cmake/services_quiz_srv__rosidl_typesupport_cppExport-noconfig.cmake
-- Installing: /home/user/ros2_ws/src/install/services_quiz_srv/share/services_quiz_srv/cmake/export_services_quiz_srv__rosidl_generator_pyExport.cmake
-- Installing: /home/user/ros2_ws/src/install/services_quiz_srv/share/services_quiz_srv/cmake/export_services_quiz_srv__rosidl_generator_pyExport-noconfig.cmake
-- Installing: /home/user/ros2_ws/src/install/services_quiz_srv/share/services_quiz_srv/cmake/rosidl_cmake-extras.cmake
-- Installing: /home/user/ros2_ws/src/install/services_quiz_srv/share/services_quiz_srv/cmake/ament_cmake_export_dependencies-extras.cmake
-- Installing: /home/user/ros2_ws/src/install/services_quiz_srv/share/services_quiz_srv/cmake/ament_cmake_export_include_directories-extras.cmake
-- Installing: /home/user/ros2_ws/src/install/services_quiz_srv/share/services_quiz_srv/cmake/ament_cmake_export_libraries-extras.cmake
-- Installing: /home/user/ros2_ws/src/install/services_quiz_srv/share/services_quiz_srv/cmake/ament_cmake_export_targets-extras.cmake
-- Installing: /home/user/ros2_ws/src/install/services_quiz_srv/share/services_quiz_srv/cmake/rosidl_cmake_export_typesupport_targets-extras.cmake
-- Installing: /home/user/ros2_ws/src/install/services_quiz_srv/share/services_quiz_srv/cmake/rosidl_cmake_export_typesupport_libraries-extras.cmake
-- Installing: /home/user/ros2_ws/src/install/services_quiz_srv/share/services_quiz_srv/cmake/services_quiz_srvConfig.cmake
-- Up-to-date: /home/user/ros2_ws/src/install/services_quiz_srv/share/services_quiz_srv/cmake/services_quiz_srvConfig-version.cmake
-- Installing: /home/user/ros2_ws/src/install/services_quiz_srv/share/services_quiz_srv/package.xml
