[0.024s] Invoking command in '/home/user/ros2_ws/src/build/services_quiz_srv': CMAKE_PREFIX_PATH=${CMAKE_PREFIX_PATH}:/home/simulations/ros2_sims_ws/install/tracetools_test:/home/simulations/ros2_sims_ws/install/tracetools_launch:/home/simulations/ros2_sims_ws/install/ros2trace:/home/simulations/ros2_sims_ws/install/tracetools_trace:/home/simulations/ros2_sims_ws/install/ros2trace_analysis:/home/simulations/ros2_sims_ws/install/tracetools_analysis:/home/simulations/ros2_sims_ws/install/tracetools_read:/home/simulations/ros2_sims_ws/install/test_tracetools_launch:/opt/ros/humble:/home/simulations/ros2_sims_ws/install/robot_description _=/usr/bin/env /usr/bin/cmake --build /home/user/ros2_ws/src/build/services_quiz_srv -- -j8 -l8
[0.080s] [35m[1mConsolidate compiler generated dependencies of target services_quiz_srv__rosidl_generator_c[0m
[0.110s] [  3%] Built target services_quiz_srv__cpp
[0.118s] [ 12%] Built target services_quiz_srv__rosidl_generator_c
[0.128s] [35m[1mConsolidate compiler generated dependencies of target services_quiz_srv__rosidl_typesupport_cpp[0m
[0.144s] [ 12%] Built target ament_cmake_python_copy_services_quiz_srv
[0.148s] [35m[1mConsolidate compiler generated dependencies of target services_quiz_srv__rosidl_typesupport_fastrtps_cpp[0m
[0.156s] [35m[1mConsolidate compiler generated dependencies of target services_quiz_srv__rosidl_typesupport_introspection_cpp[0m
[0.172s] [ 22%] Built target services_quiz_srv__rosidl_typesupport_cpp
[0.173s] [35m[1mConsolidate compiler generated dependencies of target services_quiz_srv__rosidl_typesupport_introspection_c[0m
[0.184s] [35m[1mConsolidate compiler generated dependencies of target services_quiz_srv__rosidl_typesupport_fastrtps_c[0m
[0.185s] [35m[1mConsolidate compiler generated dependencies of target services_quiz_srv__rosidl_typesupport_c[0m
[0.191s] [ 32%] Built target services_quiz_srv__rosidl_typesupport_fastrtps_cpp
[0.192s] [ 41%] Built target services_quiz_srv__rosidl_typesupport_introspection_cpp
[0.200s] [ 51%] Built target services_quiz_srv__rosidl_typesupport_introspection_c
[0.218s] [ 61%] Built target services_quiz_srv__rosidl_typesupport_c
[0.228s] [ 70%] Built target services_quiz_srv__rosidl_typesupport_fastrtps_c
[0.270s] [ 70%] Built target services_quiz_srv
[0.303s] [ 74%] Built target services_quiz_srv__py
[0.321s] [35m[1mConsolidate compiler generated dependencies of target services_quiz_srv__rosidl_generator_py[0m
[0.344s] [ 80%] Built target services_quiz_srv__rosidl_generator_py
[0.358s] [35m[1mConsolidate compiler generated dependencies of target services_quiz_srv__rosidl_typesupport_fastrtps_c__pyext[0m
[0.380s] [35m[1mConsolidate compiler generated dependencies of target services_quiz_srv__rosidl_typesupport_introspection_c__pyext[0m
[0.387s] [35m[1mConsolidate compiler generated dependencies of target services_quiz_srv__rosidl_typesupport_c__pyext[0m
[0.412s] [ 87%] Built target services_quiz_srv__rosidl_typesupport_fastrtps_c__pyext
[0.445s] [ 93%] Built target services_quiz_srv__rosidl_typesupport_introspection_c__pyext
[0.457s] [100%] Built target services_quiz_srv__rosidl_typesupport_c__pyext
[0.650s] running egg_info
[0.651s] writing services_quiz_srv.egg-info/PKG-INFO
[0.651s] writing dependency_links to services_quiz_srv.egg-info/dependency_links.txt
[0.651s] writing top-level names to services_quiz_srv.egg-info/top_level.txt
[0.655s] reading manifest file 'services_quiz_srv.egg-info/SOURCES.txt'
[0.655s] writing manifest file 'services_quiz_srv.egg-info/SOURCES.txt'
[0.689s] [100%] Built target ament_cmake_python_build_services_quiz_srv_egg
[0.701s] Invoked command in '/home/user/ros2_ws/src/build/services_quiz_srv' returned '0': CMAKE_PREFIX_PATH=${CMAKE_PREFIX_PATH}:/home/simulations/ros2_sims_ws/install/tracetools_test:/home/simulations/ros2_sims_ws/install/tracetools_launch:/home/simulations/ros2_sims_ws/install/ros2trace:/home/simulations/ros2_sims_ws/install/tracetools_trace:/home/simulations/ros2_sims_ws/install/ros2trace_analysis:/home/simulations/ros2_sims_ws/install/tracetools_analysis:/home/simulations/ros2_sims_ws/install/tracetools_read:/home/simulations/ros2_sims_ws/install/test_tracetools_launch:/opt/ros/humble:/home/simulations/ros2_sims_ws/install/robot_description _=/usr/bin/env /usr/bin/cmake --build /home/user/ros2_ws/src/build/services_quiz_srv -- -j8 -l8
[0.831s] Invoking command in '/home/user/ros2_ws/src/build/services_quiz_srv': CMAKE_PREFIX_PATH=${CMAKE_PREFIX_PATH}:/home/simulations/ros2_sims_ws/install/tracetools_test:/home/simulations/ros2_sims_ws/install/tracetools_launch:/home/simulations/ros2_sims_ws/install/ros2trace:/home/simulations/ros2_sims_ws/install/tracetools_trace:/home/simulations/ros2_sims_ws/install/ros2trace_analysis:/home/simulations/ros2_sims_ws/install/tracetools_analysis:/home/simulations/ros2_sims_ws/install/tracetools_read:/home/simulations/ros2_sims_ws/install/test_tracetools_launch:/opt/ros/humble:/home/simulations/ros2_sims_ws/install/robot_description _=/usr/bin/env /usr/bin/cmake --install /home/user/ros2_ws/src/build/services_quiz_srv
[0.839s] -- Install configuration: ""
[0.839s] -- Installing: /home/user/ros2_ws/src/install/services_quiz_srv/share/ament_index/resource_index/rosidl_interfaces/services_quiz_srv
[0.839s] -- Installing: /home/user/ros2_ws/src/install/services_quiz_srv/include/services_quiz_srv/services_quiz_srv
[0.839s] -- Installing: /home/user/ros2_ws/src/install/services_quiz_srv/include/services_quiz_srv/services_quiz_srv/srv
[0.840s] -- Installing: /home/user/ros2_ws/src/install/services_quiz_srv/include/services_quiz_srv/services_quiz_srv/srv/detail
[0.840s] -- Installing: /home/user/ros2_ws/src/install/services_quiz_srv/include/services_quiz_srv/services_quiz_srv/srv/detail/turn__functions.c
[0.840s] -- Installing: /home/user/ros2_ws/src/install/services_quiz_srv/include/services_quiz_srv/services_quiz_srv/srv/detail/turn__functions.h
[0.840s] -- Installing: /home/user/ros2_ws/src/install/services_quiz_srv/include/services_quiz_srv/services_quiz_srv/srv/detail/turn__type_support.h
[0.840s] -- Installing: /home/user/ros2_ws/src/install/services_quiz_srv/include/services_quiz_srv/services_quiz_srv/srv/detail/turn__struct.h
[0.840s] -- Installing: /home/user/ros2_ws/src/install/services_quiz_srv/include/services_quiz_srv/services_quiz_srv/srv/turn.h
[0.841s] -- Installing: /home/user/ros2_ws/src/install/services_quiz_srv/include/services_quiz_srv/services_quiz_srv/msg
[0.841s] -- Installing: /home/user/ros2_ws/src/install/services_quiz_srv/include/services_quiz_srv/services_quiz_srv/msg/rosidl_generator_c__visibility_control.h
[0.841s] -- Installing: /home/user/ros2_ws/src/install/services_quiz_srv/share/services_quiz_srv/environment/library_path.sh
[0.842s] -- Installing: /home/user/ros2_ws/src/install/services_quiz_srv/share/services_quiz_srv/environment/library_path.dsv
[0.842s] -- Installing: /home/user/ros2_ws/src/install/services_quiz_srv/lib/libservices_quiz_srv__rosidl_generator_c.so
[0.842s] -- Set runtime path of "/home/user/ros2_ws/src/install/services_quiz_srv/lib/libservices_quiz_srv__rosidl_generator_c.so" to ""
[0.842s] -- Up-to-date: /home/user/ros2_ws/src/install/services_quiz_srv/include/services_quiz_srv/services_quiz_srv
[0.842s] -- Up-to-date: /home/user/ros2_ws/src/install/services_quiz_srv/include/services_quiz_srv/services_quiz_srv/srv
[0.842s] -- Up-to-date: /home/user/ros2_ws/src/install/services_quiz_srv/include/services_quiz_srv/services_quiz_srv/srv/detail
[0.842s] -- Installing: /home/user/ros2_ws/src/install/services_quiz_srv/include/services_quiz_srv/services_quiz_srv/srv/detail/turn__rosidl_typesupport_fastrtps_c.h
[0.843s] -- Up-to-date: /home/user/ros2_ws/src/install/services_quiz_srv/include/services_quiz_srv/services_quiz_srv/msg
[0.843s] -- Installing: /home/user/ros2_ws/src/install/services_quiz_srv/include/services_quiz_srv/services_quiz_srv/msg/rosidl_typesupport_fastrtps_c__visibility_control.h
[0.843s] -- Installing: /home/user/ros2_ws/src/install/services_quiz_srv/lib/libservices_quiz_srv__rosidl_typesupport_fastrtps_c.so
[0.843s] -- Set runtime path of "/home/user/ros2_ws/src/install/services_quiz_srv/lib/libservices_quiz_srv__rosidl_typesupport_fastrtps_c.so" to ""
[0.844s] -- Up-to-date: /home/user/ros2_ws/src/install/services_quiz_srv/include/services_quiz_srv/services_quiz_srv
[0.844s] -- Up-to-date: /home/user/ros2_ws/src/install/services_quiz_srv/include/services_quiz_srv/services_quiz_srv/srv
[0.844s] -- Up-to-date: /home/user/ros2_ws/src/install/services_quiz_srv/include/services_quiz_srv/services_quiz_srv/srv/detail
[0.844s] -- Installing: /home/user/ros2_ws/src/install/services_quiz_srv/include/services_quiz_srv/services_quiz_srv/srv/detail/turn__builder.hpp
[0.844s] -- Installing: /home/user/ros2_ws/src/install/services_quiz_srv/include/services_quiz_srv/services_quiz_srv/srv/detail/turn__struct.hpp
[0.844s] -- Installing: /home/user/ros2_ws/src/install/services_quiz_srv/include/services_quiz_srv/services_quiz_srv/srv/detail/turn__traits.hpp
[0.844s] -- Installing: /home/user/ros2_ws/src/install/services_quiz_srv/include/services_quiz_srv/services_quiz_srv/srv/turn.hpp
[0.845s] -- Up-to-date: /home/user/ros2_ws/src/install/services_quiz_srv/include/services_quiz_srv/services_quiz_srv
[0.845s] -- Up-to-date: /home/user/ros2_ws/src/install/services_quiz_srv/include/services_quiz_srv/services_quiz_srv/srv
[0.845s] -- Up-to-date: /home/user/ros2_ws/src/install/services_quiz_srv/include/services_quiz_srv/services_quiz_srv/srv/detail
[0.845s] -- Installing: /home/user/ros2_ws/src/install/services_quiz_srv/include/services_quiz_srv/services_quiz_srv/srv/detail/turn__rosidl_typesupport_fastrtps_cpp.hpp
[0.845s] -- Installing: /home/user/ros2_ws/src/install/services_quiz_srv/include/services_quiz_srv/services_quiz_srv/srv/detail/dds_fastrtps
[0.845s] -- Up-to-date: /home/user/ros2_ws/src/install/services_quiz_srv/include/services_quiz_srv/services_quiz_srv/msg
[0.845s] -- Installing: /home/user/ros2_ws/src/install/services_quiz_srv/include/services_quiz_srv/services_quiz_srv/msg/rosidl_typesupport_fastrtps_cpp__visibility_control.h
[0.845s] -- Installing: /home/user/ros2_ws/src/install/services_quiz_srv/lib/libservices_quiz_srv__rosidl_typesupport_fastrtps_cpp.so
[0.846s] -- Set runtime path of "/home/user/ros2_ws/src/install/services_quiz_srv/lib/libservices_quiz_srv__rosidl_typesupport_fastrtps_cpp.so" to ""
[0.846s] -- Up-to-date: /home/user/ros2_ws/src/install/services_quiz_srv/include/services_quiz_srv/services_quiz_srv
[0.846s] -- Up-to-date: /home/user/ros2_ws/src/install/services_quiz_srv/include/services_quiz_srv/services_quiz_srv/srv
[0.846s] -- Up-to-date: /home/user/ros2_ws/src/install/services_quiz_srv/include/services_quiz_srv/services_quiz_srv/srv/detail
[0.846s] -- Installing: /home/user/ros2_ws/src/install/services_quiz_srv/include/services_quiz_srv/services_quiz_srv/srv/detail/turn__type_support.c
[0.847s] -- Installing: /home/user/ros2_ws/src/install/services_quiz_srv/include/services_quiz_srv/services_quiz_srv/srv/detail/turn__rosidl_typesupport_introspection_c.h
[0.847s] -- Up-to-date: /home/user/ros2_ws/src/install/services_quiz_srv/include/services_quiz_srv/services_quiz_srv/msg
[0.847s] -- Installing: /home/user/ros2_ws/src/install/services_quiz_srv/include/services_quiz_srv/services_quiz_srv/msg/rosidl_typesupport_introspection_c__visibility_control.h
[0.847s] -- Installing: /home/user/ros2_ws/src/install/services_quiz_srv/lib/libservices_quiz_srv__rosidl_typesupport_introspection_c.so
[0.848s] -- Set runtime path of "/home/user/ros2_ws/src/install/services_quiz_srv/lib/libservices_quiz_srv__rosidl_typesupport_introspection_c.so" to ""
[0.848s] -- Installing: /home/user/ros2_ws/src/install/services_quiz_srv/lib/libservices_quiz_srv__rosidl_typesupport_c.so
[0.848s] -- Set runtime path of "/home/user/ros2_ws/src/install/services_quiz_srv/lib/libservices_quiz_srv__rosidl_typesupport_c.so" to ""
[0.848s] -- Up-to-date: /home/user/ros2_ws/src/install/services_quiz_srv/include/services_quiz_srv/services_quiz_srv
[0.849s] -- Up-to-date: /home/user/ros2_ws/src/install/services_quiz_srv/include/services_quiz_srv/services_quiz_srv/srv
[0.849s] -- Up-to-date: /home/user/ros2_ws/src/install/services_quiz_srv/include/services_quiz_srv/services_quiz_srv/srv/detail
[0.849s] -- Installing: /home/user/ros2_ws/src/install/services_quiz_srv/include/services_quiz_srv/services_quiz_srv/srv/detail/turn__rosidl_typesupport_introspection_cpp.hpp
[0.849s] -- Installing: /home/user/ros2_ws/src/install/services_quiz_srv/include/services_quiz_srv/services_quiz_srv/srv/detail/turn__type_support.cpp
[0.849s] -- Installing: /home/user/ros2_ws/src/install/services_quiz_srv/lib/libservices_quiz_srv__rosidl_typesupport_introspection_cpp.so
[0.850s] -- Set runtime path of "/home/user/ros2_ws/src/install/services_quiz_srv/lib/libservices_quiz_srv__rosidl_typesupport_introspection_cpp.so" to ""
[0.850s] -- Installing: /home/user/ros2_ws/src/install/services_quiz_srv/lib/libservices_quiz_srv__rosidl_typesupport_cpp.so
[0.851s] -- Set runtime path of "/home/user/ros2_ws/src/install/services_quiz_srv/lib/libservices_quiz_srv__rosidl_typesupport_cpp.so" to ""
[0.851s] -- Installing: /home/user/ros2_ws/src/install/services_quiz_srv/share/services_quiz_srv/environment/pythonpath.sh
[0.851s] -- Installing: /home/user/ros2_ws/src/install/services_quiz_srv/share/services_quiz_srv/environment/pythonpath.dsv
[0.851s] -- Installing: /home/user/ros2_ws/src/install/services_quiz_srv/local/lib/python3.10/dist-packages/services_quiz_srv-0.0.0-py3.10.egg-info
[0.851s] -- Installing: /home/user/ros2_ws/src/install/services_quiz_srv/local/lib/python3.10/dist-packages/services_quiz_srv-0.0.0-py3.10.egg-info/PKG-INFO
[0.851s] -- Installing: /home/user/ros2_ws/src/install/services_quiz_srv/local/lib/python3.10/dist-packages/services_quiz_srv-0.0.0-py3.10.egg-info/top_level.txt
[0.852s] -- Installing: /home/user/ros2_ws/src/install/services_quiz_srv/local/lib/python3.10/dist-packages/services_quiz_srv-0.0.0-py3.10.egg-info/SOURCES.txt
[0.852s] -- Installing: /home/user/ros2_ws/src/install/services_quiz_srv/local/lib/python3.10/dist-packages/services_quiz_srv-0.0.0-py3.10.egg-info/dependency_links.txt
[0.852s] -- Installing: /home/user/ros2_ws/src/install/services_quiz_srv/local/lib/python3.10/dist-packages/services_quiz_srv
[0.852s] -- Installing: /home/user/ros2_ws/src/install/services_quiz_srv/local/lib/python3.10/dist-packages/services_quiz_srv/srv
[0.852s] -- Installing: /home/user/ros2_ws/src/install/services_quiz_srv/local/lib/python3.10/dist-packages/services_quiz_srv/srv/_turn.py
[0.853s] -- Installing: /home/user/ros2_ws/src/install/services_quiz_srv/local/lib/python3.10/dist-packages/services_quiz_srv/srv/__init__.py
[0.853s] -- Installing: /home/user/ros2_ws/src/install/services_quiz_srv/local/lib/python3.10/dist-packages/services_quiz_srv/srv/_turn_s.c
[0.853s] -- Installing: /home/user/ros2_ws/src/install/services_quiz_srv/local/lib/python3.10/dist-packages/services_quiz_srv/services_quiz_srv_s__rosidl_typesupport_fastrtps_c.cpython-310-x86_64-linux-gnu.so
[0.853s] -- Installing: /home/user/ros2_ws/src/install/services_quiz_srv/local/lib/python3.10/dist-packages/services_quiz_srv/__init__.py
[0.854s] -- Installing: /home/user/ros2_ws/src/install/services_quiz_srv/local/lib/python3.10/dist-packages/services_quiz_srv/services_quiz_srv_s__rosidl_typesupport_introspection_c.cpython-310-x86_64-linux-gnu.so
[0.854s] -- Installing: /home/user/ros2_ws/src/install/services_quiz_srv/local/lib/python3.10/dist-packages/services_quiz_srv/libservices_quiz_srv__rosidl_generator_py.so
[0.854s] -- Installing: /home/user/ros2_ws/src/install/services_quiz_srv/local/lib/python3.10/dist-packages/services_quiz_srv/_services_quiz_srv_s.ep.rosidl_typesupport_fastrtps_c.c
[0.854s] -- Installing: /home/user/ros2_ws/src/install/services_quiz_srv/local/lib/python3.10/dist-packages/services_quiz_srv/_services_quiz_srv_s.ep.rosidl_typesupport_c.c
[0.854s] -- Installing: /home/user/ros2_ws/src/install/services_quiz_srv/local/lib/python3.10/dist-packages/services_quiz_srv/_services_quiz_srv_s.ep.rosidl_typesupport_introspection_c.c
[0.855s] -- Installing: /home/user/ros2_ws/src/install/services_quiz_srv/local/lib/python3.10/dist-packages/services_quiz_srv/services_quiz_srv_s__rosidl_typesupport_c.cpython-310-x86_64-linux-gnu.so
[0.899s] Listing '/home/user/ros2_ws/src/install/services_quiz_srv/local/lib/python3.10/dist-packages/services_quiz_srv'...
[0.899s] Compiling '/home/user/ros2_ws/src/install/services_quiz_srv/local/lib/python3.10/dist-packages/services_quiz_srv/__init__.py'...
[0.899s] Listing '/home/user/ros2_ws/src/install/services_quiz_srv/local/lib/python3.10/dist-packages/services_quiz_srv/srv'...
[0.899s] Compiling '/home/user/ros2_ws/src/install/services_quiz_srv/local/lib/python3.10/dist-packages/services_quiz_srv/srv/__init__.py'...
[0.899s] Compiling '/home/user/ros2_ws/src/install/services_quiz_srv/local/lib/python3.10/dist-packages/services_quiz_srv/srv/_turn.py'...
[0.904s] -- Installing: /home/user/ros2_ws/src/install/services_quiz_srv/local/lib/python3.10/dist-packages/services_quiz_srv/services_quiz_srv_s__rosidl_typesupport_fastrtps_c.cpython-310-x86_64-linux-gnu.so
[0.904s] -- Set runtime path of "/home/user/ros2_ws/src/install/services_quiz_srv/local/lib/python3.10/dist-packages/services_quiz_srv/services_quiz_srv_s__rosidl_typesupport_fastrtps_c.cpython-310-x86_64-linux-gnu.so" to ""
[0.904s] -- Installing: /home/user/ros2_ws/src/install/services_quiz_srv/local/lib/python3.10/dist-packages/services_quiz_srv/services_quiz_srv_s__rosidl_typesupport_introspection_c.cpython-310-x86_64-linux-gnu.so
[0.905s] -- Set runtime path of "/home/user/ros2_ws/src/install/services_quiz_srv/local/lib/python3.10/dist-packages/services_quiz_srv/services_quiz_srv_s__rosidl_typesupport_introspection_c.cpython-310-x86_64-linux-gnu.so" to ""
[0.905s] -- Installing: /home/user/ros2_ws/src/install/services_quiz_srv/local/lib/python3.10/dist-packages/services_quiz_srv/services_quiz_srv_s__rosidl_typesupport_c.cpython-310-x86_64-linux-gnu.so
[0.906s] -- Set runtime path of "/home/user/ros2_ws/src/install/services_quiz_srv/local/lib/python3.10/dist-packages/services_quiz_srv/services_quiz_srv_s__rosidl_typesupport_c.cpython-310-x86_64-linux-gnu.so" to ""
[0.906s] -- Installing: /home/user/ros2_ws/src/install/services_quiz_srv/lib/libservices_quiz_srv__rosidl_generator_py.so
[0.907s] -- Set runtime path of "/home/user/ros2_ws/src/install/services_quiz_srv/lib/libservices_quiz_srv__rosidl_generator_py.so" to ""
[0.907s] -- Installing: /home/user/ros2_ws/src/install/services_quiz_srv/share/services_quiz_srv/srv/Turn.idl
[0.907s] -- Installing: /home/user/ros2_ws/src/install/services_quiz_srv/share/services_quiz_srv/srv/Turn.srv
[0.907s] -- Installing: /home/user/ros2_ws/src/install/services_quiz_srv/share/services_quiz_srv/srv/Turn_Request.msg
[0.908s] -- Installing: /home/user/ros2_ws/src/install/services_quiz_srv/share/services_quiz_srv/srv/Turn_Response.msg
[0.908s] -- Installing: /home/user/ros2_ws/src/install/services_quiz_srv/share/ament_index/resource_index/package_run_dependencies/services_quiz_srv
[0.908s] -- Up-to-date: /home/user/ros2_ws/src/install/services_quiz_srv/share/ament_index/resource_index/parent_prefix_path/services_quiz_srv
[0.908s] -- Up-to-date: /home/user/ros2_ws/src/install/services_quiz_srv/share/services_quiz_srv/environment/ament_prefix_path.sh
[0.909s] -- Installing: /home/user/ros2_ws/src/install/services_quiz_srv/share/services_quiz_srv/environment/ament_prefix_path.dsv
[0.910s] -- Up-to-date: /home/user/ros2_ws/src/install/services_quiz_srv/share/services_quiz_srv/environment/path.sh
[0.910s] -- Installing: /home/user/ros2_ws/src/install/services_quiz_srv/share/services_quiz_srv/environment/path.dsv
[0.910s] -- Up-to-date: /home/user/ros2_ws/src/install/services_quiz_srv/share/services_quiz_srv/local_setup.bash
[0.910s] -- Installing: /home/user/ros2_ws/src/install/services_quiz_srv/share/services_quiz_srv/local_setup.sh
[0.910s] -- Up-to-date: /home/user/ros2_ws/src/install/services_quiz_srv/share/services_quiz_srv/local_setup.zsh
[0.910s] -- Installing: /home/user/ros2_ws/src/install/services_quiz_srv/share/services_quiz_srv/local_setup.dsv
[0.911s] -- Installing: /home/user/ros2_ws/src/install/services_quiz_srv/share/services_quiz_srv/package.dsv
[0.911s] -- Up-to-date: /home/user/ros2_ws/src/install/services_quiz_srv/share/ament_index/resource_index/packages/services_quiz_srv
[0.911s] -- Installing: /home/user/ros2_ws/src/install/services_quiz_srv/share/services_quiz_srv/cmake/export_services_quiz_srv__rosidl_generator_cExport.cmake
[0.911s] -- Installing: /home/user/ros2_ws/src/install/services_quiz_srv/share/services_quiz_srv/cmake/export_services_quiz_srv__rosidl_generator_cExport-noconfig.cmake
[0.911s] -- Installing: /home/user/ros2_ws/src/install/services_quiz_srv/share/services_quiz_srv/cmake/export_services_quiz_srv__rosidl_typesupport_fastrtps_cExport.cmake
[0.911s] -- Installing: /home/user/ros2_ws/src/install/services_quiz_srv/share/services_quiz_srv/cmake/export_services_quiz_srv__rosidl_typesupport_fastrtps_cExport-noconfig.cmake
[0.911s] -- Installing: /home/user/ros2_ws/src/install/services_quiz_srv/share/services_quiz_srv/cmake/export_services_quiz_srv__rosidl_generator_cppExport.cmake
[0.911s] -- Installing: /home/user/ros2_ws/src/install/services_quiz_srv/share/services_quiz_srv/cmake/export_services_quiz_srv__rosidl_typesupport_fastrtps_cppExport.cmake
[0.912s] -- Installing: /home/user/ros2_ws/src/install/services_quiz_srv/share/services_quiz_srv/cmake/export_services_quiz_srv__rosidl_typesupport_fastrtps_cppExport-noconfig.cmake
[0.912s] -- Installing: /home/user/ros2_ws/src/install/services_quiz_srv/share/services_quiz_srv/cmake/services_quiz_srv__rosidl_typesupport_introspection_cExport.cmake
[0.912s] -- Installing: /home/user/ros2_ws/src/install/services_quiz_srv/share/services_quiz_srv/cmake/services_quiz_srv__rosidl_typesupport_introspection_cExport-noconfig.cmake
[0.912s] -- Installing: /home/user/ros2_ws/src/install/services_quiz_srv/share/services_quiz_srv/cmake/services_quiz_srv__rosidl_typesupport_cExport.cmake
[0.912s] -- Installing: /home/user/ros2_ws/src/install/services_quiz_srv/share/services_quiz_srv/cmake/services_quiz_srv__rosidl_typesupport_cExport-noconfig.cmake
[0.912s] -- Installing: /home/user/ros2_ws/src/install/services_quiz_srv/share/services_quiz_srv/cmake/services_quiz_srv__rosidl_typesupport_introspection_cppExport.cmake
[0.913s] -- Installing: /home/user/ros2_ws/src/install/services_quiz_srv/share/services_quiz_srv/cmake/services_quiz_srv__rosidl_typesupport_introspection_cppExport-noconfig.cmake
[0.913s] -- Installing: /home/user/ros2_ws/src/install/services_quiz_srv/share/services_quiz_srv/cmake/services_quiz_srv__rosidl_typesupport_cppExport.cmake
[0.913s] -- Installing: /home/user/ros2_ws/src/install/services_quiz_srv/share/services_quiz_srv/cmake/services_quiz_srv__rosidl_typesupport_cppExport-noconfig.cmake
[0.913s] -- Installing: /home/user/ros2_ws/src/install/services_quiz_srv/share/services_quiz_srv/cmake/export_services_quiz_srv__rosidl_generator_pyExport.cmake
[0.913s] -- Installing: /home/user/ros2_ws/src/install/services_quiz_srv/share/services_quiz_srv/cmake/export_services_quiz_srv__rosidl_generator_pyExport-noconfig.cmake
[0.913s] -- Installing: /home/user/ros2_ws/src/install/services_quiz_srv/share/services_quiz_srv/cmake/rosidl_cmake-extras.cmake
[0.913s] -- Installing: /home/user/ros2_ws/src/install/services_quiz_srv/share/services_quiz_srv/cmake/ament_cmake_export_dependencies-extras.cmake
[0.913s] -- Installing: /home/user/ros2_ws/src/install/services_quiz_srv/share/services_quiz_srv/cmake/ament_cmake_export_include_directories-extras.cmake
[0.913s] -- Installing: /home/user/ros2_ws/src/install/services_quiz_srv/share/services_quiz_srv/cmake/ament_cmake_export_libraries-extras.cmake
[0.914s] -- Installing: /home/user/ros2_ws/src/install/services_quiz_srv/share/services_quiz_srv/cmake/ament_cmake_export_targets-extras.cmake
[0.914s] -- Installing: /home/user/ros2_ws/src/install/services_quiz_srv/share/services_quiz_srv/cmake/rosidl_cmake_export_typesupport_targets-extras.cmake
[0.914s] -- Installing: /home/user/ros2_ws/src/install/services_quiz_srv/share/services_quiz_srv/cmake/rosidl_cmake_export_typesupport_libraries-extras.cmake
[0.914s] -- Installing: /home/user/ros2_ws/src/install/services_quiz_srv/share/services_quiz_srv/cmake/services_quiz_srvConfig.cmake
[0.914s] -- Up-to-date: /home/user/ros2_ws/src/install/services_quiz_srv/share/services_quiz_srv/cmake/services_quiz_srvConfig-version.cmake
[0.914s] -- Installing: /home/user/ros2_ws/src/install/services_quiz_srv/share/services_quiz_srv/package.xml
[0.926s] Invoked command in '/home/user/ros2_ws/src/build/services_quiz_srv' returned '0': CMAKE_PREFIX_PATH=${CMAKE_PREFIX_PATH}:/home/simulations/ros2_sims_ws/install/tracetools_test:/home/simulations/ros2_sims_ws/install/tracetools_launch:/home/simulations/ros2_sims_ws/install/ros2trace:/home/simulations/ros2_sims_ws/install/tracetools_trace:/home/simulations/ros2_sims_ws/install/ros2trace_analysis:/home/simulations/ros2_sims_ws/install/tracetools_analysis:/home/simulations/ros2_sims_ws/install/tracetools_read:/home/simulations/ros2_sims_ws/install/test_tracetools_launch:/opt/ros/humble:/home/simulations/ros2_sims_ws/install/robot_description _=/usr/bin/env /usr/bin/cmake --install /home/user/ros2_ws/src/build/services_quiz_srv
