[0.025s] Invoking command in '/home/user/ros2_ws/src/build/services_quiz': CMAKE_PREFIX_PATH=${CMAKE_PREFIX_PATH}:/home/simulations/ros2_sims_ws/install/tracetools_test:/home/simulations/ros2_sims_ws/install/tracetools_launch:/home/simulations/ros2_sims_ws/install/ros2trace:/home/simulations/ros2_sims_ws/install/tracetools_trace:/home/simulations/ros2_sims_ws/install/ros2trace_analysis:/home/simulations/ros2_sims_ws/install/tracetools_analysis:/home/simulations/ros2_sims_ws/install/tracetools_read:/home/simulations/ros2_sims_ws/install/test_tracetools_launch:/opt/ros/humble:/home/simulations/ros2_sims_ws/install/robot_description _=/usr/bin/env /usr/bin/cmake --build /home/user/ros2_ws/src/build/services_quiz -- -j8 -l8
[0.084s] [35m[1mConsolidate compiler generated dependencies of target turn_s_client_executable[0m
[0.087s] [35m[1mConsolidate compiler generated dependencies of target turn_s_server_executable[0m
[0.129s] [ 50%] Built target turn_s_server_executable
[0.131s] [ 75%] [32mBuilding CXX object CMakeFiles/turn_s_client_executable.dir/src/turn_s_client.cpp.o[0m
[2.638s] [01m[K/home/user/ros2_ws/src/services_quiz/src/turn_s_client.cpp:[m[K In constructor '[01m[KTurnServiceClient::TurnServiceClient()[m[K':
[2.638s] [01m[K/home/user/ros2_ws/src/services_quiz/src/turn_s_client.cpp:15:43:[m[K [01;31m[Kerror: [m[Kunable to find numeric literal operator '[01m[Koperator""s[m[K'
[2.638s]    15 |         while (!client_->wait_for_service([01;31m[K1s[m[K)) {
[2.638s]       |                                           [01;31m[K^~[m[K
[2.641s] [01m[K/home/user/ros2_ws/src/services_quiz/src/turn_s_client.cpp:[m[K In function '[01m[Kint main(int, char**)[m[K':
[2.641s] [01m[K/home/user/ros2_ws/src/services_quiz/src/turn_s_client.cpp:40:31:[m[K [01;31m[Kerror: [m[K'[01m[Kvoid TurnServiceClient::send_turn_request()[m[K' is private within this context
[2.641s]    40 |     [01;31m[Kclient_->send_turn_request()[m[K;
[2.641s]       |     [01;31m[K~~~~~~~~~~~~~~~~~~~~~~~~~~^~[m[K
[2.641s] [01m[K/home/user/ros2_ws/src/services_quiz/src/turn_s_client.cpp:26:10:[m[K [01;36m[Knote: [m[Kdeclared private here
[2.641s]    26 |     void [01;36m[Ksend_turn_request[m[K() {
[2.641s]       |          [01;36m[K^~~~~~~~~~~~~~~~~[m[K
[3.183s] gmake[2]: *** [CMakeFiles/turn_s_client_executable.dir/build.make:76: CMakeFiles/turn_s_client_executable.dir/src/turn_s_client.cpp.o] Error 1
[3.184s] gmake[1]: *** [CMakeFiles/Makefile2:139: CMakeFiles/turn_s_client_executable.dir/all] Error 2
[3.184s] gmake: *** [Makefile:146: all] Error 2
[3.185s] Invoked command in '/home/user/ros2_ws/src/build/services_quiz' returned '2': CMAKE_PREFIX_PATH=${CMAKE_PREFIX_PATH}:/home/simulations/ros2_sims_ws/install/tracetools_test:/home/simulations/ros2_sims_ws/install/tracetools_launch:/home/simulations/ros2_sims_ws/install/ros2trace:/home/simulations/ros2_sims_ws/install/tracetools_trace:/home/simulations/ros2_sims_ws/install/ros2trace_analysis:/home/simulations/ros2_sims_ws/install/tracetools_analysis:/home/simulations/ros2_sims_ws/install/tracetools_read:/home/simulations/ros2_sims_ws/install/test_tracetools_launch:/opt/ros/humble:/home/simulations/ros2_sims_ws/install/robot_description _=/usr/bin/env /usr/bin/cmake --build /home/user/ros2_ws/src/build/services_quiz -- -j8 -l8
