[0.026s] Invoking command in '/home/user/ros2_ws/src/build/services_quiz': CMAKE_PREFIX_PATH=${CMAKE_PREFIX_PATH}:/home/simulations/ros2_sims_ws/install/tracetools_test:/home/simulations/ros2_sims_ws/install/tracetools_launch:/home/simulations/ros2_sims_ws/install/ros2trace:/home/simulations/ros2_sims_ws/install/tracetools_trace:/home/simulations/ros2_sims_ws/install/ros2trace_analysis:/home/simulations/ros2_sims_ws/install/tracetools_analysis:/home/simulations/ros2_sims_ws/install/tracetools_read:/home/simulations/ros2_sims_ws/install/test_tracetools_launch:/opt/ros/humble:/home/simulations/ros2_sims_ws/install/robot_description _=/usr/bin/env /usr/bin/cmake /home/user/ros2_ws/src/services_quiz -DCMAKE_INSTALL_PREFIX=/home/user/ros2_ws/src/install/services_quiz
[0.035s] -- Found ament_cmake: 1.3.8 (/opt/ros/humble/share/ament_cmake/cmake)
[0.244s] -- Found rclcpp: 16.0.8 (/opt/ros/humble/share/rclcpp/cmake)
[0.296s] -- Found rosidl_generator_c: 3.1.5 (/opt/ros/humble/share/rosidl_generator_c/cmake)
[0.300s] -- Found rosidl_adapter: 3.1.5 (/opt/ros/humble/share/rosidl_adapter/cmake)
[0.311s] -- Found rosidl_generator_cpp: 3.1.5 (/opt/ros/humble/share/rosidl_generator_cpp/cmake)
[0.331s] -- Using all available rosidl_typesupport_c: rosidl_typesupport_fastrtps_c;rosidl_typesupport_introspection_c
[0.359s] -- Using all available rosidl_typesupport_cpp: rosidl_typesupport_fastrtps_cpp;rosidl_typesupport_introspection_cpp
[0.422s] -- Found rmw_implementation_cmake: 6.1.1 (/opt/ros/humble/share/rmw_implementation_cmake/cmake)
[0.425s] -- Found rmw_fastrtps_cpp: 6.2.6 (/opt/ros/humble/share/rmw_fastrtps_cpp/cmake)
[0.626s] -- Using RMW implementation 'rmw_fastrtps_cpp' as default
[0.843s] -- Found std_srvs: 4.2.3 (/opt/ros/humble/share/std_srvs/cmake)
[0.873s] -- Found ament_lint_auto: 0.12.10 (/opt/ros/humble/share/ament_lint_auto/cmake)
[1.000s] -- Added test 'cppcheck' to perform static code analysis on C / C++ code
[1.000s] -- Configured cppcheck include dirs: 
[1.000s] -- Configured cppcheck exclude dirs and/or files: 
[1.001s] -- Added test 'lint_cmake' to check CMake code style
[1.003s] -- Added test 'uncrustify' to check C / C++ code style
[1.003s] -- Configured uncrustify additional arguments: 
[1.004s] -- Added test 'xmllint' to check XML markup files
[1.006s] -- Configuring done
[1.019s] -- Generating done
[1.021s] -- Build files have been written to: /home/user/ros2_ws/src/build/services_quiz
[1.028s] Invoked command in '/home/user/ros2_ws/src/build/services_quiz' returned '0': CMAKE_PREFIX_PATH=${CMAKE_PREFIX_PATH}:/home/simulations/ros2_sims_ws/install/tracetools_test:/home/simulations/ros2_sims_ws/install/tracetools_launch:/home/simulations/ros2_sims_ws/install/ros2trace:/home/simulations/ros2_sims_ws/install/tracetools_trace:/home/simulations/ros2_sims_ws/install/ros2trace_analysis:/home/simulations/ros2_sims_ws/install/tracetools_analysis:/home/simulations/ros2_sims_ws/install/tracetools_read:/home/simulations/ros2_sims_ws/install/test_tracetools_launch:/opt/ros/humble:/home/simulations/ros2_sims_ws/install/robot_description _=/usr/bin/env /usr/bin/cmake /home/user/ros2_ws/src/services_quiz -DCMAKE_INSTALL_PREFIX=/home/user/ros2_ws/src/install/services_quiz
[1.030s] Invoking command in '/home/user/ros2_ws/src/build/services_quiz': CMAKE_PREFIX_PATH=${CMAKE_PREFIX_PATH}:/home/simulations/ros2_sims_ws/install/tracetools_test:/home/simulations/ros2_sims_ws/install/tracetools_launch:/home/simulations/ros2_sims_ws/install/ros2trace:/home/simulations/ros2_sims_ws/install/tracetools_trace:/home/simulations/ros2_sims_ws/install/ros2trace_analysis:/home/simulations/ros2_sims_ws/install/tracetools_analysis:/home/simulations/ros2_sims_ws/install/tracetools_read:/home/simulations/ros2_sims_ws/install/test_tracetools_launch:/opt/ros/humble:/home/simulations/ros2_sims_ws/install/robot_description _=/usr/bin/env /usr/bin/cmake --build /home/user/ros2_ws/src/build/services_quiz -- -j8 -l8
[1.085s] [ 25%] [32mBuilding CXX object CMakeFiles/turn_s_server_executable.dir/src/turn_s_server.cpp.o[0m
[1.085s] [ 50%] [32mBuilding CXX object CMakeFiles/turn_s_client_executable.dir/src/turn_s_client.cpp.o[0m
[1.370s] [01m[K/home/user/ros2_ws/src/services_quiz/src/turn_s_server.cpp:26:1:[m[K [01;31m[Kerror: [m[Kunterminated argument list invoking macro "RCLCPP_INFO"
[1.370s]    26 | 
[1.370s]       | [01;31m[K^[m[K
[1.384s] [01m[K/home/user/ros2_ws/src/services_quiz/src/turn_s_client.cpp:41:2:[m[K [01;31m[Kerror: [m[Kunterminated argument list invoking macro "RCLCPP_INFO"
[1.384s]    41 | }
[1.384s]       |  [01;31m[K^[m[K
[3.406s] [01m[K/home/user/ros2_ws/src/services_quiz/src/turn_s_server.cpp:21:52:[m[K [01;31m[Kerror: [m[K'[01m[Kstd_srvs[m[K' was not declared in this scope
[3.406s]    21 |     void handle_turn_request(const std::shared_ptr<[01;31m[Kstd_srvs[m[K::srv::Trigger::Request> request,
[3.406s]       |                                                    [01;31m[K^~~~~~~~[m[K
[3.406s] [01m[K/home/user/ros2_ws/src/services_quiz/src/turn_s_server.cpp:21:83:[m[K [01;31m[Kerror: [m[Ktemplate argument 1 is invalid
[3.406s]    21 |     void handle_turn_request(const std::shared_ptr<std_srvs::srv::Trigger::Request[01;31m[K>[m[K request,
[3.407s]       |                                                                                   [01;31m[K^[m[K
[3.412s] [01m[K/home/user/ros2_ws/src/services_quiz/src/turn_s_server.cpp:21:52:[m[K [01;31m[Kerror: [m[K'[01m[Kstd_srvs[m[K' was not declared in this scope
[3.413s]    21 |     void handle_turn_request(const std::shared_ptr<[01;31m[Kstd_srvs[m[K::srv::Trigger::Request> request,
[3.413s]       |                                                    [01;31m[K^~~~~~~~[m[K
[3.413s] [01m[K/home/user/ros2_ws/src/services_quiz/src/turn_s_server.cpp:21:83:[m[K [01;31m[Kerror: [m[Ktemplate argument 1 is invalid
[3.413s]    21 |     void handle_turn_request(const std::shared_ptr<std_srvs::srv::Trigger::Request[01;31m[K>[m[K request,
[3.413s]       |                                                                                   [01;31m[K^[m[K
[3.417s] [01m[K/home/user/ros2_ws/src/services_quiz/src/turn_s_server.cpp:21:52:[m[K [01;31m[Kerror: [m[K'[01m[Kstd_srvs[m[K' was not declared in this scope
[3.417s]    21 |     void handle_turn_request(const std::shared_ptr<[01;31m[Kstd_srvs[m[K::srv::Trigger::Request> request,
[3.418s]       |                                                    [01;31m[K^~~~~~~~[m[K
[3.418s] [01m[K/home/user/ros2_ws/src/services_quiz/src/turn_s_server.cpp:21:83:[m[K [01;31m[Kerror: [m[Ktemplate argument 1 is invalid
[3.418s]    21 |     void handle_turn_request(const std::shared_ptr<std_srvs::srv::Trigger::Request[01;31m[K>[m[K request,
[3.418s]       |                                                                                   [01;31m[K^[m[K
[3.418s] [01m[K/home/user/ros2_ws/src/services_quiz/src/turn_s_server.cpp:21:36:[m[K [01;31m[Kerror: [m[Kinvalid template-id
[3.418s]    21 |     void handle_turn_request(const [01;31m[Kstd[m[K::shared_ptr<std_srvs::srv::Trigger::Request> request,
[3.418s]       |                                    [01;31m[K^~~[m[K
[3.418s] [01m[K/home/user/ros2_ws/src/services_quiz/src/turn_s_server.cpp:21:52:[m[K [01;31m[Kerror: [m[K'[01m[Kstd_srvs[m[K' has not been declared
[3.418s]    21 |     void handle_turn_request(const std::shared_ptr<[01;31m[Kstd_srvs[m[K::srv::Trigger::Request> request,
[3.418s]       |                                                    [01;31m[K^~~~~~~~[m[K
[3.418s] [01m[K/home/user/ros2_ws/src/services_quiz/src/turn_s_server.cpp:21:30:[m[K [01;31m[Kerror: [m[Kclass template placeholder '[01m[Kstd::shared_ptr[m[K' not permitted in this context
[3.418s]    21 |     void handle_turn_request([01;31m[Kconst[m[K std::shared_ptr<std_srvs::srv::Trigger::Request> request,
[3.419s]       |                              [01;31m[K^~~~~[m[K
[3.422s] [01m[K/home/user/ros2_ws/src/services_quiz/src/turn_s_server.cpp:22:25:[m[K [01;31m[Kerror: [m[K'[01m[Kstd_srvs[m[K' was not declared in this scope
[3.422s]    22 |         std::shared_ptr<[01;31m[Kstd_srvs[m[K::srv::Trigger::Response> response) {
[3.423s]       |                         [01;31m[K^~~~~~~~[m[K
[3.423s] [01m[K/home/user/ros2_ws/src/services_quiz/src/turn_s_server.cpp:22:57:[m[K [01;31m[Kerror: [m[Ktemplate argument 1 is invalid
[3.423s]    22 |         std::shared_ptr<std_srvs::srv::Trigger::Response[01;31m[K>[m[K response) {
[3.423s]       |                                                         [01;31m[K^[m[K
[3.428s] [01m[K/home/user/ros2_ws/src/services_quiz/src/turn_s_server.cpp:22:25:[m[K [01;31m[Kerror: [m[K'[01m[Kstd_srvs[m[K' was not declared in this scope
[3.428s]    22 |         std::shared_ptr<[01;31m[Kstd_srvs[m[K::srv::Trigger::Response> response) {
[3.428s]       |                         [01;31m[K^~~~~~~~[m[K
[3.428s] [01m[K/home/user/ros2_ws/src/services_quiz/src/turn_s_server.cpp:22:57:[m[K [01;31m[Kerror: [m[Ktemplate argument 1 is invalid
[3.428s]    22 |         std::shared_ptr<std_srvs::srv::Trigger::Response[01;31m[K>[m[K response) {
[3.428s]       |                                                         [01;31m[K^[m[K
[3.435s] [01m[K/home/user/ros2_ws/src/services_quiz/src/turn_s_server.cpp:22:25:[m[K [01;31m[Kerror: [m[K'[01m[Kstd_srvs[m[K' was not declared in this scope
[3.435s]    22 |         std::shared_ptr<[01;31m[Kstd_srvs[m[K::srv::Trigger::Response> response) {
[3.435s]       |                         [01;31m[K^~~~~~~~[m[K
[3.435s] [01m[K/home/user/ros2_ws/src/services_quiz/src/turn_s_server.cpp:22:57:[m[K [01;31m[Kerror: [m[Ktemplate argument 1 is invalid
[3.435s]    22 |         std::shared_ptr<std_srvs::srv::Trigger::Response[01;31m[K>[m[K response) {
[3.435s]       |                                                         [01;31m[K^[m[K
[3.435s] [01m[K/home/user/ros2_ws/src/services_quiz/src/turn_s_server.cpp:22:9:[m[K [01;31m[Kerror: [m[Kinvalid template-id
[3.435s]    22 |         [01;31m[Kstd[m[K::shared_ptr<std_srvs::srv::Trigger::Response> response) {
[3.435s]       |         [01;31m[K^~~[m[K
[3.435s] [01m[K/home/user/ros2_ws/src/services_quiz/src/turn_s_server.cpp:22:25:[m[K [01;31m[Kerror: [m[K'[01m[Kstd_srvs[m[K' has not been declared
[3.435s]    22 |         std::shared_ptr<[01;31m[Kstd_srvs[m[K::srv::Trigger::Response> response) {
[3.435s]       |                         [01;31m[K^~~~~~~~[m[K
[3.436s] [01m[K/home/user/ros2_ws/src/services_quiz/src/turn_s_server.cpp:22:9:[m[K [01;31m[Kerror: [m[Kclass template placeholder '[01m[Kstd::shared_ptr[m[K' not permitted in this context
[3.436s]    22 |         [01;31m[Kstd[m[K::shared_ptr<std_srvs::srv::Trigger::Response> response) {
[3.436s]       |         [01;31m[K^~~[m[K
[3.436s] [01m[K/home/user/ros2_ws/src/services_quiz/src/turn_s_server.cpp:23:20:[m[K [01;31m[Kerror: [m[Kexpected '[01m[K}[m[K' at end of input
[3.436s]    23 |         RCLCPP_INFO[01;31m[K([m[Kthis->rclcpp::get_logger("Handle Turn Service Request");
[3.436s]       |                    [01;31m[K^[m[K
[3.436s] [01m[K/home/user/ros2_ws/src/services_quiz/src/turn_s_server.cpp:8:1:[m[K [01;36m[Knote: [m[Kto match this '[01m[K{[m[K'
[3.436s]     8 | [01;36m[K{[m[K
[3.436s]       | [01;36m[K^[m[K
[3.441s] [01m[K/home/user/ros2_ws/src/services_quiz/src/turn_s_server.cpp:[m[K In constructor '[01m[KTurnServiceServer::TurnServiceServer()[m[K':
[3.441s] [01m[K/home/user/ros2_ws/src/services_quiz/src/turn_s_server.cpp:13:9:[m[K [01;31m[Kerror: [m[K'[01m[Kservice_[m[K' was not declared in this scope
[3.442s]    13 |         [01;31m[Kservice_[m[K = this->create_service<std_srvs::srv::Trigger>
[3.442s]       |         [01;31m[K^~~~~~~~[m[K
[3.446s] [01m[K/home/user/ros2_ws/src/services_quiz/src/turn_s_server.cpp:13:41:[m[K [01;31m[Kerror: [m[K'[01m[Kstd_srvs[m[K' was not declared in this scope
[3.446s]    13 |         service_ = this->create_service<[01;31m[Kstd_srvs[m[K::srv::Trigger>
[3.446s]       |                                         [01;31m[K^~~~~~~~[m[K
[3.446s] [01m[K/home/user/ros2_ws/src/services_quiz/src/turn_s_server.cpp:13:26:[m[K [01;31m[Kerror: [m[Kparse error in template argument list
[3.446s]    13 |         service_ = this->[01;31m[Kcreate_service<std_srvs::srv::Trigger>[m[K
[3.446s]       |                          [01;31m[K^~~~~~~~~~~~~~~~~~~~~~~~~~~~~~~~~~~~~~[m[K
[3.452s] [01m[K/home/user/ros2_ws/src/services_quiz/src/turn_s_server.cpp:14:13:[m[K [01;31m[Kerror: [m[Kno matching function for call to '[01m[KTurnServiceServer::create_service<<expression error> >(std::string&, std::_Bind_helper<false, void (TurnServiceServer::*)(...), TurnServiceServer*, const std::_Placeholder<1>&, const std::_Placeholder<2>&>::type)[m[K'
[3.452s]    13 |         service_ = [01;31m[Kthis->create_service<std_srvs::srv::Trigger>[m[K
[3.452s]       |                    [01;31m[K~~~~~~~~~~~~~~~~~~~~~~~~~~~~~~~~~~~~~~~~~~~~[m[K
[3.452s]    14 | [01;31m[K            (name_service,[m[K
[3.452s]       |             [01;31m[K^~~~~~~~~~~~~~[m[K
[3.452s]    15 | [01;31m[K            std::bind(&TurnServiceServer::handle_turn_request,[m[K
[3.452s]       |             [01;31m[K~~~~~~~~~~~~~~~~~~~~~~~~~~~~~~~~~~~~~~~~~~~~~~~~~~[m[K
[3.453s]    16 | [01;31m[K            this,[m[K
[3.453s]       |             [01;31m[K~~~~~[m[K
[3.453s]    17 | [01;31m[K            std::placeholders::_1, std::placeholders::_2))[m[K;
[3.453s]       |             [01;31m[K~~~~~~~~~~~~~~~~~~~~~~~~~~~~~~~~~~~~~~~~~~~~~~[m[K
[3.453s] In file included from [01m[K/home/user/ros2_ws/src/services_quiz/src/turn_s_server.cpp:3[m[K:
[3.453s] [01m[K/opt/ros/humble/include/rclcpp/rclcpp/node.hpp:267:3:[m[K [01;36m[Knote: [m[Kcandidate: '[01m[Ktemplate<class ServiceT, class CallbackT> typename rclcpp::Service<ServiceT>::SharedPtr rclcpp::Node::create_service(const string&, CallbackT&&, const rmw_qos_profile_t&, rclcpp::CallbackGroup::SharedPtr)[m[K'
[3.453s]   267 |   [01;36m[Kcreate_service[m[K(
[3.453s]       |   [01;36m[K^~~~~~~~~~~~~~[m[K
[3.453s] [01m[K/opt/ros/humble/include/rclcpp/rclcpp/node.hpp:267:3:[m[K [01;36m[Knote: [m[K  template argument deduction/substitution failed:
[3.453s] [01m[K/home/user/ros2_ws/src/services_quiz/src/turn_s_server.cpp:14:13:[m[K [01;31m[Kerror: [m[Ktemplate argument 1 is invalid
[3.453s]    13 |         service_ = [01;31m[Kthis->create_service<std_srvs::srv::Trigger>[m[K
[3.453s]       |                    [01;31m[K~~~~~~~~~~~~~~~~~~~~~~~~~~~~~~~~~~~~~~~~~~~~[m[K
[3.453s]    14 | [01;31m[K            (name_service,[m[K
[3.454s]       |             [01;31m[K^~~~~~~~~~~~~~[m[K
[3.454s]    15 | [01;31m[K            std::bind(&TurnServiceServer::handle_turn_request,[m[K
[3.454s]       |             [01;31m[K~~~~~~~~~~~~~~~~~~~~~~~~~~~~~~~~~~~~~~~~~~~~~~~~~~[m[K
[3.454s]    16 | [01;31m[K            this,[m[K
[3.454s]       |             [01;31m[K~~~~~[m[K
[3.454s]    17 | [01;31m[K            std::placeholders::_1, std::placeholders::_2))[m[K;
[3.454s]       |             [01;31m[K~~~~~~~~~~~~~~~~~~~~~~~~~~~~~~~~~~~~~~~~~~~~~~[m[K
[3.458s] [01m[K/home/user/ros2_ws/src/services_quiz/src/turn_s_server.cpp:[m[K In member function '[01m[Kvoid TurnServiceServer::handle_turn_request(...)[m[K':
[3.459s] [01m[K/home/user/ros2_ws/src/services_quiz/src/turn_s_server.cpp:23:9:[m[K [01;31m[Kerror: [m[K'[01m[KRCLCPP_INFO[m[K' was not declared in this scope
[3.459s]    23 |         [01;31m[KRCLCPP_INFO[m[K(this->rclcpp::get_logger("Handle Turn Service Request");
[3.459s]       |         [01;31m[K^~~~~~~~~~~[m[K
[3.459s] [01m[K/home/user/ros2_ws/src/services_quiz/src/turn_s_server.cpp:23:20:[m[K [01;31m[Kerror: [m[Kexpected '[01m[K}[m[K' at end of input
[3.459s]    23 |         RCLCPP_INFO[01;31m[K([m[Kthis->rclcpp::get_logger("Handle Turn Service Request");
[3.459s]       |                    [01;31m[K^[m[K
[3.459s] [01m[K/home/user/ros2_ws/src/services_quiz/src/turn_s_server.cpp:22:69:[m[K [01;36m[Knote: [m[Kto match this '[01m[K{[m[K'
[3.459s]    22 |         std::shared_ptr<std_srvs::srv::Trigger::Response> response) [01;36m[K{[m[K
[3.459s]       |                                                                     [01;36m[K^[m[K
[3.459s] [01m[K/home/user/ros2_ws/src/services_quiz/src/turn_s_server.cpp:[m[K At global scope:
[3.459s] [01m[K/home/user/ros2_ws/src/services_quiz/src/turn_s_server.cpp:23:20:[m[K [01;31m[Kerror: [m[Kexpected unqualified-id at end of input
[3.460s]    23 |         RCLCPP_INFO[01;31m[K([m[Kthis->rclcpp::get_logger("Handle Turn Service Request");
[3.460s]       |                    [01;31m[K^[m[K
[3.464s] [01m[K/home/user/ros2_ws/src/services_quiz/src/turn_s_client.cpp:26:20:[m[K [01;31m[Kerror: [m[Kexpected '[01m[K}[m[K' at end of input
[3.464s]    26 |         RCLCPP_INFO[01;31m[K([m[Kthis->rclcpp::get_logger("Send Turn Service Request");
[3.464s]       |                    [01;31m[K^[m[K
[3.464s] [01m[K/home/user/ros2_ws/src/services_quiz/src/turn_s_client.cpp:5:1:[m[K [01;36m[Knote: [m[Kto match this '[01m[K{[m[K'
[3.464s]     5 | [01;36m[K{[m[K
[3.464s]       | [01;36m[K^[m[K
[3.472s] [01m[K/home/user/ros2_ws/src/services_quiz/src/turn_s_client.cpp:[m[K In constructor '[01m[KTurnServiceClient::TurnServiceClient()[m[K':
[3.472s] [01m[K/home/user/ros2_ws/src/services_quiz/src/turn_s_client.cpp:10:9:[m[K [01;31m[Kerror: [m[K'[01m[Kservice_[m[K' was not declared in this scope
[3.472s]    10 |         [01;31m[Kservice_[m[K = this->create_client<std_srvs::srv::Trigger>
[3.472s]       |         [01;31m[K^~~~~~~~[m[K
[3.479s] [01m[K/home/user/ros2_ws/src/services_quiz/src/turn_s_client.cpp:10:40:[m[K [01;31m[Kerror: [m[K'[01m[Kstd_srvs[m[K' was not declared in this scope
[3.480s]    10 |         service_ = this->create_client<[01;31m[Kstd_srvs[m[K::srv::Trigger>
[3.480s]       |                                        [01;31m[K^~~~~~~~[m[K
[3.480s] [01m[K/home/user/ros2_ws/src/services_quiz/src/turn_s_client.cpp:10:26:[m[K [01;31m[Kerror: [m[Kparse error in template argument list
[3.480s]    10 |         service_ = this->[01;31m[Kcreate_client<std_srvs::srv::Trigger>[m[K
[3.480s]       |                          [01;31m[K^~~~~~~~~~~~~~~~~~~~~~~~~~~~~~~~~~~~~[m[K
[3.480s] [01m[K/home/user/ros2_ws/src/services_quiz/src/turn_s_client.cpp:11:13:[m[K [01;31m[Kerror: [m[Kno matching function for call to '[01m[KTurnServiceClient::create_client<<expression error> >(std::string&)[m[K'
[3.480s]    10 |         service_ = [01;31m[Kthis->create_client<std_srvs::srv::Trigger>[m[K
[3.480s]       |                    [01;31m[K~~~~~~~~~~~~~~~~~~~~~~~~~~~~~~~~~~~~~~~~~~~[m[K
[3.480s]    11 | [01;31m[K            (name_service)[m[K;
[3.480s]       |             [01;31m[K^~~~~~~~~~~~~~[m[K
[3.480s] In file included from [01m[K/opt/ros/humble/include/rclcpp/rclcpp/executors/single_threaded_executor.hpp:28[m[K,
[3.480s]                  from [01m[K/opt/ros/humble/include/rclcpp/rclcpp/executors.hpp:22[m[K,
[3.480s]                  from [01m[K/opt/ros/humble/include/rclcpp/rclcpp/rclcpp.hpp:155[m[K,
[3.480s]                  from [01m[K/home/user/ros2_ws/src/services_quiz/src/turn_s_client.cpp:1[m[K:
[3.481s] [01m[K/opt/ros/humble/include/rclcpp/rclcpp/node.hpp:252:3:[m[K [01;36m[Knote: [m[Kcandidate: '[01m[Ktemplate<class ServiceT> typename rclcpp::Client<ServiceT>::SharedPtr rclcpp::Node::create_client(const string&, const rmw_qos_profile_t&, rclcpp::CallbackGroup::SharedPtr)[m[K'
[3.481s]   252 |   [01;36m[Kcreate_client[m[K(
[3.481s]       |   [01;36m[K^~~~~~~~~~~~~[m[K
[3.481s] [01m[K/opt/ros/humble/include/rclcpp/rclcpp/node.hpp:252:3:[m[K [01;36m[Knote: [m[K  template argument deduction/substitution failed:
[3.481s] [01m[K/home/user/ros2_ws/src/services_quiz/src/turn_s_client.cpp:11:13:[m[K [01;31m[Kerror: [m[Ktemplate argument 1 is invalid
[3.481s]    10 |         service_ = [01;31m[Kthis->create_client<std_srvs::srv::Trigger>[m[K
[3.481s]       |                    [01;31m[K~~~~~~~~~~~~~~~~~~~~~~~~~~~~~~~~~~~~~~~~~~~[m[K
[3.481s]    11 | [01;31m[K            (name_service)[m[K;
[3.481s]       |             [01;31m[K^~~~~~~~~~~~~~[m[K
[3.486s] [01m[K/home/user/ros2_ws/src/services_quiz/src/turn_s_client.cpp:14:17:[m[K [01;31m[Kerror: [m[K'[01m[Kclient_[m[K' was not declared in this scope
[3.486s]    14 |         while (![01;31m[Kclient_[m[K->wait_for_service(1s)) {
[3.486s]       |                 [01;31m[K^~~~~~~[m[K
[3.486s] [01m[K/home/user/ros2_ws/src/services_quiz/src/turn_s_client.cpp:14:43:[m[K [01;31m[Kerror: [m[Kunable to find numeric literal operator '[01m[Koperator""s[m[K'
[3.486s]    14 |         while (!client_->wait_for_service([01;31m[K1s[m[K)) {
[3.486s]       |                                           [01;31m[K^~[m[K
[3.494s] [01m[K/home/user/ros2_ws/src/services_quiz/src/turn_s_client.cpp:[m[K In member function '[01m[Kvoid TurnServiceClient::send_turn_request()[m[K':
[3.494s] [01m[K/home/user/ros2_ws/src/services_quiz/src/turn_s_client.cpp:26:9:[m[K [01;31m[Kerror: [m[K'[01m[KRCLCPP_INFO[m[K' was not declared in this scope
[3.494s]    26 |         [01;31m[KRCLCPP_INFO[m[K(this->rclcpp::get_logger("Send Turn Service Request");
[3.494s]       |         [01;31m[K^~~~~~~~~~~[m[K
[3.495s] [01m[K/home/user/ros2_ws/src/services_quiz/src/turn_s_client.cpp:26:20:[m[K [01;31m[Kerror: [m[Kexpected '[01m[K}[m[K' at end of input
[3.495s]    26 |         RCLCPP_INFO[01;31m[K([m[Kthis->rclcpp::get_logger("Send Turn Service Request");
[3.495s]       |                    [01;31m[K^[m[K
[3.495s] [01m[K/home/user/ros2_ws/src/services_quiz/src/turn_s_client.cpp:25:30:[m[K [01;36m[Knote: [m[Kto match this '[01m[K{[m[K'
[3.495s]    25 |     void send_turn_request() [01;36m[K{[m[K
[3.495s]       |                              [01;36m[K^[m[K
[3.495s] [01m[K/home/user/ros2_ws/src/services_quiz/src/turn_s_client.cpp:[m[K At global scope:
[3.495s] [01m[K/home/user/ros2_ws/src/services_quiz/src/turn_s_client.cpp:26:20:[m[K [01;31m[Kerror: [m[Kexpected unqualified-id at end of input
[3.495s]    26 |         RCLCPP_INFO[01;31m[K([m[Kthis->rclcpp::get_logger("Send Turn Service Request");
[3.495s]       |                    [01;31m[K^[m[K
[3.888s] gmake[2]: *** [CMakeFiles/turn_s_server_executable.dir/build.make:76: CMakeFiles/turn_s_server_executable.dir/src/turn_s_server.cpp.o] Error 1
[3.889s] gmake[1]: *** [CMakeFiles/Makefile2:165: CMakeFiles/turn_s_server_executable.dir/all] Error 2
[3.889s] gmake[1]: *** Waiting for unfinished jobs....
[3.921s] gmake[2]: *** [CMakeFiles/turn_s_client_executable.dir/build.make:76: CMakeFiles/turn_s_client_executable.dir/src/turn_s_client.cpp.o] Error 1
[3.922s] gmake[1]: *** [CMakeFiles/Makefile2:139: CMakeFiles/turn_s_client_executable.dir/all] Error 2
[3.922s] gmake: *** [Makefile:146: all] Error 2
